Archive member included because of file (symbol)

/home/chris/Workspace/PlusPonics/code/ArduinoCore/Release/libArduinoCore.a(malloc.o)
                              ./TCProcessor.o (malloc)
/home/chris/Workspace/PlusPonics/code/ArduinoCore/Release/libArduinoCore.a(HardwareSerial.o)
                              ./SerialCom.o (Serial)
/home/chris/Workspace/PlusPonics/code/ArduinoCore/Release/libArduinoCore.a(Print.o)
                              /home/chris/Workspace/PlusPonics/code/ArduinoCore/Release/libArduinoCore.a(HardwareSerial.o) (Print::write(unsigned char const*, unsigned int))
/home/chris/Workspace/PlusPonics/code/ArduinoCore/Release/libArduinoCore.a(Stream.o)
                              ./SerialCom.o (Stream::readString())
/home/chris/Workspace/PlusPonics/code/ArduinoCore/Release/libArduinoCore.a(WString.o)
                              /home/chris/Workspace/PlusPonics/code/ArduinoCore/Release/libArduinoCore.a(Print.o) (String::operator[](unsigned int) const)
/home/chris/Workspace/PlusPonics/code/ArduinoCore/Release/libArduinoCore.a(new.o)
                              ./AbstractCommunication.o (__cxa_pure_virtual)
/home/chris/Workspace/PlusPonics/code/ArduinoCore/Release/libArduinoCore.a(wiring.o)
                              /home/chris/Workspace/PlusPonics/code/ArduinoCore/Release/libArduinoCore.a(Stream.o) (millis)
/home/chris/Workspace/PlusPonics/code/ArduinoCore/Release/libArduinoCore.a(wiring_digital.o)
                              ./LogicTC.o (pinMode)
/home/chris/Workspace/PlusPonics/code/ArduinoCore/Release/libArduinoCore.a(realloc.o)
                              /home/chris/Workspace/PlusPonics/code/ArduinoCore/Release/libArduinoCore.a(WString.o) (realloc)
/home/chris/Software/arduino-1.0.5/hardware/tools/avr/bin/../lib/gcc/avr/4.3.2/avr6/libgcc.a(_mulsi3.o)
                              /home/chris/Workspace/PlusPonics/code/ArduinoCore/Release/libArduinoCore.a(Print.o) (__mulsi3)
/home/chris/Software/arduino-1.0.5/hardware/tools/avr/bin/../lib/gcc/avr/4.3.2/avr6/libgcc.a(_udivmodsi4.o)
                              /home/chris/Workspace/PlusPonics/code/ArduinoCore/Release/libArduinoCore.a(HardwareSerial.o) (__udivmodsi4)
/home/chris/Software/arduino-1.0.5/hardware/tools/avr/bin/../lib/gcc/avr/4.3.2/avr6/libgcc.a(_exit.o)
                              /home/chris/Software/arduino-1.0.5/hardware/tools/avr/bin/../lib/gcc/avr/4.3.2/../../../avr/lib/avr6/crtm2560.o (exit)
/home/chris/Software/arduino-1.0.5/hardware/tools/avr/bin/../lib/gcc/avr/4.3.2/avr6/libgcc.a(_clear_bss.o)
                              ./lib/SipHash/HexConversionUtils.o (__do_clear_bss)
/home/chris/Software/arduino-1.0.5/hardware/tools/avr/bin/../lib/gcc/avr/4.3.2/avr6/libgcc.a(_ctors.o)
                              ./lib/SipHash/SipHash_2_4.o (__do_global_ctors)
/home/chris/Software/arduino-1.0.5/hardware/tools/avr/bin/../lib/gcc/avr/4.3.2/avr6/libgcc.a(_dtors.o)
                              ./AbstractCommunication.o (__do_global_dtors)
/home/chris/Software/arduino-1.0.5/hardware/tools/avr/bin/../lib/gcc/avr/4.3.2/avr6/libgcc.a(_fixunssfsi.o)
                              /home/chris/Workspace/PlusPonics/code/ArduinoCore/Release/libArduinoCore.a(Print.o) (__fixunssfsi)
/home/chris/Software/arduino-1.0.5/hardware/tools/avr/bin/../lib/gcc/avr/4.3.2/avr6/libgcc.a(_addsub_sf.o)
                              /home/chris/Workspace/PlusPonics/code/ArduinoCore/Release/libArduinoCore.a(Print.o) (__subsf3)
/home/chris/Software/arduino-1.0.5/hardware/tools/avr/bin/../lib/gcc/avr/4.3.2/avr6/libgcc.a(_mul_sf.o)
                              /home/chris/Workspace/PlusPonics/code/ArduinoCore/Release/libArduinoCore.a(Print.o) (__mulsf3)
/home/chris/Software/arduino-1.0.5/hardware/tools/avr/bin/../lib/gcc/avr/4.3.2/avr6/libgcc.a(_div_sf.o)
                              /home/chris/Workspace/PlusPonics/code/ArduinoCore/Release/libArduinoCore.a(Print.o) (__divsf3)
/home/chris/Software/arduino-1.0.5/hardware/tools/avr/bin/../lib/gcc/avr/4.3.2/avr6/libgcc.a(_gt_sf.o)
                              /home/chris/Workspace/PlusPonics/code/ArduinoCore/Release/libArduinoCore.a(Print.o) (__gtsf2)
/home/chris/Software/arduino-1.0.5/hardware/tools/avr/bin/../lib/gcc/avr/4.3.2/avr6/libgcc.a(_ge_sf.o)
                              /home/chris/Software/arduino-1.0.5/hardware/tools/avr/bin/../lib/gcc/avr/4.3.2/avr6/libgcc.a(_fixunssfsi.o) (__gesf2)
/home/chris/Software/arduino-1.0.5/hardware/tools/avr/bin/../lib/gcc/avr/4.3.2/avr6/libgcc.a(_lt_sf.o)
                              /home/chris/Workspace/PlusPonics/code/ArduinoCore/Release/libArduinoCore.a(Print.o) (__ltsf2)
/home/chris/Software/arduino-1.0.5/hardware/tools/avr/bin/../lib/gcc/avr/4.3.2/avr6/libgcc.a(_le_sf.o)
                              /home/chris/Workspace/PlusPonics/code/ArduinoCore/Release/libArduinoCore.a(Print.o) (__lesf2)
/home/chris/Software/arduino-1.0.5/hardware/tools/avr/bin/../lib/gcc/avr/4.3.2/avr6/libgcc.a(_unord_sf.o)
[...]
Memory Configuration

Name             Origin             Length             Attributes
text             0x0000000000000000 0x0000000000100000 xr
data             0x0000000000800200 0x000000000000fe00 rw !x
eeprom           0x0000000000810000 0x0000000000010000 rw !x
fuse             0x0000000000820000 0x0000000000000400 rw !x
lock             0x0000000000830000 0x0000000000000400 rw !x
signature        0x0000000000840000 0x0000000000000400 rw !x
*default*        0x0000000000000000 0xffffffffffffffff

Linker script and memory map

Address of section .data set to 0x800200
LOAD /home/chris/Software/arduino-1.0.5/hardware/tools/avr/bin/../lib/gcc/avr/4.3.2/../../../avr/lib/avr6/crtm2560.o
LOAD ./lib/SipHash/HexConversionUtils.o
LOAD ./lib/SipHash/SipHash_2_4.o
LOAD ./lib/SipHash/siphash_2_4_asm.o
LOAD ./AbstractCommunication.o
LOAD ./AbstractTC.o
LOAD ./AbstractTM.o
LOAD ./GlobalReceiver.o
LOAD ./Limit.o
LOAD ./LogicTC.o
LOAD ./SerialCom.o
LOAD ./TCProcessor.o
LOAD ./main.o
LOAD /home/chris/Workspace/PlusPonics/code/ArduinoCore/Release/libArduinoCore.a
LOAD /home/chris/Software/arduino-1.0.5/hardware/tools/avr/bin/../lib/gcc/avr/4.3.2/avr6/libgcc.a
LOAD /home/chris/Software/arduino-1.0.5/hardware/tools/avr/bin/../lib/gcc/avr/4.3.2/../../../avr/lib/avr6/libm.a
LOAD /home/chris/Software/arduino-1.0.5/hardware/tools/avr/bin/../lib/gcc/avr/4.3.2/avr6/libgcc.a
LOAD /home/chris/Software/arduino-1.0.5/hardware/tools/avr/bin/../lib/gcc/avr/4.3.2/../../../avr/lib/avr6/libc.a
LOAD /home/chris/Software/arduino-1.0.5/hardware/tools/avr/bin/../lib/gcc/avr/4.3.2/avr6/libgcc.a

.hash
 *(.hash)

.dynsym
 *(.dynsym)

.dynstr
 *(.dynstr)

.gnu.version
 *(.gnu.version)

.gnu.version_d
 *(.gnu.version_d)

.gnu.version_r
 *(.gnu.version_r)

.rel.init
 *(.rel.init)

.rela.init
 *(.rela.init)

.rel.text
 *(.rel.text)
 *(.rel.text.*)
 *(.rel.gnu.linkonce.t*)

.rela.text
 *(.rela.text)
 *(.rela.text.*)
 *(.rela.gnu.linkonce.t*)

.rel.fini
 *(.rel.fini)

.rela.fini
 *(.rela.fini)

.rel.rodata
 *(.rel.rodata)
 *(.rel.rodata.*)
 *(.rel.gnu.linkonce.r*)

.rela.rodata
 *(.rela.rodata)
 *(.rela.rodata.*)
 *(.rela.gnu.linkonce.r*)

.rel.data
 *(.rel.data)
 *(.rel.data.*)
 *(.rel.gnu.linkonce.d*)

.rela.data
 *(.rela.data)
 *(.rela.data.*)
 *(.rela.gnu.linkonce.d*)

.rel.ctors
 *(.rel.ctors)

.rela.ctors
 *(.rela.ctors)

.rel.dtors
 *(.rel.dtors)

.rela.dtors
 *(.rela.dtors)

.rel.got
 *(.rel.got)

.rela.got
 *(.rela.got)

.rel.bss
 *(.rel.bss)

.rela.bss
 *(.rela.bss)

.rel.plt
 *(.rel.plt)

.rela.plt
 *(.rela.plt)

.text           0x0000000000000000     0x6c86
 *(.vectors)
 .vectors       0x0000000000000000       0xe4 /home/chris/Software/arduino-1.0.5/hardware/tools/avr/bin/../lib/gcc/avr/4.3.2/../../../avr/lib/avr6/crtm2560.o
                0x0000000000000000                __vectors
                0x0000000000000000                __vector_default
 *(.vectors)
 *(.progmem.gcc*)
 *(.progmem*)
 .progmem.data  0x00000000000000e4       0x20 ./lib/SipHash/SipHash_2_4.o
 .progmem.data  0x0000000000000104      0x120 /home/chris/Workspace/PlusPonics/code/ArduinoCore/Release/libArduinoCore.a(wiring_digital.o)
                0x0000000000000104                port_to_mode_PGM
                0x0000000000000152                digital_pin_to_port_PGM
                0x0000000000000198                digital_pin_to_bit_mask_PGM
                0x000000000000011e                port_to_output_PGM
                0x0000000000000138                port_to_input_PGM
                0x00000000000001de                digital_pin_to_timer_PGM
                0x0000000000000224                . = ALIGN (0x2)
                0x0000000000000224                __trampolines_start = .
 *(.trampolines)
 .trampolines   0x0000000000000224        0x0 linker stubs
 *(.trampolines*)
                0x0000000000000224                __trampolines_end = .
 *(.jumptables)
 *(.jumptables*)
 *(.lowtext)
 *(.lowtext*)
                0x0000000000000224                __ctors_start = .
 *(.ctors)
 .ctors         0x0000000000000224        0x2 ./lib/SipHash/SipHash_2_4.o
 .ctors         0x0000000000000226        0x2 ./AbstractCommunication.o
 .ctors         0x0000000000000228        0x2 ./main.o
 .ctors         0x000000000000022a        0x2 /home/chris/Workspace/PlusPonics/code/ArduinoCore/Release/libArduinoCore.a(HardwareSerial.o)
                0x000000000000022c                __ctors_end = .
                0x000000000000022c                __dtors_start = .
 *(.dtors)
 .dtors         0x000000000000022c        0x2 ./AbstractCommunication.o
 .dtors         0x000000000000022e        0x2 ./main.o
                0x0000000000000230                __dtors_end = .
 SORT(*)(.ctors)
 SORT(*)(.dtors)
 *(.init0)
 .init0         0x0000000000000230        0x0 /home/chris/Software/arduino-1.0.5/hardware/tools/avr/bin/../lib/gcc/avr/4.3.2/../../../avr/lib/avr6/crtm2560.o
                0x0000000000000230                __init
 *(.init0)
 *(.init1)
 *(.init1)
 *(.init2)
 .init2         0x0000000000000230       0x10 /home/chris/Software/arduino-1.0.5/hardware/tools/avr/bin/../lib/gcc/avr/4.3.2/../../../avr/lib/avr6/crtm2560.o
 *(.init2)
 *(.init3)
 *(.init3)
 *(.init4)
 .init4         0x0000000000000240       0x1c /home/chris/Software/arduino-1.0.5/hardware/tools/avr/bin/../lib/gcc/avr/4.3.2/../../../avr/lib/avr6/crtm2560.o
                0x0000000000000240                __do_copy_data
 .init4         0x000000000000025c       0x10 /home/chris/Software/arduino-1.0.5/hardware/tools/avr/bin/../lib/gcc/avr/4.3.2/avr6/libgcc.a(_clear_bss.o)
                0x000000000000025c                __do_clear_bss
 *(.init4)
 *(.init5)
 *(.init5)
 *(.init6)
 .init6         0x000000000000026c       0x16 /home/chris/Software/arduino-1.0.5/hardware/tools/avr/bin/../lib/gcc/avr/4.3.2/avr6/libgcc.a(_ctors.o)
                0x000000000000026c                __do_global_ctors
 *(.init6)
 *(.init7)
 *(.init7)
 *(.init8)
 *(.init8)
 *(.init9)
 .init9         0x0000000000000282        0x8 /home/chris/Software/arduino-1.0.5/hardware/tools/avr/bin/../lib/gcc/avr/4.3.2/../../../avr/lib/avr6/crtm2560.o
 *(.init9)
 *(.text)
 .text          0x000000000000028a        0x4 /home/chris/Software/arduino-1.0.5/hardware/tools/avr/bin/../lib/gcc/avr/4.3.2/../../../avr/lib/avr6/crtm2560.o
                0x000000000000028a                __vector_38
                0x000000000000028a                __vector_22
                0x000000000000028a                __vector_28
                0x000000000000028a                __vector_1
                0x000000000000028a                __vector_32
                0x000000000000028a                __vector_34
                0x000000000000028a                __vector_24
                0x000000000000028a                __vector_12
                0x000000000000028a                __vector_46
                0x000000000000028a                __bad_interrupt
                0x000000000000028a                __vector_6
                0x000000000000028a                __vector_31
                0x000000000000028a                __vector_35
                0x000000000000028a                __vector_39
                0x000000000000028a                __vector_3
                0x000000000000028a                __vector_30
                0x000000000000028a                __vector_45
                0x000000000000028a                __vector_11
                0x000000000000028a                __vector_13
                0x000000000000028a                __vector_17
                0x000000000000028a                __vector_19
                0x000000000000028a                __vector_56
                0x000000000000028a                __vector_7
                0x000000000000028a                __vector_49
                0x000000000000028a                __vector_41
                0x000000000000028a                __vector_43
                0x000000000000028a                __vector_27
                0x000000000000028a                __vector_5
                0x000000000000028a                __vector_33
                0x000000000000028a                __vector_47
                0x000000000000028a                __vector_4
                0x000000000000028a                __vector_44
                0x000000000000028a                __vector_9
                0x000000000000028a                __vector_2
                0x000000000000028a                __vector_21
                0x000000000000028a                __vector_15
                0x000000000000028a                __vector_29
                0x000000000000028a                __vector_40
                0x000000000000028a                __vector_8
                0x000000000000028a                __vector_48
                0x000000000000028a                __vector_14
                0x000000000000028a                __vector_53
                0x000000000000028a                __vector_10
                0x000000000000028a                __vector_50
                0x000000000000028a                __vector_16
                0x000000000000028a                __vector_18
                0x000000000000028a                __vector_20
                0x000000000000028a                __vector_42
 .text          0x000000000000028e       0xd8 ./lib/SipHash/HexConversionUtils.o
                0x00000000000002e0                hexToAscii
                0x000000000000028e                asciiToHex
 .text          0x0000000000000366      0x308 ./lib/SipHash/SipHash_2_4.o
                0x0000000000000370                SipHash_2_4::SipHash_2_4()
                0x00000000000004a8                SipHash_2_4::finish()
                0x000000000000061c                SipHash_2_4::initFromPROGMEM(unsigned char const*)
                0x0000000000000388                SipHash_2_4::siphash_round()
                0x0000000000000528                SipHash_2_4::initFromRAM(unsigned char const*)
                0x0000000000000366                SipHash_2_4::SipHash_2_4()
                0x0000000000000432                SipHash_2_4::hash(unsigned char*)
                0x0000000000000464                SipHash_2_4::updateHash(unsigned char)
 .text          0x000000000000066e      0x142 ./lib/SipHash/siphash_2_4_asm.o
                0x00000000000007a2                rol_21bits
                0x0000000000000706                ror64bits
                0x0000000000000794                rol_17bits
                0x0000000000000780                rol_16bits
                0x000000000000078a                rol_32bits
                0x000000000000066e                add64le
                0x00000000000006cc                xor_ff
                0x000000000000072a                rol64bits
                0x0000000000000772                rol_13bits
                0x0000000000000694                mov64
                0x00000000000006e2                reverse64
                0x000000000000074e                rol64bytes
                0x00000000000006ac                xor64
 .text          0x00000000000007b0      0x4cc ./AbstractCommunication.o
                0x0000000000000bf6                Communicators::AbstractCommunication::info(String)
                0x0000000000000ac8                Communicators::AbstractCommunication::warn(String)
                0x00000000000008e0                Communicators::AbstractCommunication::error(String, String)
                0x0000000000000838                Communicators::AbstractCommunication::sendf(String, ...)
                0x00000000000007c0                Communicators::AbstractCommunication::AbstractCommunication()
                0x00000000000007e8                Communicators::AbstractCommunication::setLevel(Communicators::AbstractCommunication::DEBUG_LEVEL)
                0x0000000000000c6a                Communicators::AbstractCommunication::~AbstractCommunication()
                0x00000000000007dc                Communicators::AbstractCommunication::~AbstractCommunication()
                0x00000000000007d0                Communicators::AbstractCommunication::~AbstractCommunication()
                0x0000000000000b3c                Communicators::AbstractCommunication::info(String, String)
                0x000000000000099a                Communicators::AbstractCommunication::error(String)
                0x0000000000000a0e                Communicators::AbstractCommunication::warn(String, String)
                0x00000000000007b0                Communicators::AbstractCommunication::AbstractCommunication()
 .text          0x0000000000000c7c       0xec ./AbstractTC.o
                0x0000000000000d56                TC::AbstractTC::~AbstractTC()
                0x0000000000000ce0                TC::AbstractTC::disable()
                0x0000000000000cf2                TC::AbstractTC::exec()
                0x0000000000000d34                TC::AbstractTC::clear_error()
                0x0000000000000cc0                TC::AbstractTC::~AbstractTC()
                0x0000000000000ccc                TC::AbstractTC::enable()
                0x0000000000000d2e                TC::AbstractTC::persist_errors(bool)
                0x0000000000000cb4                TC::AbstractTC::~AbstractTC()
                0x0000000000000c98                TC::AbstractTC::AbstractTC()
                0x0000000000000c7c                TC::AbstractTC::AbstractTC()
                0x0000000000000d46                TC::AbstractTC::errno()
 .text          0x0000000000000d68       0x42 ./AbstractTM.o
                0x0000000000000d74                TM::AbstractTM::AbstractTM()
                0x0000000000000d98                TM::AbstractTM::~AbstractTM()
                0x0000000000000d8c                TM::AbstractTM::~AbstractTM()
                0x0000000000000d68                TM::AbstractTM::AbstractTM()
                0x0000000000000d80                TM::AbstractTM::~AbstractTM()
 .text          0x0000000000000daa      0x2da ./GlobalReceiver.o
                0x0000000000000de2                Processors::GlobalReceiver::~GlobalReceiver()
                0x0000000000000e0c                Processors::byte_to_binary(int)
                0x0000000000000e64                Processors::GlobalReceiver::process()
                0x0000000000000dbe                Processors::GlobalReceiver::GlobalReceiver()
                0x0000000000000dfa                Processors::GlobalReceiver::~GlobalReceiver()
                0x0000000000000daa                Processors::GlobalReceiver::GlobalReceiver()
                0x0000000000000dee                Processors::GlobalReceiver::~GlobalReceiver()
                0x0000000000000dda                Processors::GlobalReceiver::setTCProcessor(Processors::TCProcessor&)
                0x0000000000000dd2                Processors::GlobalReceiver::setCom(Communicators::AbstractCommunication&)
 .text          0x0000000000001084       0xae ./Limit.o
                0x00000000000010cc                TM::Limit::set_opcode(unsigned char)
                0x00000000000010c0                TM::Limit::~Limit()
                0x000000000000109c                TM::Limit::Limit()
                0x0000000000001120                TM::Limit::~Limit()
                0x0000000000001084                TM::Limit::Limit()
                0x00000000000010de                TM::Limit::check_limit(long)
                0x00000000000010d2                TM::Limit::set_limit(long)
                0x00000000000010b4                TM::Limit::~Limit()
 .text          0x0000000000001132       0xb2 ./LogicTC.o
                0x00000000000011ba                TC::LogicTC::LogicTC(unsigned char, bool)
                0x0000000000001132                TC::LogicTC::exec_impl_()
                0x0000000000001190                TC::LogicTC::LogicTC(unsigned char, bool)
                0x000000000000115c                TC::LogicTC::~LogicTC()
                0x000000000000114a                TC::LogicTC::~LogicTC()
                0x000000000000113e                TC::LogicTC::init()
                0x000000000000116e                TC::LogicTC::~LogicTC()
 .text          0x00000000000011e4      0x108 ./SerialCom.o
                0x0000000000001284                Communicators::SerialCom::~SerialCom()
                0x00000000000011e4                Communicators::SerialCom::recv()
                0x00000000000012b8                Communicators::SerialCom::SerialCom()
                0x0000000000001272                Communicators::SerialCom::~SerialCom()
                0x0000000000001256                Communicators::SerialCom::send(String)
                0x00000000000012d2                Communicators::SerialCom::SerialCom()
                0x0000000000001260                Communicators::SerialCom::init()
                0x0000000000001296                Communicators::SerialCom::~SerialCom()
 .text          0x00000000000012ec      0xac0 ./TCProcessor.o
                0x0000000000001b2c                std::_Rb_tree<unsigned char, std::pair<unsigned char const, TC::AbstractTC*>, std::_Select1st<std::pair<unsigned char const, TC::AbstractTC*> >, std::less<unsigned char>, std::allocator<TC::AbstractTC*> >::_M_erase(std::_Rb_tree_node<std::pair<unsigned char const, TC::AbstractTC*> >*)
                0x0000000000001b6c                std::map<unsigned char, TC::AbstractTC*, std::less<unsigned char>, std::allocator<TC::AbstractTC*> >::~map()
                0x0000000000001718                std::_Rb_tree<unsigned char, std::pair<unsigned char const, TC::AbstractTC*>, std::_Select1st<std::pair<unsigned char const, TC::AbstractTC*> >, std::less<unsigned char>, std::allocator<TC::AbstractTC*> >::insert_unique(std::pair<unsigned char const, TC::AbstractTC*> const&)
                0x0000000000001312                Processors::TCProcessor::TCProcessor()
                0x00000000000013ce                std::_Rb_tree<unsigned char, std::pair<unsigned char const, TC::AbstractTC*>, std::_Select1st<std::pair<unsigned char const, TC::AbstractTC*> >, std::less<unsigned char>, std::allocator<TC::AbstractTC*> >::_M_insert(std::_Rb_tree_node_base*, std::_Rb_tree_node_base*, std::pair<unsigned char const, TC::AbstractTC*> const&)
                0x0000000000001bfe                Processors::TCProcessor::perform(Processors::TCProcessor::TC_ACTION, unsigned char)
                0x0000000000001bec                Processors::TCProcessor::~TCProcessor()
                0x0000000000001a96                Processors::TCProcessor::definitions_()
                0x0000000000001bb2                Processors::TCProcessor::~TCProcessor()
                0x0000000000001cd8                Processors::TCProcessor::processRecv(String)
                0x0000000000001860                std::_Rb_tree<unsigned char, std::pair<unsigned char const, TC::AbstractTC*>, std::_Select1st<std::pair<unsigned char const, TC::AbstractTC*> >, std::less<unsigned char>, std::allocator<TC::AbstractTC*> >::insert_unique(std::_Rb_tree_iterator<std::pair<unsigned char const, TC::AbstractTC*>, std::pair<unsigned char const, TC::AbstractTC*>&, std::pair<unsigned char const, TC::AbstractTC*>*>, std::pair<unsigned char const, TC::AbstractTC*> const&)
                0x00000000000012ec                std::_Rb_tree_alloc_base<std::pair<unsigned char const, TC::AbstractTC*>, std::allocator<TC::AbstractTC*>, true>::_M_get_node()
                0x0000000000001b26                Processors::TCProcessor::init()
                0x00000000000019e0                std::map<unsigned char, TC::AbstractTC*, std::less<unsigned char>, std::allocator<TC::AbstractTC*> >::operator[](unsigned char const&)
                0x0000000000001bda                Processors::TCProcessor::~TCProcessor()
                0x0000000000001370                Processors::TCProcessor::TCProcessor()
 .text          0x0000000000001dac      0x152 ./main.o
                0x0000000000001e18                loop
                0x0000000000001dac                configure()
                0x0000000000001dae                operator new(unsigned int, void*)
                0x0000000000001ee4                main
                0x0000000000001e2e                setup
 .text          0x0000000000001efe        0x0 /home/chris/Workspace/PlusPonics/code/ArduinoCore/Release/libArduinoCore.a(malloc.o)
 .text          0x0000000000001efe      0xc50 /home/chris/Workspace/PlusPonics/code/ArduinoCore/Release/libArduinoCore.a(HardwareSerial.o)
                0x00000000000027ac                HardwareSerial::peek()
                0x000000000000278a                HardwareSerial::available()
                0x0000000000001f7e                serialEvent1()
                0x000000000000230a                __vector_55
                0x000000000000285e                HardwareSerial::write(unsigned char)
                0x0000000000001ffe                serialEvent2()
                0x0000000000002410                HardwareSerial::HardwareSerial(ring_buffer*, ring_buffer*, unsigned char volatile*, unsigned char volatile*, unsigned char volatile*, unsigned char volatile*, unsigned char volatile*, unsigned char volatile*, unsigned char, unsigned char, unsigned char, unsigned char, unsigned char)
                0x0000000000002498                HardwareSerial::begin(unsigned long)
                0x0000000000001f00                __vector_25
                0x0000000000002080                __vector_54
                0x00000000000020fe                serialEventRun()
                0x000000000000283e                HardwareSerial::flush()
                0x00000000000025a6                HardwareSerial::begin(unsigned long, unsigned char)
                0x00000000000026be                HardwareSerial::end()
                0x0000000000001efe                serialEvent()
                0x000000000000228c                __vector_52
                0x000000000000220e                __vector_37
                0x0000000000002000                __vector_51
                0x0000000000001f80                __vector_36
                0x00000000000028de                HardwareSerial::operator bool()
                0x0000000000002190                __vector_26
                0x00000000000027ec                HardwareSerial::read()
                0x0000000000002388                HardwareSerial::HardwareSerial(ring_buffer*, ring_buffer*, unsigned char volatile*, unsigned char volatile*, unsigned char volatile*, unsigned char volatile*, unsigned char volatile*, unsigned char volatile*, unsigned char, unsigned char, unsigned char, unsigned char, unsigned char)
                0x000000000000207e                serialEvent3()
 .text          0x0000000000002b4e      0x748 /home/chris/Workspace/PlusPonics/code/ArduinoCore/Release/libArduinoCore.a(Print.o)
                0x000000000000326e                Print::println(String const&)
                0x0000000000002e42                Print::println(unsigned int, int)
                0x0000000000002ca6                Print::println(Printable const&)
                0x0000000000002c0e                Print::println()
                0x0000000000002faa                Print::println(int, int)
                0x0000000000002d12                Print::printNumber(unsigned long, unsigned char)
                0x0000000000002b4e                Print::write(unsigned char const*, unsigned int)
                0x00000000000031b6                Print::print(double, int)
                0x0000000000002c4e                Print::println(__FlashStringHelper const*)
                0x0000000000002c76                Print::println(char)
                0x0000000000002cda                Print::write(char const*)
                0x0000000000002fee                Print::printFloat(double, unsigned char)
                0x0000000000002bf8                Print::print(Printable const&)
                0x0000000000002f84                Print::print(int, int)
                0x0000000000002ba2                Print::print(__FlashStringHelper const*)
                0x0000000000002e7c                Print::print(unsigned char, int)
                0x00000000000031e2                Print::println(char const*)
                0x0000000000002be8                Print::print(char)
                0x0000000000002ea0                Print::println(unsigned char, int)
                0x0000000000002e20                Print::print(unsigned int, int)
                0x0000000000002fe8                Print::print(char const*)
                0x0000000000002dda                Print::print(unsigned long, int)
                0x0000000000002f5c                Print::println(long, int)
                0x00000000000031bc                Print::println(double, int)
                0x0000000000002edc                Print::print(long, int)
                0x0000000000002df8                Print::println(unsigned long, int)
                0x0000000000003208                Print::print(String const&)
 .text          0x0000000000003296      0x554 /home/chris/Workspace/PlusPonics/code/ArduinoCore/Release/libArduinoCore.a(Stream.o)
                0x0000000000003458                Stream::parseFloat()
                0x00000000000032fa                Stream::peekNextDigit()
                0x000000000000359c                Stream::readStringUntil(char)
                0x00000000000036de                Stream::findUntil(char*, unsigned int, char*, unsigned int)
                0x0000000000003296                Stream::setTimeout(unsigned long)
                0x0000000000003798                Stream::findUntil(char*, char*)
                0x0000000000003330                Stream::parseFloat(char)
                0x00000000000037ca                Stream::find(char*)
                0x000000000000353c                Stream::parseInt()
                0x00000000000032a2                Stream::timedPeek()
                0x0000000000003696                Stream::readBytes(char*, unsigned int)
                0x0000000000003630                Stream::readBytesUntil(char, char*, unsigned int)
                0x00000000000035f6                Stream::readString()
                0x00000000000037d4                Stream::find(char*, unsigned int)
                0x0000000000003460                Stream::parseInt(char)
                0x0000000000003544                Stream::timedRead()
 .text          0x00000000000037ea     0x129e /home/chris/Workspace/PlusPonics/code/ArduinoCore/Release/libArduinoCore.a(WString.o)
                0x000000000000477c                String::String(int, unsigned char)
                0x000000000000380c                String::setCharAt(unsigned int, char)
                0x0000000000003ab2                String::lastIndexOf(String const&) const
                0x0000000000003d88                String::startsWith(String const&, unsigned int) const
                0x0000000000003d1a                String::operator>=(String const&) const
                0x00000000000049fe                String::substring(unsigned int) const
                0x00000000000038b2                String::trim()
                0x0000000000004970                String::substring(unsigned int, unsigned int) const
                0x0000000000003826                String::operator[](unsigned int)
                0x0000000000004a44                String::String(String const&)
                0x0000000000003ace                String::indexOf(String const&, unsigned int) const
                0x0000000000004248                String::concat(unsigned char)
                0x00000000000042a0                String::concat(char)
                0x0000000000004840                String::String(unsigned char, unsigned char)
                0x0000000000003850                String::operator[](unsigned int) const
                0x00000000000048a4                String::String(unsigned char, unsigned char)
                0x000000000000493c                String::String(char)
                0x00000000000042e8                String::concat(String const&)
                0x00000000000047de                String::String(int, unsigned char)
                0x00000000000037ea                String::charAt(unsigned int) const
                0x00000000000045f0                String::String(long, unsigned char)
                0x0000000000003df4                String::changeBuffer(unsigned int)
                0x00000000000043a4                operator+(StringSumHelper const&, unsigned char)
                0x0000000000004032                String::reserve(unsigned int)
                0x000000000000471a                String::String(unsigned int, unsigned char)
                0x0000000000003bd0                String::getBytes(unsigned char*, unsigned int, unsigned int) const
                0x0000000000003dce                String::startsWith(String const&) const
                0x0000000000003872                String::replace(char, char)
                0x0000000000004a70                String::~String()
                0x0000000000004a5a                String::String(String const&)
                0x0000000000004420                operator+(StringSumHelper const&, String const&)
                0x000000000000444c                String::copy(char const*, unsigned int)
                0x0000000000003bc6                String::indexOf(char) const
                0x00000000000040c4                String::concat(unsigned long)
                0x0000000000004a7c                String::~String()
                0x000000000000458c                String::String(unsigned long, unsigned char)
                0x0000000000004a16                String::operator=(String const&)
                0x00000000000043e8                operator+(StringSumHelper const&, char const*)
                0x000000000000431c                operator+(StringSumHelper const&, unsigned long)
                0x0000000000003c2a                String::endsWith(String const&) const
                0x00000000000042c8                String::concat(char const*)
                0x00000000000042f8                String::invalidate()
                0x0000000000003a16                String::lastIndexOf(String const&, unsigned int) const
                0x000000000000448e                String::String(char const*)
                0x0000000000003cb4                String::compareTo(String const&) const
                0x0000000000004360                operator+(StringSumHelper const&, unsigned int)
                0x0000000000003c6e                String::equals(char const*) const
                0x0000000000003b14                String::lastIndexOf(char, unsigned int) const
                0x000000000000406a                String::concat(char const*, unsigned int)
                0x0000000000003890                String::toInt() const
                0x0000000000003982                String::toLowerCase()
                0x0000000000003b0a                String::indexOf(String const&) const
                0x0000000000003d5c                String::equals(String const&) const
                0x0000000000003d4e                String::operator<(String const&) const
                0x00000000000044f6                String::operator=(char const*)
                0x0000000000003d2a                String::operator<=(String const&) const
                0x0000000000004128                String::concat(long)
                0x00000000000044c2                String::String(char const*)
                0x00000000000043c6                operator+(StringSumHelper const&, char)
                0x00000000000039a6                String::equalsIgnoreCase(String const&) const
                0x0000000000003b7e                String::lastIndexOf(char) const
                0x00000000000046b8                String::String(unsigned int, unsigned char)
                0x000000000000418c                String::concat(unsigned int)
                0x0000000000004528                String::String(unsigned long, unsigned char)
                0x0000000000004382                operator+(StringSumHelper const&, int)
                0x0000000000004908                String::String(char)
                0x0000000000003b8e                String::indexOf(char, unsigned int) const
                0x000000000000433e                operator+(StringSumHelper const&, long)
                0x0000000000003e28                String::replace(String const&, String const&)
                0x0000000000004654                String::String(long, unsigned char)
                0x000000000000395e                String::toUpperCase()
                0x0000000000003d3c                String::operator>(String const&) const
                0x00000000000041e6                String::concat(int)
 .text          0x0000000000004a88       0x38 /home/chris/Workspace/PlusPonics/code/ArduinoCore/Release/libArduinoCore.a(new.o)
                0x0000000000004ab4                operator new[](unsigned int)
                0x0000000000004aae                operator delete(void*)
                0x0000000000004aa6                __cxa_pure_virtual
                0x0000000000004aa8                operator delete[](void*)
                0x0000000000004a9c                __cxa_guard_release
                0x0000000000004aa4                __cxa_guard_abort
                0x0000000000004aba                operator new(unsigned int)
                0x0000000000004a88                __cxa_guard_acquire
 .text          0x0000000000004ac0      0x282 /home/chris/Workspace/PlusPonics/code/ArduinoCore/Release/libArduinoCore.a(wiring.o)
                0x0000000000004ac0                __vector_23
                0x0000000000004c7e                init
                0x0000000000004b6c                micros
                0x0000000000004bb8                delay
                0x0000000000004b50                millis
                0x0000000000004c6a                delayMicroseconds
 .text          0x0000000000004d42      0x22c /home/chris/Workspace/PlusPonics/code/ArduinoCore/Release/libArduinoCore.a(wiring_digital.o)
                0x0000000000004f0e                digitalRead
                0x0000000000004ea8                digitalWrite
                0x0000000000004d42                pinMode
 .text          0x0000000000004f6e        0x0 /home/chris/Workspace/PlusPonics/code/ArduinoCore/Release/libArduinoCore.a(realloc.o)
 .text          0x0000000000004f6e        0x0 /home/chris/Software/arduino-1.0.5/hardware/tools/avr/bin/../lib/gcc/avr/4.3.2/avr6/libgcc.a(_mulsi3.o)
 .text          0x0000000000004f6e        0x0 /home/chris/Software/arduino-1.0.5/hardware/tools/avr/bin/../lib/gcc/avr/4.3.2/avr6/libgcc.a(_udivmodsi4.o)
 .text          0x0000000000004f6e        0x0 /home/chris/Software/arduino-1.0.5/hardware/tools/avr/bin/../lib/gcc/avr/4.3.2/avr6/libgcc.a(_exit.o)
 .text          0x0000000000004f6e        0x0 /home/chris/Software/arduino-1.0.5/hardware/tools/avr/bin/../lib/gcc/avr/4.3.2/avr6/libgcc.a(_clear_bss.o)
 .text          0x0000000000004f6e        0x0 /home/chris/Software/arduino-1.0.5/hardware/tools/avr/bin/../lib/gcc/avr/4.3.2/avr6/libgcc.a(_ctors.o)
 .text          0x0000000000004f6e        0x0 /home/chris/Software/arduino-1.0.5/hardware/tools/avr/bin/../lib/gcc/avr/4.3.2/avr6/libgcc.a(_dtors.o)
 .text          0x0000000000004f6e       0x58 /home/chris/Software/arduino-1.0.5/hardware/tools/avr/bin/../lib/gcc/avr/4.3.2/avr6/libgcc.a(_fixunssfsi.o)
                0x0000000000004f6e                __fixunssfsi
 .text          0x0000000000004fc6      0x354 /home/chris/Software/arduino-1.0.5/hardware/tools/avr/bin/../lib/gcc/avr/4.3.2/avr6/libgcc.a(_addsub_sf.o)
                0x000000000000525e                __subsf3
                0x00000000000052c0                __addsf3
 .text          0x000000000000531a      0x1f4 /home/chris/Software/arduino-1.0.5/hardware/tools/avr/bin/../lib/gcc/avr/4.3.2/avr6/libgcc.a(_mul_sf.o)
                0x000000000000531a                __mulsf3
 .text          0x000000000000550e      0x158 /home/chris/Software/arduino-1.0.5/hardware/tools/avr/bin/../lib/gcc/avr/4.3.2/avr6/libgcc.a(_div_sf.o)
                0x000000000000550e                __divsf3
 .text          0x0000000000005666       0x60 /home/chris/Software/arduino-1.0.5/hardware/tools/avr/bin/../lib/gcc/avr/4.3.2/avr6/libgcc.a(_gt_sf.o)
                0x0000000000005666                __gtsf2
 .text          0x00000000000056c6       0x60 /home/chris/Software/arduino-1.0.5/hardware/tools/avr/bin/../lib/gcc/avr/4.3.2/avr6/libgcc.a(_ge_sf.o)
                0x00000000000056c6                __gesf2
 .text          0x0000000000005726       0x60 /home/chris/Software/arduino-1.0.5/hardware/tools/avr/bin/../lib/gcc/avr/4.3.2/avr6/libgcc.a(_lt_sf.o)
                0x0000000000005726                __ltsf2
 .text          0x0000000000005786       0x60 /home/chris/Software/arduino-1.0.5/hardware/tools/avr/bin/../lib/gcc/avr/4.3.2/avr6/libgcc.a(_le_sf.o)
                0x0000000000005786                __lesf2
 .text          0x00000000000057e6       0x56 /home/chris/Software/arduino-1.0.5/hardware/tools/avr/bin/../lib/gcc/avr/4.3.2/avr6/libgcc.a(_unord_sf.o)
                0x00000000000057e6                __unordsf2
 .text          0x000000000000583c       0xbc /home/chris/Software/arduino-1.0.5/hardware/tools/avr/bin/../lib/gcc/avr/4.3.2/avr6/libgcc.a(_si_to_sf.o)
                0x000000000000583c                __floatsisf
 .text          0x00000000000058f8       0xa8 /home/chris/Software/arduino-1.0.5/hardware/tools/avr/bin/../lib/gcc/avr/4.3.2/avr6/libgcc.a(_sf_to_si.o)
                0x00000000000058f8                __fixsfsi
 .text          0x00000000000059a0        0x0 /home/chris/Software/arduino-1.0.5/hardware/tools/avr/bin/../lib/gcc/avr/4.3.2/avr6/libgcc.a(_thenan_sf.o)
 .text          0x00000000000059a0       0xf2 /home/chris/Software/arduino-1.0.5/hardware/tools/avr/bin/../lib/gcc/avr/4.3.2/avr6/libgcc.a(_usi_to_sf.o)
                0x00000000000059a0                __floatunsisf
 .text          0x0000000000005a92        0x0 /home/chris/Software/arduino-1.0.5/hardware/tools/avr/bin/../lib/gcc/avr/4.3.2/avr6/libgcc.a(_prologue.o)
 .text          0x0000000000005a92        0x0 /home/chris/Software/arduino-1.0.5/hardware/tools/avr/bin/../lib/gcc/avr/4.3.2/avr6/libgcc.a(_epilogue.o)
 .text          0x0000000000005a92        0x0 /home/chris/Software/arduino-1.0.5/hardware/tools/avr/bin/../lib/gcc/avr/4.3.2/avr6/libgcc.a(_tablejump.o)
 .text          0x0000000000005a92       0x9e /home/chris/Software/arduino-1.0.5/hardware/tools/avr/bin/../lib/gcc/avr/4.3.2/avr6/libgcc.a(_clzsi2.o)
                0x0000000000005a92                __clzsi2
 .text          0x0000000000005b30      0x1aa /home/chris/Software/arduino-1.0.5/hardware/tools/avr/bin/../lib/gcc/avr/4.3.2/avr6/libgcc.a(_pack_sf.o)
                0x0000000000005b30                __pack_f
 .text          0x0000000000005cda       0xf0 /home/chris/Software/arduino-1.0.5/hardware/tools/avr/bin/../lib/gcc/avr/4.3.2/avr6/libgcc.a(_unpack_sf.o)
                0x0000000000005cda                __unpack_f
 .text          0x0000000000005dca       0xb2 /home/chris/Software/arduino-1.0.5/hardware/tools/avr/bin/../lib/gcc/avr/4.3.2/avr6/libgcc.a(_fpcmp_parts_sf.o)
                0x0000000000005dca                __fpcmp_parts_f
 .text          0x0000000000005e7c        0x0 /home/chris/Software/arduino-1.0.5/hardware/tools/avr/bin/../lib/gcc/avr/4.3.2/avr6/libgcc.a(_clz.o)
 .text          0x0000000000005e7c       0x3c /home/chris/Software/arduino-1.0.5/hardware/tools/avr/bin/../lib/gcc/avr/4.3.2/../../../avr/lib/avr6/libc.a(atoi.o)
                0x0000000000005e7c                atoi
 .text          0x0000000000005eb8       0x4e /home/chris/Software/arduino-1.0.5/hardware/tools/avr/bin/../lib/gcc/avr/4.3.2/../../../avr/lib/avr6/libc.a(atol.o)
                0x0000000000005eb8                atol
 .text          0x0000000000005f06        0x0 /home/chris/Software/arduino-1.0.5/hardware/tools/avr/bin/../lib/gcc/avr/4.3.2/../../../avr/lib/avr6/libc.a(isspace.o)
 .text          0x0000000000005f06        0x0 /home/chris/Software/arduino-1.0.5/hardware/tools/avr/bin/../lib/gcc/avr/4.3.2/../../../avr/lib/avr6/libc.a(tolower.o)
 .text          0x0000000000005f06        0x0 /home/chris/Software/arduino-1.0.5/hardware/tools/avr/bin/../lib/gcc/avr/4.3.2/../../../avr/lib/avr6/libc.a(toupper.o)
 .text          0x0000000000005f06       0x12 /home/chris/Software/arduino-1.0.5/hardware/tools/avr/bin/../lib/gcc/avr/4.3.2/../../../avr/lib/avr6/libc.a(memcpy_P.o)
                0x0000000000005f06                memcpy_P
 .text          0x0000000000005f18       0x12 /home/chris/Software/arduino-1.0.5/hardware/tools/avr/bin/../lib/gcc/avr/4.3.2/../../../avr/lib/avr6/libc.a(memcpy.o)
                0x0000000000005f18                memcpy
 .text          0x0000000000005f2a       0x24 /home/chris/Software/arduino-1.0.5/hardware/tools/avr/bin/../lib/gcc/avr/4.3.2/../../../avr/lib/avr6/libc.a(memmove.o)
                0x0000000000005f2a                memmove
 .text          0x0000000000005f4e       0x16 /home/chris/Software/arduino-1.0.5/hardware/tools/avr/bin/../lib/gcc/avr/4.3.2/../../../avr/lib/avr6/libc.a(strcat.o)
                0x0000000000005f4e                strcat
 .text          0x0000000000005f64       0x16 /home/chris/Software/arduino-1.0.5/hardware/tools/avr/bin/../lib/gcc/avr/4.3.2/../../../avr/lib/avr6/libc.a(strchr.o)
                0x0000000000005f64                strchr
 .text          0x0000000000005f7a       0x12 /home/chris/Software/arduino-1.0.5/hardware/tools/avr/bin/../lib/gcc/avr/4.3.2/../../../avr/lib/avr6/libc.a(strcmp.o)
                0x0000000000005f7a                strcmp
 .text          0x0000000000005f8c        0xe /home/chris/Software/arduino-1.0.5/hardware/tools/avr/bin/../lib/gcc/avr/4.3.2/../../../avr/lib/avr6/libc.a(strcpy.o)
                0x0000000000005f8c                strcpy
 .text          0x0000000000005f9a       0x1c /home/chris/Software/arduino-1.0.5/hardware/tools/avr/bin/../lib/gcc/avr/4.3.2/../../../avr/lib/avr6/libc.a(strncmp.o)
                0x0000000000005f9a                strncmp
 .text          0x0000000000005fb6       0x1e /home/chris/Software/arduino-1.0.5/hardware/tools/avr/bin/../lib/gcc/avr/4.3.2/../../../avr/lib/avr6/libc.a(strncpy.o)
                0x0000000000005fb6                strncpy
 .text          0x0000000000005fd4       0x16 /home/chris/Software/arduino-1.0.5/hardware/tools/avr/bin/../lib/gcc/avr/4.3.2/../../../avr/lib/avr6/libc.a(strrchr.o)
                0x0000000000005fd4                strrchr
 .text          0x0000000000005fea       0x34 /home/chris/Software/arduino-1.0.5/hardware/tools/avr/bin/../lib/gcc/avr/4.3.2/../../../avr/lib/avr6/libc.a(strstr.o)
                0x0000000000005fea                strstr
 .text          0x000000000000601e       0x42 /home/chris/Software/arduino-1.0.5/hardware/tools/avr/bin/../lib/gcc/avr/4.3.2/../../../avr/lib/avr6/libc.a(itoa.o)
                0x000000000000601e                itoa
 .text          0x0000000000006060       0x68 /home/chris/Software/arduino-1.0.5/hardware/tools/avr/bin/../lib/gcc/avr/4.3.2/../../../avr/lib/avr6/libc.a(ltoa.o)
                0x0000000000006060                ltoa
 .text          0x00000000000060c8       0x2a /home/chris/Software/arduino-1.0.5/hardware/tools/avr/bin/../lib/gcc/avr/4.3.2/../../../avr/lib/avr6/libc.a(mulsi10.o)
                0x00000000000060c8                __mulsi_const_10
 .text          0x00000000000060f2       0x10 /home/chris/Software/arduino-1.0.5/hardware/tools/avr/bin/../lib/gcc/avr/4.3.2/../../../avr/lib/avr6/libc.a(mul10.o)
                0x00000000000060f2                __mulhi_const_10
 .text          0x0000000000006102       0x4a /home/chris/Software/arduino-1.0.5/hardware/tools/avr/bin/../lib/gcc/avr/4.3.2/../../../avr/lib/avr6/libc.a(ultoa.o)
                0x0000000000006102                ultoa
 .text          0x000000000000614c       0x2c /home/chris/Software/arduino-1.0.5/hardware/tools/avr/bin/../lib/gcc/avr/4.3.2/../../../avr/lib/avr6/libc.a(utoa.o)
                0x000000000000614c                utoa
 .text          0x0000000000006178       0x54 /home/chris/Software/arduino-1.0.5/hardware/tools/avr/bin/../lib/gcc/avr/4.3.2/../../../avr/lib/avr6/libc.a(vsnprintf.o)
                0x0000000000006178                vsnprintf
 .text          0x00000000000061cc      0x3ba /home/chris/Software/arduino-1.0.5/hardware/tools/avr/bin/../lib/gcc/avr/4.3.2/../../../avr/lib/avr6/libc.a(vfprintf_std.o)
                0x00000000000061cc                vfprintf
 .text          0x0000000000006586        0x0 /home/chris/Software/arduino-1.0.5/hardware/tools/avr/bin/../lib/gcc/avr/4.3.2/../../../avr/lib/avr6/libc.a(cty_isfalse.o)
 .text          0x0000000000006586       0x16 /home/chris/Software/arduino-1.0.5/hardware/tools/avr/bin/../lib/gcc/avr/4.3.2/../../../avr/lib/avr6/libc.a(strnlen_P.o)
                0x0000000000006586                strnlen_P
 .text          0x000000000000659c       0x16 /home/chris/Software/arduino-1.0.5/hardware/tools/avr/bin/../lib/gcc/avr/4.3.2/../../../avr/lib/avr6/libc.a(strnlen.o)
                0x000000000000659c                strnlen
 .text          0x00000000000065b2       0x20 /home/chris/Software/arduino-1.0.5/hardware/tools/avr/bin/../lib/gcc/avr/4.3.2/../../../avr/lib/avr6/libc.a(strrev.o)
                0x00000000000065b2                strrev
 .text          0x00000000000065d2       0x58 /home/chris/Software/arduino-1.0.5/hardware/tools/avr/bin/../lib/gcc/avr/4.3.2/../../../avr/lib/avr6/libc.a(fputc.o)
                0x00000000000065d2                fputc
 .text          0x000000000000662a       0xbc /home/chris/Software/arduino-1.0.5/hardware/tools/avr/bin/../lib/gcc/avr/4.3.2/../../../avr/lib/avr6/libc.a(ultoa_invert.o)
                0x000000000000662a                __ultoa_invert
 .text          0x00000000000066e6        0x0 /home/chris/Software/arduino-1.0.5/hardware/tools/avr/bin/../lib/gcc/avr/4.3.2/avr6/libgcc.a(_udivmodhi4.o)
                0x00000000000066e6                . = ALIGN (0x2)
 *(.text.*)
 .text.avr-libc
                0x00000000000066e6      0x26a /home/chris/Workspace/PlusPonics/code/ArduinoCore/Release/libArduinoCore.a(malloc.o)
                0x00000000000066e6                malloc
                0x0000000000006820                free
 .text.avr-libc
                0x0000000000006950      0x1c2 /home/chris/Workspace/PlusPonics/code/ArduinoCore/Release/libArduinoCore.a(realloc.o)
                0x0000000000006950                realloc
 .text.libgcc   0x0000000000006b12       0x3e /home/chris/Software/arduino-1.0.5/hardware/tools/avr/bin/../lib/gcc/avr/4.3.2/avr6/libgcc.a(_mulsi3.o)
                0x0000000000006b12                __mulsi3
 .text.libgcc   0x0000000000006b50       0x44 /home/chris/Software/arduino-1.0.5/hardware/tools/avr/bin/../lib/gcc/avr/4.3.2/avr6/libgcc.a(_udivmodsi4.o)
                0x0000000000006b50                __udivmodsi4
 .text.libgcc   0x0000000000006b94        0x0 /home/chris/Software/arduino-1.0.5/hardware/tools/avr/bin/../lib/gcc/avr/4.3.2/avr6/libgcc.a(_exit.o)
 .text.libgcc   0x0000000000006b94        0x0 /home/chris/Software/arduino-1.0.5/hardware/tools/avr/bin/../lib/gcc/avr/4.3.2/avr6/libgcc.a(_clear_bss.o)
 .text.libgcc   0x0000000000006b94        0x0 /home/chris/Software/arduino-1.0.5/hardware/tools/avr/bin/../lib/gcc/avr/4.3.2/avr6/libgcc.a(_ctors.o)
 .text.libgcc   0x0000000000006b94        0x0 /home/chris/Software/arduino-1.0.5/hardware/tools/avr/bin/../lib/gcc/avr/4.3.2/avr6/libgcc.a(_dtors.o)
 .text.libgcc   0x0000000000006b94       0x38 /home/chris/Software/arduino-1.0.5/hardware/tools/avr/bin/../lib/gcc/avr/4.3.2/avr6/libgcc.a(_prologue.o)
                0x0000000000006b94                __prologue_saves__
 .text.libgcc   0x0000000000006bcc       0x36 /home/chris/Software/arduino-1.0.5/hardware/tools/avr/bin/../lib/gcc/avr/4.3.2/avr6/libgcc.a(_epilogue.o)
                0x0000000000006bcc                __epilogue_restores__
 .text.libgcc   0x0000000000006c02        0xc /home/chris/Software/arduino-1.0.5/hardware/tools/avr/bin/../lib/gcc/avr/4.3.2/avr6/libgcc.a(_tablejump.o)
                0x0000000000006c06                __tablejump__
                0x0000000000006c02                __tablejump2__
 .text.ctype    0x0000000000006c0e       0x10 /home/chris/Software/arduino-1.0.5/hardware/tools/avr/bin/../lib/gcc/avr/4.3.2/../../../avr/lib/avr6/libc.a(isspace.o)
                0x0000000000006c0e                isspace
 .text.ctype    0x0000000000006c1e       0x10 /home/chris/Software/arduino-1.0.5/hardware/tools/avr/bin/../lib/gcc/avr/4.3.2/../../../avr/lib/avr6/libc.a(tolower.o)
                0x0000000000006c1e                tolower
 .text.ctype    0x0000000000006c2e       0x10 /home/chris/Software/arduino-1.0.5/hardware/tools/avr/bin/../lib/gcc/avr/4.3.2/../../../avr/lib/avr6/libc.a(toupper.o)
                0x0000000000006c2e                toupper
 .text.ctype    0x0000000000006c3e        0x6 /home/chris/Software/arduino-1.0.5/hardware/tools/avr/bin/../lib/gcc/avr/4.3.2/../../../avr/lib/avr6/libc.a(cty_isfalse.o)
                0x0000000000006c42                __ctype_istrue
                0x0000000000006c3e                __ctype_isfalse
 .text.libgcc   0x0000000000006c44       0x28 /home/chris/Software/arduino-1.0.5/hardware/tools/avr/bin/../lib/gcc/avr/4.3.2/avr6/libgcc.a(_udivmodhi4.o)
                0x0000000000006c44                __udivmodhi4
                0x0000000000006c6c                . = ALIGN (0x2)
 *(.fini9)
 .fini9         0x0000000000006c6c        0x0 /home/chris/Software/arduino-1.0.5/hardware/tools/avr/bin/../lib/gcc/avr/4.3.2/avr6/libgcc.a(_exit.o)
                0x0000000000006c6c                exit
                0x0000000000006c6c                _exit
 *(.fini9)
 *(.fini8)
 *(.fini8)
 *(.fini7)
 *(.fini7)
 *(.fini6)
 .fini6         0x0000000000006c6c       0x16 /home/chris/Software/arduino-1.0.5/hardware/tools/avr/bin/../lib/gcc/avr/4.3.2/avr6/libgcc.a(_dtors.o)
                0x0000000000006c6c                __do_global_dtors
 *(.fini6)
 *(.fini5)
 *(.fini5)
 *(.fini4)
 *(.fini4)
 *(.fini3)
 *(.fini3)
 *(.fini2)
 *(.fini2)
 *(.fini1)
 *(.fini1)
 *(.fini0)
 .fini0         0x0000000000006c82        0x4 /home/chris/Software/arduino-1.0.5/hardware/tools/avr/bin/../lib/gcc/avr/4.3.2/avr6/libgcc.a(_exit.o)
 *(.fini0)
                0x0000000000006c86                _etext = .

.data           0x0000000000800200      0x21c load address 0x0000000000006c86
                0x0000000000800200                PROVIDE (__data_start, .)
 *(.data)
 .data          0x0000000000800200        0x0 /home/chris/Software/arduino-1.0.5/hardware/tools/avr/bin/../lib/gcc/avr/4.3.2/../../../avr/lib/avr6/crtm2560.o
 .data          0x0000000000800200        0x0 ./lib/SipHash/HexConversionUtils.o
 .data          0x0000000000800200        0x0 ./lib/SipHash/SipHash_2_4.o
 .data          0x0000000000800200        0x0 ./lib/SipHash/siphash_2_4_asm.o
 .data          0x0000000000800200       0x2e ./AbstractCommunication.o
                0x0000000000800220                vtable for Communicators::AbstractCommunication
 .data          0x000000000080022e        0xc ./AbstractTC.o
                0x000000000080022e                vtable for TC::AbstractTC
 .data          0x000000000080023a        0x8 ./AbstractTM.o
                0x000000000080023a                vtable for TM::AbstractTM
 .data          0x0000000000800242       0x53 ./GlobalReceiver.o
                0x000000000080028d                vtable for Processors::GlobalReceiver
 .data          0x0000000000800295        0x8 ./Limit.o
                0x0000000000800295                vtable for TM::Limit
 .data          0x000000000080029d        0xc ./LogicTC.o
                0x000000000080029d                vtable for TC::LogicTC
 .data          0x00000000008002a9        0xf ./SerialCom.o
                0x00000000008002aa                vtable for Communicators::SerialCom
 .data          0x00000000008002b8        0x8 ./TCProcessor.o
                0x00000000008002b8                vtable for Processors::TCProcessor
 .data          0x00000000008002c0       0x15 ./main.o
 .data          0x00000000008002d5        0x6 /home/chris/Workspace/PlusPonics/code/ArduinoCore/Release/libArduinoCore.a(malloc.o)
                0x00000000008002d7                __malloc_heap_start
                0x00000000008002d9                __malloc_heap_end
                0x00000000008002d5                __malloc_margin
 .data          0x00000000008002db       0x20 /home/chris/Workspace/PlusPonics/code/ArduinoCore/Release/libArduinoCore.a(HardwareSerial.o)
                0x00000000008002db                vtable for HardwareSerial
                0x00000000008002eb                vtable for Stream
 .data          0x00000000008002fb       0x16 /home/chris/Workspace/PlusPonics/code/ArduinoCore/Release/libArduinoCore.a(Print.o)
                0x0000000000800309                vtable for Print
 .data          0x0000000000800311        0x1 /home/chris/Workspace/PlusPonics/code/ArduinoCore/Release/libArduinoCore.a(Stream.o)
 .data          0x0000000000800312        0x1 /home/chris/Workspace/PlusPonics/code/ArduinoCore/Release/libArduinoCore.a(WString.o)
 .data          0x0000000000800313        0x0 /home/chris/Workspace/PlusPonics/code/ArduinoCore/Release/libArduinoCore.a(new.o)
 .data          0x0000000000800313        0x0 /home/chris/Workspace/PlusPonics/code/ArduinoCore/Release/libArduinoCore.a(wiring.o)
 .data          0x0000000000800313        0x0 /home/chris/Workspace/PlusPonics/code/ArduinoCore/Release/libArduinoCore.a(wiring_digital.o)
 .data          0x0000000000800313        0x0 /home/chris/Workspace/PlusPonics/code/ArduinoCore/Release/libArduinoCore.a(realloc.o)
 .data          0x0000000000800313        0x0 /home/chris/Software/arduino-1.0.5/hardware/tools/avr/bin/../lib/gcc/avr/4.3.2/avr6/libgcc.a(_mulsi3.o)
 .data          0x0000000000800313        0x0 /home/chris/Software/arduino-1.0.5/hardware/tools/avr/bin/../lib/gcc/avr/4.3.2/avr6/libgcc.a(_udivmodsi4.o)
 .data          0x0000000000800313        0x0 /home/chris/Software/arduino-1.0.5/hardware/tools/avr/bin/../lib/gcc/avr/4.3.2/avr6/libgcc.a(_exit.o)
 .data          0x0000000000800313        0x0 /home/chris/Software/arduino-1.0.5/hardware/tools/avr/bin/../lib/gcc/avr/4.3.2/avr6/libgcc.a(_clear_bss.o)
 .data          0x0000000000800313        0x0 /home/chris/Software/arduino-1.0.5/hardware/tools/avr/bin/../lib/gcc/avr/4.3.2/avr6/libgcc.a(_ctors.o)
 .data          0x0000000000800313        0x0 /home/chris/Software/arduino-1.0.5/hardware/tools/avr/bin/../lib/gcc/avr/4.3.2/avr6/libgcc.a(_dtors.o)
 .data          0x0000000000800313        0x0 /home/chris/Software/arduino-1.0.5/hardware/tools/avr/bin/../lib/gcc/avr/4.3.2/avr6/libgcc.a(_fixunssfsi.o)
 .data          0x0000000000800313        0x0 /home/chris/Software/arduino-1.0.5/hardware/tools/avr/bin/../lib/gcc/avr/4.3.2/avr6/libgcc.a(_addsub_sf.o)
 .data          0x0000000000800313        0x0 /home/chris/Software/arduino-1.0.5/hardware/tools/avr/bin/../lib/gcc/avr/4.3.2/avr6/libgcc.a(_mul_sf.o)
 .data          0x0000000000800313        0x0 /home/chris/Software/arduino-1.0.5/hardware/tools/avr/bin/../lib/gcc/avr/4.3.2/avr6/libgcc.a(_div_sf.o)
 .data          0x0000000000800313        0x0 /home/chris/Software/arduino-1.0.5/hardware/tools/avr/bin/../lib/gcc/avr/4.3.2/avr6/libgcc.a(_gt_sf.o)
 .data          0x0000000000800313        0x0 /home/chris/Software/arduino-1.0.5/hardware/tools/avr/bin/../lib/gcc/avr/4.3.2/avr6/libgcc.a(_ge_sf.o)
 .data          0x0000000000800313        0x0 /home/chris/Software/arduino-1.0.5/hardware/tools/avr/bin/../lib/gcc/avr/4.3.2/avr6/libgcc.a(_lt_sf.o)
 .data          0x0000000000800313        0x0 /home/chris/Software/arduino-1.0.5/hardware/tools/avr/bin/../lib/gcc/avr/4.3.2/avr6/libgcc.a(_le_sf.o)
 .data          0x0000000000800313        0x0 /home/chris/Software/arduino-1.0.5/hardware/tools/avr/bin/../lib/gcc/avr/4.3.2/avr6/libgcc.a(_unord_sf.o)
 .data          0x0000000000800313        0x0 /home/chris/Software/arduino-1.0.5/hardware/tools/avr/bin/../lib/gcc/avr/4.3.2/avr6/libgcc.a(_si_to_sf.o)
 .data          0x0000000000800313        0x0 /home/chris/Software/arduino-1.0.5/hardware/tools/avr/bin/../lib/gcc/avr/4.3.2/avr6/libgcc.a(_sf_to_si.o)
 .data          0x0000000000800313        0x8 /home/chris/Software/arduino-1.0.5/hardware/tools/avr/bin/../lib/gcc/avr/4.3.2/avr6/libgcc.a(_thenan_sf.o)
                0x0000000000800313                __thenan_sf
 .data          0x000000000080031b        0x0 /home/chris/Software/arduino-1.0.5/hardware/tools/avr/bin/../lib/gcc/avr/4.3.2/avr6/libgcc.a(_usi_to_sf.o)
 .data          0x000000000080031b        0x0 /home/chris/Software/arduino-1.0.5/hardware/tools/avr/bin/../lib/gcc/avr/4.3.2/avr6/libgcc.a(_prologue.o)
 .data          0x000000000080031b        0x0 /home/chris/Software/arduino-1.0.5/hardware/tools/avr/bin/../lib/gcc/avr/4.3.2/avr6/libgcc.a(_epilogue.o)
 .data          0x000000000080031b        0x0 /home/chris/Software/arduino-1.0.5/hardware/tools/avr/bin/../lib/gcc/avr/4.3.2/avr6/libgcc.a(_tablejump.o)
 .data          0x000000000080031b        0x0 /home/chris/Software/arduino-1.0.5/hardware/tools/avr/bin/../lib/gcc/avr/4.3.2/avr6/libgcc.a(_clzsi2.o)
 .data          0x000000000080031b        0x0 /home/chris/Software/arduino-1.0.5/hardware/tools/avr/bin/../lib/gcc/avr/4.3.2/avr6/libgcc.a(_pack_sf.o)
 .data          0x000000000080031b        0x0 /home/chris/Software/arduino-1.0.5/hardware/tools/avr/bin/../lib/gcc/avr/4.3.2/avr6/libgcc.a(_unpack_sf.o)
 .data          0x000000000080031b        0x0 /home/chris/Software/arduino-1.0.5/hardware/tools/avr/bin/../lib/gcc/avr/4.3.2/avr6/libgcc.a(_fpcmp_parts_sf.o)
 .data          0x000000000080031b      0x100 /home/chris/Software/arduino-1.0.5/hardware/tools/avr/bin/../lib/gcc/avr/4.3.2/avr6/libgcc.a(_clz.o)
                0x000000000080031b                __clz_tab
 .data          0x000000000080041b        0x0 /home/chris/Software/arduino-1.0.5/hardware/tools/avr/bin/../lib/gcc/avr/4.3.2/../../../avr/lib/avr6/libc.a(atoi.o)
 .data          0x000000000080041b        0x0 /home/chris/Software/arduino-1.0.5/hardware/tools/avr/bin/../lib/gcc/avr/4.3.2/../../../avr/lib/avr6/libc.a(atol.o)
 .data          0x000000000080041b        0x0 /home/chris/Software/arduino-1.0.5/hardware/tools/avr/bin/../lib/gcc/avr/4.3.2/../../../avr/lib/avr6/libc.a(isspace.o)
 .data          0x000000000080041b        0x0 /home/chris/Software/arduino-1.0.5/hardware/tools/avr/bin/../lib/gcc/avr/4.3.2/../../../avr/lib/avr6/libc.a(tolower.o)
 .data          0x000000000080041b        0x0 /home/chris/Software/arduino-1.0.5/hardware/tools/avr/bin/../lib/gcc/avr/4.3.2/../../../avr/lib/avr6/libc.a(toupper.o)
 .data          0x000000000080041b        0x0 /home/chris/Software/arduino-1.0.5/hardware/tools/avr/bin/../lib/gcc/avr/4.3.2/../../../avr/lib/avr6/libc.a(memcpy_P.o)
 .data          0x000000000080041b        0x0 /home/chris/Software/arduino-1.0.5/hardware/tools/avr/bin/../lib/gcc/avr/4.3.2/../../../avr/lib/avr6/libc.a(memcpy.o)
 .data          0x000000000080041b        0x0 /home/chris/Software/arduino-1.0.5/hardware/tools/avr/bin/../lib/gcc/avr/4.3.2/../../../avr/lib/avr6/libc.a(memmove.o)
 .data          0x000000000080041b        0x0 /home/chris/Software/arduino-1.0.5/hardware/tools/avr/bin/../lib/gcc/avr/4.3.2/../../../avr/lib/avr6/libc.a(strcat.o)
 .data          0x000000000080041b        0x0 /home/chris/Software/arduino-1.0.5/hardware/tools/avr/bin/../lib/gcc/avr/4.3.2/../../../avr/lib/avr6/libc.a(strchr.o)
 .data          0x000000000080041b        0x0 /home/chris/Software/arduino-1.0.5/hardware/tools/avr/bin/../lib/gcc/avr/4.3.2/../../../avr/lib/avr6/libc.a(strcmp.o)
 .data          0x000000000080041b        0x0 /home/chris/Software/arduino-1.0.5/hardware/tools/avr/bin/../lib/gcc/avr/4.3.2/../../../avr/lib/avr6/libc.a(strcpy.o)
 .data          0x000000000080041b        0x0 /home/chris/Software/arduino-1.0.5/hardware/tools/avr/bin/../lib/gcc/avr/4.3.2/../../../avr/lib/avr6/libc.a(strncmp.o)
 .data          0x000000000080041b        0x0 /home/chris/Software/arduino-1.0.5/hardware/tools/avr/bin/../lib/gcc/avr/4.3.2/../../../avr/lib/avr6/libc.a(strncpy.o)
 .data          0x000000000080041b        0x0 /home/chris/Software/arduino-1.0.5/hardware/tools/avr/bin/../lib/gcc/avr/4.3.2/../../../avr/lib/avr6/libc.a(strrchr.o)
 .data          0x000000000080041b        0x0 /home/chris/Software/arduino-1.0.5/hardware/tools/avr/bin/../lib/gcc/avr/4.3.2/../../../avr/lib/avr6/libc.a(strstr.o)
 .data          0x000000000080041b        0x0 /home/chris/Software/arduino-1.0.5/hardware/tools/avr/bin/../lib/gcc/avr/4.3.2/../../../avr/lib/avr6/libc.a(itoa.o)
 .data          0x000000000080041b        0x0 /home/chris/Software/arduino-1.0.5/hardware/tools/avr/bin/../lib/gcc/avr/4.3.2/../../../avr/lib/avr6/libc.a(ltoa.o)
 .data          0x000000000080041b        0x0 /home/chris/Software/arduino-1.0.5/hardware/tools/avr/bin/../lib/gcc/avr/4.3.2/../../../avr/lib/avr6/libc.a(mulsi10.o)
 .data          0x000000000080041b        0x0 /home/chris/Software/arduino-1.0.5/hardware/tools/avr/bin/../lib/gcc/avr/4.3.2/../../../avr/lib/avr6/libc.a(mul10.o)
 .data          0x000000000080041b        0x0 /home/chris/Software/arduino-1.0.5/hardware/tools/avr/bin/../lib/gcc/avr/4.3.2/../../../avr/lib/avr6/libc.a(ultoa.o)
 .data          0x000000000080041b        0x0 /home/chris/Software/arduino-1.0.5/hardware/tools/avr/bin/../lib/gcc/avr/4.3.2/../../../avr/lib/avr6/libc.a(utoa.o)
 .data          0x000000000080041b        0x0 /home/chris/Software/arduino-1.0.5/hardware/tools/avr/bin/../lib/gcc/avr/4.3.2/../../../avr/lib/avr6/libc.a(vsnprintf.o)
 .data          0x000000000080041b        0x0 /home/chris/Software/arduino-1.0.5/hardware/tools/avr/bin/../lib/gcc/avr/4.3.2/../../../avr/lib/avr6/libc.a(vfprintf_std.o)
 .data          0x000000000080041b        0x0 /home/chris/Software/arduino-1.0.5/hardware/tools/avr/bin/../lib/gcc/avr/4.3.2/../../../avr/lib/avr6/libc.a(cty_isfalse.o)
 .data          0x000000000080041b        0x0 /home/chris/Software/arduino-1.0.5/hardware/tools/avr/bin/../lib/gcc/avr/4.3.2/../../../avr/lib/avr6/libc.a(strnlen_P.o)
 .data          0x000000000080041b        0x0 /home/chris/Software/arduino-1.0.5/hardware/tools/avr/bin/../lib/gcc/avr/4.3.2/../../../avr/lib/avr6/libc.a(strnlen.o)
 .data          0x000000000080041b        0x0 /home/chris/Software/arduino-1.0.5/hardware/tools/avr/bin/../lib/gcc/avr/4.3.2/../../../avr/lib/avr6/libc.a(strrev.o)
 .data          0x000000000080041b        0x0 /home/chris/Software/arduino-1.0.5/hardware/tools/avr/bin/../lib/gcc/avr/4.3.2/../../../avr/lib/avr6/libc.a(fputc.o)
 .data          0x000000000080041b        0x0 /home/chris/Software/arduino-1.0.5/hardware/tools/avr/bin/../lib/gcc/avr/4.3.2/../../../avr/lib/avr6/libc.a(ultoa_invert.o)
 .data          0x000000000080041b        0x0 /home/chris/Software/arduino-1.0.5/hardware/tools/avr/bin/../lib/gcc/avr/4.3.2/avr6/libgcc.a(_udivmodhi4.o)
 *(.data*)
 *(.rodata)
 *(.rodata*)
 *(.gnu.linkonce.d*)
                0x000000000080041c                . = ALIGN (0x2)
 *fill*         0x000000000080041b        0x1 00
                0x000000000080041c                _edata = .
                0x000000000080041c                PROVIDE (__data_end, .)

.bss            0x000000000080041c      0x305 load address 0x0000000000006ea2
                0x000000000080041c                PROVIDE (__bss_start, .)
 *(.bss)
 .bss           0x000000000080041c        0x0 /home/chris/Software/arduino-1.0.5/hardware/tools/avr/bin/../lib/gcc/avr/4.3.2/../../../avr/lib/avr6/crtm2560.o
 .bss           0x000000000080041c        0x0 ./lib/SipHash/HexConversionUtils.o
 .bss           0x000000000080041c       0x2c ./lib/SipHash/SipHash_2_4.o
                0x000000000080041c                sipHash
 .bss           0x0000000000800448        0x0 ./lib/SipHash/siphash_2_4_asm.o
 .bss           0x0000000000800448        0x7 ./AbstractCommunication.o
                0x0000000000800448                Communicators::AbstractCommunication::DEFAULT_LOCATION
 .bss           0x000000000080044f        0x0 ./AbstractTC.o
 .bss           0x000000000080044f        0x0 ./AbstractTM.o
 .bss           0x000000000080044f        0x9 ./GlobalReceiver.o
 .bss           0x0000000000800458        0x0 ./Limit.o
 .bss           0x0000000000800458        0x0 ./LogicTC.o
 .bss           0x0000000000800458        0x0 ./SerialCom.o
 .bss           0x0000000000800458        0x2 ./TCProcessor.o
                0x0000000000800458                std::__malloc_alloc_template<0>::__malloc_alloc_oom_handler
 .bss           0x000000000080045a       0x11 ./main.o
                0x0000000000800463                tcProcessor
                0x000000000080045a                com
                0x000000000080045d                glrcv
 .bss           0x000000000080046b        0x0 /home/chris/Workspace/PlusPonics/code/ArduinoCore/Release/libArduinoCore.a(malloc.o)
 .bss           0x000000000080046b      0x2a8 /home/chris/Workspace/PlusPonics/code/ArduinoCore/Release/libArduinoCore.a(HardwareSerial.o)
                0x00000000008006ad                Serial1
                0x00000000008004f3                rx_buffer1
                0x00000000008006f1                Serial3
                0x000000000080046b                rx_buffer
                0x00000000008004af                tx_buffer
                0x00000000008005bf                tx_buffer2
                0x000000000080068b                Serial
                0x0000000000800647                tx_buffer3
                0x000000000080057b                rx_buffer2
                0x0000000000800537                tx_buffer1
                0x0000000000800603                rx_buffer3
                0x00000000008006cf                Serial2
 .bss           0x0000000000800713        0x0 /home/chris/Workspace/PlusPonics/code/ArduinoCore/Release/libArduinoCore.a(Print.o)
 .bss           0x0000000000800713        0x0 /home/chris/Workspace/PlusPonics/code/ArduinoCore/Release/libArduinoCore.a(Stream.o)
 .bss           0x0000000000800713        0x1 /home/chris/Workspace/PlusPonics/code/ArduinoCore/Release/libArduinoCore.a(WString.o)
 .bss           0x0000000000800714        0x0 /home/chris/Workspace/PlusPonics/code/ArduinoCore/Release/libArduinoCore.a(new.o)
 .bss           0x0000000000800714        0x9 /home/chris/Workspace/PlusPonics/code/ArduinoCore/Release/libArduinoCore.a(wiring.o)
                0x0000000000800714                timer0_overflow_count
                0x0000000000800718                timer0_millis
 .bss           0x000000000080071d        0x0 /home/chris/Workspace/PlusPonics/code/ArduinoCore/Release/libArduinoCore.a(wiring_digital.o)
 .bss           0x000000000080071d        0x0 /home/chris/Workspace/PlusPonics/code/ArduinoCore/Release/libArduinoCore.a(realloc.o)
 .bss           0x000000000080071d        0x0 /home/chris/Software/arduino-1.0.5/hardware/tools/avr/bin/../lib/gcc/avr/4.3.2/avr6/libgcc.a(_mulsi3.o)
 .bss           0x000000000080071d        0x0 /home/chris/Software/arduino-1.0.5/hardware/tools/avr/bin/../lib/gcc/avr/4.3.2/avr6/libgcc.a(_udivmodsi4.o)
 .bss           0x000000000080071d        0x0 /home/chris/Software/arduino-1.0.5/hardware/tools/avr/bin/../lib/gcc/avr/4.3.2/avr6/libgcc.a(_exit.o)
 .bss           0x000000000080071d        0x0 /home/chris/Software/arduino-1.0.5/hardware/tools/avr/bin/../lib/gcc/avr/4.3.2/avr6/libgcc.a(_clear_bss.o)
 .bss           0x000000000080071d        0x0 /home/chris/Software/arduino-1.0.5/hardware/tools/avr/bin/../lib/gcc/avr/4.3.2/avr6/libgcc.a(_ctors.o)
 .bss           0x000000000080071d        0x0 /home/chris/Software/arduino-1.0.5/hardware/tools/avr/bin/../lib/gcc/avr/4.3.2/avr6/libgcc.a(_dtors.o)
 .bss           0x000000000080071d        0x0 /home/chris/Software/arduino-1.0.5/hardware/tools/avr/bin/../lib/gcc/avr/4.3.2/avr6/libgcc.a(_fixunssfsi.o)
 .bss           0x000000000080071d        0x0 /home/chris/Software/arduino-1.0.5/hardware/tools/avr/bin/../lib/gcc/avr/4.3.2/avr6/libgcc.a(_addsub_sf.o)
 .bss           0x000000000080071d        0x0 /home/chris/Software/arduino-1.0.5/hardware/tools/avr/bin/../lib/gcc/avr/4.3.2/avr6/libgcc.a(_mul_sf.o)
 .bss           0x000000000080071d        0x0 /home/chris/Software/arduino-1.0.5/hardware/tools/avr/bin/../lib/gcc/avr/4.3.2/avr6/libgcc.a(_div_sf.o)
 .bss           0x000000000080071d        0x0 /home/chris/Software/arduino-1.0.5/hardware/tools/avr/bin/../lib/gcc/avr/4.3.2/avr6/libgcc.a(_gt_sf.o)
 .bss           0x000000000080071d        0x0 /home/chris/Software/arduino-1.0.5/hardware/tools/avr/bin/../lib/gcc/avr/4.3.2/avr6/libgcc.a(_ge_sf.o)
 .bss           0x000000000080071d        0x0 /home/chris/Software/arduino-1.0.5/hardware/tools/avr/bin/../lib/gcc/avr/4.3.2/avr6/libgcc.a(_lt_sf.o)
 .bss           0x000000000080071d        0x0 /home/chris/Software/arduino-1.0.5/hardware/tools/avr/bin/../lib/gcc/avr/4.3.2/avr6/libgcc.a(_le_sf.o)
 .bss           0x000000000080071d        0x0 /home/chris/Software/arduino-1.0.5/hardware/tools/avr/bin/../lib/gcc/avr/4.3.2/avr6/libgcc.a(_unord_sf.o)
 .bss           0x000000000080071d        0x0 /home/chris/Software/arduino-1.0.5/hardware/tools/avr/bin/../lib/gcc/avr/4.3.2/avr6/libgcc.a(_si_to_sf.o)
 .bss           0x000000000080071d        0x0 /home/chris/Software/arduino-1.0.5/hardware/tools/avr/bin/../lib/gcc/avr/4.3.2/avr6/libgcc.a(_sf_to_si.o)
 .bss           0x000000000080071d        0x0 /home/chris/Software/arduino-1.0.5/hardware/tools/avr/bin/../lib/gcc/avr/4.3.2/avr6/libgcc.a(_thenan_sf.o)
 .bss           0x000000000080071d        0x0 /home/chris/Software/arduino-1.0.5/hardware/tools/avr/bin/../lib/gcc/avr/4.3.2/avr6/libgcc.a(_usi_to_sf.o)
 .bss           0x000000000080071d        0x0 /home/chris/Software/arduino-1.0.5/hardware/tools/avr/bin/../lib/gcc/avr/4.3.2/avr6/libgcc.a(_prologue.o)
 .bss           0x000000000080071d        0x0 /home/chris/Software/arduino-1.0.5/hardware/tools/avr/bin/../lib/gcc/avr/4.3.2/avr6/libgcc.a(_epilogue.o)
 .bss           0x000000000080071d        0x0 /home/chris/Software/arduino-1.0.5/hardware/tools/avr/bin/../lib/gcc/avr/4.3.2/avr6/libgcc.a(_tablejump.o)
 .bss           0x000000000080071d        0x0 /home/chris/Software/arduino-1.0.5/hardware/tools/avr/bin/../lib/gcc/avr/4.3.2/avr6/libgcc.a(_clzsi2.o)
 .bss           0x000000000080071d        0x0 /home/chris/Software/arduino-1.0.5/hardware/tools/avr/bin/../lib/gcc/avr/4.3.2/avr6/libgcc.a(_pack_sf.o)
 .bss           0x000000000080071d        0x0 /home/chris/Software/arduino-1.0.5/hardware/tools/avr/bin/../lib/gcc/avr/4.3.2/avr6/libgcc.a(_unpack_sf.o)
 .bss           0x000000000080071d        0x0 /home/chris/Software/arduino-1.0.5/hardware/tools/avr/bin/../lib/gcc/avr/4.3.2/avr6/libgcc.a(_fpcmp_parts_sf.o)
 .bss           0x000000000080071d        0x0 /home/chris/Software/arduino-1.0.5/hardware/tools/avr/bin/../lib/gcc/avr/4.3.2/avr6/libgcc.a(_clz.o)
 .bss           0x000000000080071d        0x0 /home/chris/Software/arduino-1.0.5/hardware/tools/avr/bin/../lib/gcc/avr/4.3.2/../../../avr/lib/avr6/libc.a(atoi.o)
 .bss           0x000000000080071d        0x0 /home/chris/Software/arduino-1.0.5/hardware/tools/avr/bin/../lib/gcc/avr/4.3.2/../../../avr/lib/avr6/libc.a(atol.o)
 .bss           0x000000000080071d        0x0 /home/chris/Software/arduino-1.0.5/hardware/tools/avr/bin/../lib/gcc/avr/4.3.2/../../../avr/lib/avr6/libc.a(isspace.o)
 .bss           0x000000000080071d        0x0 /home/chris/Software/arduino-1.0.5/hardware/tools/avr/bin/../lib/gcc/avr/4.3.2/../../../avr/lib/avr6/libc.a(tolower.o)
 .bss           0x000000000080071d        0x0 /home/chris/Software/arduino-1.0.5/hardware/tools/avr/bin/../lib/gcc/avr/4.3.2/../../../avr/lib/avr6/libc.a(toupper.o)
 .bss           0x000000000080071d        0x0 /home/chris/Software/arduino-1.0.5/hardware/tools/avr/bin/../lib/gcc/avr/4.3.2/../../../avr/lib/avr6/libc.a(memcpy_P.o)
 .bss           0x000000000080071d        0x0 /home/chris/Software/arduino-1.0.5/hardware/tools/avr/bin/../lib/gcc/avr/4.3.2/../../../avr/lib/avr6/libc.a(memcpy.o)
 .bss           0x000000000080071d        0x0 /home/chris/Software/arduino-1.0.5/hardware/tools/avr/bin/../lib/gcc/avr/4.3.2/../../../avr/lib/avr6/libc.a(memmove.o)
 .bss           0x000000000080071d        0x0 /home/chris/Software/arduino-1.0.5/hardware/tools/avr/bin/../lib/gcc/avr/4.3.2/../../../avr/lib/avr6/libc.a(strcat.o)
 .bss           0x000000000080071d        0x0 /home/chris/Software/arduino-1.0.5/hardware/tools/avr/bin/../lib/gcc/avr/4.3.2/../../../avr/lib/avr6/libc.a(strchr.o)
 .bss           0x000000000080071d        0x0 /home/chris/Software/arduino-1.0.5/hardware/tools/avr/bin/../lib/gcc/avr/4.3.2/../../../avr/lib/avr6/libc.a(strcmp.o)
 .bss           0x000000000080071d        0x0 /home/chris/Software/arduino-1.0.5/hardware/tools/avr/bin/../lib/gcc/avr/4.3.2/../../../avr/lib/avr6/libc.a(strcpy.o)
 .bss           0x000000000080071d        0x0 /home/chris/Software/arduino-1.0.5/hardware/tools/avr/bin/../lib/gcc/avr/4.3.2/../../../avr/lib/avr6/libc.a(strncmp.o)
 .bss           0x000000000080071d        0x0 /home/chris/Software/arduino-1.0.5/hardware/tools/avr/bin/../lib/gcc/avr/4.3.2/../../../avr/lib/avr6/libc.a(strncpy.o)
 .bss           0x000000000080071d        0x0 /home/chris/Software/arduino-1.0.5/hardware/tools/avr/bin/../lib/gcc/avr/4.3.2/../../../avr/lib/avr6/libc.a(strrchr.o)
 .bss           0x000000000080071d        0x0 /home/chris/Software/arduino-1.0.5/hardware/tools/avr/bin/../lib/gcc/avr/4.3.2/../../../avr/lib/avr6/libc.a(strstr.o)
 .bss           0x000000000080071d        0x0 /home/chris/Software/arduino-1.0.5/hardware/tools/avr/bin/../lib/gcc/avr/4.3.2/../../../avr/lib/avr6/libc.a(itoa.o)
 .bss           0x000000000080071d        0x0 /home/chris/Software/arduino-1.0.5/hardware/tools/avr/bin/../lib/gcc/avr/4.3.2/../../../avr/lib/avr6/libc.a(ltoa.o)
 .bss           0x000000000080071d        0x0 /home/chris/Software/arduino-1.0.5/hardware/tools/avr/bin/../lib/gcc/avr/4.3.2/../../../avr/lib/avr6/libc.a(mulsi10.o)
 .bss           0x000000000080071d        0x0 /home/chris/Software/arduino-1.0.5/hardware/tools/avr/bin/../lib/gcc/avr/4.3.2/../../../avr/lib/avr6/libc.a(mul10.o)
 .bss           0x000000000080071d        0x0 /home/chris/Software/arduino-1.0.5/hardware/tools/avr/bin/../lib/gcc/avr/4.3.2/../../../avr/lib/avr6/libc.a(ultoa.o)
 .bss           0x000000000080071d        0x0 /home/chris/Software/arduino-1.0.5/hardware/tools/avr/bin/../lib/gcc/avr/4.3.2/../../../avr/lib/avr6/libc.a(utoa.o)
 .bss           0x000000000080071d        0x0 /home/chris/Software/arduino-1.0.5/hardware/tools/avr/bin/../lib/gcc/avr/4.3.2/../../../avr/lib/avr6/libc.a(vsnprintf.o)
 .bss           0x000000000080071d        0x0 /home/chris/Software/arduino-1.0.5/hardware/tools/avr/bin/../lib/gcc/avr/4.3.2/../../../avr/lib/avr6/libc.a(vfprintf_std.o)
 .bss           0x000000000080071d        0x0 /home/chris/Software/arduino-1.0.5/hardware/tools/avr/bin/../lib/gcc/avr/4.3.2/../../../avr/lib/avr6/libc.a(cty_isfalse.o)
 .bss           0x000000000080071d        0x0 /home/chris/Software/arduino-1.0.5/hardware/tools/avr/bin/../lib/gcc/avr/4.3.2/../../../avr/lib/avr6/libc.a(strnlen_P.o)
 .bss           0x000000000080071d        0x0 /home/chris/Software/arduino-1.0.5/hardware/tools/avr/bin/../lib/gcc/avr/4.3.2/../../../avr/lib/avr6/libc.a(strnlen.o)
 .bss           0x000000000080071d        0x0 /home/chris/Software/arduino-1.0.5/hardware/tools/avr/bin/../lib/gcc/avr/4.3.2/../../../avr/lib/avr6/libc.a(strrev.o)
 .bss           0x000000000080071d        0x0 /home/chris/Software/arduino-1.0.5/hardware/tools/avr/bin/../lib/gcc/avr/4.3.2/../../../avr/lib/avr6/libc.a(fputc.o)
 .bss           0x000000000080071d        0x0 /home/chris/Software/arduino-1.0.5/hardware/tools/avr/bin/../lib/gcc/avr/4.3.2/../../../avr/lib/avr6/libc.a(ultoa_invert.o)
 .bss           0x000000000080071d        0x0 /home/chris/Software/arduino-1.0.5/hardware/tools/avr/bin/../lib/gcc/avr/4.3.2/avr6/libgcc.a(_udivmodhi4.o)
 *(.bss*)
 *(COMMON)
 COMMON         0x000000000080071d        0x4 /home/chris/Workspace/PlusPonics/code/ArduinoCore/Release/libArduinoCore.a(malloc.o)
                0x000000000080071d                __brkval
                0x000000000080071f                __flp
                0x0000000000800721                PROVIDE (__bss_end, .)
                0x0000000000006c86                __data_load_start = LOADADDR (.data)
                0x0000000000006ea2                __data_load_end = (__data_load_start + SIZEOF (.data))

.noinit         0x0000000000800721        0x0
                0x0000000000800721                PROVIDE (__noinit_start, .)
 *(.noinit*)
                0x0000000000800721                PROVIDE (__noinit_end, .)
                0x0000000000800721                _end = .
                0x0000000000800721                PROVIDE (__heap_start, .)

.eeprom         0x0000000000810000        0x0
 *(.eeprom*)
                0x0000000000810000                __eeprom_end = .

.fuse
 *(.fuse)
 *(.lfuse)
 *(.hfuse)
 *(.efuse)

.lock
 *(.lock*)

.signature
 *(.signature*)

.stab
 *(.stab)

.stabstr
 *(.stabstr)

.stab.excl
 *(.stab.excl)

.stab.exclstr
 *(.stab.exclstr)

.stab.index
 *(.stab.index)

.stab.indexstr
 *(.stab.indexstr)

.comment
 *(.comment)

.debug
 *(.debug)

.line
 *(.line)

.debug_srcinfo
 *(.debug_srcinfo)

.debug_sfnames
 *(.debug_sfnames)

.debug_aranges
 *(.debug_aranges)

.debug_pubnames
 *(.debug_pubnames)

.debug_info
 *(.debug_info)
 *(.gnu.linkonce.wi.*)

.debug_abbrev
 *(.debug_abbrev)

.debug_line
 *(.debug_line)

.debug_frame
 *(.debug_frame)

.debug_str
 *(.debug_str)

.debug_loc
 *(.debug_loc)

.debug_macinfo
 *(.debug_macinfo)
OUTPUT(Embedded_SW.elf elf32-avr)
LOAD linker stubs

Cross Reference Table

Symbol                                            File
Communicators::AbstractCommunication::AbstractCommunication() ./AbstractCommunication.o
Communicators::AbstractCommunication::AbstractCommunication() ./AbstractCommunication.o
                                                  ./SerialCom.o
Communicators::AbstractCommunication::DEFAULT_LOCATION ./AbstractCommunication.o
Communicators::AbstractCommunication::error(String) ./AbstractCommunication.o
Communicators::AbstractCommunication::error(String, String) ./AbstractCommunication.o
Communicators::AbstractCommunication::info(String) ./AbstractCommunication.o
Communicators::AbstractCommunication::info(String, String) ./AbstractCommunication.o
                                                  ./main.o
Communicators::AbstractCommunication::sendf(String, ...) ./AbstractCommunication.o
                                                  ./GlobalReceiver.o
Communicators::AbstractCommunication::setLevel(Communicators::AbstractCommunication::DEBUG_LEVEL) ./AbstractCommunication.o
                                                  ./main.o
Communicators::AbstractCommunication::warn(String) ./AbstractCommunication.o
Communicators::AbstractCommunication::warn(String, String) ./AbstractCommunication.o
Communicators::AbstractCommunication::~AbstractCommunication() ./AbstractCommunication.o
Communicators::AbstractCommunication::~AbstractCommunication() ./AbstractCommunication.o
Communicators::AbstractCommunication::~AbstractCommunication() ./AbstractCommunication.o
                                                  ./SerialCom.o
Communicators::SerialCom::SerialCom()             ./SerialCom.o
                                                  ./main.o
Communicators::SerialCom::SerialCom()             ./SerialCom.o
Communicators::SerialCom::init()                  ./SerialCom.o
                                                  ./main.o
Communicators::SerialCom::recv()                  ./SerialCom.o
Communicators::SerialCom::send(String)            ./SerialCom.o
Communicators::SerialCom::~SerialCom()            ./SerialCom.o
Communicators::SerialCom::~SerialCom()            ./SerialCom.o
                                                  ./main.o
Communicators::SerialCom::~SerialCom()            ./SerialCom.o
HardwareSerial::HardwareSerial(ring_buffer*, ring_buffer*, unsigned char volatile*, unsigned char volatile*, unsigned char volatile*, unsigned char volatile*, unsigned char volatile*, unsigned char volatile*, unsigned char, unsigned char, unsigned char, unsigned char, unsigned char) /home/chris/Workspace/PlusPonics/code/ArduinoCore/Release/libArduinoCore.a(HardwareSerial.o)
HardwareSerial::HardwareSerial(ring_buffer*, ring_buffer*, unsigned char volatile*, unsigned char volatile*, unsigned char volatile*, unsigned char volatile*, unsigned char volatile*, unsigned char volatile*, unsigned char, unsigned char, unsigned char, unsigned char, unsigned char) /home/chris/Workspace/PlusPonics/code/ArduinoCore/Release/libArduinoCore.a(HardwareSerial.o)
HardwareSerial::available()                       /home/chris/Workspace/PlusPonics/code/ArduinoCore/Release/libArduinoCore.a(HardwareSerial.o)
                                                  ./SerialCom.o
HardwareSerial::begin(unsigned long)              /home/chris/Workspace/PlusPonics/code/ArduinoCore/Release/libArduinoCore.a(HardwareSerial.o)
                                                  ./SerialCom.o
HardwareSerial::begin(unsigned long, unsigned char) /home/chris/Workspace/PlusPonics/code/ArduinoCore/Release/libArduinoCore.a(HardwareSerial.o)
HardwareSerial::end()                             /home/chris/Workspace/PlusPonics/code/ArduinoCore/Release/libArduinoCore.a(HardwareSerial.o)
HardwareSerial::flush()                           /home/chris/Workspace/PlusPonics/code/ArduinoCore/Release/libArduinoCore.a(HardwareSerial.o)
HardwareSerial::operator bool()                   /home/chris/Workspace/PlusPonics/code/ArduinoCore/Release/libArduinoCore.a(HardwareSerial.o)
HardwareSerial::peek()                            /home/chris/Workspace/PlusPonics/code/ArduinoCore/Release/libArduinoCore.a(HardwareSerial.o)
HardwareSerial::read()                            /home/chris/Workspace/PlusPonics/code/ArduinoCore/Release/libArduinoCore.a(HardwareSerial.o)
HardwareSerial::write(unsigned char)              /home/chris/Workspace/PlusPonics/code/ArduinoCore/Release/libArduinoCore.a(HardwareSerial.o)
Print::print(Printable const&)                    /home/chris/Workspace/PlusPonics/code/ArduinoCore/Release/libArduinoCore.a(Print.o)
Print::print(String const&)                       /home/chris/Workspace/PlusPonics/code/ArduinoCore/Release/libArduinoCore.a(Print.o)
Print::print(__FlashStringHelper const*)          /home/chris/Workspace/PlusPonics/code/ArduinoCore/Release/libArduinoCore.a(Print.o)
Print::print(char const*)                         /home/chris/Workspace/PlusPonics/code/ArduinoCore/Release/libArduinoCore.a(Print.o)
Print::print(char)                                /home/chris/Workspace/PlusPonics/code/ArduinoCore/Release/libArduinoCore.a(Print.o)
Print::print(double, int)                         /home/chris/Workspace/PlusPonics/code/ArduinoCore/Release/libArduinoCore.a(Print.o)
Print::print(int, int)                            /home/chris/Workspace/PlusPonics/code/ArduinoCore/Release/libArduinoCore.a(Print.o)
Print::print(long, int)                           /home/chris/Workspace/PlusPonics/code/ArduinoCore/Release/libArduinoCore.a(Print.o)
Print::print(unsigned char, int)                  /home/chris/Workspace/PlusPonics/code/ArduinoCore/Release/libArduinoCore.a(Print.o)
Print::print(unsigned int, int)                   /home/chris/Workspace/PlusPonics/code/ArduinoCore/Release/libArduinoCore.a(Print.o)
Print::print(unsigned long, int)                  /home/chris/Workspace/PlusPonics/code/ArduinoCore/Release/libArduinoCore.a(Print.o)
Print::printFloat(double, unsigned char)          /home/chris/Workspace/PlusPonics/code/ArduinoCore/Release/libArduinoCore.a(Print.o)
Print::printNumber(unsigned long, unsigned char)  /home/chris/Workspace/PlusPonics/code/ArduinoCore/Release/libArduinoCore.a(Print.o)
Print::println()                                  /home/chris/Workspace/PlusPonics/code/ArduinoCore/Release/libArduinoCore.a(Print.o)
Print::println(Printable const&)                  /home/chris/Workspace/PlusPonics/code/ArduinoCore/Release/libArduinoCore.a(Print.o)
Print::println(String const&)                     /home/chris/Workspace/PlusPonics/code/ArduinoCore/Release/libArduinoCore.a(Print.o)
                                                  ./SerialCom.o
Print::println(__FlashStringHelper const*)        /home/chris/Workspace/PlusPonics/code/ArduinoCore/Release/libArduinoCore.a(Print.o)
Print::println(char const*)                       /home/chris/Workspace/PlusPonics/code/ArduinoCore/Release/libArduinoCore.a(Print.o)
Print::println(char)                              /home/chris/Workspace/PlusPonics/code/ArduinoCore/Release/libArduinoCore.a(Print.o)
Print::println(double, int)                       /home/chris/Workspace/PlusPonics/code/ArduinoCore/Release/libArduinoCore.a(Print.o)
Print::println(int, int)                          /home/chris/Workspace/PlusPonics/code/ArduinoCore/Release/libArduinoCore.a(Print.o)
Print::println(long, int)                         /home/chris/Workspace/PlusPonics/code/ArduinoCore/Release/libArduinoCore.a(Print.o)
Print::println(unsigned char, int)                /home/chris/Workspace/PlusPonics/code/ArduinoCore/Release/libArduinoCore.a(Print.o)
Print::println(unsigned int, int)                 /home/chris/Workspace/PlusPonics/code/ArduinoCore/Release/libArduinoCore.a(Print.o)
Print::println(unsigned long, int)                /home/chris/Workspace/PlusPonics/code/ArduinoCore/Release/libArduinoCore.a(Print.o)
Print::write(char const*)                         /home/chris/Workspace/PlusPonics/code/ArduinoCore/Release/libArduinoCore.a(Print.o)
Print::write(unsigned char const*, unsigned int)  /home/chris/Workspace/PlusPonics/code/ArduinoCore/Release/libArduinoCore.a(Print.o)
                                                  /home/chris/Workspace/PlusPonics/code/ArduinoCore/Release/libArduinoCore.a(HardwareSerial.o)
Processors::GlobalReceiver::GlobalReceiver()      ./GlobalReceiver.o
                                                  ./main.o
Processors::GlobalReceiver::GlobalReceiver()      ./GlobalReceiver.o
Processors::GlobalReceiver::process()             ./GlobalReceiver.o
                                                  ./main.o
Processors::GlobalReceiver::setCom(Communicators::AbstractCommunication&) ./GlobalReceiver.o
                                                  ./main.o
Processors::GlobalReceiver::setTCProcessor(Processors::TCProcessor&) ./GlobalReceiver.o
                                                  ./main.o
Processors::GlobalReceiver::~GlobalReceiver()     ./GlobalReceiver.o
Processors::GlobalReceiver::~GlobalReceiver()     ./GlobalReceiver.o
Processors::GlobalReceiver::~GlobalReceiver()     ./GlobalReceiver.o
                                                  ./main.o
Processors::TCProcessor::TCProcessor()            ./TCProcessor.o
                                                  ./main.o
Processors::TCProcessor::TCProcessor()            ./TCProcessor.o
Processors::TCProcessor::definitions_()           ./TCProcessor.o
Processors::TCProcessor::init()                   ./TCProcessor.o
                                                  ./main.o
Processors::TCProcessor::perform(Processors::TCProcessor::TC_ACTION, unsigned char) ./TCProcessor.o
                                                  ./main.o
Processors::TCProcessor::processRecv(String)      ./TCProcessor.o
                                                  ./GlobalReceiver.o
Processors::TCProcessor::~TCProcessor()           ./TCProcessor.o
Processors::TCProcessor::~TCProcessor()           ./TCProcessor.o
Processors::TCProcessor::~TCProcessor()           ./TCProcessor.o
                                                  ./main.o
Processors::byte_to_binary(int)                   ./GlobalReceiver.o
Serial                                            /home/chris/Workspace/PlusPonics/code/ArduinoCore/Release/libArduinoCore.a(HardwareSerial.o)
                                                  ./SerialCom.o
Serial1                                           /home/chris/Workspace/PlusPonics/code/ArduinoCore/Release/libArduinoCore.a(HardwareSerial.o)
Serial2                                           /home/chris/Workspace/PlusPonics/code/ArduinoCore/Release/libArduinoCore.a(HardwareSerial.o)
Serial3                                           /home/chris/Workspace/PlusPonics/code/ArduinoCore/Release/libArduinoCore.a(HardwareSerial.o)
SipHash_2_4::SipHash_2_4()                        ./lib/SipHash/SipHash_2_4.o
SipHash_2_4::SipHash_2_4()                        ./lib/SipHash/SipHash_2_4.o
SipHash_2_4::finish()                             ./lib/SipHash/SipHash_2_4.o
SipHash_2_4::hash(unsigned char*)                 ./lib/SipHash/SipHash_2_4.o
SipHash_2_4::initFromPROGMEM(unsigned char const*) ./lib/SipHash/SipHash_2_4.o
SipHash_2_4::initFromRAM(unsigned char const*)    ./lib/SipHash/SipHash_2_4.o
SipHash_2_4::siphash_round()                      ./lib/SipHash/SipHash_2_4.o
SipHash_2_4::updateHash(unsigned char)            ./lib/SipHash/SipHash_2_4.o
Stream::find(char*)                               /home/chris/Workspace/PlusPonics/code/ArduinoCore/Release/libArduinoCore.a(Stream.o)
Stream::find(char*, unsigned int)                 /home/chris/Workspace/PlusPonics/code/ArduinoCore/Release/libArduinoCore.a(Stream.o)
Stream::findUntil(char*, char*)                   /home/chris/Workspace/PlusPonics/code/ArduinoCore/Release/libArduinoCore.a(Stream.o)
Stream::findUntil(char*, unsigned int, char*, unsigned int) /home/chris/Workspace/PlusPonics/code/ArduinoCore/Release/libArduinoCore.a(Stream.o)
Stream::parseFloat()                              /home/chris/Workspace/PlusPonics/code/ArduinoCore/Release/libArduinoCore.a(Stream.o)
Stream::parseFloat(char)                          /home/chris/Workspace/PlusPonics/code/ArduinoCore/Release/libArduinoCore.a(Stream.o)
Stream::parseInt()                                /home/chris/Workspace/PlusPonics/code/ArduinoCore/Release/libArduinoCore.a(Stream.o)
Stream::parseInt(char)                            /home/chris/Workspace/PlusPonics/code/ArduinoCore/Release/libArduinoCore.a(Stream.o)
Stream::peekNextDigit()                           /home/chris/Workspace/PlusPonics/code/ArduinoCore/Release/libArduinoCore.a(Stream.o)
Stream::readBytes(char*, unsigned int)            /home/chris/Workspace/PlusPonics/code/ArduinoCore/Release/libArduinoCore.a(Stream.o)
Stream::readBytesUntil(char, char*, unsigned int) /home/chris/Workspace/PlusPonics/code/ArduinoCore/Release/libArduinoCore.a(Stream.o)
Stream::readString()                              /home/chris/Workspace/PlusPonics/code/ArduinoCore/Release/libArduinoCore.a(Stream.o)
                                                  ./SerialCom.o
Stream::readStringUntil(char)                     /home/chris/Workspace/PlusPonics/code/ArduinoCore/Release/libArduinoCore.a(Stream.o)
Stream::setTimeout(unsigned long)                 /home/chris/Workspace/PlusPonics/code/ArduinoCore/Release/libArduinoCore.a(Stream.o)
Stream::timedPeek()                               /home/chris/Workspace/PlusPonics/code/ArduinoCore/Release/libArduinoCore.a(Stream.o)
Stream::timedRead()                               /home/chris/Workspace/PlusPonics/code/ArduinoCore/Release/libArduinoCore.a(Stream.o)
String::String(String const&)                     /home/chris/Workspace/PlusPonics/code/ArduinoCore/Release/libArduinoCore.a(WString.o)
                                                  ./AbstractCommunication.o
String::String(String const&)                     /home/chris/Workspace/PlusPonics/code/ArduinoCore/Release/libArduinoCore.a(WString.o)
String::String(char const*)                       /home/chris/Workspace/PlusPonics/code/ArduinoCore/Release/libArduinoCore.a(WString.o)
                                                  /home/chris/Workspace/PlusPonics/code/ArduinoCore/Release/libArduinoCore.a(Stream.o)
                                                  ./main.o
                                                  ./SerialCom.o
                                                  ./GlobalReceiver.o
                                                  ./AbstractCommunication.o
String::String(char const*)                       /home/chris/Workspace/PlusPonics/code/ArduinoCore/Release/libArduinoCore.a(WString.o)
                                                  ./AbstractCommunication.o
String::String(char)                              /home/chris/Workspace/PlusPonics/code/ArduinoCore/Release/libArduinoCore.a(WString.o)
String::String(char)                              /home/chris/Workspace/PlusPonics/code/ArduinoCore/Release/libArduinoCore.a(WString.o)
String::String(int, unsigned char)                /home/chris/Workspace/PlusPonics/code/ArduinoCore/Release/libArduinoCore.a(WString.o)
String::String(int, unsigned char)                /home/chris/Workspace/PlusPonics/code/ArduinoCore/Release/libArduinoCore.a(WString.o)
String::String(long, unsigned char)               /home/chris/Workspace/PlusPonics/code/ArduinoCore/Release/libArduinoCore.a(WString.o)
String::String(long, unsigned char)               /home/chris/Workspace/PlusPonics/code/ArduinoCore/Release/libArduinoCore.a(WString.o)
String::String(unsigned char, unsigned char)      /home/chris/Workspace/PlusPonics/code/ArduinoCore/Release/libArduinoCore.a(WString.o)
String::String(unsigned char, unsigned char)      /home/chris/Workspace/PlusPonics/code/ArduinoCore/Release/libArduinoCore.a(WString.o)
String::String(unsigned int, unsigned char)       /home/chris/Workspace/PlusPonics/code/ArduinoCore/Release/libArduinoCore.a(WString.o)
String::String(unsigned int, unsigned char)       /home/chris/Workspace/PlusPonics/code/ArduinoCore/Release/libArduinoCore.a(WString.o)
String::String(unsigned long, unsigned char)      /home/chris/Workspace/PlusPonics/code/ArduinoCore/Release/libArduinoCore.a(WString.o)
String::String(unsigned long, unsigned char)      /home/chris/Workspace/PlusPonics/code/ArduinoCore/Release/libArduinoCore.a(WString.o)
String::changeBuffer(unsigned int)                /home/chris/Workspace/PlusPonics/code/ArduinoCore/Release/libArduinoCore.a(WString.o)
String::charAt(unsigned int) const                /home/chris/Workspace/PlusPonics/code/ArduinoCore/Release/libArduinoCore.a(WString.o)