Archive member included because of file (symbol)

/home/chris/Workspace/PlusPonics/code/ArduinoCore/Release/libArduinoCore.a(malloc.o)
                              ./TCProcessor.o (malloc)
/home/chris/Workspace/PlusPonics/code/ArduinoCore/Release/libArduinoCore.a(HardwareSerial.o)
                              ./SerialCom.o (Serial)
/home/chris/Workspace/PlusPonics/code/ArduinoCore/Release/libArduinoCore.a(Print.o)
                              /home/chris/Workspace/PlusPonics/code/ArduinoCore/Release/libArduinoCore.a(HardwareSerial.o) (Print::write(unsigned char const*, unsigned int))
/home/chris/Workspace/PlusPonics/code/ArduinoCore/Release/libArduinoCore.a(Stream.o)
                              ./SerialCom.o (Stream::readString())
/home/chris/Workspace/PlusPonics/code/ArduinoCore/Release/libArduinoCore.a(WString.o)
                              /home/chris/Workspace/PlusPonics/code/ArduinoCore/Release/libArduinoCore.a(Print.o) (String::operator[](unsigned int) const)
/home/chris/Workspace/PlusPonics/code/ArduinoCore/Release/libArduinoCore.a(new.o)
                              ./AbstractCommunication.o (__cxa_pure_virtual)
/home/chris/Workspace/PlusPonics/code/ArduinoCore/Release/libArduinoCore.a(wiring.o)
                              /home/chris/Workspace/PlusPonics/code/ArduinoCore/Release/libArduinoCore.a(Stream.o) (millis)
/home/chris/Workspace/PlusPonics/code/ArduinoCore/Release/libArduinoCore.a(wiring_digital.o)
                              ./LogicTC.o (pinMode)
/home/chris/Workspace/PlusPonics/code/ArduinoCore/Release/libArduinoCore.a(realloc.o)
                              /home/chris/Workspace/PlusPonics/code/ArduinoCore/Release/libArduinoCore.a(WString.o) (realloc)
/home/chris/Software/arduino-1.0.5/hardware/tools/avr/bin/../lib/gcc/avr/4.3.2/avr6/libgcc.a(_mulsi3.o)
                              /home/chris/Workspace/PlusPonics/code/ArduinoCore/Release/libArduinoCore.a(Print.o) (__mulsi3)
/home/chris/Software/arduino-1.0.5/hardware/tools/avr/bin/../lib/gcc/avr/4.3.2/avr6/libgcc.a(_udivmodsi4.o)
                              /home/chris/Workspace/PlusPonics/code/ArduinoCore/Release/libArduinoCore.a(HardwareSerial.o) (__udivmodsi4)
/home/chris/Software/arduino-1.0.5/hardware/tools/avr/bin/../lib/gcc/avr/4.3.2/avr6/libgcc.a(_exit.o)
                              /home/chris/Software/arduino-1.0.5/hardware/tools/avr/bin/../lib/gcc/avr/4.3.2/../../../avr/lib/avr6/crtm2560.o (exit)
/home/chris/Software/arduino-1.0.5/hardware/tools/avr/bin/../lib/gcc/avr/4.3.2/avr6/libgcc.a(_clear_bss.o)
                              ./lib/SipHash/HexConversionUtils.o (__do_clear_bss)
/home/chris/Software/arduino-1.0.5/hardware/tools/avr/bin/../lib/gcc/avr/4.3.2/avr6/libgcc.a(_ctors.o)
                              ./lib/SipHash/SipHash_2_4.o (__do_global_ctors)
/home/chris/Software/arduino-1.0.5/hardware/tools/avr/bin/../lib/gcc/avr/4.3.2/avr6/libgcc.a(_dtors.o)
                              ./AbstractCommunication.o (__do_global_dtors)
/home/chris/Software/arduino-1.0.5/hardware/tools/avr/bin/../lib/gcc/avr/4.3.2/avr6/libgcc.a(_fixunssfsi.o)
                              /home/chris/Workspace/PlusPonics/code/ArduinoCore/Release/libArduinoCore.a(Print.o) (__fixunssfsi)
/home/chris/Software/arduino-1.0.5/hardware/tools/avr/bin/../lib/gcc/avr/4.3.2/avr6/libgcc.a(_addsub_sf.o)
                              /home/chris/Workspace/PlusPonics/code/ArduinoCore/Release/libArduinoCore.a(Print.o) (__subsf3)
/home/chris/Software/arduino-1.0.5/hardware/tools/avr/bin/../lib/gcc/avr/4.3.2/avr6/libgcc.a(_mul_sf.o)
                              /home/chris/Workspace/PlusPonics/code/ArduinoCore/Release/libArduinoCore.a(Print.o) (__mulsf3)
/home/chris/Software/arduino-1.0.5/hardware/tools/avr/bin/../lib/gcc/avr/4.3.2/avr6/libgcc.a(_div_sf.o)
                              /home/chris/Workspace/PlusPonics/code/ArduinoCore/Release/libArduinoCore.a(Print.o) (__divsf3)
/home/chris/Software/arduino-1.0.5/hardware/tools/avr/bin/../lib/gcc/avr/4.3.2/avr6/libgcc.a(_gt_sf.o)
                              /home/chris/Workspace/PlusPonics/code/ArduinoCore/Release/libArduinoCore.a(Print.o) (__gtsf2)
/home/chris/Software/arduino-1.0.5/hardware/tools/avr/bin/../lib/gcc/avr/4.3.2/avr6/libgcc.a(_ge_sf.o)
                              /home/chris/Software/arduino-1.0.5/hardware/tools/avr/bin/../lib/gcc/avr/4.3.2/avr6/libgcc.a(_fixunssfsi.o) (__gesf2)
/home/chris/Software/arduino-1.0.5/hardware/tools/avr/bin/../lib/gcc/avr/4.3.2/avr6/libgcc.a(_lt_sf.o)
                              /home/chris/Workspace/PlusPonics/code/ArduinoCore/Release/libArduinoCore.a(Print.o) (__ltsf2)
/home/chris/Software/arduino-1.0.5/hardware/tools/avr/bin/../lib/gcc/avr/4.3.2/avr6/libgcc.a(_le_sf.o)
                              /home/chris/Workspace/PlusPonics/code/ArduinoCore/Release/libArduinoCore.a(Print.o) (__lesf2)
/home/chris/Software/arduino-1.0.5/hardware/tools/avr/bin/../lib/gcc/avr/4.3.2/avr6/libgcc.a(_unord_sf.o)
[...]
Memory Configuration

Name             Origin             Length             Attributes
text             0x0000000000000000 0x0000000000100000 xr
data             0x0000000000800200 0x000000000000fe00 rw !x
eeprom           0x0000000000810000 0x0000000000010000 rw !x
fuse             0x0000000000820000 0x0000000000000400 rw !x
lock             0x0000000000830000 0x0000000000000400 rw !x
signature        0x0000000000840000 0x0000000000000400 rw !x
*default*        0x0000000000000000 0xffffffffffffffff

Linker script and memory map

Address of section .data set to 0x800200
LOAD /home/chris/Software/arduino-1.0.5/hardware/tools/avr/bin/../lib/gcc/avr/4.3.2/../../../avr/lib/avr6/crtm2560.o
LOAD ./lib/SipHash/HexConversionUtils.o
LOAD ./lib/SipHash/SipHash_2_4.o
LOAD ./lib/SipHash/siphash_2_4_asm.o
LOAD ./AbstractCommunication.o
LOAD ./GlobalReceiver.o
LOAD ./LogicTC.o
LOAD ./SerialCom.o
LOAD ./TC.o
LOAD ./TCProcessor.o
LOAD ./main.o
LOAD /home/chris/Workspace/PlusPonics/code/ArduinoCore/Release/libArduinoCore.a
LOAD /home/chris/Software/arduino-1.0.5/hardware/tools/avr/bin/../lib/gcc/avr/4.3.2/avr6/libgcc.a
LOAD /home/chris/Software/arduino-1.0.5/hardware/tools/avr/bin/../lib/gcc/avr/4.3.2/../../../avr/lib/avr6/libm.a
LOAD /home/chris/Software/arduino-1.0.5/hardware/tools/avr/bin/../lib/gcc/avr/4.3.2/avr6/libgcc.a
LOAD /home/chris/Software/arduino-1.0.5/hardware/tools/avr/bin/../lib/gcc/avr/4.3.2/../../../avr/lib/avr6/libc.a
LOAD /home/chris/Software/arduino-1.0.5/hardware/tools/avr/bin/../lib/gcc/avr/4.3.2/avr6/libgcc.a

.hash
 *(.hash)

.dynsym
 *(.dynsym)

.dynstr
 *(.dynstr)

.gnu.version
 *(.gnu.version)

.gnu.version_d
 *(.gnu.version_d)

.gnu.version_r
 *(.gnu.version_r)

.rel.init
 *(.rel.init)

.rela.init
 *(.rela.init)

.rel.text
 *(.rel.text)
 *(.rel.text.*)
 *(.rel.gnu.linkonce.t*)

.rela.text
 *(.rela.text)
 *(.rela.text.*)
 *(.rela.gnu.linkonce.t*)

.rel.fini
 *(.rel.fini)

.rela.fini
 *(.rela.fini)

.rel.rodata
 *(.rel.rodata)
 *(.rel.rodata.*)
 *(.rel.gnu.linkonce.r*)

.rela.rodata
 *(.rela.rodata)
 *(.rela.rodata.*)
 *(.rela.gnu.linkonce.r*)

.rel.data
 *(.rel.data)
 *(.rel.data.*)
 *(.rel.gnu.linkonce.d*)

.rela.data
 *(.rela.data)
 *(.rela.data.*)
 *(.rela.gnu.linkonce.d*)

.rel.ctors
 *(.rel.ctors)

.rela.ctors
 *(.rela.ctors)

.rel.dtors
 *(.rel.dtors)

.rela.dtors
 *(.rela.dtors)

.rel.got
 *(.rel.got)

.rela.got
 *(.rela.got)

.rel.bss
 *(.rel.bss)

.rela.bss
 *(.rela.bss)

.rel.plt
 *(.rel.plt)

.rela.plt
 *(.rela.plt)

.text           0x0000000000000000     0x6b96
 *(.vectors)
 .vectors       0x0000000000000000       0xe4 /home/chris/Software/arduino-1.0.5/hardware/tools/avr/bin/../lib/gcc/avr/4.3.2/../../../avr/lib/avr6/crtm2560.o
                0x0000000000000000                __vectors
                0x0000000000000000                __vector_default
 *(.vectors)
 *(.progmem.gcc*)
 *(.progmem*)
 .progmem.data  0x00000000000000e4       0x20 ./lib/SipHash/SipHash_2_4.o
 .progmem.data  0x0000000000000104      0x120 /home/chris/Workspace/PlusPonics/code/ArduinoCore/Release/libArduinoCore.a(wiring_digital.o)
                0x0000000000000104                port_to_mode_PGM
                0x0000000000000152                digital_pin_to_port_PGM
                0x0000000000000198                digital_pin_to_bit_mask_PGM
                0x000000000000011e                port_to_output_PGM
                0x0000000000000138                port_to_input_PGM
                0x00000000000001de                digital_pin_to_timer_PGM
                0x0000000000000224                . = ALIGN (0x2)
                0x0000000000000224                __trampolines_start = .
 *(.trampolines)
 .trampolines   0x0000000000000224        0x0 linker stubs
 *(.trampolines*)
                0x0000000000000224                __trampolines_end = .
 *(.jumptables)
 *(.jumptables*)
 *(.lowtext)
 *(.lowtext*)
                0x0000000000000224                __ctors_start = .
 *(.ctors)
 .ctors         0x0000000000000224        0x2 ./lib/SipHash/SipHash_2_4.o
 .ctors         0x0000000000000226        0x2 ./AbstractCommunication.o
 .ctors         0x0000000000000228        0x2 ./main.o
 .ctors         0x000000000000022a        0x2 /home/chris/Workspace/PlusPonics/code/ArduinoCore/Release/libArduinoCore.a(HardwareSerial.o)
                0x000000000000022c                __ctors_end = .
                0x000000000000022c                __dtors_start = .
 *(.dtors)
 .dtors         0x000000000000022c        0x2 ./AbstractCommunication.o
 .dtors         0x000000000000022e        0x2 ./main.o
                0x0000000000000230                __dtors_end = .
 SORT(*)(.ctors)
 SORT(*)(.dtors)
 *(.init0)
 .init0         0x0000000000000230        0x0 /home/chris/Software/arduino-1.0.5/hardware/tools/avr/bin/../lib/gcc/avr/4.3.2/../../../avr/lib/avr6/crtm2560.o
                0x0000000000000230                __init
 *(.init0)
 *(.init1)
 *(.init1)
 *(.init2)
 .init2         0x0000000000000230       0x10 /home/chris/Software/arduino-1.0.5/hardware/tools/avr/bin/../lib/gcc/avr/4.3.2/../../../avr/lib/avr6/crtm2560.o
 *(.init2)
 *(.init3)
 *(.init3)
 *(.init4)
 .init4         0x0000000000000240       0x1c /home/chris/Software/arduino-1.0.5/hardware/tools/avr/bin/../lib/gcc/avr/4.3.2/../../../avr/lib/avr6/crtm2560.o
                0x0000000000000240                __do_copy_data
 .init4         0x000000000000025c       0x10 /home/chris/Software/arduino-1.0.5/hardware/tools/avr/bin/../lib/gcc/avr/4.3.2/avr6/libgcc.a(_clear_bss.o)
                0x000000000000025c                __do_clear_bss
 *(.init4)
 *(.init5)
 *(.init5)
 *(.init6)
 .init6         0x000000000000026c       0x16 /home/chris/Software/arduino-1.0.5/hardware/tools/avr/bin/../lib/gcc/avr/4.3.2/avr6/libgcc.a(_ctors.o)
                0x000000000000026c                __do_global_ctors
 *(.init6)
 *(.init7)
 *(.init7)
 *(.init8)
 *(.init8)
 *(.init9)
 .init9         0x0000000000000282        0x8 /home/chris/Software/arduino-1.0.5/hardware/tools/avr/bin/../lib/gcc/avr/4.3.2/../../../avr/lib/avr6/crtm2560.o
 *(.init9)
 *(.text)
 .text          0x000000000000028a        0x4 /home/chris/Software/arduino-1.0.5/hardware/tools/avr/bin/../lib/gcc/avr/4.3.2/../../../avr/lib/avr6/crtm2560.o
                0x000000000000028a                __vector_38
                0x000000000000028a                __vector_22
                0x000000000000028a                __vector_28
                0x000000000000028a                __vector_1
                0x000000000000028a                __vector_32
                0x000000000000028a                __vector_34
                0x000000000000028a                __vector_24
                0x000000000000028a                __vector_12
                0x000000000000028a                __vector_46
                0x000000000000028a                __bad_interrupt
                0x000000000000028a                __vector_6
                0x000000000000028a                __vector_31
                0x000000000000028a                __vector_35
                0x000000000000028a                __vector_39
                0x000000000000028a                __vector_3
                0x000000000000028a                __vector_30
                0x000000000000028a                __vector_45
                0x000000000000028a                __vector_11
                0x000000000000028a                __vector_13
                0x000000000000028a                __vector_17
                0x000000000000028a                __vector_19
                0x000000000000028a                __vector_56
                0x000000000000028a                __vector_7
                0x000000000000028a                __vector_49
                0x000000000000028a                __vector_41
                0x000000000000028a                __vector_43
                0x000000000000028a                __vector_27
                0x000000000000028a                __vector_5
                0x000000000000028a                __vector_33
                0x000000000000028a                __vector_47
                0x000000000000028a                __vector_4
                0x000000000000028a                __vector_44
                0x000000000000028a                __vector_9
                0x000000000000028a                __vector_2
                0x000000000000028a                __vector_21
                0x000000000000028a                __vector_15
                0x000000000000028a                __vector_29
                0x000000000000028a                __vector_40
                0x000000000000028a                __vector_8
                0x000000000000028a                __vector_48
                0x000000000000028a                __vector_14
                0x000000000000028a                __vector_53
                0x000000000000028a                __vector_10
                0x000000000000028a                __vector_50
                0x000000000000028a                __vector_16
                0x000000000000028a                __vector_18
                0x000000000000028a                __vector_20
                0x000000000000028a                __vector_42
 .text          0x000000000000028e       0xd8 ./lib/SipHash/HexConversionUtils.o
                0x00000000000002e0                hexToAscii
                0x000000000000028e                asciiToHex
 .text          0x0000000000000366      0x308 ./lib/SipHash/SipHash_2_4.o
                0x0000000000000370                SipHash_2_4::SipHash_2_4()
                0x00000000000004a8                SipHash_2_4::finish()
                0x000000000000061c                SipHash_2_4::initFromPROGMEM(unsigned char const*)
                0x0000000000000388                SipHash_2_4::siphash_round()
                0x0000000000000528                SipHash_2_4::initFromRAM(unsigned char const*)
                0x0000000000000366                SipHash_2_4::SipHash_2_4()
                0x0000000000000432                SipHash_2_4::hash(unsigned char*)
                0x0000000000000464                SipHash_2_4::updateHash(unsigned char)
 .text          0x000000000000066e      0x142 ./lib/SipHash/siphash_2_4_asm.o
                0x00000000000007a2                rol_21bits
                0x0000000000000706                ror64bits
                0x0000000000000794                rol_17bits
                0x0000000000000780                rol_16bits
                0x000000000000078a                rol_32bits
                0x000000000000066e                add64le
                0x00000000000006cc                xor_ff
                0x000000000000072a                rol64bits
                0x0000000000000772                rol_13bits
                0x0000000000000694                mov64
                0x00000000000006e2                reverse64
                0x000000000000074e                rol64bytes
                0x00000000000006ac                xor64
 .text          0x00000000000007b0      0x4cc ./AbstractCommunication.o
                0x0000000000000bf6                Communicators::AbstractCommunication::info(String)
                0x0000000000000ac8                Communicators::AbstractCommunication::warn(String)
                0x00000000000008e0                Communicators::AbstractCommunication::error(String, String)
                0x0000000000000838                Communicators::AbstractCommunication::sendf(String, ...)
                0x00000000000007c0                Communicators::AbstractCommunication::AbstractCommunication()
                0x00000000000007e8                Communicators::AbstractCommunication::setLevel(Communicators::AbstractCommunication::DEBUG_LEVEL)
                0x0000000000000c6a                Communicators::AbstractCommunication::~AbstractCommunication()
                0x00000000000007dc                Communicators::AbstractCommunication::~AbstractCommunication()
                0x00000000000007d0                Communicators::AbstractCommunication::~AbstractCommunication()
                0x0000000000000b3c                Communicators::AbstractCommunication::info(String, String)
                0x000000000000099a                Communicators::AbstractCommunication::error(String)
                0x0000000000000a0e                Communicators::AbstractCommunication::warn(String, String)
                0x00000000000007b0                Communicators::AbstractCommunication::AbstractCommunication()
 .text          0x0000000000000c7c      0x2da ./GlobalReceiver.o
                0x0000000000000cac                GlobalReceiver::setTCProcessor(TCProcessor&)
                0x0000000000000cc0                GlobalReceiver::~GlobalReceiver()
                0x0000000000000c7c                GlobalReceiver::GlobalReceiver()
                0x0000000000000ca4                GlobalReceiver::setCom(Communicators::AbstractCommunication&)
                0x0000000000000cde                byte_to_binary(int)
                0x0000000000000d36                GlobalReceiver::process()
                0x0000000000000ccc                GlobalReceiver::~GlobalReceiver()
                0x0000000000000cb4                GlobalReceiver::~GlobalReceiver()
                0x0000000000000c90                GlobalReceiver::GlobalReceiver()
 .text          0x0000000000000f56       0xb2 ./LogicTC.o
                0x0000000000000f80                LogicTC::~LogicTC()
                0x0000000000000f92                LogicTC::~LogicTC()
                0x0000000000000fde                LogicTC::LogicTC(unsigned char, bool)
                0x0000000000000f56                LogicTC::exec_impl_()
                0x0000000000000f62                LogicTC::init()
                0x0000000000000f6e                LogicTC::~LogicTC()
                0x0000000000000fb4                LogicTC::LogicTC(unsigned char, bool)
 .text          0x0000000000001008      0x108 ./SerialCom.o
                0x00000000000010a8                Communicators::SerialCom::~SerialCom()
                0x0000000000001008                Communicators::SerialCom::recv()
                0x00000000000010dc                Communicators::SerialCom::SerialCom()
                0x0000000000001096                Communicators::SerialCom::~SerialCom()
                0x000000000000107a                Communicators::SerialCom::send(String)
                0x00000000000010f6                Communicators::SerialCom::SerialCom()
                0x0000000000001084                Communicators::SerialCom::init()
                0x00000000000010ba                Communicators::SerialCom::~SerialCom()
 .text          0x0000000000001110       0xec ./TC.o
                0x0000000000001110                TC::TC()
                0x000000000000112c                TC::TC()
                0x00000000000011da                TC::errno()
                0x0000000000001174                TC::disable()
                0x00000000000011c8                TC::clear_error()
                0x0000000000001186                TC::exec()
                0x0000000000001160                TC::enable()
                0x0000000000001154                TC::~TC()
                0x0000000000001148                TC::~TC()
                0x00000000000011c2                TC::persist_errors(bool)
                0x00000000000011ea                TC::~TC()
 .text          0x00000000000011fc      0xac0 ./TCProcessor.o
                0x00000000000018f0                std::map<unsigned char, TC*, std::less<unsigned char>, std::allocator<TC*> >::operator[](unsigned char const&)
                0x00000000000019a6                TCProcessor::definitions_()
                0x0000000000001a36                TCProcessor::init()
                0x0000000000001b0e                TCProcessor::perform(TCProcessor::TC_ACTION, unsigned char)
                0x0000000000001770                std::_Rb_tree<unsigned char, std::pair<unsigned char const, TC*>, std::_Select1st<std::pair<unsigned char const, TC*> >, std::less<unsigned char>, std::allocator<TC*> >::insert_unique(std::_Rb_tree_iterator<std::pair<unsigned char const, TC*>, std::pair<unsigned char const, TC*>&, std::pair<unsigned char const, TC*>*>, std::pair<unsigned char const, TC*> const&)
                0x0000000000001222                TCProcessor::TCProcessor()
                0x0000000000001280                TCProcessor::TCProcessor()
                0x0000000000001ac2                TCProcessor::~TCProcessor()
                0x0000000000001aea                TCProcessor::~TCProcessor()
                0x0000000000001628                std::_Rb_tree<unsigned char, std::pair<unsigned char const, TC*>, std::_Select1st<std::pair<unsigned char const, TC*> >, std::less<unsigned char>, std::allocator<TC*> >::insert_unique(std::pair<unsigned char const, TC*> const&)
                0x0000000000001be8                TCProcessor::processRecv(String)
                0x0000000000001a7c                std::map<unsigned char, TC*, std::less<unsigned char>, std::allocator<TC*> >::~map()
                0x0000000000001a3c                std::_Rb_tree<unsigned char, std::pair<unsigned char const, TC*>, std::_Select1st<std::pair<unsigned char const, TC*> >, std::less<unsigned char>, std::allocator<TC*> >::_M_erase(std::_Rb_tree_node<std::pair<unsigned char const, TC*> >*)
                0x00000000000012de                std::_Rb_tree<unsigned char, std::pair<unsigned char const, TC*>, std::_Select1st<std::pair<unsigned char const, TC*> >, std::less<unsigned char>, std::allocator<TC*> >::_M_insert(std::_Rb_tree_node_base*, std::_Rb_tree_node_base*, std::pair<unsigned char const, TC*> const&)
                0x0000000000001afc                TCProcessor::~TCProcessor()
                0x00000000000011fc                std::_Rb_tree_alloc_base<std::pair<unsigned char const, TC*>, std::allocator<TC*>, true>::_M_get_node()
 .text          0x0000000000001cbc      0x152 ./main.o
                0x0000000000001d28                loop
                0x0000000000001cbc                configure()
                0x0000000000001cbe                operator new(unsigned int, void*)
                0x0000000000001df4                main
                0x0000000000001d3e                setup
 .text          0x0000000000001e0e        0x0 /home/chris/Workspace/PlusPonics/code/ArduinoCore/Release/libArduinoCore.a(malloc.o)
 .text          0x0000000000001e0e      0xc50 /home/chris/Workspace/PlusPonics/code/ArduinoCore/Release/libArduinoCore.a(HardwareSerial.o)
                0x00000000000026bc                HardwareSerial::peek()
                0x000000000000269a                HardwareSerial::available()
                0x0000000000001e8e                serialEvent1()
                0x000000000000221a                __vector_55
                0x000000000000276e                HardwareSerial::write(unsigned char)
                0x0000000000001f0e                serialEvent2()
                0x0000000000002320                HardwareSerial::HardwareSerial(ring_buffer*, ring_buffer*, unsigned char volatile*, unsigned char volatile*, unsigned char volatile*, unsigned char volatile*, unsigned char volatile*, unsigned char volatile*, unsigned char, unsigned char, unsigned char, unsigned char, unsigned char)
                0x00000000000023a8                HardwareSerial::begin(unsigned long)
                0x0000000000001e10                __vector_25
                0x0000000000001f90                __vector_54
                0x000000000000200e                serialEventRun()
                0x000000000000274e                HardwareSerial::flush()
                0x00000000000024b6                HardwareSerial::begin(unsigned long, unsigned char)
                0x00000000000025ce                HardwareSerial::end()
                0x0000000000001e0e                serialEvent()
                0x000000000000219c                __vector_52
                0x000000000000211e                __vector_37
                0x0000000000001f10                __vector_51
                0x0000000000001e90                __vector_36
                0x00000000000027ee                HardwareSerial::operator bool()
                0x00000000000020a0                __vector_26
                0x00000000000026fc                HardwareSerial::read()
                0x0000000000002298                HardwareSerial::HardwareSerial(ring_buffer*, ring_buffer*, unsigned char volatile*, unsigned char volatile*, unsigned char volatile*, unsigned char volatile*, unsigned char volatile*, unsigned char volatile*, unsigned char, unsigned char, unsigned char, unsigned char, unsigned char)
                0x0000000000001f8e                serialEvent3()
 .text          0x0000000000002a5e      0x748 /home/chris/Workspace/PlusPonics/code/ArduinoCore/Release/libArduinoCore.a(Print.o)
                0x000000000000317e                Print::println(String const&)
                0x0000000000002d52                Print::println(unsigned int, int)
                0x0000000000002bb6                Print::println(Printable const&)
                0x0000000000002b1e                Print::println()
                0x0000000000002eba                Print::println(int, int)
                0x0000000000002c22                Print::printNumber(unsigned long, unsigned char)
                0x0000000000002a5e                Print::write(unsigned char const*, unsigned int)
                0x00000000000030c6                Print::print(double, int)
                0x0000000000002b5e                Print::println(__FlashStringHelper const*)
                0x0000000000002b86                Print::println(char)
                0x0000000000002bea                Print::write(char const*)
                0x0000000000002efe                Print::printFloat(double, unsigned char)
                0x0000000000002b08                Print::print(Printable const&)
                0x0000000000002e94                Print::print(int, int)
                0x0000000000002ab2                Print::print(__FlashStringHelper const*)
                0x0000000000002d8c                Print::print(unsigned char, int)
                0x00000000000030f2                Print::println(char const*)
                0x0000000000002af8                Print::print(char)
                0x0000000000002db0                Print::println(unsigned char, int)
                0x0000000000002d30                Print::print(unsigned int, int)
                0x0000000000002ef8                Print::print(char const*)
                0x0000000000002cea                Print::print(unsigned long, int)
                0x0000000000002e6c                Print::println(long, int)
                0x00000000000030cc                Print::println(double, int)
                0x0000000000002dec                Print::print(long, int)
                0x0000000000002d08                Print::println(unsigned long, int)
                0x0000000000003118                Print::print(String const&)
 .text          0x00000000000031a6      0x554 /home/chris/Workspace/PlusPonics/code/ArduinoCore/Release/libArduinoCore.a(Stream.o)
                0x0000000000003368                Stream::parseFloat()
                0x000000000000320a                Stream::peekNextDigit()
                0x00000000000034ac                Stream::readStringUntil(char)
                0x00000000000035ee                Stream::findUntil(char*, unsigned int, char*, unsigned int)
                0x00000000000031a6                Stream::setTimeout(unsigned long)
                0x00000000000036a8                Stream::findUntil(char*, char*)
                0x0000000000003240                Stream::parseFloat(char)
                0x00000000000036da                Stream::find(char*)
                0x000000000000344c                Stream::parseInt()
                0x00000000000031b2                Stream::timedPeek()
                0x00000000000035a6                Stream::readBytes(char*, unsigned int)
                0x0000000000003540                Stream::readBytesUntil(char, char*, unsigned int)
                0x0000000000003506                Stream::readString()
                0x00000000000036e4                Stream::find(char*, unsigned int)
                0x0000000000003370                Stream::parseInt(char)
                0x0000000000003454                Stream::timedRead()
 .text          0x00000000000036fa     0x129e /home/chris/Workspace/PlusPonics/code/ArduinoCore/Release/libArduinoCore.a(WString.o)
                0x000000000000468c                String::String(int, unsigned char)
                0x000000000000371c                String::setCharAt(unsigned int, char)
                0x00000000000039c2                String::lastIndexOf(String const&) const
                0x0000000000003c98                String::startsWith(String const&, unsigned int) const
                0x0000000000003c2a                String::operator>=(String const&) const
                0x000000000000490e                String::substring(unsigned int) const
                0x00000000000037c2                String::trim()
                0x0000000000004880                String::substring(unsigned int, unsigned int) const
                0x0000000000003736                String::operator[](unsigned int)
                0x0000000000004954                String::String(String const&)
                0x00000000000039de                String::indexOf(String const&, unsigned int) const
                0x0000000000004158                String::concat(unsigned char)
                0x00000000000041b0                String::concat(char)
                0x0000000000004750                String::String(unsigned char, unsigned char)
                0x0000000000003760                String::operator[](unsigned int) const
                0x00000000000047b4                String::String(unsigned char, unsigned char)
                0x000000000000484c                String::String(char)
                0x00000000000041f8                String::concat(String const&)
                0x00000000000046ee                String::String(int, unsigned char)
                0x00000000000036fa                String::charAt(unsigned int) const
                0x0000000000004500                String::String(long, unsigned char)
                0x0000000000003d04                String::changeBuffer(unsigned int)
                0x00000000000042b4                operator+(StringSumHelper const&, unsigned char)
                0x0000000000003f42                String::reserve(unsigned int)
                0x000000000000462a                String::String(unsigned int, unsigned char)
                0x0000000000003ae0                String::getBytes(unsigned char*, unsigned int, unsigned int) const
                0x0000000000003cde                String::startsWith(String const&) const
                0x0000000000003782                String::replace(char, char)
                0x0000000000004980                String::~String()
                0x000000000000496a                String::String(String const&)
                0x0000000000004330                operator+(StringSumHelper const&, String const&)
                0x000000000000435c                String::copy(char const*, unsigned int)
                0x0000000000003ad6                String::indexOf(char) const
                0x0000000000003fd4                String::concat(unsigned long)
                0x000000000000498c                String::~String()
                0x000000000000449c                String::String(unsigned long, unsigned char)
                0x0000000000004926                String::operator=(String const&)
                0x00000000000042f8                operator+(StringSumHelper const&, char const*)
                0x000000000000422c                operator+(StringSumHelper const&, unsigned long)
                0x0000000000003b3a                String::endsWith(String const&) const
                0x00000000000041d8                String::concat(char const*)
                0x0000000000004208                String::invalidate()
                0x0000000000003926                String::lastIndexOf(String const&, unsigned int) const
                0x000000000000439e                String::String(char const*)
                0x0000000000003bc4                String::compareTo(String const&) const
                0x0000000000004270                operator+(StringSumHelper const&, unsigned int)
                0x0000000000003b7e                String::equals(char const*) const
                0x0000000000003a24                String::lastIndexOf(char, unsigned int) const
                0x0000000000003f7a                String::concat(char const*, unsigned int)
                0x00000000000037a0                String::toInt() const
                0x0000000000003892                String::toLowerCase()
                0x0000000000003a1a                String::indexOf(String const&) const
                0x0000000000003c6c                String::equals(String const&) const
                0x0000000000003c5e                String::operator<(String const&) const
                0x0000000000004406                String::operator=(char const*)
                0x0000000000003c3a                String::operator<=(String const&) const
                0x0000000000004038                String::concat(long)
                0x00000000000043d2                String::String(char const*)
                0x00000000000042d6                operator+(StringSumHelper const&, char)
                0x00000000000038b6                String::equalsIgnoreCase(String const&) const
                0x0000000000003a8e                String::lastIndexOf(char) const
                0x00000000000045c8                String::String(unsigned int, unsigned char)
                0x000000000000409c                String::concat(unsigned int)
                0x0000000000004438                String::String(unsigned long, unsigned char)
                0x0000000000004292                operator+(StringSumHelper const&, int)
                0x0000000000004818                String::String(char)
                0x0000000000003a9e                String::indexOf(char, unsigned int) const
                0x000000000000424e                operator+(StringSumHelper const&, long)
                0x0000000000003d38                String::replace(String const&, String const&)
                0x0000000000004564                String::String(long, unsigned char)
                0x000000000000386e                String::toUpperCase()
                0x0000000000003c4c                String::operator>(String const&) const
                0x00000000000040f6                String::concat(int)
 .text          0x0000000000004998       0x38 /home/chris/Workspace/PlusPonics/code/ArduinoCore/Release/libArduinoCore.a(new.o)
                0x00000000000049c4                operator new[](unsigned int)
                0x00000000000049be                operator delete(void*)
                0x00000000000049b6                __cxa_pure_virtual
                0x00000000000049b8                operator delete[](void*)
                0x00000000000049ac                __cxa_guard_release
                0x00000000000049b4                __cxa_guard_abort
                0x00000000000049ca                operator new(unsigned int)
                0x0000000000004998                __cxa_guard_acquire
 .text          0x00000000000049d0      0x282 /home/chris/Workspace/PlusPonics/code/ArduinoCore/Release/libArduinoCore.a(wiring.o)
                0x00000000000049d0                __vector_23
                0x0000000000004b8e                init
                0x0000000000004a7c                micros
                0x0000000000004ac8                delay
                0x0000000000004a60                millis
                0x0000000000004b7a                delayMicroseconds
 .text          0x0000000000004c52      0x22c /home/chris/Workspace/PlusPonics/code/ArduinoCore/Release/libArduinoCore.a(wiring_digital.o)
                0x0000000000004e1e                digitalRead
                0x0000000000004db8                digitalWrite
                0x0000000000004c52                pinMode
 .text          0x0000000000004e7e        0x0 /home/chris/Workspace/PlusPonics/code/ArduinoCore/Release/libArduinoCore.a(realloc.o)
 .text          0x0000000000004e7e        0x0 /home/chris/Software/arduino-1.0.5/hardware/tools/avr/bin/../lib/gcc/avr/4.3.2/avr6/libgcc.a(_mulsi3.o)
 .text          0x0000000000004e7e        0x0 /home/chris/Software/arduino-1.0.5/hardware/tools/avr/bin/../lib/gcc/avr/4.3.2/avr6/libgcc.a(_udivmodsi4.o)
 .text          0x0000000000004e7e        0x0 /home/chris/Software/arduino-1.0.5/hardware/tools/avr/bin/../lib/gcc/avr/4.3.2/avr6/libgcc.a(_exit.o)
 .text          0x0000000000004e7e        0x0 /home/chris/Software/arduino-1.0.5/hardware/tools/avr/bin/../lib/gcc/avr/4.3.2/avr6/libgcc.a(_clear_bss.o)
 .text          0x0000000000004e7e        0x0 /home/chris/Software/arduino-1.0.5/hardware/tools/avr/bin/../lib/gcc/avr/4.3.2/avr6/libgcc.a(_ctors.o)
 .text          0x0000000000004e7e        0x0 /home/chris/Software/arduino-1.0.5/hardware/tools/avr/bin/../lib/gcc/avr/4.3.2/avr6/libgcc.a(_dtors.o)
 .text          0x0000000000004e7e       0x58 /home/chris/Software/arduino-1.0.5/hardware/tools/avr/bin/../lib/gcc/avr/4.3.2/avr6/libgcc.a(_fixunssfsi.o)
                0x0000000000004e7e                __fixunssfsi
 .text          0x0000000000004ed6      0x354 /home/chris/Software/arduino-1.0.5/hardware/tools/avr/bin/../lib/gcc/avr/4.3.2/avr6/libgcc.a(_addsub_sf.o)
                0x000000000000516e                __subsf3
                0x00000000000051d0                __addsf3
 .text          0x000000000000522a      0x1f4 /home/chris/Software/arduino-1.0.5/hardware/tools/avr/bin/../lib/gcc/avr/4.3.2/avr6/libgcc.a(_mul_sf.o)
                0x000000000000522a                __mulsf3
 .text          0x000000000000541e      0x158 /home/chris/Software/arduino-1.0.5/hardware/tools/avr/bin/../lib/gcc/avr/4.3.2/avr6/libgcc.a(_div_sf.o)
                0x000000000000541e                __divsf3
 .text          0x0000000000005576       0x60 /home/chris/Software/arduino-1.0.5/hardware/tools/avr/bin/../lib/gcc/avr/4.3.2/avr6/libgcc.a(_gt_sf.o)
                0x0000000000005576                __gtsf2
 .text          0x00000000000055d6       0x60 /home/chris/Software/arduino-1.0.5/hardware/tools/avr/bin/../lib/gcc/avr/4.3.2/avr6/libgcc.a(_ge_sf.o)
                0x00000000000055d6                __gesf2
 .text          0x0000000000005636       0x60 /home/chris/Software/arduino-1.0.5/hardware/tools/avr/bin/../lib/gcc/avr/4.3.2/avr6/libgcc.a(_lt_sf.o)
                0x0000000000005636                __ltsf2
 .text          0x0000000000005696       0x60 /home/chris/Software/arduino-1.0.5/hardware/tools/avr/bin/../lib/gcc/avr/4.3.2/avr6/libgcc.a(_le_sf.o)
                0x0000000000005696                __lesf2
 .text          0x00000000000056f6       0x56 /home/chris/Software/arduino-1.0.5/hardware/tools/avr/bin/../lib/gcc/avr/4.3.2/avr6/libgcc.a(_unord_sf.o)
                0x00000000000056f6                __unordsf2
 .text          0x000000000000574c       0xbc /home/chris/Software/arduino-1.0.5/hardware/tools/avr/bin/../lib/gcc/avr/4.3.2/avr6/libgcc.a(_si_to_sf.o)
                0x000000000000574c                __floatsisf
 .text          0x0000000000005808       0xa8 /home/chris/Software/arduino-1.0.5/hardware/tools/avr/bin/../lib/gcc/avr/4.3.2/avr6/libgcc.a(_sf_to_si.o)
                0x0000000000005808                __fixsfsi
 .text          0x00000000000058b0        0x0 /home/chris/Software/arduino-1.0.5/hardware/tools/avr/bin/../lib/gcc/avr/4.3.2/avr6/libgcc.a(_thenan_sf.o)
 .text          0x00000000000058b0       0xf2 /home/chris/Software/arduino-1.0.5/hardware/tools/avr/bin/../lib/gcc/avr/4.3.2/avr6/libgcc.a(_usi_to_sf.o)
                0x00000000000058b0                __floatunsisf
 .text          0x00000000000059a2        0x0 /home/chris/Software/arduino-1.0.5/hardware/tools/avr/bin/../lib/gcc/avr/4.3.2/avr6/libgcc.a(_prologue.o)
 .text          0x00000000000059a2        0x0 /home/chris/Software/arduino-1.0.5/hardware/tools/avr/bin/../lib/gcc/avr/4.3.2/avr6/libgcc.a(_epilogue.o)
 .text          0x00000000000059a2        0x0 /home/chris/Software/arduino-1.0.5/hardware/tools/avr/bin/../lib/gcc/avr/4.3.2/avr6/libgcc.a(_tablejump.o)
 .text          0x00000000000059a2       0x9e /home/chris/Software/arduino-1.0.5/hardware/tools/avr/bin/../lib/gcc/avr/4.3.2/avr6/libgcc.a(_clzsi2.o)
                0x00000000000059a2                __clzsi2
 .text          0x0000000000005a40      0x1aa /home/chris/Software/arduino-1.0.5/hardware/tools/avr/bin/../lib/gcc/avr/4.3.2/avr6/libgcc.a(_pack_sf.o)
                0x0000000000005a40                __pack_f
 .text          0x0000000000005bea       0xf0 /home/chris/Software/arduino-1.0.5/hardware/tools/avr/bin/../lib/gcc/avr/4.3.2/avr6/libgcc.a(_unpack_sf.o)
                0x0000000000005bea                __unpack_f
 .text          0x0000000000005cda       0xb2 /home/chris/Software/arduino-1.0.5/hardware/tools/avr/bin/../lib/gcc/avr/4.3.2/avr6/libgcc.a(_fpcmp_parts_sf.o)
                0x0000000000005cda                __fpcmp_parts_f
 .text          0x0000000000005d8c        0x0 /home/chris/Software/arduino-1.0.5/hardware/tools/avr/bin/../lib/gcc/avr/4.3.2/avr6/libgcc.a(_clz.o)
 .text          0x0000000000005d8c       0x3c /home/chris/Software/arduino-1.0.5/hardware/tools/avr/bin/../lib/gcc/avr/4.3.2/../../../avr/lib/avr6/libc.a(atoi.o)
                0x0000000000005d8c                atoi
 .text          0x0000000000005dc8       0x4e /home/chris/Software/arduino-1.0.5/hardware/tools/avr/bin/../lib/gcc/avr/4.3.2/../../../avr/lib/avr6/libc.a(atol.o)
                0x0000000000005dc8                atol
 .text          0x0000000000005e16        0x0 /home/chris/Software/arduino-1.0.5/hardware/tools/avr/bin/../lib/gcc/avr/4.3.2/../../../avr/lib/avr6/libc.a(isspace.o)
 .text          0x0000000000005e16        0x0 /home/chris/Software/arduino-1.0.5/hardware/tools/avr/bin/../lib/gcc/avr/4.3.2/../../../avr/lib/avr6/libc.a(tolower.o)
 .text          0x0000000000005e16        0x0 /home/chris/Software/arduino-1.0.5/hardware/tools/avr/bin/../lib/gcc/avr/4.3.2/../../../avr/lib/avr6/libc.a(toupper.o)
 .text          0x0000000000005e16       0x12 /home/chris/Software/arduino-1.0.5/hardware/tools/avr/bin/../lib/gcc/avr/4.3.2/../../../avr/lib/avr6/libc.a(memcpy_P.o)
                0x0000000000005e16                memcpy_P
 .text          0x0000000000005e28       0x12 /home/chris/Software/arduino-1.0.5/hardware/tools/avr/bin/../lib/gcc/avr/4.3.2/../../../avr/lib/avr6/libc.a(memcpy.o)
                0x0000000000005e28                memcpy
 .text          0x0000000000005e3a       0x24 /home/chris/Software/arduino-1.0.5/hardware/tools/avr/bin/../lib/gcc/avr/4.3.2/../../../avr/lib/avr6/libc.a(memmove.o)
                0x0000000000005e3a                memmove
 .text          0x0000000000005e5e       0x16 /home/chris/Software/arduino-1.0.5/hardware/tools/avr/bin/../lib/gcc/avr/4.3.2/../../../avr/lib/avr6/libc.a(strcat.o)
                0x0000000000005e5e                strcat
 .text          0x0000000000005e74       0x16 /home/chris/Software/arduino-1.0.5/hardware/tools/avr/bin/../lib/gcc/avr/4.3.2/../../../avr/lib/avr6/libc.a(strchr.o)
                0x0000000000005e74                strchr
 .text          0x0000000000005e8a       0x12 /home/chris/Software/arduino-1.0.5/hardware/tools/avr/bin/../lib/gcc/avr/4.3.2/../../../avr/lib/avr6/libc.a(strcmp.o)
                0x0000000000005e8a                strcmp
 .text          0x0000000000005e9c        0xe /home/chris/Software/arduino-1.0.5/hardware/tools/avr/bin/../lib/gcc/avr/4.3.2/../../../avr/lib/avr6/libc.a(strcpy.o)
                0x0000000000005e9c                strcpy
 .text          0x0000000000005eaa       0x1c /home/chris/Software/arduino-1.0.5/hardware/tools/avr/bin/../lib/gcc/avr/4.3.2/../../../avr/lib/avr6/libc.a(strncmp.o)
                0x0000000000005eaa                strncmp
 .text          0x0000000000005ec6       0x1e /home/chris/Software/arduino-1.0.5/hardware/tools/avr/bin/../lib/gcc/avr/4.3.2/../../../avr/lib/avr6/libc.a(strncpy.o)
                0x0000000000005ec6                strncpy
 .text          0x0000000000005ee4       0x16 /home/chris/Software/arduino-1.0.5/hardware/tools/avr/bin/../lib/gcc/avr/4.3.2/../../../avr/lib/avr6/libc.a(strrchr.o)
                0x0000000000005ee4                strrchr
 .text          0x0000000000005efa       0x34 /home/chris/Software/arduino-1.0.5/hardware/tools/avr/bin/../lib/gcc/avr/4.3.2/../../../avr/lib/avr6/libc.a(strstr.o)
                0x0000000000005efa                strstr
 .text          0x0000000000005f2e       0x42 /home/chris/Software/arduino-1.0.5/hardware/tools/avr/bin/../lib/gcc/avr/4.3.2/../../../avr/lib/avr6/libc.a(itoa.o)
                0x0000000000005f2e                itoa
 .text          0x0000000000005f70       0x68 /home/chris/Software/arduino-1.0.5/hardware/tools/avr/bin/../lib/gcc/avr/4.3.2/../../../avr/lib/avr6/libc.a(ltoa.o)
                0x0000000000005f70                ltoa
 .text          0x0000000000005fd8       0x2a /home/chris/Software/arduino-1.0.5/hardware/tools/avr/bin/../lib/gcc/avr/4.3.2/../../../avr/lib/avr6/libc.a(mulsi10.o)
                0x0000000000005fd8                __mulsi_const_10
 .text          0x0000000000006002       0x10 /home/chris/Software/arduino-1.0.5/hardware/tools/avr/bin/../lib/gcc/avr/4.3.2/../../../avr/lib/avr6/libc.a(mul10.o)
                0x0000000000006002                __mulhi_const_10
 .text          0x0000000000006012       0x4a /home/chris/Software/arduino-1.0.5/hardware/tools/avr/bin/../lib/gcc/avr/4.3.2/../../../avr/lib/avr6/libc.a(ultoa.o)
                0x0000000000006012                ultoa
 .text          0x000000000000605c       0x2c /home/chris/Software/arduino-1.0.5/hardware/tools/avr/bin/../lib/gcc/avr/4.3.2/../../../avr/lib/avr6/libc.a(utoa.o)
                0x000000000000605c                utoa
 .text          0x0000000000006088       0x54 /home/chris/Software/arduino-1.0.5/hardware/tools/avr/bin/../lib/gcc/avr/4.3.2/../../../avr/lib/avr6/libc.a(vsnprintf.o)
                0x0000000000006088                vsnprintf
 .text          0x00000000000060dc      0x3ba /home/chris/Software/arduino-1.0.5/hardware/tools/avr/bin/../lib/gcc/avr/4.3.2/../../../avr/lib/avr6/libc.a(vfprintf_std.o)
                0x00000000000060dc                vfprintf
 .text          0x0000000000006496        0x0 /home/chris/Software/arduino-1.0.5/hardware/tools/avr/bin/../lib/gcc/avr/4.3.2/../../../avr/lib/avr6/libc.a(cty_isfalse.o)
 .text          0x0000000000006496       0x16 /home/chris/Software/arduino-1.0.5/hardware/tools/avr/bin/../lib/gcc/avr/4.3.2/../../../avr/lib/avr6/libc.a(strnlen_P.o)
                0x0000000000006496                strnlen_P
 .text          0x00000000000064ac       0x16 /home/chris/Software/arduino-1.0.5/hardware/tools/avr/bin/../lib/gcc/avr/4.3.2/../../../avr/lib/avr6/libc.a(strnlen.o)
                0x00000000000064ac                strnlen
 .text          0x00000000000064c2       0x20 /home/chris/Software/arduino-1.0.5/hardware/tools/avr/bin/../lib/gcc/avr/4.3.2/../../../avr/lib/avr6/libc.a(strrev.o)
                0x00000000000064c2                strrev
 .text          0x00000000000064e2       0x58 /home/chris/Software/arduino-1.0.5/hardware/tools/avr/bin/../lib/gcc/avr/4.3.2/../../../avr/lib/avr6/libc.a(fputc.o)
                0x00000000000064e2                fputc
 .text          0x000000000000653a       0xbc /home/chris/Software/arduino-1.0.5/hardware/tools/avr/bin/../lib/gcc/avr/4.3.2/../../../avr/lib/avr6/libc.a(ultoa_invert.o)
                0x000000000000653a                __ultoa_invert
 .text          0x00000000000065f6        0x0 /home/chris/Software/arduino-1.0.5/hardware/tools/avr/bin/../lib/gcc/avr/4.3.2/avr6/libgcc.a(_udivmodhi4.o)
                0x00000000000065f6                . = ALIGN (0x2)
 *(.text.*)
 .text.avr-libc
                0x00000000000065f6      0x26a /home/chris/Workspace/PlusPonics/code/ArduinoCore/Release/libArduinoCore.a(malloc.o)
                0x00000000000065f6                malloc
                0x0000000000006730                free
 .text.avr-libc
                0x0000000000006860      0x1c2 /home/chris/Workspace/PlusPonics/code/ArduinoCore/Release/libArduinoCore.a(realloc.o)
                0x0000000000006860                realloc
 .text.libgcc   0x0000000000006a22       0x3e /home/chris/Software/arduino-1.0.5/hardware/tools/avr/bin/../lib/gcc/avr/4.3.2/avr6/libgcc.a(_mulsi3.o)
                0x0000000000006a22                __mulsi3
 .text.libgcc   0x0000000000006a60       0x44 /home/chris/Software/arduino-1.0.5/hardware/tools/avr/bin/../lib/gcc/avr/4.3.2/avr6/libgcc.a(_udivmodsi4.o)
                0x0000000000006a60                __udivmodsi4
 .text.libgcc   0x0000000000006aa4        0x0 /home/chris/Software/arduino-1.0.5/hardware/tools/avr/bin/../lib/gcc/avr/4.3.2/avr6/libgcc.a(_exit.o)
 .text.libgcc   0x0000000000006aa4        0x0 /home/chris/Software/arduino-1.0.5/hardware/tools/avr/bin/../lib/gcc/avr/4.3.2/avr6/libgcc.a(_clear_bss.o)
 .text.libgcc   0x0000000000006aa4        0x0 /home/chris/Software/arduino-1.0.5/hardware/tools/avr/bin/../lib/gcc/avr/4.3.2/avr6/libgcc.a(_ctors.o)
 .text.libgcc   0x0000000000006aa4        0x0 /home/chris/Software/arduino-1.0.5/hardware/tools/avr/bin/../lib/gcc/avr/4.3.2/avr6/libgcc.a(_dtors.o)
 .text.libgcc   0x0000000000006aa4       0x38 /home/chris/Software/arduino-1.0.5/hardware/tools/avr/bin/../lib/gcc/avr/4.3.2/avr6/libgcc.a(_prologue.o)
                0x0000000000006aa4                __prologue_saves__
 .text.libgcc   0x0000000000006adc       0x36 /home/chris/Software/arduino-1.0.5/hardware/tools/avr/bin/../lib/gcc/avr/4.3.2/avr6/libgcc.a(_epilogue.o)
                0x0000000000006adc                __epilogue_restores__
 .text.libgcc   0x0000000000006b12        0xc /home/chris/Software/arduino-1.0.5/hardware/tools/avr/bin/../lib/gcc/avr/4.3.2/avr6/libgcc.a(_tablejump.o)
                0x0000000000006b16                __tablejump__
                0x0000000000006b12                __tablejump2__
 .text.ctype    0x0000000000006b1e       0x10 /home/chris/Software/arduino-1.0.5/hardware/tools/avr/bin/../lib/gcc/avr/4.3.2/../../../avr/lib/avr6/libc.a(isspace.o)
                0x0000000000006b1e                isspace
 .text.ctype    0x0000000000006b2e       0x10 /home/chris/Software/arduino-1.0.5/hardware/tools/avr/bin/../lib/gcc/avr/4.3.2/../../../avr/lib/avr6/libc.a(tolower.o)
                0x0000000000006b2e                tolower
 .text.ctype    0x0000000000006b3e       0x10 /home/chris/Software/arduino-1.0.5/hardware/tools/avr/bin/../lib/gcc/avr/4.3.2/../../../avr/lib/avr6/libc.a(toupper.o)
                0x0000000000006b3e                toupper
 .text.ctype    0x0000000000006b4e        0x6 /home/chris/Software/arduino-1.0.5/hardware/tools/avr/bin/../lib/gcc/avr/4.3.2/../../../avr/lib/avr6/libc.a(cty_isfalse.o)
                0x0000000000006b52                __ctype_istrue
                0x0000000000006b4e                __ctype_isfalse
 .text.libgcc   0x0000000000006b54       0x28 /home/chris/Software/arduino-1.0.5/hardware/tools/avr/bin/../lib/gcc/avr/4.3.2/avr6/libgcc.a(_udivmodhi4.o)
                0x0000000000006b54                __udivmodhi4
                0x0000000000006b7c                . = ALIGN (0x2)
 *(.fini9)
 .fini9         0x0000000000006b7c        0x0 /home/chris/Software/arduino-1.0.5/hardware/tools/avr/bin/../lib/gcc/avr/4.3.2/avr6/libgcc.a(_exit.o)
                0x0000000000006b7c                exit
                0x0000000000006b7c                _exit
 *(.fini9)
 *(.fini8)
 *(.fini8)
 *(.fini7)
 *(.fini7)
 *(.fini6)
 .fini6         0x0000000000006b7c       0x16 /home/chris/Software/arduino-1.0.5/hardware/tools/avr/bin/../lib/gcc/avr/4.3.2/avr6/libgcc.a(_dtors.o)
                0x0000000000006b7c                __do_global_dtors
 *(.fini6)
 *(.fini5)
 *(.fini5)
 *(.fini4)
 *(.fini4)
 *(.fini3)
 *(.fini3)
 *(.fini2)
 *(.fini2)
 *(.fini1)
 *(.fini1)
 *(.fini0)
 .fini0         0x0000000000006b92        0x4 /home/chris/Software/arduino-1.0.5/hardware/tools/avr/bin/../lib/gcc/avr/4.3.2/avr6/libgcc.a(_exit.o)
 *(.fini0)
                0x0000000000006b96                _etext = .

.data           0x0000000000800200      0x20c load address 0x0000000000006b96
                0x0000000000800200                PROVIDE (__data_start, .)
 *(.data)
 .data          0x0000000000800200        0x0 /home/chris/Software/arduino-1.0.5/hardware/tools/avr/bin/../lib/gcc/avr/4.3.2/../../../avr/lib/avr6/crtm2560.o
 .data          0x0000000000800200        0x0 ./lib/SipHash/HexConversionUtils.o
 .data          0x0000000000800200        0x0 ./lib/SipHash/SipHash_2_4.o
 .data          0x0000000000800200        0x0 ./lib/SipHash/siphash_2_4_asm.o
 .data          0x0000000000800200       0x2e ./AbstractCommunication.o
                0x0000000000800220                vtable for Communicators::AbstractCommunication
 .data          0x000000000080022e       0x53 ./GlobalReceiver.o
                0x0000000000800279                vtable for GlobalReceiver
 .data          0x0000000000800281        0xc ./LogicTC.o
                0x0000000000800281                vtable for LogicTC
 .data          0x000000000080028d        0xf ./SerialCom.o
                0x000000000080028e                vtable for Communicators::SerialCom
 .data          0x000000000080029c        0xc ./TC.o
                0x000000000080029c                vtable for TC
 .data          0x00000000008002a8        0x8 ./TCProcessor.o
                0x00000000008002a8                vtable for TCProcessor
 .data          0x00000000008002b0       0x15 ./main.o
 .data          0x00000000008002c5        0x6 /home/chris/Workspace/PlusPonics/code/ArduinoCore/Release/libArduinoCore.a(malloc.o)
                0x00000000008002c7                __malloc_heap_start
                0x00000000008002c9                __malloc_heap_end
                0x00000000008002c5                __malloc_margin
 .data          0x00000000008002cb       0x20 /home/chris/Workspace/PlusPonics/code/ArduinoCore/Release/libArduinoCore.a(HardwareSerial.o)
                0x00000000008002cb                vtable for HardwareSerial
                0x00000000008002db                vtable for Stream
 .data          0x00000000008002eb       0x16 /home/chris/Workspace/PlusPonics/code/ArduinoCore/Release/libArduinoCore.a(Print.o)
                0x00000000008002f9                vtable for Print
 .data          0x0000000000800301        0x1 /home/chris/Workspace/PlusPonics/code/ArduinoCore/Release/libArduinoCore.a(Stream.o)
 .data          0x0000000000800302        0x1 /home/chris/Workspace/PlusPonics/code/ArduinoCore/Release/libArduinoCore.a(WString.o)
 .data          0x0000000000800303        0x0 /home/chris/Workspace/PlusPonics/code/ArduinoCore/Release/libArduinoCore.a(new.o)
 .data          0x0000000000800303        0x0 /home/chris/Workspace/PlusPonics/code/ArduinoCore/Release/libArduinoCore.a(wiring.o)
 .data          0x0000000000800303        0x0 /home/chris/Workspace/PlusPonics/code/ArduinoCore/Release/libArduinoCore.a(wiring_digital.o)
 .data          0x0000000000800303        0x0 /home/chris/Workspace/PlusPonics/code/ArduinoCore/Release/libArduinoCore.a(realloc.o)
 .data          0x0000000000800303        0x0 /home/chris/Software/arduino-1.0.5/hardware/tools/avr/bin/../lib/gcc/avr/4.3.2/avr6/libgcc.a(_mulsi3.o)
 .data          0x0000000000800303        0x0 /home/chris/Software/arduino-1.0.5/hardware/tools/avr/bin/../lib/gcc/avr/4.3.2/avr6/libgcc.a(_udivmodsi4.o)
 .data          0x0000000000800303        0x0 /home/chris/Software/arduino-1.0.5/hardware/tools/avr/bin/../lib/gcc/avr/4.3.2/avr6/libgcc.a(_exit.o)
 .data          0x0000000000800303        0x0 /home/chris/Software/arduino-1.0.5/hardware/tools/avr/bin/../lib/gcc/avr/4.3.2/avr6/libgcc.a(_clear_bss.o)
 .data          0x0000000000800303        0x0 /home/chris/Software/arduino-1.0.5/hardware/tools/avr/bin/../lib/gcc/avr/4.3.2/avr6/libgcc.a(_ctors.o)
 .data          0x0000000000800303        0x0 /home/chris/Software/arduino-1.0.5/hardware/tools/avr/bin/../lib/gcc/avr/4.3.2/avr6/libgcc.a(_dtors.o)
 .data          0x0000000000800303        0x0 /home/chris/Software/arduino-1.0.5/hardware/tools/avr/bin/../lib/gcc/avr/4.3.2/avr6/libgcc.a(_fixunssfsi.o)
 .data          0x0000000000800303        0x0 /home/chris/Software/arduino-1.0.5/hardware/tools/avr/bin/../lib/gcc/avr/4.3.2/avr6/libgcc.a(_addsub_sf.o)
 .data          0x0000000000800303        0x0 /home/chris/Software/arduino-1.0.5/hardware/tools/avr/bin/../lib/gcc/avr/4.3.2/avr6/libgcc.a(_mul_sf.o)
 .data          0x0000000000800303        0x0 /home/chris/Software/arduino-1.0.5/hardware/tools/avr/bin/../lib/gcc/avr/4.3.2/avr6/libgcc.a(_div_sf.o)
 .data          0x0000000000800303        0x0 /home/chris/Software/arduino-1.0.5/hardware/tools/avr/bin/../lib/gcc/avr/4.3.2/avr6/libgcc.a(_gt_sf.o)
 .data          0x0000000000800303        0x0 /home/chris/Software/arduino-1.0.5/hardware/tools/avr/bin/../lib/gcc/avr/4.3.2/avr6/libgcc.a(_ge_sf.o)
 .data          0x0000000000800303        0x0 /home/chris/Software/arduino-1.0.5/hardware/tools/avr/bin/../lib/gcc/avr/4.3.2/avr6/libgcc.a(_lt_sf.o)
 .data          0x0000000000800303        0x0 /home/chris/Software/arduino-1.0.5/hardware/tools/avr/bin/../lib/gcc/avr/4.3.2/avr6/libgcc.a(_le_sf.o)
 .data          0x0000000000800303        0x0 /home/chris/Software/arduino-1.0.5/hardware/tools/avr/bin/../lib/gcc/avr/4.3.2/avr6/libgcc.a(_unord_sf.o)
 .data          0x0000000000800303        0x0 /home/chris/Software/arduino-1.0.5/hardware/tools/avr/bin/../lib/gcc/avr/4.3.2/avr6/libgcc.a(_si_to_sf.o)
 .data          0x0000000000800303        0x0 /home/chris/Software/arduino-1.0.5/hardware/tools/avr/bin/../lib/gcc/avr/4.3.2/avr6/libgcc.a(_sf_to_si.o)
 .data          0x0000000000800303        0x8 /home/chris/Software/arduino-1.0.5/hardware/tools/avr/bin/../lib/gcc/avr/4.3.2/avr6/libgcc.a(_thenan_sf.o)
                0x0000000000800303                __thenan_sf
 .data          0x000000000080030b        0x0 /home/chris/Software/arduino-1.0.5/hardware/tools/avr/bin/../lib/gcc/avr/4.3.2/avr6/libgcc.a(_usi_to_sf.o)
 .data          0x000000000080030b        0x0 /home/chris/Software/arduino-1.0.5/hardware/tools/avr/bin/../lib/gcc/avr/4.3.2/avr6/libgcc.a(_prologue.o)
 .data          0x000000000080030b        0x0 /home/chris/Software/arduino-1.0.5/hardware/tools/avr/bin/../lib/gcc/avr/4.3.2/avr6/libgcc.a(_epilogue.o)
 .data          0x000000000080030b        0x0 /home/chris/Software/arduino-1.0.5/hardware/tools/avr/bin/../lib/gcc/avr/4.3.2/avr6/libgcc.a(_tablejump.o)
 .data          0x000000000080030b        0x0 /home/chris/Software/arduino-1.0.5/hardware/tools/avr/bin/../lib/gcc/avr/4.3.2/avr6/libgcc.a(_clzsi2.o)
 .data          0x000000000080030b        0x0 /home/chris/Software/arduino-1.0.5/hardware/tools/avr/bin/../lib/gcc/avr/4.3.2/avr6/libgcc.a(_pack_sf.o)
 .data          0x000000000080030b        0x0 /home/chris/Software/arduino-1.0.5/hardware/tools/avr/bin/../lib/gcc/avr/4.3.2/avr6/libgcc.a(_unpack_sf.o)
 .data          0x000000000080030b        0x0 /home/chris/Software/arduino-1.0.5/hardware/tools/avr/bin/../lib/gcc/avr/4.3.2/avr6/libgcc.a(_fpcmp_parts_sf.o)
 .data          0x000000000080030b      0x100 /home/chris/Software/arduino-1.0.5/hardware/tools/avr/bin/../lib/gcc/avr/4.3.2/avr6/libgcc.a(_clz.o)
                0x000000000080030b                __clz_tab
 .data          0x000000000080040b        0x0 /home/chris/Software/arduino-1.0.5/hardware/tools/avr/bin/../lib/gcc/avr/4.3.2/../../../avr/lib/avr6/libc.a(atoi.o)
 .data          0x000000000080040b        0x0 /home/chris/Software/arduino-1.0.5/hardware/tools/avr/bin/../lib/gcc/avr/4.3.2/../../../avr/lib/avr6/libc.a(atol.o)
 .data          0x000000000080040b        0x0 /home/chris/Software/arduino-1.0.5/hardware/tools/avr/bin/../lib/gcc/avr/4.3.2/../../../avr/lib/avr6/libc.a(isspace.o)
 .data          0x000000000080040b        0x0 /home/chris/Software/arduino-1.0.5/hardware/tools/avr/bin/../lib/gcc/avr/4.3.2/../../../avr/lib/avr6/libc.a(tolower.o)
 .data          0x000000000080040b        0x0 /home/chris/Software/arduino-1.0.5/hardware/tools/avr/bin/../lib/gcc/avr/4.3.2/../../../avr/lib/avr6/libc.a(toupper.o)
 .data          0x000000000080040b        0x0 /home/chris/Software/arduino-1.0.5/hardware/tools/avr/bin/../lib/gcc/avr/4.3.2/../../../avr/lib/avr6/libc.a(memcpy_P.o)
 .data          0x000000000080040b        0x0 /home/chris/Software/arduino-1.0.5/hardware/tools/avr/bin/../lib/gcc/avr/4.3.2/../../../avr/lib/avr6/libc.a(memcpy.o)
 .data          0x000000000080040b        0x0 /home/chris/Software/arduino-1.0.5/hardware/tools/avr/bin/../lib/gcc/avr/4.3.2/../../../avr/lib/avr6/libc.a(memmove.o)
 .data          0x000000000080040b        0x0 /home/chris/Software/arduino-1.0.5/hardware/tools/avr/bin/../lib/gcc/avr/4.3.2/../../../avr/lib/avr6/libc.a(strcat.o)
 .data          0x000000000080040b        0x0 /home/chris/Software/arduino-1.0.5/hardware/tools/avr/bin/../lib/gcc/avr/4.3.2/../../../avr/lib/avr6/libc.a(strchr.o)
 .data          0x000000000080040b        0x0 /home/chris/Software/arduino-1.0.5/hardware/tools/avr/bin/../lib/gcc/avr/4.3.2/../../../avr/lib/avr6/libc.a(strcmp.o)
 .data          0x000000000080040b        0x0 /home/chris/Software/arduino-1.0.5/hardware/tools/avr/bin/../lib/gcc/avr/4.3.2/../../../avr/lib/avr6/libc.a(strcpy.o)
 .data          0x000000000080040b        0x0 /home/chris/Software/arduino-1.0.5/hardware/tools/avr/bin/../lib/gcc/avr/4.3.2/../../../avr/lib/avr6/libc.a(strncmp.o)
 .data          0x000000000080040b        0x0 /home/chris/Software/arduino-1.0.5/hardware/tools/avr/bin/../lib/gcc/avr/4.3.2/../../../avr/lib/avr6/libc.a(strncpy.o)
 .data          0x000000000080040b        0x0 /home/chris/Software/arduino-1.0.5/hardware/tools/avr/bin/../lib/gcc/avr/4.3.2/../../../avr/lib/avr6/libc.a(strrchr.o)
 .data          0x000000000080040b        0x0 /home/chris/Software/arduino-1.0.5/hardware/tools/avr/bin/../lib/gcc/avr/4.3.2/../../../avr/lib/avr6/libc.a(strstr.o)
 .data          0x000000000080040b        0x0 /home/chris/Software/arduino-1.0.5/hardware/tools/avr/bin/../lib/gcc/avr/4.3.2/../../../avr/lib/avr6/libc.a(itoa.o)
 .data          0x000000000080040b        0x0 /home/chris/Software/arduino-1.0.5/hardware/tools/avr/bin/../lib/gcc/avr/4.3.2/../../../avr/lib/avr6/libc.a(ltoa.o)
 .data          0x000000000080040b        0x0 /home/chris/Software/arduino-1.0.5/hardware/tools/avr/bin/../lib/gcc/avr/4.3.2/../../../avr/lib/avr6/libc.a(mulsi10.o)
 .data          0x000000000080040b        0x0 /home/chris/Software/arduino-1.0.5/hardware/tools/avr/bin/../lib/gcc/avr/4.3.2/../../../avr/lib/avr6/libc.a(mul10.o)
 .data          0x000000000080040b        0x0 /home/chris/Software/arduino-1.0.5/hardware/tools/avr/bin/../lib/gcc/avr/4.3.2/../../../avr/lib/avr6/libc.a(ultoa.o)
 .data          0x000000000080040b        0x0 /home/chris/Software/arduino-1.0.5/hardware/tools/avr/bin/../lib/gcc/avr/4.3.2/../../../avr/lib/avr6/libc.a(utoa.o)
 .data          0x000000000080040b        0x0 /home/chris/Software/arduino-1.0.5/hardware/tools/avr/bin/../lib/gcc/avr/4.3.2/../../../avr/lib/avr6/libc.a(vsnprintf.o)
 .data          0x000000000080040b        0x0 /home/chris/Software/arduino-1.0.5/hardware/tools/avr/bin/../lib/gcc/avr/4.3.2/../../../avr/lib/avr6/libc.a(vfprintf_std.o)
 .data          0x000000000080040b        0x0 /home/chris/Software/arduino-1.0.5/hardware/tools/avr/bin/../lib/gcc/avr/4.3.2/../../../avr/lib/avr6/libc.a(cty_isfalse.o)
 .data          0x000000000080040b        0x0 /home/chris/Software/arduino-1.0.5/hardware/tools/avr/bin/../lib/gcc/avr/4.3.2/../../../avr/lib/avr6/libc.a(strnlen_P.o)
 .data          0x000000000080040b        0x0 /home/chris/Software/arduino-1.0.5/hardware/tools/avr/bin/../lib/gcc/avr/4.3.2/../../../avr/lib/avr6/libc.a(strnlen.o)
 .data          0x000000000080040b        0x0 /home/chris/Software/arduino-1.0.5/hardware/tools/avr/bin/../lib/gcc/avr/4.3.2/../../../avr/lib/avr6/libc.a(strrev.o)
 .data          0x000000000080040b        0x0 /home/chris/Software/arduino-1.0.5/hardware/tools/avr/bin/../lib/gcc/avr/4.3.2/../../../avr/lib/avr6/libc.a(fputc.o)
 .data          0x000000000080040b        0x0 /home/chris/Software/arduino-1.0.5/hardware/tools/avr/bin/../lib/gcc/avr/4.3.2/../../../avr/lib/avr6/libc.a(ultoa_invert.o)
 .data          0x000000000080040b        0x0 /home/chris/Software/arduino-1.0.5/hardware/tools/avr/bin/../lib/gcc/avr/4.3.2/avr6/libgcc.a(_udivmodhi4.o)
 *(.data*)
 *(.rodata)
 *(.rodata*)
 *(.gnu.linkonce.d*)
                0x000000000080040c                . = ALIGN (0x2)
 *fill*         0x000000000080040b        0x1 00
                0x000000000080040c                _edata = .
                0x000000000080040c                PROVIDE (__data_end, .)

.bss            0x000000000080040c      0x305 load address 0x0000000000006da2
                0x000000000080040c                PROVIDE (__bss_start, .)
 *(.bss)
 .bss           0x000000000080040c        0x0 /home/chris/Software/arduino-1.0.5/hardware/tools/avr/bin/../lib/gcc/avr/4.3.2/../../../avr/lib/avr6/crtm2560.o
 .bss           0x000000000080040c        0x0 ./lib/SipHash/HexConversionUtils.o
 .bss           0x000000000080040c       0x2c ./lib/SipHash/SipHash_2_4.o
                0x000000000080040c                sipHash
 .bss           0x0000000000800438        0x0 ./lib/SipHash/siphash_2_4_asm.o
 .bss           0x0000000000800438        0x7 ./AbstractCommunication.o
                0x0000000000800438                Communicators::AbstractCommunication::DEFAULT_LOCATION
 .bss           0x000000000080043f        0x9 ./GlobalReceiver.o
 .bss           0x0000000000800448        0x0 ./LogicTC.o
 .bss           0x0000000000800448        0x0 ./SerialCom.o
 .bss           0x0000000000800448        0x0 ./TC.o
 .bss           0x0000000000800448        0x2 ./TCProcessor.o
                0x0000000000800448                std::__malloc_alloc_template<0>::__malloc_alloc_oom_handler
 .bss           0x000000000080044a       0x11 ./main.o
                0x0000000000800453                tcProcessor
                0x000000000080044a                com
                0x000000000080044d                glrcv
 .bss           0x000000000080045b        0x0 /home/chris/Workspace/PlusPonics/code/ArduinoCore/Release/libArduinoCore.a(malloc.o)
 .bss           0x000000000080045b      0x2a8 /home/chris/Workspace/PlusPonics/code/ArduinoCore/Release/libArduinoCore.a(HardwareSerial.o)
                0x000000000080069d                Serial1
                0x00000000008004e3                rx_buffer1
                0x00000000008006e1                Serial3
                0x000000000080045b                rx_buffer
                0x000000000080049f                tx_buffer
                0x00000000008005af                tx_buffer2
                0x000000000080067b                Serial
                0x0000000000800637                tx_buffer3
                0x000000000080056b                rx_buffer2
                0x0000000000800527                tx_buffer1
                0x00000000008005f3                rx_buffer3
                0x00000000008006bf                Serial2
 .bss           0x0000000000800703        0x0 /home/chris/Workspace/PlusPonics/code/ArduinoCore/Release/libArduinoCore.a(Print.o)
 .bss           0x0000000000800703        0x0 /home/chris/Workspace/PlusPonics/code/ArduinoCore/Release/libArduinoCore.a(Stream.o)
 .bss           0x0000000000800703        0x1 /home/chris/Workspace/PlusPonics/code/ArduinoCore/Release/libArduinoCore.a(WString.o)
 .bss           0x0000000000800704        0x0 /home/chris/Workspace/PlusPonics/code/ArduinoCore/Release/libArduinoCore.a(new.o)
 .bss           0x0000000000800704        0x9 /home/chris/Workspace/PlusPonics/code/ArduinoCore/Release/libArduinoCore.a(wiring.o)
                0x0000000000800704                timer0_overflow_count
                0x0000000000800708                timer0_millis
 .bss           0x000000000080070d        0x0 /home/chris/Workspace/PlusPonics/code/ArduinoCore/Release/libArduinoCore.a(wiring_digital.o)
 .bss           0x000000000080070d        0x0 /home/chris/Workspace/PlusPonics/code/ArduinoCore/Release/libArduinoCore.a(realloc.o)
 .bss           0x000000000080070d        0x0 /home/chris/Software/arduino-1.0.5/hardware/tools/avr/bin/../lib/gcc/avr/4.3.2/avr6/libgcc.a(_mulsi3.o)
 .bss           0x000000000080070d        0x0 /home/chris/Software/arduino-1.0.5/hardware/tools/avr/bin/../lib/gcc/avr/4.3.2/avr6/libgcc.a(_udivmodsi4.o)
 .bss           0x000000000080070d        0x0 /home/chris/Software/arduino-1.0.5/hardware/tools/avr/bin/../lib/gcc/avr/4.3.2/avr6/libgcc.a(_exit.o)
 .bss           0x000000000080070d        0x0 /home/chris/Software/arduino-1.0.5/hardware/tools/avr/bin/../lib/gcc/avr/4.3.2/avr6/libgcc.a(_clear_bss.o)
 .bss           0x000000000080070d        0x0 /home/chris/Software/arduino-1.0.5/hardware/tools/avr/bin/../lib/gcc/avr/4.3.2/avr6/libgcc.a(_ctors.o)
 .bss           0x000000000080070d        0x0 /home/chris/Software/arduino-1.0.5/hardware/tools/avr/bin/../lib/gcc/avr/4.3.2/avr6/libgcc.a(_dtors.o)
 .bss           0x000000000080070d        0x0 /home/chris/Software/arduino-1.0.5/hardware/tools/avr/bin/../lib/gcc/avr/4.3.2/avr6/libgcc.a(_fixunssfsi.o)
 .bss           0x000000000080070d        0x0 /home/chris/Software/arduino-1.0.5/hardware/tools/avr/bin/../lib/gcc/avr/4.3.2/avr6/libgcc.a(_addsub_sf.o)
 .bss           0x000000000080070d        0x0 /home/chris/Software/arduino-1.0.5/hardware/tools/avr/bin/../lib/gcc/avr/4.3.2/avr6/libgcc.a(_mul_sf.o)
 .bss           0x000000000080070d        0x0 /home/chris/Software/arduino-1.0.5/hardware/tools/avr/bin/../lib/gcc/avr/4.3.2/avr6/libgcc.a(_div_sf.o)
 .bss           0x000000000080070d        0x0 /home/chris/Software/arduino-1.0.5/hardware/tools/avr/bin/../lib/gcc/avr/4.3.2/avr6/libgcc.a(_gt_sf.o)
 .bss           0x000000000080070d        0x0 /home/chris/Software/arduino-1.0.5/hardware/tools/avr/bin/../lib/gcc/avr/4.3.2/avr6/libgcc.a(_ge_sf.o)
 .bss           0x000000000080070d        0x0 /home/chris/Software/arduino-1.0.5/hardware/tools/avr/bin/../lib/gcc/avr/4.3.2/avr6/libgcc.a(_lt_sf.o)
 .bss           0x000000000080070d        0x0 /home/chris/Software/arduino-1.0.5/hardware/tools/avr/bin/../lib/gcc/avr/4.3.2/avr6/libgcc.a(_le_sf.o)
 .bss           0x000000000080070d        0x0 /home/chris/Software/arduino-1.0.5/hardware/tools/avr/bin/../lib/gcc/avr/4.3.2/avr6/libgcc.a(_unord_sf.o)
 .bss           0x000000000080070d        0x0 /home/chris/Software/arduino-1.0.5/hardware/tools/avr/bin/../lib/gcc/avr/4.3.2/avr6/libgcc.a(_si_to_sf.o)
 .bss           0x000000000080070d        0x0 /home/chris/Software/arduino-1.0.5/hardware/tools/avr/bin/../lib/gcc/avr/4.3.2/avr6/libgcc.a(_sf_to_si.o)
 .bss           0x000000000080070d        0x0 /home/chris/Software/arduino-1.0.5/hardware/tools/avr/bin/../lib/gcc/avr/4.3.2/avr6/libgcc.a(_thenan_sf.o)
 .bss           0x000000000080070d        0x0 /home/chris/Software/arduino-1.0.5/hardware/tools/avr/bin/../lib/gcc/avr/4.3.2/avr6/libgcc.a(_usi_to_sf.o)
 .bss           0x000000000080070d        0x0 /home/chris/Software/arduino-1.0.5/hardware/tools/avr/bin/../lib/gcc/avr/4.3.2/avr6/libgcc.a(_prologue.o)
 .bss           0x000000000080070d        0x0 /home/chris/Software/arduino-1.0.5/hardware/tools/avr/bin/../lib/gcc/avr/4.3.2/avr6/libgcc.a(_epilogue.o)
 .bss           0x000000000080070d        0x0 /home/chris/Software/arduino-1.0.5/hardware/tools/avr/bin/../lib/gcc/avr/4.3.2/avr6/libgcc.a(_tablejump.o)
 .bss           0x000000000080070d        0x0 /home/chris/Software/arduino-1.0.5/hardware/tools/avr/bin/../lib/gcc/avr/4.3.2/avr6/libgcc.a(_clzsi2.o)
 .bss           0x000000000080070d        0x0 /home/chris/Software/arduino-1.0.5/hardware/tools/avr/bin/../lib/gcc/avr/4.3.2/avr6/libgcc.a(_pack_sf.o)
 .bss           0x000000000080070d        0x0 /home/chris/Software/arduino-1.0.5/hardware/tools/avr/bin/../lib/gcc/avr/4.3.2/avr6/libgcc.a(_unpack_sf.o)
 .bss           0x000000000080070d        0x0 /home/chris/Software/arduino-1.0.5/hardware/tools/avr/bin/../lib/gcc/avr/4.3.2/avr6/libgcc.a(_fpcmp_parts_sf.o)
 .bss           0x000000000080070d        0x0 /home/chris/Software/arduino-1.0.5/hardware/tools/avr/bin/../lib/gcc/avr/4.3.2/avr6/libgcc.a(_clz.o)
 .bss           0x000000000080070d        0x0 /home/chris/Software/arduino-1.0.5/hardware/tools/avr/bin/../lib/gcc/avr/4.3.2/../../../avr/lib/avr6/libc.a(atoi.o)
 .bss           0x000000000080070d        0x0 /home/chris/Software/arduino-1.0.5/hardware/tools/avr/bin/../lib/gcc/avr/4.3.2/../../../avr/lib/avr6/libc.a(atol.o)
 .bss           0x000000000080070d        0x0 /home/chris/Software/arduino-1.0.5/hardware/tools/avr/bin/../lib/gcc/avr/4.3.2/../../../avr/lib/avr6/libc.a(isspace.o)
 .bss           0x000000000080070d        0x0 /home/chris/Software/arduino-1.0.5/hardware/tools/avr/bin/../lib/gcc/avr/4.3.2/../../../avr/lib/avr6/libc.a(tolower.o)
 .bss           0x000000000080070d        0x0 /home/chris/Software/arduino-1.0.5/hardware/tools/avr/bin/../lib/gcc/avr/4.3.2/../../../avr/lib/avr6/libc.a(toupper.o)
 .bss           0x000000000080070d        0x0 /home/chris/Software/arduino-1.0.5/hardware/tools/avr/bin/../lib/gcc/avr/4.3.2/../../../avr/lib/avr6/libc.a(memcpy_P.o)
 .bss           0x000000000080070d        0x0 /home/chris/Software/arduino-1.0.5/hardware/tools/avr/bin/../lib/gcc/avr/4.3.2/../../../avr/lib/avr6/libc.a(memcpy.o)
 .bss           0x000000000080070d        0x0 /home/chris/Software/arduino-1.0.5/hardware/tools/avr/bin/../lib/gcc/avr/4.3.2/../../../avr/lib/avr6/libc.a(memmove.o)
 .bss           0x000000000080070d        0x0 /home/chris/Software/arduino-1.0.5/hardware/tools/avr/bin/../lib/gcc/avr/4.3.2/../../../avr/lib/avr6/libc.a(strcat.o)
 .bss           0x000000000080070d        0x0 /home/chris/Software/arduino-1.0.5/hardware/tools/avr/bin/../lib/gcc/avr/4.3.2/../../../avr/lib/avr6/libc.a(strchr.o)
 .bss           0x000000000080070d        0x0 /home/chris/Software/arduino-1.0.5/hardware/tools/avr/bin/../lib/gcc/avr/4.3.2/../../../avr/lib/avr6/libc.a(strcmp.o)
 .bss           0x000000000080070d        0x0 /home/chris/Software/arduino-1.0.5/hardware/tools/avr/bin/../lib/gcc/avr/4.3.2/../../../avr/lib/avr6/libc.a(strcpy.o)
 .bss           0x000000000080070d        0x0 /home/chris/Software/arduino-1.0.5/hardware/tools/avr/bin/../lib/gcc/avr/4.3.2/../../../avr/lib/avr6/libc.a(strncmp.o)
 .bss           0x000000000080070d        0x0 /home/chris/Software/arduino-1.0.5/hardware/tools/avr/bin/../lib/gcc/avr/4.3.2/../../../avr/lib/avr6/libc.a(strncpy.o)
 .bss           0x000000000080070d        0x0 /home/chris/Software/arduino-1.0.5/hardware/tools/avr/bin/../lib/gcc/avr/4.3.2/../../../avr/lib/avr6/libc.a(strrchr.o)
 .bss           0x000000000080070d        0x0 /home/chris/Software/arduino-1.0.5/hardware/tools/avr/bin/../lib/gcc/avr/4.3.2/../../../avr/lib/avr6/libc.a(strstr.o)
 .bss           0x000000000080070d        0x0 /home/chris/Software/arduino-1.0.5/hardware/tools/avr/bin/../lib/gcc/avr/4.3.2/../../../avr/lib/avr6/libc.a(itoa.o)
 .bss           0x000000000080070d        0x0 /home/chris/Software/arduino-1.0.5/hardware/tools/avr/bin/../lib/gcc/avr/4.3.2/../../../avr/lib/avr6/libc.a(ltoa.o)
 .bss           0x000000000080070d        0x0 /home/chris/Software/arduino-1.0.5/hardware/tools/avr/bin/../lib/gcc/avr/4.3.2/../../../avr/lib/avr6/libc.a(mulsi10.o)
 .bss           0x000000000080070d        0x0 /home/chris/Software/arduino-1.0.5/hardware/tools/avr/bin/../lib/gcc/avr/4.3.2/../../../avr/lib/avr6/libc.a(mul10.o)
 .bss           0x000000000080070d        0x0 /home/chris/Software/arduino-1.0.5/hardware/tools/avr/bin/../lib/gcc/avr/4.3.2/../../../avr/lib/avr6/libc.a(ultoa.o)
 .bss           0x000000000080070d        0x0 /home/chris/Software/arduino-1.0.5/hardware/tools/avr/bin/../lib/gcc/avr/4.3.2/../../../avr/lib/avr6/libc.a(utoa.o)
 .bss           0x000000000080070d        0x0 /home/chris/Software/arduino-1.0.5/hardware/tools/avr/bin/../lib/gcc/avr/4.3.2/../../../avr/lib/avr6/libc.a(vsnprintf.o)
 .bss           0x000000000080070d        0x0 /home/chris/Software/arduino-1.0.5/hardware/tools/avr/bin/../lib/gcc/avr/4.3.2/../../../avr/lib/avr6/libc.a(vfprintf_std.o)
 .bss           0x000000000080070d        0x0 /home/chris/Software/arduino-1.0.5/hardware/tools/avr/bin/../lib/gcc/avr/4.3.2/../../../avr/lib/avr6/libc.a(cty_isfalse.o)
 .bss           0x000000000080070d        0x0 /home/chris/Software/arduino-1.0.5/hardware/tools/avr/bin/../lib/gcc/avr/4.3.2/../../../avr/lib/avr6/libc.a(strnlen_P.o)
 .bss           0x000000000080070d        0x0 /home/chris/Software/arduino-1.0.5/hardware/tools/avr/bin/../lib/gcc/avr/4.3.2/../../../avr/lib/avr6/libc.a(strnlen.o)
 .bss           0x000000000080070d        0x0 /home/chris/Software/arduino-1.0.5/hardware/tools/avr/bin/../lib/gcc/avr/4.3.2/../../../avr/lib/avr6/libc.a(strrev.o)
 .bss           0x000000000080070d        0x0 /home/chris/Software/arduino-1.0.5/hardware/tools/avr/bin/../lib/gcc/avr/4.3.2/../../../avr/lib/avr6/libc.a(fputc.o)
 .bss           0x000000000080070d        0x0 /home/chris/Software/arduino-1.0.5/hardware/tools/avr/bin/../lib/gcc/avr/4.3.2/../../../avr/lib/avr6/libc.a(ultoa_invert.o)
 .bss           0x000000000080070d        0x0 /home/chris/Software/arduino-1.0.5/hardware/tools/avr/bin/../lib/gcc/avr/4.3.2/avr6/libgcc.a(_udivmodhi4.o)
 *(.bss*)
 *(COMMON)
 COMMON         0x000000000080070d        0x4 /home/chris/Workspace/PlusPonics/code/ArduinoCore/Release/libArduinoCore.a(malloc.o)
                0x000000000080070d                __brkval
                0x000000000080070f                __flp
                0x0000000000800711                PROVIDE (__bss_end, .)
                0x0000000000006b96                __data_load_start = LOADADDR (.data)
                0x0000000000006da2                __data_load_end = (__data_load_start + SIZEOF (.data))

.noinit         0x0000000000800711        0x0
                0x0000000000800711                PROVIDE (__noinit_start, .)
 *(.noinit*)
                0x0000000000800711                PROVIDE (__noinit_end, .)
                0x0000000000800711                _end = .
                0x0000000000800711                PROVIDE (__heap_start, .)

.eeprom         0x0000000000810000        0x0
 *(.eeprom*)
                0x0000000000810000                __eeprom_end = .

.fuse
 *(.fuse)
 *(.lfuse)
 *(.hfuse)
 *(.efuse)

.lock
 *(.lock*)

.signature
 *(.signature*)

.stab
 *(.stab)

.stabstr
 *(.stabstr)

.stab.excl
 *(.stab.excl)

.stab.exclstr
 *(.stab.exclstr)

.stab.index
 *(.stab.index)

.stab.indexstr
 *(.stab.indexstr)

.comment
 *(.comment)

.debug
 *(.debug)

.line
 *(.line)

.debug_srcinfo
 *(.debug_srcinfo)

.debug_sfnames
 *(.debug_sfnames)

.debug_aranges
 *(.debug_aranges)

.debug_pubnames
 *(.debug_pubnames)

.debug_info
 *(.debug_info)
 *(.gnu.linkonce.wi.*)

.debug_abbrev
 *(.debug_abbrev)

.debug_line
 *(.debug_line)

.debug_frame
 *(.debug_frame)

.debug_str
 *(.debug_str)

.debug_loc
 *(.debug_loc)

.debug_macinfo
 *(.debug_macinfo)
OUTPUT(Embedded_SW.elf elf32-avr)
LOAD linker stubs

Cross Reference Table

Symbol                                            File
Communicators::AbstractCommunication::AbstractCommunication() ./AbstractCommunication.o
Communicators::AbstractCommunication::AbstractCommunication() ./AbstractCommunication.o
                                                  ./SerialCom.o
Communicators::AbstractCommunication::DEFAULT_LOCATION ./AbstractCommunication.o
Communicators::AbstractCommunication::error(String) ./AbstractCommunication.o
Communicators::AbstractCommunication::error(String, String) ./AbstractCommunication.o
Communicators::AbstractCommunication::info(String) ./AbstractCommunication.o
Communicators::AbstractCommunication::info(String, String) ./AbstractCommunication.o
                                                  ./main.o
Communicators::AbstractCommunication::sendf(String, ...) ./AbstractCommunication.o
                                                  ./GlobalReceiver.o
Communicators::AbstractCommunication::setLevel(Communicators::AbstractCommunication::DEBUG_LEVEL) ./AbstractCommunication.o
                                                  ./main.o
Communicators::AbstractCommunication::warn(String) ./AbstractCommunication.o
Communicators::AbstractCommunication::warn(String, String) ./AbstractCommunication.o
Communicators::AbstractCommunication::~AbstractCommunication() ./AbstractCommunication.o
Communicators::AbstractCommunication::~AbstractCommunication() ./AbstractCommunication.o
Communicators::AbstractCommunication::~AbstractCommunication() ./AbstractCommunication.o
                                                  ./SerialCom.o
Communicators::SerialCom::SerialCom()             ./SerialCom.o
                                                  ./main.o
Communicators::SerialCom::SerialCom()             ./SerialCom.o
Communicators::SerialCom::init()                  ./SerialCom.o
                                                  ./main.o
Communicators::SerialCom::recv()                  ./SerialCom.o
Communicators::SerialCom::send(String)            ./SerialCom.o
Communicators::SerialCom::~SerialCom()            ./SerialCom.o
Communicators::SerialCom::~SerialCom()            ./SerialCom.o
                                                  ./main.o
Communicators::SerialCom::~SerialCom()            ./SerialCom.o
GlobalReceiver::GlobalReceiver()                  ./GlobalReceiver.o
GlobalReceiver::GlobalReceiver()                  ./GlobalReceiver.o
                                                  ./main.o
GlobalReceiver::process()                         ./GlobalReceiver.o
                                                  ./main.o
GlobalReceiver::setCom(Communicators::AbstractCommunication&) ./GlobalReceiver.o
                                                  ./main.o
GlobalReceiver::setTCProcessor(TCProcessor&)      ./GlobalReceiver.o
                                                  ./main.o
GlobalReceiver::~GlobalReceiver()                 ./GlobalReceiver.o
                                                  ./main.o
GlobalReceiver::~GlobalReceiver()                 ./GlobalReceiver.o
GlobalReceiver::~GlobalReceiver()                 ./GlobalReceiver.o
HardwareSerial::HardwareSerial(ring_buffer*, ring_buffer*, unsigned char volatile*, unsigned char volatile*, unsigned char volatile*, unsigned char volatile*, unsigned char volatile*, unsigned char volatile*, unsigned char, unsigned char, unsigned char, unsigned char, unsigned char) /home/chris/Workspace/PlusPonics/code/ArduinoCore/Release/libArduinoCore.a(HardwareSerial.o)
HardwareSerial::HardwareSerial(ring_buffer*, ring_buffer*, unsigned char volatile*, unsigned char volatile*, unsigned char volatile*, unsigned char volatile*, unsigned char volatile*, unsigned char volatile*, unsigned char, unsigned char, unsigned char, unsigned char, unsigned char) /home/chris/Workspace/PlusPonics/code/ArduinoCore/Release/libArduinoCore.a(HardwareSerial.o)
HardwareSerial::available()                       /home/chris/Workspace/PlusPonics/code/ArduinoCore/Release/libArduinoCore.a(HardwareSerial.o)
                                                  ./SerialCom.o
HardwareSerial::begin(unsigned long)              /home/chris/Workspace/PlusPonics/code/ArduinoCore/Release/libArduinoCore.a(HardwareSerial.o)
                                                  ./SerialCom.o
HardwareSerial::begin(unsigned long, unsigned char) /home/chris/Workspace/PlusPonics/code/ArduinoCore/Release/libArduinoCore.a(HardwareSerial.o)
HardwareSerial::end()                             /home/chris/Workspace/PlusPonics/code/ArduinoCore/Release/libArduinoCore.a(HardwareSerial.o)
HardwareSerial::flush()                           /home/chris/Workspace/PlusPonics/code/ArduinoCore/Release/libArduinoCore.a(HardwareSerial.o)
HardwareSerial::operator bool()                   /home/chris/Workspace/PlusPonics/code/ArduinoCore/Release/libArduinoCore.a(HardwareSerial.o)
HardwareSerial::peek()                            /home/chris/Workspace/PlusPonics/code/ArduinoCore/Release/libArduinoCore.a(HardwareSerial.o)
HardwareSerial::read()                            /home/chris/Workspace/PlusPonics/code/ArduinoCore/Release/libArduinoCore.a(HardwareSerial.o)
HardwareSerial::write(unsigned char)              /home/chris/Workspace/PlusPonics/code/ArduinoCore/Release/libArduinoCore.a(HardwareSerial.o)
LogicTC::LogicTC(unsigned char, bool)             ./LogicTC.o
LogicTC::LogicTC(unsigned char, bool)             ./LogicTC.o
                                                  ./TCProcessor.o
LogicTC::exec_impl_()                             ./LogicTC.o
LogicTC::init()                                   ./LogicTC.o
LogicTC::~LogicTC()                               ./LogicTC.o
LogicTC::~LogicTC()                               ./LogicTC.o
LogicTC::~LogicTC()                               ./LogicTC.o
Print::print(Printable const&)                    /home/chris/Workspace/PlusPonics/code/ArduinoCore/Release/libArduinoCore.a(Print.o)
Print::print(String const&)                       /home/chris/Workspace/PlusPonics/code/ArduinoCore/Release/libArduinoCore.a(Print.o)
Print::print(__FlashStringHelper const*)          /home/chris/Workspace/PlusPonics/code/ArduinoCore/Release/libArduinoCore.a(Print.o)
Print::print(char const*)                         /home/chris/Workspace/PlusPonics/code/ArduinoCore/Release/libArduinoCore.a(Print.o)
Print::print(char)                                /home/chris/Workspace/PlusPonics/code/ArduinoCore/Release/libArduinoCore.a(Print.o)
Print::print(double, int)                         /home/chris/Workspace/PlusPonics/code/ArduinoCore/Release/libArduinoCore.a(Print.o)
Print::print(int, int)                            /home/chris/Workspace/PlusPonics/code/ArduinoCore/Release/libArduinoCore.a(Print.o)
Print::print(long, int)                           /home/chris/Workspace/PlusPonics/code/ArduinoCore/Release/libArduinoCore.a(Print.o)
Print::print(unsigned char, int)                  /home/chris/Workspace/PlusPonics/code/ArduinoCore/Release/libArduinoCore.a(Print.o)
Print::print(unsigned int, int)                   /home/chris/Workspace/PlusPonics/code/ArduinoCore/Release/libArduinoCore.a(Print.o)
Print::print(unsigned long, int)                  /home/chris/Workspace/PlusPonics/code/ArduinoCore/Release/libArduinoCore.a(Print.o)
Print::printFloat(double, unsigned char)          /home/chris/Workspace/PlusPonics/code/ArduinoCore/Release/libArduinoCore.a(Print.o)
Print::printNumber(unsigned long, unsigned char)  /home/chris/Workspace/PlusPonics/code/ArduinoCore/Release/libArduinoCore.a(Print.o)
Print::println()                                  /home/chris/Workspace/PlusPonics/code/ArduinoCore/Release/libArduinoCore.a(Print.o)
Print::println(Printable const&)                  /home/chris/Workspace/PlusPonics/code/ArduinoCore/Release/libArduinoCore.a(Print.o)
Print::println(String const&)                     /home/chris/Workspace/PlusPonics/code/ArduinoCore/Release/libArduinoCore.a(Print.o)
                                                  ./SerialCom.o
Print::println(__FlashStringHelper const*)        /home/chris/Workspace/PlusPonics/code/ArduinoCore/Release/libArduinoCore.a(Print.o)
Print::println(char const*)                       /home/chris/Workspace/PlusPonics/code/ArduinoCore/Release/libArduinoCore.a(Print.o)
Print::println(char)                              /home/chris/Workspace/PlusPonics/code/ArduinoCore/Release/libArduinoCore.a(Print.o)
Print::println(double, int)                       /home/chris/Workspace/PlusPonics/code/ArduinoCore/Release/libArduinoCore.a(Print.o)
Print::println(int, int)                          /home/chris/Workspace/PlusPonics/code/ArduinoCore/Release/libArduinoCore.a(Print.o)
Print::println(long, int)                         /home/chris/Workspace/PlusPonics/code/ArduinoCore/Release/libArduinoCore.a(Print.o)
Print::println(unsigned char, int)                /home/chris/Workspace/PlusPonics/code/ArduinoCore/Release/libArduinoCore.a(Print.o)
Print::println(unsigned int, int)                 /home/chris/Workspace/PlusPonics/code/ArduinoCore/Release/libArduinoCore.a(Print.o)
Print::println(unsigned long, int)                /home/chris/Workspace/PlusPonics/code/ArduinoCore/Release/libArduinoCore.a(Print.o)
Print::write(char const*)                         /home/chris/Workspace/PlusPonics/code/ArduinoCore/Release/libArduinoCore.a(Print.o)
Print::write(unsigned char const*, unsigned int)  /home/chris/Workspace/PlusPonics/code/ArduinoCore/Release/libArduinoCore.a(Print.o)
                                                  /home/chris/Workspace/PlusPonics/code/ArduinoCore/Release/libArduinoCore.a(HardwareSerial.o)
Serial                                            /home/chris/Workspace/PlusPonics/code/ArduinoCore/Release/libArduinoCore.a(HardwareSerial.o)
                                                  ./SerialCom.o
Serial1                                           /home/chris/Workspace/PlusPonics/code/ArduinoCore/Release/libArduinoCore.a(HardwareSerial.o)
Serial2                                           /home/chris/Workspace/PlusPonics/code/ArduinoCore/Release/libArduinoCore.a(HardwareSerial.o)
Serial3                                           /home/chris/Workspace/PlusPonics/code/ArduinoCore/Release/libArduinoCore.a(HardwareSerial.o)
SipHash_2_4::SipHash_2_4()                        ./lib/SipHash/SipHash_2_4.o
SipHash_2_4::SipHash_2_4()                        ./lib/SipHash/SipHash_2_4.o
SipHash_2_4::finish()                             ./lib/SipHash/SipHash_2_4.o
SipHash_2_4::hash(unsigned char*)                 ./lib/SipHash/SipHash_2_4.o
SipHash_2_4::initFromPROGMEM(unsigned char const*) ./lib/SipHash/SipHash_2_4.o
SipHash_2_4::initFromRAM(unsigned char const*)    ./lib/SipHash/SipHash_2_4.o
SipHash_2_4::siphash_round()                      ./lib/SipHash/SipHash_2_4.o
SipHash_2_4::updateHash(unsigned char)            ./lib/SipHash/SipHash_2_4.o
Stream::find(char*)                               /home/chris/Workspace/PlusPonics/code/ArduinoCore/Release/libArduinoCore.a(Stream.o)
Stream::find(char*, unsigned int)                 /home/chris/Workspace/PlusPonics/code/ArduinoCore/Release/libArduinoCore.a(Stream.o)
Stream::findUntil(char*, char*)                   /home/chris/Workspace/PlusPonics/code/ArduinoCore/Release/libArduinoCore.a(Stream.o)
Stream::findUntil(char*, unsigned int, char*, unsigned int) /home/chris/Workspace/PlusPonics/code/ArduinoCore/Release/libArduinoCore.a(Stream.o)
Stream::parseFloat()                              /home/chris/Workspace/PlusPonics/code/ArduinoCore/Release/libArduinoCore.a(Stream.o)
Stream::parseFloat(char)                          /home/chris/Workspace/PlusPonics/code/ArduinoCore/Release/libArduinoCore.a(Stream.o)
Stream::parseInt()                                /home/chris/Workspace/PlusPonics/code/ArduinoCore/Release/libArduinoCore.a(Stream.o)
Stream::parseInt(char)                            /home/chris/Workspace/PlusPonics/code/ArduinoCore/Release/libArduinoCore.a(Stream.o)
Stream::peekNextDigit()                           /home/chris/Workspace/PlusPonics/code/ArduinoCore/Release/libArduinoCore.a(Stream.o)
Stream::readBytes(char*, unsigned int)            /home/chris/Workspace/PlusPonics/code/ArduinoCore/Release/libArduinoCore.a(Stream.o)
Stream::readBytesUntil(char, char*, unsigned int) /home/chris/Workspace/PlusPonics/code/ArduinoCore/Release/libArduinoCore.a(Stream.o)
Stream::readString()                              /home/chris/Workspace/PlusPonics/code/ArduinoCore/Release/libArduinoCore.a(Stream.o)
                                                  ./SerialCom.o
Stream::readStringUntil(char)                     /home/chris/Workspace/PlusPonics/code/ArduinoCore/Release/libArduinoCore.a(Stream.o)
Stream::setTimeout(unsigned long)                 /home/chris/Workspace/PlusPonics/code/ArduinoCore/Release/libArduinoCore.a(Stream.o)
Stream::timedPeek()                               /home/chris/Workspace/PlusPonics/code/ArduinoCore/Release/libArduinoCore.a(Stream.o)
Stream::timedRead()                               /home/chris/Workspace/PlusPonics/code/ArduinoCore/Release/libArduinoCore.a(Stream.o)
String::String(String const&)                     /home/chris/Workspace/PlusPonics/code/ArduinoCore/Release/libArduinoCore.a(WString.o)
                                                  ./AbstractCommunication.o
String::String(String const&)                     /home/chris/Workspace/PlusPonics/code/ArduinoCore/Release/libArduinoCore.a(WString.o)
String::String(char const*)                       /home/chris/Workspace/PlusPonics/code/ArduinoCore/Release/libArduinoCore.a(WString.o)
                                                  /home/chris/Workspace/PlusPonics/code/ArduinoCore/Release/libArduinoCore.a(Stream.o)
                                                  ./main.o
                                                  ./SerialCom.o
                                                  ./GlobalReceiver.o
                                                  ./AbstractCommunication.o
String::String(char const*)                       /home/chris/Workspace/PlusPonics/code/ArduinoCore/Release/libArduinoCore.a(WString.o)
                                                  ./AbstractCommunication.o
String::String(char)                              /home/chris/Workspace/PlusPonics/code/ArduinoCore/Release/libArduinoCore.a(WString.o)
String::String(char)                              /home/chris/Workspace/PlusPonics/code/ArduinoCore/Release/libArduinoCore.a(WString.o)
String::String(int, unsigned char)                /home/chris/Workspace/PlusPonics/code/ArduinoCore/Release/libArduinoCore.a(WString.o)
String::String(int, unsigned char)                /home/chris/Workspace/PlusPonics/code/ArduinoCore/Release/libArduinoCore.a(WString.o)
String::String(long, unsigned char)               /home/chris/Workspace/PlusPonics/code/ArduinoCore/Release/libArduinoCore.a(WString.o)
String::String(long, unsigned char)               /home/chris/Workspace/PlusPonics/code/ArduinoCore/Release/libArduinoCore.a(WString.o)
String::String(unsigned char, unsigned char)      /home/chris/Workspace/PlusPonics/code/ArduinoCore/Release/libArduinoCore.a(WString.o)
String::String(unsigned char, unsigned char)      /home/chris/Workspace/PlusPonics/code/ArduinoCore/Release/libArduinoCore.a(WString.o)
String::String(unsigned int, unsigned char)       /home/chris/Workspace/PlusPonics/code/ArduinoCore/Release/libArduinoCore.a(WString.o)
String::String(unsigned int, unsigned char)       /home/chris/Workspace/PlusPonics/code/ArduinoCore/Release/libArduinoCore.a(WString.o)
String::String(unsigned long, unsigned char)      /home/chris/Workspace/PlusPonics/code/ArduinoCore/Release/libArduinoCore.a(WString.o)
String::String(unsigned long, unsigned char)      /home/chris/Workspace/PlusPonics/code/ArduinoCore/Release/libArduinoCore.a(WString.o)
String::changeBuffer(unsigned int)                /home/chris/Workspace/PlusPonics/code/ArduinoCore/Release/libArduinoCore.a(WString.o)
String::charAt(unsigned int) const                /home/chris/Workspace/PlusPonics/code/ArduinoCore/Release/libArduinoCore.a(WString.o)
String::compareTo(String const&) const            /home/chris/Workspace/PlusPonics/code/ArduinoCore/Release/libArduinoCore.a(WString.o)
String::concat(String const&)                     /home/chris/Workspace/PlusPonics/code/ArduinoCore/Release/libArduinoCore.a(WString.o)
String::concat(char const*)                       /home/chris/Workspace/PlusPonics/code/ArduinoCore/Release/libArduinoCore.a(WString.o)
String::concat(char const*, unsigned int)         /home/chris/Workspace/PlusPonics/code/ArduinoCore/Release/libArduinoCore.a(WString.o)
String::concat(char)                              /home/chris/Workspace/PlusPonics/code/ArduinoCore/Release/libArduinoCore.a(WString.o)
                                                  /home/chris/Workspace/PlusPonics/code/ArduinoCore/Release/libArduinoCore.a(Stream.o)
String::concat(int)                               /home/chris/Workspace/PlusPonics/code/ArduinoCore/Release/libArduinoCore.a(WString.o)
String::concat(long)                              /home/chris/Workspace/PlusPonics/code/ArduinoCore/Release/libArduinoCore.a(WString.o)
String::concat(unsigned char)                     /home/chris/Workspace/PlusPonics/code/ArduinoCore/Release/libArduinoCore.a(WString.o)
String::concat(unsigned int)                      /home/chris/Workspace/PlusPonics/code/ArduinoCore/Release/libArduinoCore.a(WString.o)
String::concat(unsigned long)                     /home/chris/Workspace/PlusPonics/code/ArduinoCore/Release/libArduinoCore.a(WString.o)
String::copy(char const*, unsigned int)           /home/chris/Workspace/PlusPonics/code/ArduinoCore/Release/libArduinoCore.a(WString.o)
String::endsWith(String const&) const             /home/chris/Workspace/PlusPonics/code/ArduinoCore/Release/libArduinoCore.a(WString.o)
String::equals(String const&) const               /home/chris/Workspace/PlusPonics/code/ArduinoCore/Release/libArduinoCore.a(WString.o)
String::equals(char const*) const                 /home/chris/Workspace/PlusPonics/code/ArduinoCore/Release/libArduinoCore.a(WString.o)
String::equalsIgnoreCase(String const&) const     /home/chris/Workspace/PlusPonics/code/ArduinoCore/Release/libArduinoCore.a(WString.o)
String::getBytes(unsigned char*, unsigned int, unsigned int) const /home/chris/Workspace/PlusPonics/code/ArduinoCore/Release/libArduinoCore.a(WString.o)
String::indexOf(String const&) const              /home/chris/Workspace/PlusPonics/code/ArduinoCore/Release/libArduinoCore.a(WString.o)
String::indexOf(String const&, unsigned int) const /home/chris/Workspace/PlusPonics/code/ArduinoCore/Release/libArduinoCore.a(WString.o)
String::indexOf(char) const                       /home/chris/Workspace/PlusPonics/code/ArduinoCore/Release/libArduinoCore.a(WString.o)
String::indexOf(char, unsigned int) const         /home/chris/Workspace/PlusPonics/code/ArduinoCore/Release/libArduinoCore.a(WString.o)