Archive member included because of file (symbol)

/home/chris/Workspace/PlusPonics/code/ArduinoCore/Release/libArduinoCore.a(malloc.o)
                              ./TCProcessor.o (malloc)
/home/chris/Workspace/PlusPonics/code/ArduinoCore/Release/libArduinoCore.a(HardwareSerial.o)
                              ./SerialCom.o (Serial)
/home/chris/Workspace/PlusPonics/code/ArduinoCore/Release/libArduinoCore.a(Print.o)
                              /home/chris/Workspace/PlusPonics/code/ArduinoCore/Release/libArduinoCore.a(HardwareSerial.o) (Print::write(unsigned char const*, unsigned int))
/home/chris/Workspace/PlusPonics/code/ArduinoCore/Release/libArduinoCore.a(Stream.o)
                              ./SerialCom.o (Stream::readString())
/home/chris/Workspace/PlusPonics/code/ArduinoCore/Release/libArduinoCore.a(WString.o)
                              /home/chris/Workspace/PlusPonics/code/ArduinoCore/Release/libArduinoCore.a(Print.o) (String::operator[](unsigned int) const)
/home/chris/Workspace/PlusPonics/code/ArduinoCore/Release/libArduinoCore.a(new.o)
                              ./AbstractCommunication.o (__cxa_pure_virtual)
/home/chris/Workspace/PlusPonics/code/ArduinoCore/Release/libArduinoCore.a(wiring.o)
                              /home/chris/Workspace/PlusPonics/code/ArduinoCore/Release/libArduinoCore.a(Stream.o) (millis)
/home/chris/Workspace/PlusPonics/code/ArduinoCore/Release/libArduinoCore.a(wiring_digital.o)
                              ./LogicTC.o (pinMode)
/home/chris/Workspace/PlusPonics/code/ArduinoCore/Release/libArduinoCore.a(realloc.o)
                              /home/chris/Workspace/PlusPonics/code/ArduinoCore/Release/libArduinoCore.a(WString.o) (realloc)
/home/chris/Software/arduino-1.0.5/hardware/tools/avr/bin/../lib/gcc/avr/4.3.2/avr6/libgcc.a(_mulsi3.o)
                              /home/chris/Workspace/PlusPonics/code/ArduinoCore/Release/libArduinoCore.a(Print.o) (__mulsi3)
/home/chris/Software/arduino-1.0.5/hardware/tools/avr/bin/../lib/gcc/avr/4.3.2/avr6/libgcc.a(_udivmodsi4.o)
                              /home/chris/Workspace/PlusPonics/code/ArduinoCore/Release/libArduinoCore.a(HardwareSerial.o) (__udivmodsi4)
/home/chris/Software/arduino-1.0.5/hardware/tools/avr/bin/../lib/gcc/avr/4.3.2/avr6/libgcc.a(_exit.o)
                              /home/chris/Software/arduino-1.0.5/hardware/tools/avr/bin/../lib/gcc/avr/4.3.2/../../../avr/lib/avr6/crtm2560.o (exit)
/home/chris/Software/arduino-1.0.5/hardware/tools/avr/bin/../lib/gcc/avr/4.3.2/avr6/libgcc.a(_clear_bss.o)
                              ./lib/SipHash/HexConversionUtils.o (__do_clear_bss)
/home/chris/Software/arduino-1.0.5/hardware/tools/avr/bin/../lib/gcc/avr/4.3.2/avr6/libgcc.a(_ctors.o)
                              ./lib/SipHash/SipHash_2_4.o (__do_global_ctors)
/home/chris/Software/arduino-1.0.5/hardware/tools/avr/bin/../lib/gcc/avr/4.3.2/avr6/libgcc.a(_dtors.o)
                              ./AbstractCommunication.o (__do_global_dtors)
/home/chris/Software/arduino-1.0.5/hardware/tools/avr/bin/../lib/gcc/avr/4.3.2/avr6/libgcc.a(_fixunssfsi.o)
                              /home/chris/Workspace/PlusPonics/code/ArduinoCore/Release/libArduinoCore.a(Print.o) (__fixunssfsi)
/home/chris/Software/arduino-1.0.5/hardware/tools/avr/bin/../lib/gcc/avr/4.3.2/avr6/libgcc.a(_addsub_sf.o)
                              /home/chris/Workspace/PlusPonics/code/ArduinoCore/Release/libArduinoCore.a(Print.o) (__subsf3)
/home/chris/Software/arduino-1.0.5/hardware/tools/avr/bin/../lib/gcc/avr/4.3.2/avr6/libgcc.a(_mul_sf.o)
                              /home/chris/Workspace/PlusPonics/code/ArduinoCore/Release/libArduinoCore.a(Print.o) (__mulsf3)
/home/chris/Software/arduino-1.0.5/hardware/tools/avr/bin/../lib/gcc/avr/4.3.2/avr6/libgcc.a(_div_sf.o)
                              /home/chris/Workspace/PlusPonics/code/ArduinoCore/Release/libArduinoCore.a(Print.o) (__divsf3)
/home/chris/Software/arduino-1.0.5/hardware/tools/avr/bin/../lib/gcc/avr/4.3.2/avr6/libgcc.a(_gt_sf.o)
                              /home/chris/Workspace/PlusPonics/code/ArduinoCore/Release/libArduinoCore.a(Print.o) (__gtsf2)
/home/chris/Software/arduino-1.0.5/hardware/tools/avr/bin/../lib/gcc/avr/4.3.2/avr6/libgcc.a(_ge_sf.o)
                              /home/chris/Software/arduino-1.0.5/hardware/tools/avr/bin/../lib/gcc/avr/4.3.2/avr6/libgcc.a(_fixunssfsi.o) (__gesf2)
/home/chris/Software/arduino-1.0.5/hardware/tools/avr/bin/../lib/gcc/avr/4.3.2/avr6/libgcc.a(_lt_sf.o)
                              /home/chris/Workspace/PlusPonics/code/ArduinoCore/Release/libArduinoCore.a(Print.o) (__ltsf2)
/home/chris/Software/arduino-1.0.5/hardware/tools/avr/bin/../lib/gcc/avr/4.3.2/avr6/libgcc.a(_le_sf.o)
                              /home/chris/Workspace/PlusPonics/code/ArduinoCore/Release/libArduinoCore.a(Print.o) (__lesf2)
/home/chris/Software/arduino-1.0.5/hardware/tools/avr/bin/../lib/gcc/avr/4.3.2/avr6/libgcc.a(_unord_sf.o)
[...]
Memory Configuration

Name             Origin             Length             Attributes
text             0x0000000000000000 0x0000000000100000 xr
data             0x0000000000800200 0x000000000000fe00 rw !x
eeprom           0x0000000000810000 0x0000000000010000 rw !x
fuse             0x0000000000820000 0x0000000000000400 rw !x
lock             0x0000000000830000 0x0000000000000400 rw !x
signature        0x0000000000840000 0x0000000000000400 rw !x
*default*        0x0000000000000000 0xffffffffffffffff

Linker script and memory map

Address of section .data set to 0x800200
LOAD /home/chris/Software/arduino-1.0.5/hardware/tools/avr/bin/../lib/gcc/avr/4.3.2/../../../avr/lib/avr6/crtm2560.o
LOAD ./lib/SipHash/HexConversionUtils.o
LOAD ./lib/SipHash/SipHash_2_4.o
LOAD ./lib/SipHash/siphash_2_4_asm.o
LOAD ./AbstractCommunication.o
LOAD ./GlobalReceiver.o
LOAD ./LogicTC.o
LOAD ./SerialCom.o
LOAD ./TC.o
LOAD ./TCProcessor.o
LOAD ./main.o
LOAD /home/chris/Workspace/PlusPonics/code/ArduinoCore/Release/libArduinoCore.a
LOAD /home/chris/Software/arduino-1.0.5/hardware/tools/avr/bin/../lib/gcc/avr/4.3.2/avr6/libgcc.a
LOAD /home/chris/Software/arduino-1.0.5/hardware/tools/avr/bin/../lib/gcc/avr/4.3.2/../../../avr/lib/avr6/libm.a
LOAD /home/chris/Software/arduino-1.0.5/hardware/tools/avr/bin/../lib/gcc/avr/4.3.2/avr6/libgcc.a
LOAD /home/chris/Software/arduino-1.0.5/hardware/tools/avr/bin/../lib/gcc/avr/4.3.2/../../../avr/lib/avr6/libc.a
LOAD /home/chris/Software/arduino-1.0.5/hardware/tools/avr/bin/../lib/gcc/avr/4.3.2/avr6/libgcc.a

.hash
 *(.hash)

.dynsym
 *(.dynsym)

.dynstr
 *(.dynstr)

.gnu.version
 *(.gnu.version)

.gnu.version_d
 *(.gnu.version_d)

.gnu.version_r
 *(.gnu.version_r)

.rel.init
 *(.rel.init)

.rela.init
 *(.rela.init)

.rel.text
 *(.rel.text)
 *(.rel.text.*)
 *(.rel.gnu.linkonce.t*)

.rela.text
 *(.rela.text)
 *(.rela.text.*)
 *(.rela.gnu.linkonce.t*)

.rel.fini
 *(.rel.fini)

.rela.fini
 *(.rela.fini)

.rel.rodata
 *(.rel.rodata)
 *(.rel.rodata.*)
 *(.rel.gnu.linkonce.r*)

.rela.rodata
 *(.rela.rodata)
 *(.rela.rodata.*)
 *(.rela.gnu.linkonce.r*)

.rel.data
 *(.rel.data)
 *(.rel.data.*)
 *(.rel.gnu.linkonce.d*)

.rela.data
 *(.rela.data)
 *(.rela.data.*)
 *(.rela.gnu.linkonce.d*)

.rel.ctors
 *(.rel.ctors)

.rela.ctors
 *(.rela.ctors)

.rel.dtors
 *(.rel.dtors)

.rela.dtors
 *(.rela.dtors)

.rel.got
 *(.rel.got)

.rela.got
 *(.rela.got)

.rel.bss
 *(.rel.bss)

.rela.bss
 *(.rela.bss)

.rel.plt
 *(.rel.plt)

.rela.plt
 *(.rela.plt)

.text           0x0000000000000000     0x6bae
 *(.vectors)
 .vectors       0x0000000000000000       0xe4 /home/chris/Software/arduino-1.0.5/hardware/tools/avr/bin/../lib/gcc/avr/4.3.2/../../../avr/lib/avr6/crtm2560.o
                0x0000000000000000                __vectors
                0x0000000000000000                __vector_default
 *(.vectors)
 *(.progmem.gcc*)
 *(.progmem*)
 .progmem.data  0x00000000000000e4       0x20 ./lib/SipHash/SipHash_2_4.o
 .progmem.data  0x0000000000000104      0x120 /home/chris/Workspace/PlusPonics/code/ArduinoCore/Release/libArduinoCore.a(wiring_digital.o)
                0x0000000000000104                port_to_mode_PGM
                0x0000000000000152                digital_pin_to_port_PGM
                0x0000000000000198                digital_pin_to_bit_mask_PGM
                0x000000000000011e                port_to_output_PGM
                0x0000000000000138                port_to_input_PGM
                0x00000000000001de                digital_pin_to_timer_PGM
                0x0000000000000224                . = ALIGN (0x2)
                0x0000000000000224                __trampolines_start = .
 *(.trampolines)
 .trampolines   0x0000000000000224        0x0 linker stubs
 *(.trampolines*)
                0x0000000000000224                __trampolines_end = .
 *(.jumptables)
 *(.jumptables*)
 *(.lowtext)
 *(.lowtext*)
                0x0000000000000224                __ctors_start = .
 *(.ctors)
 .ctors         0x0000000000000224        0x2 ./lib/SipHash/SipHash_2_4.o
 .ctors         0x0000000000000226        0x2 ./AbstractCommunication.o
 .ctors         0x0000000000000228        0x2 ./main.o
 .ctors         0x000000000000022a        0x2 /home/chris/Workspace/PlusPonics/code/ArduinoCore/Release/libArduinoCore.a(HardwareSerial.o)
                0x000000000000022c                __ctors_end = .
                0x000000000000022c                __dtors_start = .
 *(.dtors)
 .dtors         0x000000000000022c        0x2 ./AbstractCommunication.o
 .dtors         0x000000000000022e        0x2 ./main.o
                0x0000000000000230                __dtors_end = .
 SORT(*)(.ctors)
 SORT(*)(.dtors)
 *(.init0)
 .init0         0x0000000000000230        0x0 /home/chris/Software/arduino-1.0.5/hardware/tools/avr/bin/../lib/gcc/avr/4.3.2/../../../avr/lib/avr6/crtm2560.o
                0x0000000000000230                __init
 *(.init0)
 *(.init1)
 *(.init1)
 *(.init2)
 .init2         0x0000000000000230       0x10 /home/chris/Software/arduino-1.0.5/hardware/tools/avr/bin/../lib/gcc/avr/4.3.2/../../../avr/lib/avr6/crtm2560.o
 *(.init2)
 *(.init3)
 *(.init3)
 *(.init4)
 .init4         0x0000000000000240       0x1c /home/chris/Software/arduino-1.0.5/hardware/tools/avr/bin/../lib/gcc/avr/4.3.2/../../../avr/lib/avr6/crtm2560.o
                0x0000000000000240                __do_copy_data
 .init4         0x000000000000025c       0x10 /home/chris/Software/arduino-1.0.5/hardware/tools/avr/bin/../lib/gcc/avr/4.3.2/avr6/libgcc.a(_clear_bss.o)
                0x000000000000025c                __do_clear_bss
 *(.init4)
 *(.init5)
 *(.init5)
 *(.init6)
 .init6         0x000000000000026c       0x16 /home/chris/Software/arduino-1.0.5/hardware/tools/avr/bin/../lib/gcc/avr/4.3.2/avr6/libgcc.a(_ctors.o)
                0x000000000000026c                __do_global_ctors
 *(.init6)
 *(.init7)
 *(.init7)
 *(.init8)
 *(.init8)
 *(.init9)
 .init9         0x0000000000000282        0x8 /home/chris/Software/arduino-1.0.5/hardware/tools/avr/bin/../lib/gcc/avr/4.3.2/../../../avr/lib/avr6/crtm2560.o
 *(.init9)
 *(.text)
 .text          0x000000000000028a        0x4 /home/chris/Software/arduino-1.0.5/hardware/tools/avr/bin/../lib/gcc/avr/4.3.2/../../../avr/lib/avr6/crtm2560.o
                0x000000000000028a                __vector_38
                0x000000000000028a                __vector_22
                0x000000000000028a                __vector_28
                0x000000000000028a                __vector_1
                0x000000000000028a                __vector_32
                0x000000000000028a                __vector_34
                0x000000000000028a                __vector_24
                0x000000000000028a                __vector_12
                0x000000000000028a                __vector_46
                0x000000000000028a                __bad_interrupt
                0x000000000000028a                __vector_6
                0x000000000000028a                __vector_31
                0x000000000000028a                __vector_35
                0x000000000000028a                __vector_39
                0x000000000000028a                __vector_3
                0x000000000000028a                __vector_30
                0x000000000000028a                __vector_45
                0x000000000000028a                __vector_11
                0x000000000000028a                __vector_13
                0x000000000000028a                __vector_17
                0x000000000000028a                __vector_19
                0x000000000000028a                __vector_56
                0x000000000000028a                __vector_7
                0x000000000000028a                __vector_49
                0x000000000000028a                __vector_41
                0x000000000000028a                __vector_43
                0x000000000000028a                __vector_27
                0x000000000000028a                __vector_5
                0x000000000000028a                __vector_33
                0x000000000000028a                __vector_47
                0x000000000000028a                __vector_4
                0x000000000000028a                __vector_44
                0x000000000000028a                __vector_9
                0x000000000000028a                __vector_2
                0x000000000000028a                __vector_21
                0x000000000000028a                __vector_15
                0x000000000000028a                __vector_29
                0x000000000000028a                __vector_40
                0x000000000000028a                __vector_8
                0x000000000000028a                __vector_48
                0x000000000000028a                __vector_14
                0x000000000000028a                __vector_53
                0x000000000000028a                __vector_10
                0x000000000000028a                __vector_50
                0x000000000000028a                __vector_16
                0x000000000000028a                __vector_18
                0x000000000000028a                __vector_20
                0x000000000000028a                __vector_42
 .text          0x000000000000028e       0xd8 ./lib/SipHash/HexConversionUtils.o
                0x00000000000002e0                hexToAscii
                0x000000000000028e                asciiToHex
 .text          0x0000000000000366      0x308 ./lib/SipHash/SipHash_2_4.o
                0x0000000000000370                SipHash_2_4::SipHash_2_4()
                0x00000000000004a8                SipHash_2_4::finish()
                0x000000000000061c                SipHash_2_4::initFromPROGMEM(unsigned char const*)
                0x0000000000000388                SipHash_2_4::siphash_round()
                0x0000000000000528                SipHash_2_4::initFromRAM(unsigned char const*)
                0x0000000000000366                SipHash_2_4::SipHash_2_4()
                0x0000000000000432                SipHash_2_4::hash(unsigned char*)
                0x0000000000000464                SipHash_2_4::updateHash(unsigned char)
 .text          0x000000000000066e      0x142 ./lib/SipHash/siphash_2_4_asm.o
                0x00000000000007a2                rol_21bits
                0x0000000000000706                ror64bits
                0x0000000000000794                rol_17bits
                0x0000000000000780                rol_16bits
                0x000000000000078a                rol_32bits
                0x000000000000066e                add64le
                0x00000000000006cc                xor_ff
                0x000000000000072a                rol64bits
                0x0000000000000772                rol_13bits
                0x0000000000000694                mov64
                0x00000000000006e2                reverse64
                0x000000000000074e                rol64bytes
                0x00000000000006ac                xor64
 .text          0x00000000000007b0      0x4cc ./AbstractCommunication.o
                0x0000000000000838                AbstractCommunication::sendf(String, ...)
                0x00000000000007e8                AbstractCommunication::setLevel(AbstractCommunication::DEBUG_LEVEL)
                0x0000000000000ac8                AbstractCommunication::warn(String)
                0x00000000000007dc                AbstractCommunication::~AbstractCommunication()
                0x00000000000007d0                AbstractCommunication::~AbstractCommunication()
                0x0000000000000a0e                AbstractCommunication::warn(String, String)
                0x0000000000000bf6                AbstractCommunication::info(String)
                0x0000000000000c6a                AbstractCommunication::~AbstractCommunication()
                0x00000000000007c0                AbstractCommunication::AbstractCommunication()
                0x0000000000000b3c                AbstractCommunication::info(String, String)
                0x00000000000008e0                AbstractCommunication::error(String, String)
                0x00000000000007b0                AbstractCommunication::AbstractCommunication()
                0x000000000000099a                AbstractCommunication::error(String)
 .text          0x0000000000000c7c      0x2da ./GlobalReceiver.o
                0x0000000000000cac                GlobalReceiver::setTCProcessor(TCProcessor&)
                0x0000000000000cc0                GlobalReceiver::~GlobalReceiver()
                0x0000000000000ca4                GlobalReceiver::setCom(AbstractCommunication&)
                0x0000000000000c7c                GlobalReceiver::GlobalReceiver()
                0x0000000000000cde                byte_to_binary(int)
                0x0000000000000d36                GlobalReceiver::process()
                0x0000000000000ccc                GlobalReceiver::~GlobalReceiver()
                0x0000000000000cb4                GlobalReceiver::~GlobalReceiver()
                0x0000000000000c90                GlobalReceiver::GlobalReceiver()
 .text          0x0000000000000f56       0xca ./LogicTC.o
                0x0000000000000f80                LogicTC::~LogicTC()
                0x0000000000000f92                LogicTC::~LogicTC()
                0x0000000000000fea                LogicTC::LogicTC(int, int)
                0x0000000000000f56                LogicTC::exec_impl_()
                0x0000000000000f62                LogicTC::init()
                0x0000000000000f6e                LogicTC::~LogicTC()
                0x0000000000000fb4                LogicTC::LogicTC(int, int)
 .text          0x0000000000001020      0x108 ./SerialCom.o
                0x000000000000109c                SerialCom::init()
                0x00000000000010ae                SerialCom::~SerialCom()
                0x00000000000010d2                SerialCom::~SerialCom()
                0x0000000000001092                SerialCom::send(String)
                0x000000000000110e                SerialCom::SerialCom()
                0x0000000000001020                SerialCom::recv()
                0x00000000000010c0                SerialCom::~SerialCom()
                0x00000000000010f4                SerialCom::SerialCom()
 .text          0x0000000000001128       0xe0 ./TC.o
                0x0000000000001128                TC::TC()
                0x0000000000001140                TC::TC()
                0x00000000000011e6                TC::errno()
                0x0000000000001184                TC::disable()
                0x00000000000011d4                TC::clear_error()
                0x0000000000001196                TC::exec()
                0x0000000000001170                TC::enable()
                0x0000000000001164                TC::~TC()
                0x0000000000001158                TC::~TC()
                0x00000000000011ce                TC::persist_errors(bool)
                0x00000000000011f6                TC::~TC()
 .text          0x0000000000001208      0xaca ./TCProcessor.o
                0x00000000000018fc                std::map<unsigned char, TC*, std::less<unsigned char>, std::allocator<TC*> >::operator[](unsigned char const&)
                0x00000000000019b2                TCProcessor::definitions_()
                0x0000000000001a4a                TCProcessor::init()
                0x000000000000177c                std::_Rb_tree<unsigned char, std::pair<unsigned char const, TC*>, std::_Select1st<std::pair<unsigned char const, TC*> >, std::less<unsigned char>, std::allocator<TC*> >::insert_unique(std::_Rb_tree_iterator<std::pair<unsigned char const, TC*>, std::pair<unsigned char const, TC*>&, std::pair<unsigned char const, TC*>*>, std::pair<unsigned char const, TC*> const&)
                0x000000000000122e                TCProcessor::TCProcessor()
                0x000000000000128c                TCProcessor::TCProcessor()
                0x0000000000001ad6                TCProcessor::~TCProcessor()
                0x0000000000001afe                TCProcessor::~TCProcessor()
                0x0000000000001634                std::_Rb_tree<unsigned char, std::pair<unsigned char const, TC*>, std::_Select1st<std::pair<unsigned char const, TC*> >, std::less<unsigned char>, std::allocator<TC*> >::insert_unique(std::pair<unsigned char const, TC*> const&)
                0x0000000000001bfc                TCProcessor::processRecv(String)
                0x0000000000001a90                std::map<unsigned char, TC*, std::less<unsigned char>, std::allocator<TC*> >::~map()
                0x0000000000001a50                std::_Rb_tree<unsigned char, std::pair<unsigned char const, TC*>, std::_Select1st<std::pair<unsigned char const, TC*> >, std::less<unsigned char>, std::allocator<TC*> >::_M_erase(std::_Rb_tree_node<std::pair<unsigned char const, TC*> >*)
                0x00000000000012ea                std::_Rb_tree<unsigned char, std::pair<unsigned char const, TC*>, std::_Select1st<std::pair<unsigned char const, TC*> >, std::less<unsigned char>, std::allocator<TC*> >::_M_insert(std::_Rb_tree_node_base*, std::_Rb_tree_node_base*, std::pair<unsigned char const, TC*> const&)
                0x0000000000001b22                TCProcessor::perform(TCProcessor::TC_ACTION, int)
                0x0000000000001b10                TCProcessor::~TCProcessor()
                0x0000000000001208                std::_Rb_tree_alloc_base<std::pair<unsigned char const, TC*>, std::allocator<TC*>, true>::_M_get_node()
 .text          0x0000000000001cd2      0x154 ./main.o
                0x0000000000001d3e                loop
                0x0000000000001cd2                configure()
                0x0000000000001cd4                operator new(unsigned int, void*)
                0x0000000000001e0a                main
                0x0000000000001d54                setup
 .text          0x0000000000001e26        0x0 /home/chris/Workspace/PlusPonics/code/ArduinoCore/Release/libArduinoCore.a(malloc.o)
 .text          0x0000000000001e26      0xc50 /home/chris/Workspace/PlusPonics/code/ArduinoCore/Release/libArduinoCore.a(HardwareSerial.o)
                0x00000000000026d4                HardwareSerial::peek()
                0x00000000000026b2                HardwareSerial::available()
                0x0000000000001ea6                serialEvent1()
                0x0000000000002232                __vector_55
                0x0000000000002786                HardwareSerial::write(unsigned char)
                0x0000000000001f26                serialEvent2()
                0x0000000000002338                HardwareSerial::HardwareSerial(ring_buffer*, ring_buffer*, unsigned char volatile*, unsigned char volatile*, unsigned char volatile*, unsigned char volatile*, unsigned char volatile*, unsigned char volatile*, unsigned char, unsigned char, unsigned char, unsigned char, unsigned char)
                0x00000000000023c0                HardwareSerial::begin(unsigned long)
                0x0000000000001e28                __vector_25
                0x0000000000001fa8                __vector_54
                0x0000000000002026                serialEventRun()
                0x0000000000002766                HardwareSerial::flush()
                0x00000000000024ce                HardwareSerial::begin(unsigned long, unsigned char)
                0x00000000000025e6                HardwareSerial::end()
                0x0000000000001e26                serialEvent()
                0x00000000000021b4                __vector_52
                0x0000000000002136                __vector_37
                0x0000000000001f28                __vector_51
                0x0000000000001ea8                __vector_36
                0x0000000000002806                HardwareSerial::operator bool()
                0x00000000000020b8                __vector_26
                0x0000000000002714                HardwareSerial::read()
                0x00000000000022b0                HardwareSerial::HardwareSerial(ring_buffer*, ring_buffer*, unsigned char volatile*, unsigned char volatile*, unsigned char volatile*, unsigned char volatile*, unsigned char volatile*, unsigned char volatile*, unsigned char, unsigned char, unsigned char, unsigned char, unsigned char)
                0x0000000000001fa6                serialEvent3()
 .text          0x0000000000002a76      0x748 /home/chris/Workspace/PlusPonics/code/ArduinoCore/Release/libArduinoCore.a(Print.o)
                0x0000000000003196                Print::println(String const&)
                0x0000000000002d6a                Print::println(unsigned int, int)
                0x0000000000002bce                Print::println(Printable const&)
                0x0000000000002b36                Print::println()
                0x0000000000002ed2                Print::println(int, int)
                0x0000000000002c3a                Print::printNumber(unsigned long, unsigned char)
                0x0000000000002a76                Print::write(unsigned char const*, unsigned int)
                0x00000000000030de                Print::print(double, int)
                0x0000000000002b76                Print::println(__FlashStringHelper const*)
                0x0000000000002b9e                Print::println(char)
                0x0000000000002c02                Print::write(char const*)
                0x0000000000002f16                Print::printFloat(double, unsigned char)
                0x0000000000002b20                Print::print(Printable const&)
                0x0000000000002eac                Print::print(int, int)
                0x0000000000002aca                Print::print(__FlashStringHelper const*)
                0x0000000000002da4                Print::print(unsigned char, int)
                0x000000000000310a                Print::println(char const*)
                0x0000000000002b10                Print::print(char)
                0x0000000000002dc8                Print::println(unsigned char, int)
                0x0000000000002d48                Print::print(unsigned int, int)
                0x0000000000002f10                Print::print(char const*)
                0x0000000000002d02                Print::print(unsigned long, int)
                0x0000000000002e84                Print::println(long, int)
                0x00000000000030e4                Print::println(double, int)
                0x0000000000002e04                Print::print(long, int)
                0x0000000000002d20                Print::println(unsigned long, int)
                0x0000000000003130                Print::print(String const&)
 .text          0x00000000000031be      0x554 /home/chris/Workspace/PlusPonics/code/ArduinoCore/Release/libArduinoCore.a(Stream.o)
                0x0000000000003380                Stream::parseFloat()
                0x0000000000003222                Stream::peekNextDigit()
                0x00000000000034c4                Stream::readStringUntil(char)
                0x0000000000003606                Stream::findUntil(char*, unsigned int, char*, unsigned int)
                0x00000000000031be                Stream::setTimeout(unsigned long)
                0x00000000000036c0                Stream::findUntil(char*, char*)
                0x0000000000003258                Stream::parseFloat(char)
                0x00000000000036f2                Stream::find(char*)
                0x0000000000003464                Stream::parseInt()
                0x00000000000031ca                Stream::timedPeek()
                0x00000000000035be                Stream::readBytes(char*, unsigned int)
                0x0000000000003558                Stream::readBytesUntil(char, char*, unsigned int)
                0x000000000000351e                Stream::readString()
                0x00000000000036fc                Stream::find(char*, unsigned int)
                0x0000000000003388                Stream::parseInt(char)
                0x000000000000346c                Stream::timedRead()
 .text          0x0000000000003712     0x129e /home/chris/Workspace/PlusPonics/code/ArduinoCore/Release/libArduinoCore.a(WString.o)
                0x00000000000046a4                String::String(int, unsigned char)
                0x0000000000003734                String::setCharAt(unsigned int, char)
                0x00000000000039da                String::lastIndexOf(String const&) const
                0x0000000000003cb0                String::startsWith(String const&, unsigned int) const
                0x0000000000003c42                String::operator>=(String const&) const
                0x0000000000004926                String::substring(unsigned int) const
                0x00000000000037da                String::trim()
                0x0000000000004898                String::substring(unsigned int, unsigned int) const
                0x000000000000374e                String::operator[](unsigned int)
                0x000000000000496c                String::String(String const&)
                0x00000000000039f6                String::indexOf(String const&, unsigned int) const
                0x0000000000004170                String::concat(unsigned char)
                0x00000000000041c8                String::concat(char)
                0x0000000000004768                String::String(unsigned char, unsigned char)
                0x0000000000003778                String::operator[](unsigned int) const
                0x00000000000047cc                String::String(unsigned char, unsigned char)
                0x0000000000004864                String::String(char)
                0x0000000000004210                String::concat(String const&)
                0x0000000000004706                String::String(int, unsigned char)
                0x0000000000003712                String::charAt(unsigned int) const
                0x0000000000004518                String::String(long, unsigned char)
                0x0000000000003d1c                String::changeBuffer(unsigned int)
                0x00000000000042cc                operator+(StringSumHelper const&, unsigned char)
                0x0000000000003f5a                String::reserve(unsigned int)
                0x0000000000004642                String::String(unsigned int, unsigned char)
                0x0000000000003af8                String::getBytes(unsigned char*, unsigned int, unsigned int) const
                0x0000000000003cf6                String::startsWith(String const&) const
                0x000000000000379a                String::replace(char, char)
                0x0000000000004998                String::~String()
                0x0000000000004982                String::String(String const&)
                0x0000000000004348                operator+(StringSumHelper const&, String const&)
                0x0000000000004374                String::copy(char const*, unsigned int)
                0x0000000000003aee                String::indexOf(char) const
                0x0000000000003fec                String::concat(unsigned long)
                0x00000000000049a4                String::~String()
                0x00000000000044b4                String::String(unsigned long, unsigned char)
                0x000000000000493e                String::operator=(String const&)
                0x0000000000004310                operator+(StringSumHelper const&, char const*)
                0x0000000000004244                operator+(StringSumHelper const&, unsigned long)
                0x0000000000003b52                String::endsWith(String const&) const
                0x00000000000041f0                String::concat(char const*)
                0x0000000000004220                String::invalidate()
                0x000000000000393e                String::lastIndexOf(String const&, unsigned int) const
                0x00000000000043b6                String::String(char const*)
                0x0000000000003bdc                String::compareTo(String const&) const
                0x0000000000004288                operator+(StringSumHelper const&, unsigned int)
                0x0000000000003b96                String::equals(char const*) const
                0x0000000000003a3c                String::lastIndexOf(char, unsigned int) const
                0x0000000000003f92                String::concat(char const*, unsigned int)
                0x00000000000037b8                String::toInt() const
                0x00000000000038aa                String::toLowerCase()
                0x0000000000003a32                String::indexOf(String const&) const
                0x0000000000003c84                String::equals(String const&) const
                0x0000000000003c76                String::operator<(String const&) const
                0x000000000000441e                String::operator=(char const*)
                0x0000000000003c52                String::operator<=(String const&) const
                0x0000000000004050                String::concat(long)
                0x00000000000043ea                String::String(char const*)
                0x00000000000042ee                operator+(StringSumHelper const&, char)
                0x00000000000038ce                String::equalsIgnoreCase(String const&) const
                0x0000000000003aa6                String::lastIndexOf(char) const
                0x00000000000045e0                String::String(unsigned int, unsigned char)
                0x00000000000040b4                String::concat(unsigned int)
                0x0000000000004450                String::String(unsigned long, unsigned char)
                0x00000000000042aa                operator+(StringSumHelper const&, int)
                0x0000000000004830                String::String(char)
                0x0000000000003ab6                String::indexOf(char, unsigned int) const
                0x0000000000004266                operator+(StringSumHelper const&, long)
                0x0000000000003d50                String::replace(String const&, String const&)
                0x000000000000457c                String::String(long, unsigned char)
                0x0000000000003886                String::toUpperCase()
                0x0000000000003c64                String::operator>(String const&) const
                0x000000000000410e                String::concat(int)
 .text          0x00000000000049b0       0x38 /home/chris/Workspace/PlusPonics/code/ArduinoCore/Release/libArduinoCore.a(new.o)
                0x00000000000049dc                operator new[](unsigned int)
                0x00000000000049d6                operator delete(void*)
                0x00000000000049ce                __cxa_pure_virtual
                0x00000000000049d0                operator delete[](void*)
                0x00000000000049c4                __cxa_guard_release
                0x00000000000049cc                __cxa_guard_abort
                0x00000000000049e2                operator new(unsigned int)
                0x00000000000049b0                __cxa_guard_acquire
 .text          0x00000000000049e8      0x282 /home/chris/Workspace/PlusPonics/code/ArduinoCore/Release/libArduinoCore.a(wiring.o)
                0x00000000000049e8                __vector_23
                0x0000000000004ba6                init
                0x0000000000004a94                micros
                0x0000000000004ae0                delay
                0x0000000000004a78                millis
                0x0000000000004b92                delayMicroseconds
 .text          0x0000000000004c6a      0x22c /home/chris/Workspace/PlusPonics/code/ArduinoCore/Release/libArduinoCore.a(wiring_digital.o)
                0x0000000000004e36                digitalRead
                0x0000000000004dd0                digitalWrite
                0x0000000000004c6a                pinMode
 .text          0x0000000000004e96        0x0 /home/chris/Workspace/PlusPonics/code/ArduinoCore/Release/libArduinoCore.a(realloc.o)
 .text          0x0000000000004e96        0x0 /home/chris/Software/arduino-1.0.5/hardware/tools/avr/bin/../lib/gcc/avr/4.3.2/avr6/libgcc.a(_mulsi3.o)
 .text          0x0000000000004e96        0x0 /home/chris/Software/arduino-1.0.5/hardware/tools/avr/bin/../lib/gcc/avr/4.3.2/avr6/libgcc.a(_udivmodsi4.o)
 .text          0x0000000000004e96        0x0 /home/chris/Software/arduino-1.0.5/hardware/tools/avr/bin/../lib/gcc/avr/4.3.2/avr6/libgcc.a(_exit.o)
 .text          0x0000000000004e96        0x0 /home/chris/Software/arduino-1.0.5/hardware/tools/avr/bin/../lib/gcc/avr/4.3.2/avr6/libgcc.a(_clear_bss.o)
 .text          0x0000000000004e96        0x0 /home/chris/Software/arduino-1.0.5/hardware/tools/avr/bin/../lib/gcc/avr/4.3.2/avr6/libgcc.a(_ctors.o)
 .text          0x0000000000004e96        0x0 /home/chris/Software/arduino-1.0.5/hardware/tools/avr/bin/../lib/gcc/avr/4.3.2/avr6/libgcc.a(_dtors.o)
 .text          0x0000000000004e96       0x58 /home/chris/Software/arduino-1.0.5/hardware/tools/avr/bin/../lib/gcc/avr/4.3.2/avr6/libgcc.a(_fixunssfsi.o)
                0x0000000000004e96                __fixunssfsi
 .text          0x0000000000004eee      0x354 /home/chris/Software/arduino-1.0.5/hardware/tools/avr/bin/../lib/gcc/avr/4.3.2/avr6/libgcc.a(_addsub_sf.o)
                0x0000000000005186                __subsf3
                0x00000000000051e8                __addsf3
 .text          0x0000000000005242      0x1f4 /home/chris/Software/arduino-1.0.5/hardware/tools/avr/bin/../lib/gcc/avr/4.3.2/avr6/libgcc.a(_mul_sf.o)
                0x0000000000005242                __mulsf3
 .text          0x0000000000005436      0x158 /home/chris/Software/arduino-1.0.5/hardware/tools/avr/bin/../lib/gcc/avr/4.3.2/avr6/libgcc.a(_div_sf.o)
                0x0000000000005436                __divsf3
 .text          0x000000000000558e       0x60 /home/chris/Software/arduino-1.0.5/hardware/tools/avr/bin/../lib/gcc/avr/4.3.2/avr6/libgcc.a(_gt_sf.o)
                0x000000000000558e                __gtsf2
 .text          0x00000000000055ee       0x60 /home/chris/Software/arduino-1.0.5/hardware/tools/avr/bin/../lib/gcc/avr/4.3.2/avr6/libgcc.a(_ge_sf.o)
                0x00000000000055ee                __gesf2
 .text          0x000000000000564e       0x60 /home/chris/Software/arduino-1.0.5/hardware/tools/avr/bin/../lib/gcc/avr/4.3.2/avr6/libgcc.a(_lt_sf.o)
                0x000000000000564e                __ltsf2
 .text          0x00000000000056ae       0x60 /home/chris/Software/arduino-1.0.5/hardware/tools/avr/bin/../lib/gcc/avr/4.3.2/avr6/libgcc.a(_le_sf.o)
                0x00000000000056ae                __lesf2
 .text          0x000000000000570e       0x56 /home/chris/Software/arduino-1.0.5/hardware/tools/avr/bin/../lib/gcc/avr/4.3.2/avr6/libgcc.a(_unord_sf.o)
                0x000000000000570e                __unordsf2
 .text          0x0000000000005764       0xbc /home/chris/Software/arduino-1.0.5/hardware/tools/avr/bin/../lib/gcc/avr/4.3.2/avr6/libgcc.a(_si_to_sf.o)
                0x0000000000005764                __floatsisf
 .text          0x0000000000005820       0xa8 /home/chris/Software/arduino-1.0.5/hardware/tools/avr/bin/../lib/gcc/avr/4.3.2/avr6/libgcc.a(_sf_to_si.o)
                0x0000000000005820                __fixsfsi
 .text          0x00000000000058c8        0x0 /home/chris/Software/arduino-1.0.5/hardware/tools/avr/bin/../lib/gcc/avr/4.3.2/avr6/libgcc.a(_thenan_sf.o)
 .text          0x00000000000058c8       0xf2 /home/chris/Software/arduino-1.0.5/hardware/tools/avr/bin/../lib/gcc/avr/4.3.2/avr6/libgcc.a(_usi_to_sf.o)
                0x00000000000058c8                __floatunsisf
 .text          0x00000000000059ba        0x0 /home/chris/Software/arduino-1.0.5/hardware/tools/avr/bin/../lib/gcc/avr/4.3.2/avr6/libgcc.a(_prologue.o)
 .text          0x00000000000059ba        0x0 /home/chris/Software/arduino-1.0.5/hardware/tools/avr/bin/../lib/gcc/avr/4.3.2/avr6/libgcc.a(_epilogue.o)
 .text          0x00000000000059ba        0x0 /home/chris/Software/arduino-1.0.5/hardware/tools/avr/bin/../lib/gcc/avr/4.3.2/avr6/libgcc.a(_tablejump.o)
 .text          0x00000000000059ba       0x9e /home/chris/Software/arduino-1.0.5/hardware/tools/avr/bin/../lib/gcc/avr/4.3.2/avr6/libgcc.a(_clzsi2.o)
                0x00000000000059ba                __clzsi2
 .text          0x0000000000005a58      0x1aa /home/chris/Software/arduino-1.0.5/hardware/tools/avr/bin/../lib/gcc/avr/4.3.2/avr6/libgcc.a(_pack_sf.o)
                0x0000000000005a58                __pack_f
 .text          0x0000000000005c02       0xf0 /home/chris/Software/arduino-1.0.5/hardware/tools/avr/bin/../lib/gcc/avr/4.3.2/avr6/libgcc.a(_unpack_sf.o)
                0x0000000000005c02                __unpack_f
 .text          0x0000000000005cf2       0xb2 /home/chris/Software/arduino-1.0.5/hardware/tools/avr/bin/../lib/gcc/avr/4.3.2/avr6/libgcc.a(_fpcmp_parts_sf.o)
                0x0000000000005cf2                __fpcmp_parts_f
 .text          0x0000000000005da4        0x0 /home/chris/Software/arduino-1.0.5/hardware/tools/avr/bin/../lib/gcc/avr/4.3.2/avr6/libgcc.a(_clz.o)
 .text          0x0000000000005da4       0x3c /home/chris/Software/arduino-1.0.5/hardware/tools/avr/bin/../lib/gcc/avr/4.3.2/../../../avr/lib/avr6/libc.a(atoi.o)
                0x0000000000005da4                atoi
 .text          0x0000000000005de0       0x4e /home/chris/Software/arduino-1.0.5/hardware/tools/avr/bin/../lib/gcc/avr/4.3.2/../../../avr/lib/avr6/libc.a(atol.o)
                0x0000000000005de0                atol
 .text          0x0000000000005e2e        0x0 /home/chris/Software/arduino-1.0.5/hardware/tools/avr/bin/../lib/gcc/avr/4.3.2/../../../avr/lib/avr6/libc.a(isspace.o)
 .text          0x0000000000005e2e        0x0 /home/chris/Software/arduino-1.0.5/hardware/tools/avr/bin/../lib/gcc/avr/4.3.2/../../../avr/lib/avr6/libc.a(tolower.o)
 .text          0x0000000000005e2e        0x0 /home/chris/Software/arduino-1.0.5/hardware/tools/avr/bin/../lib/gcc/avr/4.3.2/../../../avr/lib/avr6/libc.a(toupper.o)
 .text          0x0000000000005e2e       0x12 /home/chris/Software/arduino-1.0.5/hardware/tools/avr/bin/../lib/gcc/avr/4.3.2/../../../avr/lib/avr6/libc.a(memcpy_P.o)
                0x0000000000005e2e                memcpy_P
 .text          0x0000000000005e40       0x12 /home/chris/Software/arduino-1.0.5/hardware/tools/avr/bin/../lib/gcc/avr/4.3.2/../../../avr/lib/avr6/libc.a(memcpy.o)
                0x0000000000005e40                memcpy
 .text          0x0000000000005e52       0x24 /home/chris/Software/arduino-1.0.5/hardware/tools/avr/bin/../lib/gcc/avr/4.3.2/../../../avr/lib/avr6/libc.a(memmove.o)
                0x0000000000005e52                memmove
 .text          0x0000000000005e76       0x16 /home/chris/Software/arduino-1.0.5/hardware/tools/avr/bin/../lib/gcc/avr/4.3.2/../../../avr/lib/avr6/libc.a(strcat.o)
                0x0000000000005e76                strcat
 .text          0x0000000000005e8c       0x16 /home/chris/Software/arduino-1.0.5/hardware/tools/avr/bin/../lib/gcc/avr/4.3.2/../../../avr/lib/avr6/libc.a(strchr.o)
                0x0000000000005e8c                strchr
 .text          0x0000000000005ea2       0x12 /home/chris/Software/arduino-1.0.5/hardware/tools/avr/bin/../lib/gcc/avr/4.3.2/../../../avr/lib/avr6/libc.a(strcmp.o)
                0x0000000000005ea2                strcmp
 .text          0x0000000000005eb4        0xe /home/chris/Software/arduino-1.0.5/hardware/tools/avr/bin/../lib/gcc/avr/4.3.2/../../../avr/lib/avr6/libc.a(strcpy.o)
                0x0000000000005eb4                strcpy
 .text          0x0000000000005ec2       0x1c /home/chris/Software/arduino-1.0.5/hardware/tools/avr/bin/../lib/gcc/avr/4.3.2/../../../avr/lib/avr6/libc.a(strncmp.o)
                0x0000000000005ec2                strncmp
 .text          0x0000000000005ede       0x1e /home/chris/Software/arduino-1.0.5/hardware/tools/avr/bin/../lib/gcc/avr/4.3.2/../../../avr/lib/avr6/libc.a(strncpy.o)
                0x0000000000005ede                strncpy
 .text          0x0000000000005efc       0x16 /home/chris/Software/arduino-1.0.5/hardware/tools/avr/bin/../lib/gcc/avr/4.3.2/../../../avr/lib/avr6/libc.a(strrchr.o)
                0x0000000000005efc                strrchr
 .text          0x0000000000005f12       0x34 /home/chris/Software/arduino-1.0.5/hardware/tools/avr/bin/../lib/gcc/avr/4.3.2/../../../avr/lib/avr6/libc.a(strstr.o)
                0x0000000000005f12                strstr
 .text          0x0000000000005f46       0x42 /home/chris/Software/arduino-1.0.5/hardware/tools/avr/bin/../lib/gcc/avr/4.3.2/../../../avr/lib/avr6/libc.a(itoa.o)
                0x0000000000005f46                itoa
 .text          0x0000000000005f88       0x68 /home/chris/Software/arduino-1.0.5/hardware/tools/avr/bin/../lib/gcc/avr/4.3.2/../../../avr/lib/avr6/libc.a(ltoa.o)
                0x0000000000005f88                ltoa
 .text          0x0000000000005ff0       0x2a /home/chris/Software/arduino-1.0.5/hardware/tools/avr/bin/../lib/gcc/avr/4.3.2/../../../avr/lib/avr6/libc.a(mulsi10.o)
                0x0000000000005ff0                __mulsi_const_10
 .text          0x000000000000601a       0x10 /home/chris/Software/arduino-1.0.5/hardware/tools/avr/bin/../lib/gcc/avr/4.3.2/../../../avr/lib/avr6/libc.a(mul10.o)
                0x000000000000601a                __mulhi_const_10
 .text          0x000000000000602a       0x4a /home/chris/Software/arduino-1.0.5/hardware/tools/avr/bin/../lib/gcc/avr/4.3.2/../../../avr/lib/avr6/libc.a(ultoa.o)
                0x000000000000602a                ultoa
 .text          0x0000000000006074       0x2c /home/chris/Software/arduino-1.0.5/hardware/tools/avr/bin/../lib/gcc/avr/4.3.2/../../../avr/lib/avr6/libc.a(utoa.o)
                0x0000000000006074                utoa
 .text          0x00000000000060a0       0x54 /home/chris/Software/arduino-1.0.5/hardware/tools/avr/bin/../lib/gcc/avr/4.3.2/../../../avr/lib/avr6/libc.a(vsnprintf.o)
                0x00000000000060a0                vsnprintf
 .text          0x00000000000060f4      0x3ba /home/chris/Software/arduino-1.0.5/hardware/tools/avr/bin/../lib/gcc/avr/4.3.2/../../../avr/lib/avr6/libc.a(vfprintf_std.o)
                0x00000000000060f4                vfprintf
 .text          0x00000000000064ae        0x0 /home/chris/Software/arduino-1.0.5/hardware/tools/avr/bin/../lib/gcc/avr/4.3.2/../../../avr/lib/avr6/libc.a(cty_isfalse.o)
 .text          0x00000000000064ae       0x16 /home/chris/Software/arduino-1.0.5/hardware/tools/avr/bin/../lib/gcc/avr/4.3.2/../../../avr/lib/avr6/libc.a(strnlen_P.o)
                0x00000000000064ae                strnlen_P
 .text          0x00000000000064c4       0x16 /home/chris/Software/arduino-1.0.5/hardware/tools/avr/bin/../lib/gcc/avr/4.3.2/../../../avr/lib/avr6/libc.a(strnlen.o)
                0x00000000000064c4                strnlen
 .text          0x00000000000064da       0x20 /home/chris/Software/arduino-1.0.5/hardware/tools/avr/bin/../lib/gcc/avr/4.3.2/../../../avr/lib/avr6/libc.a(strrev.o)
                0x00000000000064da                strrev
 .text          0x00000000000064fa       0x58 /home/chris/Software/arduino-1.0.5/hardware/tools/avr/bin/../lib/gcc/avr/4.3.2/../../../avr/lib/avr6/libc.a(fputc.o)
                0x00000000000064fa                fputc
 .text          0x0000000000006552       0xbc /home/chris/Software/arduino-1.0.5/hardware/tools/avr/bin/../lib/gcc/avr/4.3.2/../../../avr/lib/avr6/libc.a(ultoa_invert.o)
                0x0000000000006552                __ultoa_invert
 .text          0x000000000000660e        0x0 /home/chris/Software/arduino-1.0.5/hardware/tools/avr/bin/../lib/gcc/avr/4.3.2/avr6/libgcc.a(_udivmodhi4.o)
                0x000000000000660e                . = ALIGN (0x2)
 *(.text.*)
 .text.avr-libc
                0x000000000000660e      0x26a /home/chris/Workspace/PlusPonics/code/ArduinoCore/Release/libArduinoCore.a(malloc.o)
                0x000000000000660e                malloc
                0x0000000000006748                free
 .text.avr-libc
                0x0000000000006878      0x1c2 /home/chris/Workspace/PlusPonics/code/ArduinoCore/Release/libArduinoCore.a(realloc.o)
                0x0000000000006878                realloc
 .text.libgcc   0x0000000000006a3a       0x3e /home/chris/Software/arduino-1.0.5/hardware/tools/avr/bin/../lib/gcc/avr/4.3.2/avr6/libgcc.a(_mulsi3.o)
                0x0000000000006a3a                __mulsi3
 .text.libgcc   0x0000000000006a78       0x44 /home/chris/Software/arduino-1.0.5/hardware/tools/avr/bin/../lib/gcc/avr/4.3.2/avr6/libgcc.a(_udivmodsi4.o)
                0x0000000000006a78                __udivmodsi4
 .text.libgcc   0x0000000000006abc        0x0 /home/chris/Software/arduino-1.0.5/hardware/tools/avr/bin/../lib/gcc/avr/4.3.2/avr6/libgcc.a(_exit.o)
 .text.libgcc   0x0000000000006abc        0x0 /home/chris/Software/arduino-1.0.5/hardware/tools/avr/bin/../lib/gcc/avr/4.3.2/avr6/libgcc.a(_clear_bss.o)
 .text.libgcc   0x0000000000006abc        0x0 /home/chris/Software/arduino-1.0.5/hardware/tools/avr/bin/../lib/gcc/avr/4.3.2/avr6/libgcc.a(_ctors.o)
 .text.libgcc   0x0000000000006abc        0x0 /home/chris/Software/arduino-1.0.5/hardware/tools/avr/bin/../lib/gcc/avr/4.3.2/avr6/libgcc.a(_dtors.o)
 .text.libgcc   0x0000000000006abc       0x38 /home/chris/Software/arduino-1.0.5/hardware/tools/avr/bin/../lib/gcc/avr/4.3.2/avr6/libgcc.a(_prologue.o)
                0x0000000000006abc                __prologue_saves__
 .text.libgcc   0x0000000000006af4       0x36 /home/chris/Software/arduino-1.0.5/hardware/tools/avr/bin/../lib/gcc/avr/4.3.2/avr6/libgcc.a(_epilogue.o)
                0x0000000000006af4                __epilogue_restores__
 .text.libgcc   0x0000000000006b2a        0xc /home/chris/Software/arduino-1.0.5/hardware/tools/avr/bin/../lib/gcc/avr/4.3.2/avr6/libgcc.a(_tablejump.o)
                0x0000000000006b2e                __tablejump__
                0x0000000000006b2a                __tablejump2__
 .text.ctype    0x0000000000006b36       0x10 /home/chris/Software/arduino-1.0.5/hardware/tools/avr/bin/../lib/gcc/avr/4.3.2/../../../avr/lib/avr6/libc.a(isspace.o)
                0x0000000000006b36                isspace
 .text.ctype    0x0000000000006b46       0x10 /home/chris/Software/arduino-1.0.5/hardware/tools/avr/bin/../lib/gcc/avr/4.3.2/../../../avr/lib/avr6/libc.a(tolower.o)
                0x0000000000006b46                tolower
 .text.ctype    0x0000000000006b56       0x10 /home/chris/Software/arduino-1.0.5/hardware/tools/avr/bin/../lib/gcc/avr/4.3.2/../../../avr/lib/avr6/libc.a(toupper.o)
                0x0000000000006b56                toupper
 .text.ctype    0x0000000000006b66        0x6 /home/chris/Software/arduino-1.0.5/hardware/tools/avr/bin/../lib/gcc/avr/4.3.2/../../../avr/lib/avr6/libc.a(cty_isfalse.o)
                0x0000000000006b6a                __ctype_istrue
                0x0000000000006b66                __ctype_isfalse
 .text.libgcc   0x0000000000006b6c       0x28 /home/chris/Software/arduino-1.0.5/hardware/tools/avr/bin/../lib/gcc/avr/4.3.2/avr6/libgcc.a(_udivmodhi4.o)
                0x0000000000006b6c                __udivmodhi4
                0x0000000000006b94                . = ALIGN (0x2)
 *(.fini9)
 .fini9         0x0000000000006b94        0x0 /home/chris/Software/arduino-1.0.5/hardware/tools/avr/bin/../lib/gcc/avr/4.3.2/avr6/libgcc.a(_exit.o)
                0x0000000000006b94                exit
                0x0000000000006b94                _exit
 *(.fini9)
 *(.fini8)
 *(.fini8)
 *(.fini7)
 *(.fini7)
 *(.fini6)
 .fini6         0x0000000000006b94       0x16 /home/chris/Software/arduino-1.0.5/hardware/tools/avr/bin/../lib/gcc/avr/4.3.2/avr6/libgcc.a(_dtors.o)
                0x0000000000006b94                __do_global_dtors
 *(.fini6)
 *(.fini5)
 *(.fini5)
 *(.fini4)
 *(.fini4)
 *(.fini3)
 *(.fini3)
 *(.fini2)
 *(.fini2)
 *(.fini1)
 *(.fini1)
 *(.fini0)
 .fini0         0x0000000000006baa        0x4 /home/chris/Software/arduino-1.0.5/hardware/tools/avr/bin/../lib/gcc/avr/4.3.2/avr6/libgcc.a(_exit.o)
 *(.fini0)
                0x0000000000006bae                _etext = .

.data           0x0000000000800200      0x20e load address 0x0000000000006bae
                0x0000000000800200                PROVIDE (__data_start, .)
 *(.data)
 .data          0x0000000000800200        0x0 /home/chris/Software/arduino-1.0.5/hardware/tools/avr/bin/../lib/gcc/avr/4.3.2/../../../avr/lib/avr6/crtm2560.o
 .data          0x0000000000800200        0x0 ./lib/SipHash/HexConversionUtils.o
 .data          0x0000000000800200        0x0 ./lib/SipHash/SipHash_2_4.o
 .data          0x0000000000800200        0x0 ./lib/SipHash/siphash_2_4_asm.o
 .data          0x0000000000800200       0x2e ./AbstractCommunication.o
                0x0000000000800220                vtable for AbstractCommunication
 .data          0x000000000080022e       0x53 ./GlobalReceiver.o
                0x0000000000800279                vtable for GlobalReceiver
 .data          0x0000000000800281        0xc ./LogicTC.o
                0x0000000000800281                vtable for LogicTC
 .data          0x000000000080028d        0xf ./SerialCom.o
                0x000000000080028e                vtable for SerialCom
 .data          0x000000000080029c        0xc ./TC.o
                0x000000000080029c                vtable for TC
 .data          0x00000000008002a8        0x8 ./TCProcessor.o
                0x00000000008002a8                vtable for TCProcessor
 .data          0x00000000008002b0       0x17 ./main.o
                0x00000000008002c5                ledPin
 .data          0x00000000008002c7        0x6 /home/chris/Workspace/PlusPonics/code/ArduinoCore/Release/libArduinoCore.a(malloc.o)
                0x00000000008002c9                __malloc_heap_start
                0x00000000008002cb                __malloc_heap_end
                0x00000000008002c7                __malloc_margin
 .data          0x00000000008002cd       0x20 /home/chris/Workspace/PlusPonics/code/ArduinoCore/Release/libArduinoCore.a(HardwareSerial.o)
                0x00000000008002cd                vtable for HardwareSerial
                0x00000000008002dd                vtable for Stream
 .data          0x00000000008002ed       0x16 /home/chris/Workspace/PlusPonics/code/ArduinoCore/Release/libArduinoCore.a(Print.o)
                0x00000000008002fb                vtable for Print
 .data          0x0000000000800303        0x1 /home/chris/Workspace/PlusPonics/code/ArduinoCore/Release/libArduinoCore.a(Stream.o)
 .data          0x0000000000800304        0x1 /home/chris/Workspace/PlusPonics/code/ArduinoCore/Release/libArduinoCore.a(WString.o)
 .data          0x0000000000800305        0x0 /home/chris/Workspace/PlusPonics/code/ArduinoCore/Release/libArduinoCore.a(new.o)
 .data          0x0000000000800305        0x0 /home/chris/Workspace/PlusPonics/code/ArduinoCore/Release/libArduinoCore.a(wiring.o)
 .data          0x0000000000800305        0x0 /home/chris/Workspace/PlusPonics/code/ArduinoCore/Release/libArduinoCore.a(wiring_digital.o)
 .data          0x0000000000800305        0x0 /home/chris/Workspace/PlusPonics/code/ArduinoCore/Release/libArduinoCore.a(realloc.o)
 .data          0x0000000000800305        0x0 /home/chris/Software/arduino-1.0.5/hardware/tools/avr/bin/../lib/gcc/avr/4.3.2/avr6/libgcc.a(_mulsi3.o)
 .data          0x0000000000800305        0x0 /home/chris/Software/arduino-1.0.5/hardware/tools/avr/bin/../lib/gcc/avr/4.3.2/avr6/libgcc.a(_udivmodsi4.o)
 .data          0x0000000000800305        0x0 /home/chris/Software/arduino-1.0.5/hardware/tools/avr/bin/../lib/gcc/avr/4.3.2/avr6/libgcc.a(_exit.o)
 .data          0x0000000000800305        0x0 /home/chris/Software/arduino-1.0.5/hardware/tools/avr/bin/../lib/gcc/avr/4.3.2/avr6/libgcc.a(_clear_bss.o)
 .data          0x0000000000800305        0x0 /home/chris/Software/arduino-1.0.5/hardware/tools/avr/bin/../lib/gcc/avr/4.3.2/avr6/libgcc.a(_ctors.o)
 .data          0x0000000000800305        0x0 /home/chris/Software/arduino-1.0.5/hardware/tools/avr/bin/../lib/gcc/avr/4.3.2/avr6/libgcc.a(_dtors.o)
 .data          0x0000000000800305        0x0 /home/chris/Software/arduino-1.0.5/hardware/tools/avr/bin/../lib/gcc/avr/4.3.2/avr6/libgcc.a(_fixunssfsi.o)
 .data          0x0000000000800305        0x0 /home/chris/Software/arduino-1.0.5/hardware/tools/avr/bin/../lib/gcc/avr/4.3.2/avr6/libgcc.a(_addsub_sf.o)
 .data          0x0000000000800305        0x0 /home/chris/Software/arduino-1.0.5/hardware/tools/avr/bin/../lib/gcc/avr/4.3.2/avr6/libgcc.a(_mul_sf.o)
 .data          0x0000000000800305        0x0 /home/chris/Software/arduino-1.0.5/hardware/tools/avr/bin/../lib/gcc/avr/4.3.2/avr6/libgcc.a(_div_sf.o)
 .data          0x0000000000800305        0x0 /home/chris/Software/arduino-1.0.5/hardware/tools/avr/bin/../lib/gcc/avr/4.3.2/avr6/libgcc.a(_gt_sf.o)
 .data          0x0000000000800305        0x0 /home/chris/Software/arduino-1.0.5/hardware/tools/avr/bin/../lib/gcc/avr/4.3.2/avr6/libgcc.a(_ge_sf.o)
 .data          0x0000000000800305        0x0 /home/chris/Software/arduino-1.0.5/hardware/tools/avr/bin/../lib/gcc/avr/4.3.2/avr6/libgcc.a(_lt_sf.o)
 .data          0x0000000000800305        0x0 /home/chris/Software/arduino-1.0.5/hardware/tools/avr/bin/../lib/gcc/avr/4.3.2/avr6/libgcc.a(_le_sf.o)
 .data          0x0000000000800305        0x0 /home/chris/Software/arduino-1.0.5/hardware/tools/avr/bin/../lib/gcc/avr/4.3.2/avr6/libgcc.a(_unord_sf.o)
 .data          0x0000000000800305        0x0 /home/chris/Software/arduino-1.0.5/hardware/tools/avr/bin/../lib/gcc/avr/4.3.2/avr6/libgcc.a(_si_to_sf.o)
 .data          0x0000000000800305        0x0 /home/chris/Software/arduino-1.0.5/hardware/tools/avr/bin/../lib/gcc/avr/4.3.2/avr6/libgcc.a(_sf_to_si.o)
 .data          0x0000000000800305        0x8 /home/chris/Software/arduino-1.0.5/hardware/tools/avr/bin/../lib/gcc/avr/4.3.2/avr6/libgcc.a(_thenan_sf.o)
                0x0000000000800305                __thenan_sf
 .data          0x000000000080030d        0x0 /home/chris/Software/arduino-1.0.5/hardware/tools/avr/bin/../lib/gcc/avr/4.3.2/avr6/libgcc.a(_usi_to_sf.o)
 .data          0x000000000080030d        0x0 /home/chris/Software/arduino-1.0.5/hardware/tools/avr/bin/../lib/gcc/avr/4.3.2/avr6/libgcc.a(_prologue.o)
 .data          0x000000000080030d        0x0 /home/chris/Software/arduino-1.0.5/hardware/tools/avr/bin/../lib/gcc/avr/4.3.2/avr6/libgcc.a(_epilogue.o)
 .data          0x000000000080030d        0x0 /home/chris/Software/arduino-1.0.5/hardware/tools/avr/bin/../lib/gcc/avr/4.3.2/avr6/libgcc.a(_tablejump.o)
 .data          0x000000000080030d        0x0 /home/chris/Software/arduino-1.0.5/hardware/tools/avr/bin/../lib/gcc/avr/4.3.2/avr6/libgcc.a(_clzsi2.o)
 .data          0x000000000080030d        0x0 /home/chris/Software/arduino-1.0.5/hardware/tools/avr/bin/../lib/gcc/avr/4.3.2/avr6/libgcc.a(_pack_sf.o)
 .data          0x000000000080030d        0x0 /home/chris/Software/arduino-1.0.5/hardware/tools/avr/bin/../lib/gcc/avr/4.3.2/avr6/libgcc.a(_unpack_sf.o)
 .data          0x000000000080030d        0x0 /home/chris/Software/arduino-1.0.5/hardware/tools/avr/bin/../lib/gcc/avr/4.3.2/avr6/libgcc.a(_fpcmp_parts_sf.o)
 .data          0x000000000080030d      0x100 /home/chris/Software/arduino-1.0.5/hardware/tools/avr/bin/../lib/gcc/avr/4.3.2/avr6/libgcc.a(_clz.o)
                0x000000000080030d                __clz_tab
 .data          0x000000000080040d        0x0 /home/chris/Software/arduino-1.0.5/hardware/tools/avr/bin/../lib/gcc/avr/4.3.2/../../../avr/lib/avr6/libc.a(atoi.o)
 .data          0x000000000080040d        0x0 /home/chris/Software/arduino-1.0.5/hardware/tools/avr/bin/../lib/gcc/avr/4.3.2/../../../avr/lib/avr6/libc.a(atol.o)
 .data          0x000000000080040d        0x0 /home/chris/Software/arduino-1.0.5/hardware/tools/avr/bin/../lib/gcc/avr/4.3.2/../../../avr/lib/avr6/libc.a(isspace.o)
 .data          0x000000000080040d        0x0 /home/chris/Software/arduino-1.0.5/hardware/tools/avr/bin/../lib/gcc/avr/4.3.2/../../../avr/lib/avr6/libc.a(tolower.o)
 .data          0x000000000080040d        0x0 /home/chris/Software/arduino-1.0.5/hardware/tools/avr/bin/../lib/gcc/avr/4.3.2/../../../avr/lib/avr6/libc.a(toupper.o)
 .data          0x000000000080040d        0x0 /home/chris/Software/arduino-1.0.5/hardware/tools/avr/bin/../lib/gcc/avr/4.3.2/../../../avr/lib/avr6/libc.a(memcpy_P.o)
 .data          0x000000000080040d        0x0 /home/chris/Software/arduino-1.0.5/hardware/tools/avr/bin/../lib/gcc/avr/4.3.2/../../../avr/lib/avr6/libc.a(memcpy.o)
 .data          0x000000000080040d        0x0 /home/chris/Software/arduino-1.0.5/hardware/tools/avr/bin/../lib/gcc/avr/4.3.2/../../../avr/lib/avr6/libc.a(memmove.o)
 .data          0x000000000080040d        0x0 /home/chris/Software/arduino-1.0.5/hardware/tools/avr/bin/../lib/gcc/avr/4.3.2/../../../avr/lib/avr6/libc.a(strcat.o)
 .data          0x000000000080040d        0x0 /home/chris/Software/arduino-1.0.5/hardware/tools/avr/bin/../lib/gcc/avr/4.3.2/../../../avr/lib/avr6/libc.a(strchr.o)
 .data          0x000000000080040d        0x0 /home/chris/Software/arduino-1.0.5/hardware/tools/avr/bin/../lib/gcc/avr/4.3.2/../../../avr/lib/avr6/libc.a(strcmp.o)
 .data          0x000000000080040d        0x0 /home/chris/Software/arduino-1.0.5/hardware/tools/avr/bin/../lib/gcc/avr/4.3.2/../../../avr/lib/avr6/libc.a(strcpy.o)
 .data          0x000000000080040d        0x0 /home/chris/Software/arduino-1.0.5/hardware/tools/avr/bin/../lib/gcc/avr/4.3.2/../../../avr/lib/avr6/libc.a(strncmp.o)
 .data          0x000000000080040d        0x0 /home/chris/Software/arduino-1.0.5/hardware/tools/avr/bin/../lib/gcc/avr/4.3.2/../../../avr/lib/avr6/libc.a(strncpy.o)
 .data          0x000000000080040d        0x0 /home/chris/Software/arduino-1.0.5/hardware/tools/avr/bin/../lib/gcc/avr/4.3.2/../../../avr/lib/avr6/libc.a(strrchr.o)
 .data          0x000000000080040d        0x0 /home/chris/Software/arduino-1.0.5/hardware/tools/avr/bin/../lib/gcc/avr/4.3.2/../../../avr/lib/avr6/libc.a(strstr.o)
 .data          0x000000000080040d        0x0 /home/chris/Software/arduino-1.0.5/hardware/tools/avr/bin/../lib/gcc/avr/4.3.2/../../../avr/lib/avr6/libc.a(itoa.o)
 .data          0x000000000080040d        0x0 /home/chris/Software/arduino-1.0.5/hardware/tools/avr/bin/../lib/gcc/avr/4.3.2/../../../avr/lib/avr6/libc.a(ltoa.o)
 .data          0x000000000080040d        0x0 /home/chris/Software/arduino-1.0.5/hardware/tools/avr/bin/../lib/gcc/avr/4.3.2/../../../avr/lib/avr6/libc.a(mulsi10.o)
 .data          0x000000000080040d        0x0 /home/chris/Software/arduino-1.0.5/hardware/tools/avr/bin/../lib/gcc/avr/4.3.2/../../../avr/lib/avr6/libc.a(mul10.o)
 .data          0x000000000080040d        0x0 /home/chris/Software/arduino-1.0.5/hardware/tools/avr/bin/../lib/gcc/avr/4.3.2/../../../avr/lib/avr6/libc.a(ultoa.o)
 .data          0x000000000080040d        0x0 /home/chris/Software/arduino-1.0.5/hardware/tools/avr/bin/../lib/gcc/avr/4.3.2/../../../avr/lib/avr6/libc.a(utoa.o)
 .data          0x000000000080040d        0x0 /home/chris/Software/arduino-1.0.5/hardware/tools/avr/bin/../lib/gcc/avr/4.3.2/../../../avr/lib/avr6/libc.a(vsnprintf.o)
 .data          0x000000000080040d        0x0 /home/chris/Software/arduino-1.0.5/hardware/tools/avr/bin/../lib/gcc/avr/4.3.2/../../../avr/lib/avr6/libc.a(vfprintf_std.o)
 .data          0x000000000080040d        0x0 /home/chris/Software/arduino-1.0.5/hardware/tools/avr/bin/../lib/gcc/avr/4.3.2/../../../avr/lib/avr6/libc.a(cty_isfalse.o)
 .data          0x000000000080040d        0x0 /home/chris/Software/arduino-1.0.5/hardware/tools/avr/bin/../lib/gcc/avr/4.3.2/../../../avr/lib/avr6/libc.a(strnlen_P.o)
 .data          0x000000000080040d        0x0 /home/chris/Software/arduino-1.0.5/hardware/tools/avr/bin/../lib/gcc/avr/4.3.2/../../../avr/lib/avr6/libc.a(strnlen.o)
 .data          0x000000000080040d        0x0 /home/chris/Software/arduino-1.0.5/hardware/tools/avr/bin/../lib/gcc/avr/4.3.2/../../../avr/lib/avr6/libc.a(strrev.o)
 .data          0x000000000080040d        0x0 /home/chris/Software/arduino-1.0.5/hardware/tools/avr/bin/../lib/gcc/avr/4.3.2/../../../avr/lib/avr6/libc.a(fputc.o)
 .data          0x000000000080040d        0x0 /home/chris/Software/arduino-1.0.5/hardware/tools/avr/bin/../lib/gcc/avr/4.3.2/../../../avr/lib/avr6/libc.a(ultoa_invert.o)
 .data          0x000000000080040d        0x0 /home/chris/Software/arduino-1.0.5/hardware/tools/avr/bin/../lib/gcc/avr/4.3.2/avr6/libgcc.a(_udivmodhi4.o)
 *(.data*)
 *(.rodata)
 *(.rodata*)
 *(.gnu.linkonce.d*)
                0x000000000080040e                . = ALIGN (0x2)
 *fill*         0x000000000080040d        0x1 00
                0x000000000080040e                _edata = .
                0x000000000080040e                PROVIDE (__data_end, .)

.bss            0x000000000080040e      0x305 load address 0x0000000000006dbc
                0x000000000080040e                PROVIDE (__bss_start, .)
 *(.bss)
 .bss           0x000000000080040e        0x0 /home/chris/Software/arduino-1.0.5/hardware/tools/avr/bin/../lib/gcc/avr/4.3.2/../../../avr/lib/avr6/crtm2560.o
 .bss           0x000000000080040e        0x0 ./lib/SipHash/HexConversionUtils.o
 .bss           0x000000000080040e       0x2c ./lib/SipHash/SipHash_2_4.o
                0x000000000080040e                sipHash
 .bss           0x000000000080043a        0x0 ./lib/SipHash/siphash_2_4_asm.o
 .bss           0x000000000080043a        0x7 ./AbstractCommunication.o
                0x000000000080043a                AbstractCommunication::DEFAULT_LOCATION
 .bss           0x0000000000800441        0x9 ./GlobalReceiver.o
 .bss           0x000000000080044a        0x0 ./LogicTC.o
 .bss           0x000000000080044a        0x0 ./SerialCom.o
 .bss           0x000000000080044a        0x0 ./TC.o
 .bss           0x000000000080044a        0x2 ./TCProcessor.o
                0x000000000080044a                std::__malloc_alloc_template<0>::__malloc_alloc_oom_handler
 .bss           0x000000000080044c       0x11 ./main.o
                0x0000000000800455                tcProcessor
                0x000000000080044c                com
                0x000000000080044f                glrcv
 .bss           0x000000000080045d        0x0 /home/chris/Workspace/PlusPonics/code/ArduinoCore/Release/libArduinoCore.a(malloc.o)
 .bss           0x000000000080045d      0x2a8 /home/chris/Workspace/PlusPonics/code/ArduinoCore/Release/libArduinoCore.a(HardwareSerial.o)
                0x000000000080069f                Serial1
                0x00000000008004e5                rx_buffer1
                0x00000000008006e3                Serial3
                0x000000000080045d                rx_buffer
                0x00000000008004a1                tx_buffer
                0x00000000008005b1                tx_buffer2
                0x000000000080067d                Serial
                0x0000000000800639                tx_buffer3
                0x000000000080056d                rx_buffer2
                0x0000000000800529                tx_buffer1
                0x00000000008005f5                rx_buffer3
                0x00000000008006c1                Serial2
 .bss           0x0000000000800705        0x0 /home/chris/Workspace/PlusPonics/code/ArduinoCore/Release/libArduinoCore.a(Print.o)
 .bss           0x0000000000800705        0x0 /home/chris/Workspace/PlusPonics/code/ArduinoCore/Release/libArduinoCore.a(Stream.o)
 .bss           0x0000000000800705        0x1 /home/chris/Workspace/PlusPonics/code/ArduinoCore/Release/libArduinoCore.a(WString.o)
 .bss           0x0000000000800706        0x0 /home/chris/Workspace/PlusPonics/code/ArduinoCore/Release/libArduinoCore.a(new.o)
 .bss           0x0000000000800706        0x9 /home/chris/Workspace/PlusPonics/code/ArduinoCore/Release/libArduinoCore.a(wiring.o)
                0x0000000000800706                timer0_overflow_count
                0x000000000080070a                timer0_millis
 .bss           0x000000000080070f        0x0 /home/chris/Workspace/PlusPonics/code/ArduinoCore/Release/libArduinoCore.a(wiring_digital.o)
 .bss           0x000000000080070f        0x0 /home/chris/Workspace/PlusPonics/code/ArduinoCore/Release/libArduinoCore.a(realloc.o)
 .bss           0x000000000080070f        0x0 /home/chris/Software/arduino-1.0.5/hardware/tools/avr/bin/../lib/gcc/avr/4.3.2/avr6/libgcc.a(_mulsi3.o)
 .bss           0x000000000080070f        0x0 /home/chris/Software/arduino-1.0.5/hardware/tools/avr/bin/../lib/gcc/avr/4.3.2/avr6/libgcc.a(_udivmodsi4.o)
 .bss           0x000000000080070f        0x0 /home/chris/Software/arduino-1.0.5/hardware/tools/avr/bin/../lib/gcc/avr/4.3.2/avr6/libgcc.a(_exit.o)
 .bss           0x000000000080070f        0x0 /home/chris/Software/arduino-1.0.5/hardware/tools/avr/bin/../lib/gcc/avr/4.3.2/avr6/libgcc.a(_clear_bss.o)
 .bss           0x000000000080070f        0x0 /home/chris/Software/arduino-1.0.5/hardware/tools/avr/bin/../lib/gcc/avr/4.3.2/avr6/libgcc.a(_ctors.o)
 .bss           0x000000000080070f        0x0 /home/chris/Software/arduino-1.0.5/hardware/tools/avr/bin/../lib/gcc/avr/4.3.2/avr6/libgcc.a(_dtors.o)
 .bss           0x000000000080070f        0x0 /home/chris/Software/arduino-1.0.5/hardware/tools/avr/bin/../lib/gcc/avr/4.3.2/avr6/libgcc.a(_fixunssfsi.o)
 .bss           0x000000000080070f        0x0 /home/chris/Software/arduino-1.0.5/hardware/tools/avr/bin/../lib/gcc/avr/4.3.2/avr6/libgcc.a(_addsub_sf.o)
 .bss           0x000000000080070f        0x0 /home/chris/Software/arduino-1.0.5/hardware/tools/avr/bin/../lib/gcc/avr/4.3.2/avr6/libgcc.a(_mul_sf.o)
 .bss           0x000000000080070f        0x0 /home/chris/Software/arduino-1.0.5/hardware/tools/avr/bin/../lib/gcc/avr/4.3.2/avr6/libgcc.a(_div_sf.o)
 .bss           0x000000000080070f        0x0 /home/chris/Software/arduino-1.0.5/hardware/tools/avr/bin/../lib/gcc/avr/4.3.2/avr6/libgcc.a(_gt_sf.o)
 .bss           0x000000000080070f        0x0 /home/chris/Software/arduino-1.0.5/hardware/tools/avr/bin/../lib/gcc/avr/4.3.2/avr6/libgcc.a(_ge_sf.o)
 .bss           0x000000000080070f        0x0 /home/chris/Software/arduino-1.0.5/hardware/tools/avr/bin/../lib/gcc/avr/4.3.2/avr6/libgcc.a(_lt_sf.o)
 .bss           0x000000000080070f        0x0 /home/chris/Software/arduino-1.0.5/hardware/tools/avr/bin/../lib/gcc/avr/4.3.2/avr6/libgcc.a(_le_sf.o)
 .bss           0x000000000080070f        0x0 /home/chris/Software/arduino-1.0.5/hardware/tools/avr/bin/../lib/gcc/avr/4.3.2/avr6/libgcc.a(_unord_sf.o)
 .bss           0x000000000080070f        0x0 /home/chris/Software/arduino-1.0.5/hardware/tools/avr/bin/../lib/gcc/avr/4.3.2/avr6/libgcc.a(_si_to_sf.o)
 .bss           0x000000000080070f        0x0 /home/chris/Software/arduino-1.0.5/hardware/tools/avr/bin/../lib/gcc/avr/4.3.2/avr6/libgcc.a(_sf_to_si.o)
 .bss           0x000000000080070f        0x0 /home/chris/Software/arduino-1.0.5/hardware/tools/avr/bin/../lib/gcc/avr/4.3.2/avr6/libgcc.a(_thenan_sf.o)
 .bss           0x000000000080070f        0x0 /home/chris/Software/arduino-1.0.5/hardware/tools/avr/bin/../lib/gcc/avr/4.3.2/avr6/libgcc.a(_usi_to_sf.o)
 .bss           0x000000000080070f        0x0 /home/chris/Software/arduino-1.0.5/hardware/tools/avr/bin/../lib/gcc/avr/4.3.2/avr6/libgcc.a(_prologue.o)
 .bss           0x000000000080070f        0x0 /home/chris/Software/arduino-1.0.5/hardware/tools/avr/bin/../lib/gcc/avr/4.3.2/avr6/libgcc.a(_epilogue.o)
 .bss           0x000000000080070f        0x0 /home/chris/Software/arduino-1.0.5/hardware/tools/avr/bin/../lib/gcc/avr/4.3.2/avr6/libgcc.a(_tablejump.o)
 .bss           0x000000000080070f        0x0 /home/chris/Software/arduino-1.0.5/hardware/tools/avr/bin/../lib/gcc/avr/4.3.2/avr6/libgcc.a(_clzsi2.o)
 .bss           0x000000000080070f        0x0 /home/chris/Software/arduino-1.0.5/hardware/tools/avr/bin/../lib/gcc/avr/4.3.2/avr6/libgcc.a(_pack_sf.o)
 .bss           0x000000000080070f        0x0 /home/chris/Software/arduino-1.0.5/hardware/tools/avr/bin/../lib/gcc/avr/4.3.2/avr6/libgcc.a(_unpack_sf.o)
 .bss           0x000000000080070f        0x0 /home/chris/Software/arduino-1.0.5/hardware/tools/avr/bin/../lib/gcc/avr/4.3.2/avr6/libgcc.a(_fpcmp_parts_sf.o)
 .bss           0x000000000080070f        0x0 /home/chris/Software/arduino-1.0.5/hardware/tools/avr/bin/../lib/gcc/avr/4.3.2/avr6/libgcc.a(_clz.o)
 .bss           0x000000000080070f        0x0 /home/chris/Software/arduino-1.0.5/hardware/tools/avr/bin/../lib/gcc/avr/4.3.2/../../../avr/lib/avr6/libc.a(atoi.o)
 .bss           0x000000000080070f        0x0 /home/chris/Software/arduino-1.0.5/hardware/tools/avr/bin/../lib/gcc/avr/4.3.2/../../../avr/lib/avr6/libc.a(atol.o)
 .bss           0x000000000080070f        0x0 /home/chris/Software/arduino-1.0.5/hardware/tools/avr/bin/../lib/gcc/avr/4.3.2/../../../avr/lib/avr6/libc.a(isspace.o)
 .bss           0x000000000080070f        0x0 /home/chris/Software/arduino-1.0.5/hardware/tools/avr/bin/../lib/gcc/avr/4.3.2/../../../avr/lib/avr6/libc.a(tolower.o)
 .bss           0x000000000080070f        0x0 /home/chris/Software/arduino-1.0.5/hardware/tools/avr/bin/../lib/gcc/avr/4.3.2/../../../avr/lib/avr6/libc.a(toupper.o)
 .bss           0x000000000080070f        0x0 /home/chris/Software/arduino-1.0.5/hardware/tools/avr/bin/../lib/gcc/avr/4.3.2/../../../avr/lib/avr6/libc.a(memcpy_P.o)
 .bss           0x000000000080070f        0x0 /home/chris/Software/arduino-1.0.5/hardware/tools/avr/bin/../lib/gcc/avr/4.3.2/../../../avr/lib/avr6/libc.a(memcpy.o)
 .bss           0x000000000080070f        0x0 /home/chris/Software/arduino-1.0.5/hardware/tools/avr/bin/../lib/gcc/avr/4.3.2/../../../avr/lib/avr6/libc.a(memmove.o)
 .bss           0x000000000080070f        0x0 /home/chris/Software/arduino-1.0.5/hardware/tools/avr/bin/../lib/gcc/avr/4.3.2/../../../avr/lib/avr6/libc.a(strcat.o)
 .bss           0x000000000080070f        0x0 /home/chris/Software/arduino-1.0.5/hardware/tools/avr/bin/../lib/gcc/avr/4.3.2/../../../avr/lib/avr6/libc.a(strchr.o)
 .bss           0x000000000080070f        0x0 /home/chris/Software/arduino-1.0.5/hardware/tools/avr/bin/../lib/gcc/avr/4.3.2/../../../avr/lib/avr6/libc.a(strcmp.o)
 .bss           0x000000000080070f        0x0 /home/chris/Software/arduino-1.0.5/hardware/tools/avr/bin/../lib/gcc/avr/4.3.2/../../../avr/lib/avr6/libc.a(strcpy.o)
 .bss           0x000000000080070f        0x0 /home/chris/Software/arduino-1.0.5/hardware/tools/avr/bin/../lib/gcc/avr/4.3.2/../../../avr/lib/avr6/libc.a(strncmp.o)
 .bss           0x000000000080070f        0x0 /home/chris/Software/arduino-1.0.5/hardware/tools/avr/bin/../lib/gcc/avr/4.3.2/../../../avr/lib/avr6/libc.a(strncpy.o)
 .bss           0x000000000080070f        0x0 /home/chris/Software/arduino-1.0.5/hardware/tools/avr/bin/../lib/gcc/avr/4.3.2/../../../avr/lib/avr6/libc.a(strrchr.o)
 .bss           0x000000000080070f        0x0 /home/chris/Software/arduino-1.0.5/hardware/tools/avr/bin/../lib/gcc/avr/4.3.2/../../../avr/lib/avr6/libc.a(strstr.o)
 .bss           0x000000000080070f        0x0 /home/chris/Software/arduino-1.0.5/hardware/tools/avr/bin/../lib/gcc/avr/4.3.2/../../../avr/lib/avr6/libc.a(itoa.o)
 .bss           0x000000000080070f        0x0 /home/chris/Software/arduino-1.0.5/hardware/tools/avr/bin/../lib/gcc/avr/4.3.2/../../../avr/lib/avr6/libc.a(ltoa.o)
 .bss           0x000000000080070f        0x0 /home/chris/Software/arduino-1.0.5/hardware/tools/avr/bin/../lib/gcc/avr/4.3.2/../../../avr/lib/avr6/libc.a(mulsi10.o)
 .bss           0x000000000080070f        0x0 /home/chris/Software/arduino-1.0.5/hardware/tools/avr/bin/../lib/gcc/avr/4.3.2/../../../avr/lib/avr6/libc.a(mul10.o)
 .bss           0x000000000080070f        0x0 /home/chris/Software/arduino-1.0.5/hardware/tools/avr/bin/../lib/gcc/avr/4.3.2/../../../avr/lib/avr6/libc.a(ultoa.o)
 .bss           0x000000000080070f        0x0 /home/chris/Software/arduino-1.0.5/hardware/tools/avr/bin/../lib/gcc/avr/4.3.2/../../../avr/lib/avr6/libc.a(utoa.o)
 .bss           0x000000000080070f        0x0 /home/chris/Software/arduino-1.0.5/hardware/tools/avr/bin/../lib/gcc/avr/4.3.2/../../../avr/lib/avr6/libc.a(vsnprintf.o)
 .bss           0x000000000080070f        0x0 /home/chris/Software/arduino-1.0.5/hardware/tools/avr/bin/../lib/gcc/avr/4.3.2/../../../avr/lib/avr6/libc.a(vfprintf_std.o)
 .bss           0x000000000080070f        0x0 /home/chris/Software/arduino-1.0.5/hardware/tools/avr/bin/../lib/gcc/avr/4.3.2/../../../avr/lib/avr6/libc.a(cty_isfalse.o)
 .bss           0x000000000080070f        0x0 /home/chris/Software/arduino-1.0.5/hardware/tools/avr/bin/../lib/gcc/avr/4.3.2/../../../avr/lib/avr6/libc.a(strnlen_P.o)
 .bss           0x000000000080070f        0x0 /home/chris/Software/arduino-1.0.5/hardware/tools/avr/bin/../lib/gcc/avr/4.3.2/../../../avr/lib/avr6/libc.a(strnlen.o)
 .bss           0x000000000080070f        0x0 /home/chris/Software/arduino-1.0.5/hardware/tools/avr/bin/../lib/gcc/avr/4.3.2/../../../avr/lib/avr6/libc.a(strrev.o)
 .bss           0x000000000080070f        0x0 /home/chris/Software/arduino-1.0.5/hardware/tools/avr/bin/../lib/gcc/avr/4.3.2/../../../avr/lib/avr6/libc.a(fputc.o)
 .bss           0x000000000080070f        0x0 /home/chris/Software/arduino-1.0.5/hardware/tools/avr/bin/../lib/gcc/avr/4.3.2/../../../avr/lib/avr6/libc.a(ultoa_invert.o)
 .bss           0x000000000080070f        0x0 /home/chris/Software/arduino-1.0.5/hardware/tools/avr/bin/../lib/gcc/avr/4.3.2/avr6/libgcc.a(_udivmodhi4.o)
 *(.bss*)
 *(COMMON)
 COMMON         0x000000000080070f        0x4 /home/chris/Workspace/PlusPonics/code/ArduinoCore/Release/libArduinoCore.a(malloc.o)
                0x000000000080070f                __brkval
                0x0000000000800711                __flp
                0x0000000000800713                PROVIDE (__bss_end, .)
                0x0000000000006bae                __data_load_start = LOADADDR (.data)
                0x0000000000006dbc                __data_load_end = (__data_load_start + SIZEOF (.data))

.noinit         0x0000000000800713        0x0
                0x0000000000800713                PROVIDE (__noinit_start, .)
 *(.noinit*)
                0x0000000000800713                PROVIDE (__noinit_end, .)
                0x0000000000800713                _end = .
                0x0000000000800713                PROVIDE (__heap_start, .)

.eeprom         0x0000000000810000        0x0
 *(.eeprom*)
                0x0000000000810000                __eeprom_end = .

.fuse
 *(.fuse)
 *(.lfuse)
 *(.hfuse)
 *(.efuse)

.lock
 *(.lock*)

.signature
 *(.signature*)

.stab
 *(.stab)

.stabstr
 *(.stabstr)

.stab.excl
 *(.stab.excl)

.stab.exclstr
 *(.stab.exclstr)

.stab.index
 *(.stab.index)

.stab.indexstr
 *(.stab.indexstr)

.comment
 *(.comment)

.debug
 *(.debug)

.line
 *(.line)

.debug_srcinfo
 *(.debug_srcinfo)

.debug_sfnames
 *(.debug_sfnames)

.debug_aranges
 *(.debug_aranges)

.debug_pubnames
 *(.debug_pubnames)

.debug_info
 *(.debug_info)
 *(.gnu.linkonce.wi.*)

.debug_abbrev
 *(.debug_abbrev)

.debug_line
 *(.debug_line)

.debug_frame
 *(.debug_frame)

.debug_str
 *(.debug_str)

.debug_loc
 *(.debug_loc)

.debug_macinfo
 *(.debug_macinfo)
OUTPUT(Embedded_SW.elf elf32-avr)
LOAD linker stubs

Cross Reference Table

Symbol                                            File
AbstractCommunication::AbstractCommunication()    ./AbstractCommunication.o
AbstractCommunication::AbstractCommunication()    ./AbstractCommunication.o
                                                  ./SerialCom.o
AbstractCommunication::DEFAULT_LOCATION           ./AbstractCommunication.o
AbstractCommunication::error(String)              ./AbstractCommunication.o
AbstractCommunication::error(String, String)      ./AbstractCommunication.o
AbstractCommunication::info(String)               ./AbstractCommunication.o
AbstractCommunication::info(String, String)       ./AbstractCommunication.o
                                                  ./main.o
AbstractCommunication::sendf(String, ...)         ./AbstractCommunication.o
                                                  ./GlobalReceiver.o
AbstractCommunication::setLevel(AbstractCommunication::DEBUG_LEVEL) ./AbstractCommunication.o
                                                  ./main.o
AbstractCommunication::warn(String)               ./AbstractCommunication.o
AbstractCommunication::warn(String, String)       ./AbstractCommunication.o
AbstractCommunication::~AbstractCommunication()   ./AbstractCommunication.o
AbstractCommunication::~AbstractCommunication()   ./AbstractCommunication.o
                                                  ./SerialCom.o
AbstractCommunication::~AbstractCommunication()   ./AbstractCommunication.o
GlobalReceiver::GlobalReceiver()                  ./GlobalReceiver.o
GlobalReceiver::GlobalReceiver()                  ./GlobalReceiver.o
                                                  ./main.o
GlobalReceiver::process()                         ./GlobalReceiver.o
                                                  ./main.o
GlobalReceiver::setCom(AbstractCommunication&)    ./GlobalReceiver.o
                                                  ./main.o
GlobalReceiver::setTCProcessor(TCProcessor&)      ./GlobalReceiver.o
                                                  ./main.o
GlobalReceiver::~GlobalReceiver()                 ./GlobalReceiver.o
                                                  ./main.o
GlobalReceiver::~GlobalReceiver()                 ./GlobalReceiver.o
GlobalReceiver::~GlobalReceiver()                 ./GlobalReceiver.o
HardwareSerial::HardwareSerial(ring_buffer*, ring_buffer*, unsigned char volatile*, unsigned char volatile*, unsigned char volatile*, unsigned char volatile*, unsigned char volatile*, unsigned char volatile*, unsigned char, unsigned char, unsigned char, unsigned char, unsigned char) /home/chris/Workspace/PlusPonics/code/ArduinoCore/Release/libArduinoCore.a(HardwareSerial.o)
HardwareSerial::HardwareSerial(ring_buffer*, ring_buffer*, unsigned char volatile*, unsigned char volatile*, unsigned char volatile*, unsigned char volatile*, unsigned char volatile*, unsigned char volatile*, unsigned char, unsigned char, unsigned char, unsigned char, unsigned char) /home/chris/Workspace/PlusPonics/code/ArduinoCore/Release/libArduinoCore.a(HardwareSerial.o)
HardwareSerial::available()                       /home/chris/Workspace/PlusPonics/code/ArduinoCore/Release/libArduinoCore.a(HardwareSerial.o)
                                                  ./SerialCom.o
HardwareSerial::begin(unsigned long)              /home/chris/Workspace/PlusPonics/code/ArduinoCore/Release/libArduinoCore.a(HardwareSerial.o)
                                                  ./SerialCom.o
HardwareSerial::begin(unsigned long, unsigned char) /home/chris/Workspace/PlusPonics/code/ArduinoCore/Release/libArduinoCore.a(HardwareSerial.o)
HardwareSerial::end()                             /home/chris/Workspace/PlusPonics/code/ArduinoCore/Release/libArduinoCore.a(HardwareSerial.o)
HardwareSerial::flush()                           /home/chris/Workspace/PlusPonics/code/ArduinoCore/Release/libArduinoCore.a(HardwareSerial.o)
HardwareSerial::operator bool()                   /home/chris/Workspace/PlusPonics/code/ArduinoCore/Release/libArduinoCore.a(HardwareSerial.o)
HardwareSerial::peek()                            /home/chris/Workspace/PlusPonics/code/ArduinoCore/Release/libArduinoCore.a(HardwareSerial.o)
HardwareSerial::read()                            /home/chris/Workspace/PlusPonics/code/ArduinoCore/Release/libArduinoCore.a(HardwareSerial.o)
HardwareSerial::write(unsigned char)              /home/chris/Workspace/PlusPonics/code/ArduinoCore/Release/libArduinoCore.a(HardwareSerial.o)
LogicTC::LogicTC(int, int)                        ./LogicTC.o
LogicTC::LogicTC(int, int)                        ./LogicTC.o
                                                  ./TCProcessor.o
LogicTC::exec_impl_()                             ./LogicTC.o
LogicTC::init()                                   ./LogicTC.o
LogicTC::~LogicTC()                               ./LogicTC.o
LogicTC::~LogicTC()                               ./LogicTC.o
LogicTC::~LogicTC()                               ./LogicTC.o
Print::print(Printable const&)                    /home/chris/Workspace/PlusPonics/code/ArduinoCore/Release/libArduinoCore.a(Print.o)
Print::print(String const&)                       /home/chris/Workspace/PlusPonics/code/ArduinoCore/Release/libArduinoCore.a(Print.o)
Print::print(__FlashStringHelper const*)          /home/chris/Workspace/PlusPonics/code/ArduinoCore/Release/libArduinoCore.a(Print.o)
Print::print(char const*)                         /home/chris/Workspace/PlusPonics/code/ArduinoCore/Release/libArduinoCore.a(Print.o)
Print::print(char)                                /home/chris/Workspace/PlusPonics/code/ArduinoCore/Release/libArduinoCore.a(Print.o)
Print::print(double, int)                         /home/chris/Workspace/PlusPonics/code/ArduinoCore/Release/libArduinoCore.a(Print.o)
Print::print(int, int)                            /home/chris/Workspace/PlusPonics/code/ArduinoCore/Release/libArduinoCore.a(Print.o)
Print::print(long, int)                           /home/chris/Workspace/PlusPonics/code/ArduinoCore/Release/libArduinoCore.a(Print.o)
Print::print(unsigned char, int)                  /home/chris/Workspace/PlusPonics/code/ArduinoCore/Release/libArduinoCore.a(Print.o)
Print::print(unsigned int, int)                   /home/chris/Workspace/PlusPonics/code/ArduinoCore/Release/libArduinoCore.a(Print.o)
Print::print(unsigned long, int)                  /home/chris/Workspace/PlusPonics/code/ArduinoCore/Release/libArduinoCore.a(Print.o)
Print::printFloat(double, unsigned char)          /home/chris/Workspace/PlusPonics/code/ArduinoCore/Release/libArduinoCore.a(Print.o)
Print::printNumber(unsigned long, unsigned char)  /home/chris/Workspace/PlusPonics/code/ArduinoCore/Release/libArduinoCore.a(Print.o)
Print::println()                                  /home/chris/Workspace/PlusPonics/code/ArduinoCore/Release/libArduinoCore.a(Print.o)
Print::println(Printable const&)                  /home/chris/Workspace/PlusPonics/code/ArduinoCore/Release/libArduinoCore.a(Print.o)
Print::println(String const&)                     /home/chris/Workspace/PlusPonics/code/ArduinoCore/Release/libArduinoCore.a(Print.o)
                                                  ./SerialCom.o
Print::println(__FlashStringHelper const*)        /home/chris/Workspace/PlusPonics/code/ArduinoCore/Release/libArduinoCore.a(Print.o)
Print::println(char const*)                       /home/chris/Workspace/PlusPonics/code/ArduinoCore/Release/libArduinoCore.a(Print.o)
Print::println(char)                              /home/chris/Workspace/PlusPonics/code/ArduinoCore/Release/libArduinoCore.a(Print.o)
Print::println(double, int)                       /home/chris/Workspace/PlusPonics/code/ArduinoCore/Release/libArduinoCore.a(Print.o)
Print::println(int, int)                          /home/chris/Workspace/PlusPonics/code/ArduinoCore/Release/libArduinoCore.a(Print.o)
Print::println(long, int)                         /home/chris/Workspace/PlusPonics/code/ArduinoCore/Release/libArduinoCore.a(Print.o)
Print::println(unsigned char, int)                /home/chris/Workspace/PlusPonics/code/ArduinoCore/Release/libArduinoCore.a(Print.o)
Print::println(unsigned int, int)                 /home/chris/Workspace/PlusPonics/code/ArduinoCore/Release/libArduinoCore.a(Print.o)
Print::println(unsigned long, int)                /home/chris/Workspace/PlusPonics/code/ArduinoCore/Release/libArduinoCore.a(Print.o)
Print::write(char const*)                         /home/chris/Workspace/PlusPonics/code/ArduinoCore/Release/libArduinoCore.a(Print.o)
Print::write(unsigned char const*, unsigned int)  /home/chris/Workspace/PlusPonics/code/ArduinoCore/Release/libArduinoCore.a(Print.o)
                                                  /home/chris/Workspace/PlusPonics/code/ArduinoCore/Release/libArduinoCore.a(HardwareSerial.o)
Serial                                            /home/chris/Workspace/PlusPonics/code/ArduinoCore/Release/libArduinoCore.a(HardwareSerial.o)
                                                  ./SerialCom.o
Serial1                                           /home/chris/Workspace/PlusPonics/code/ArduinoCore/Release/libArduinoCore.a(HardwareSerial.o)
Serial2                                           /home/chris/Workspace/PlusPonics/code/ArduinoCore/Release/libArduinoCore.a(HardwareSerial.o)
Serial3                                           /home/chris/Workspace/PlusPonics/code/ArduinoCore/Release/libArduinoCore.a(HardwareSerial.o)
SerialCom::SerialCom()                            ./SerialCom.o
SerialCom::SerialCom()                            ./SerialCom.o
                                                  ./main.o
SerialCom::init()                                 ./SerialCom.o
                                                  ./main.o
SerialCom::recv()                                 ./SerialCom.o
SerialCom::send(String)                           ./SerialCom.o
SerialCom::~SerialCom()                           ./SerialCom.o
                                                  ./main.o
SerialCom::~SerialCom()                           ./SerialCom.o
SerialCom::~SerialCom()                           ./SerialCom.o
SipHash_2_4::SipHash_2_4()                        ./lib/SipHash/SipHash_2_4.o
SipHash_2_4::SipHash_2_4()                        ./lib/SipHash/SipHash_2_4.o
SipHash_2_4::finish()                             ./lib/SipHash/SipHash_2_4.o
SipHash_2_4::hash(unsigned char*)                 ./lib/SipHash/SipHash_2_4.o
SipHash_2_4::initFromPROGMEM(unsigned char const*) ./lib/SipHash/SipHash_2_4.o
SipHash_2_4::initFromRAM(unsigned char const*)    ./lib/SipHash/SipHash_2_4.o
SipHash_2_4::siphash_round()                      ./lib/SipHash/SipHash_2_4.o
SipHash_2_4::updateHash(unsigned char)            ./lib/SipHash/SipHash_2_4.o
Stream::find(char*)                               /home/chris/Workspace/PlusPonics/code/ArduinoCore/Release/libArduinoCore.a(Stream.o)
Stream::find(char*, unsigned int)                 /home/chris/Workspace/PlusPonics/code/ArduinoCore/Release/libArduinoCore.a(Stream.o)
Stream::findUntil(char*, char*)                   /home/chris/Workspace/PlusPonics/code/ArduinoCore/Release/libArduinoCore.a(Stream.o)
Stream::findUntil(char*, unsigned int, char*, unsigned int) /home/chris/Workspace/PlusPonics/code/ArduinoCore/Release/libArduinoCore.a(Stream.o)
Stream::parseFloat()                              /home/chris/Workspace/PlusPonics/code/ArduinoCore/Release/libArduinoCore.a(Stream.o)
Stream::parseFloat(char)                          /home/chris/Workspace/PlusPonics/code/ArduinoCore/Release/libArduinoCore.a(Stream.o)
Stream::parseInt()                                /home/chris/Workspace/PlusPonics/code/ArduinoCore/Release/libArduinoCore.a(Stream.o)
Stream::parseInt(char)                            /home/chris/Workspace/PlusPonics/code/ArduinoCore/Release/libArduinoCore.a(Stream.o)
Stream::peekNextDigit()                           /home/chris/Workspace/PlusPonics/code/ArduinoCore/Release/libArduinoCore.a(Stream.o)
Stream::readBytes(char*, unsigned int)            /home/chris/Workspace/PlusPonics/code/ArduinoCore/Release/libArduinoCore.a(Stream.o)
Stream::readBytesUntil(char, char*, unsigned int) /home/chris/Workspace/PlusPonics/code/ArduinoCore/Release/libArduinoCore.a(Stream.o)
Stream::readString()                              /home/chris/Workspace/PlusPonics/code/ArduinoCore/Release/libArduinoCore.a(Stream.o)
                                                  ./SerialCom.o
Stream::readStringUntil(char)                     /home/chris/Workspace/PlusPonics/code/ArduinoCore/Release/libArduinoCore.a(Stream.o)
Stream::setTimeout(unsigned long)                 /home/chris/Workspace/PlusPonics/code/ArduinoCore/Release/libArduinoCore.a(Stream.o)
Stream::timedPeek()                               /home/chris/Workspace/PlusPonics/code/ArduinoCore/Release/libArduinoCore.a(Stream.o)
Stream::timedRead()                               /home/chris/Workspace/PlusPonics/code/ArduinoCore/Release/libArduinoCore.a(Stream.o)
String::String(String const&)                     /home/chris/Workspace/PlusPonics/code/ArduinoCore/Release/libArduinoCore.a(WString.o)
                                                  ./AbstractCommunication.o
String::String(String const&)                     /home/chris/Workspace/PlusPonics/code/ArduinoCore/Release/libArduinoCore.a(WString.o)
String::String(char const*)                       /home/chris/Workspace/PlusPonics/code/ArduinoCore/Release/libArduinoCore.a(WString.o)
                                                  /home/chris/Workspace/PlusPonics/code/ArduinoCore/Release/libArduinoCore.a(Stream.o)
                                                  ./main.o
                                                  ./SerialCom.o
                                                  ./GlobalReceiver.o
                                                  ./AbstractCommunication.o
String::String(char const*)                       /home/chris/Workspace/PlusPonics/code/ArduinoCore/Release/libArduinoCore.a(WString.o)
                                                  ./AbstractCommunication.o
String::String(char)                              /home/chris/Workspace/PlusPonics/code/ArduinoCore/Release/libArduinoCore.a(WString.o)
String::String(char)                              /home/chris/Workspace/PlusPonics/code/ArduinoCore/Release/libArduinoCore.a(WString.o)
String::String(int, unsigned char)                /home/chris/Workspace/PlusPonics/code/ArduinoCore/Release/libArduinoCore.a(WString.o)
String::String(int, unsigned char)                /home/chris/Workspace/PlusPonics/code/ArduinoCore/Release/libArduinoCore.a(WString.o)
String::String(long, unsigned char)               /home/chris/Workspace/PlusPonics/code/ArduinoCore/Release/libArduinoCore.a(WString.o)
String::String(long, unsigned char)               /home/chris/Workspace/PlusPonics/code/ArduinoCore/Release/libArduinoCore.a(WString.o)
String::String(unsigned char, unsigned char)      /home/chris/Workspace/PlusPonics/code/ArduinoCore/Release/libArduinoCore.a(WString.o)
String::String(unsigned char, unsigned char)      /home/chris/Workspace/PlusPonics/code/ArduinoCore/Release/libArduinoCore.a(WString.o)
String::String(unsigned int, unsigned char)       /home/chris/Workspace/PlusPonics/code/ArduinoCore/Release/libArduinoCore.a(WString.o)
String::String(unsigned int, unsigned char)       /home/chris/Workspace/PlusPonics/code/ArduinoCore/Release/libArduinoCore.a(WString.o)
String::String(unsigned long, unsigned char)      /home/chris/Workspace/PlusPonics/code/ArduinoCore/Release/libArduinoCore.a(WString.o)
String::String(unsigned long, unsigned char)      /home/chris/Workspace/PlusPonics/code/ArduinoCore/Release/libArduinoCore.a(WString.o)
String::changeBuffer(unsigned int)                /home/chris/Workspace/PlusPonics/code/ArduinoCore/Release/libArduinoCore.a(WString.o)
String::charAt(unsigned int) const                /home/chris/Workspace/PlusPonics/code/ArduinoCore/Release/libArduinoCore.a(WString.o)
String::compareTo(String const&) const            /home/chris/Workspace/PlusPonics/code/ArduinoCore/Release/libArduinoCore.a(WString.o)
String::concat(String const&)                     /home/chris/Workspace/PlusPonics/code/ArduinoCore/Release/libArduinoCore.a(WString.o)
String::concat(char const*)                       /home/chris/Workspace/PlusPonics/code/ArduinoCore/Release/libArduinoCore.a(WString.o)
String::concat(char const*, unsigned int)         /home/chris/Workspace/PlusPonics/code/ArduinoCore/Release/libArduinoCore.a(WString.o)
String::concat(char)                              /home/chris/Workspace/PlusPonics/code/ArduinoCore/Release/libArduinoCore.a(WString.o)
                                                  /home/chris/Workspace/PlusPonics/code/ArduinoCore/Release/libArduinoCore.a(Stream.o)
String::concat(int)                               /home/chris/Workspace/PlusPonics/code/ArduinoCore/Release/libArduinoCore.a(WString.o)
String::concat(long)                              /home/chris/Workspace/PlusPonics/code/ArduinoCore/Release/libArduinoCore.a(WString.o)
String::concat(unsigned char)                     /home/chris/Workspace/PlusPonics/code/ArduinoCore/Release/libArduinoCore.a(WString.o)
String::concat(unsigned int)                      /home/chris/Workspace/PlusPonics/code/ArduinoCore/Release/libArduinoCore.a(WString.o)
String::concat(unsigned long)                     /home/chris/Workspace/PlusPonics/code/ArduinoCore/Release/libArduinoCore.a(WString.o)
String::copy(char const*, unsigned int)           /home/chris/Workspace/PlusPonics/code/ArduinoCore/Release/libArduinoCore.a(WString.o)
String::endsWith(String const&) const             /home/chris/Workspace/PlusPonics/code/ArduinoCore/Release/libArduinoCore.a(WString.o)
String::equals(String const&) const               /home/chris/Workspace/PlusPonics/code/ArduinoCore/Release/libArduinoCore.a(WString.o)
String::equals(char const*) const                 /home/chris/Workspace/PlusPonics/code/ArduinoCore/Release/libArduinoCore.a(WString.o)
String::equalsIgnoreCase(String const&) const     /home/chris/Workspace/PlusPonics/code/ArduinoCore/Release/libArduinoCore.a(WString.o)
String::getBytes(unsigned char*, unsigned int, unsigned int) const /home/chris/Workspace/PlusPonics/code/ArduinoCore/Release/libArduinoCore.a(WString.o)
String::indexOf(String const&) const              /home/chris/Workspace/PlusPonics/code/ArduinoCore/Release/libArduinoCore.a(WString.o)
String::indexOf(String const&, unsigned int) const /home/chris/Workspace/PlusPonics/code/ArduinoCore/Release/libArduinoCore.a(WString.o)
String::indexOf(char) const                       /home/chris/Workspace/PlusPonics/code/ArduinoCore/Release/libArduinoCore.a(WString.o)
String::indexOf(char, unsigned int) const         /home/chris/Workspace/PlusPonics/code/ArduinoCore/Release/libArduinoCore.a(WString.o)
String::invalidate()                              /home/chris/Workspace/PlusPonics/code/ArduinoCore/Release/libArduinoCore.a(WString.o)
String::lastIndexOf(String const&) const          /home/chris/Workspace/PlusPonics/code/ArduinoCore/Release/libArduinoCore.a(WString.o)
String::lastIndexOf(String const&, unsigned int) const /home/chris/Workspace/PlusPonics/code/ArduinoCore/Release/libArduinoCore.a(WString.o)
String::lastIndexOf(char) const                   /home/chris/Workspace/PlusPonics/code/ArduinoCore/Release/libArduinoCore.a(WString.o)