Archive member included because of file (symbol)

/home/chris/Workspace/PlusPonics/code/ArduinoCore/Release/libArduinoCore.a(malloc.o)
                              ./TCProcessor.o (malloc)
/home/chris/Workspace/PlusPonics/code/ArduinoCore/Release/libArduinoCore.a(HardwareSerial.o)
                              ./SerialCom.o (Serial)
/home/chris/Workspace/PlusPonics/code/ArduinoCore/Release/libArduinoCore.a(Print.o)
                              /home/chris/Workspace/PlusPonics/code/ArduinoCore/Release/libArduinoCore.a(HardwareSerial.o) (Print::write(unsigned char const*, unsigned int))
/home/chris/Workspace/PlusPonics/code/ArduinoCore/Release/libArduinoCore.a(Stream.o)
                              ./SerialCom.o (Stream::readString())
/home/chris/Workspace/PlusPonics/code/ArduinoCore/Release/libArduinoCore.a(WString.o)
                              /home/chris/Workspace/PlusPonics/code/ArduinoCore/Release/libArduinoCore.a(Print.o) (String::operator[](unsigned int) const)
/home/chris/Workspace/PlusPonics/code/ArduinoCore/Release/libArduinoCore.a(new.o)
                              ./AbstractCommunication.o (__cxa_pure_virtual)
/home/chris/Workspace/PlusPonics/code/ArduinoCore/Release/libArduinoCore.a(wiring.o)
                              /home/chris/Workspace/PlusPonics/code/ArduinoCore/Release/libArduinoCore.a(Stream.o) (millis)
/home/chris/Workspace/PlusPonics/code/ArduinoCore/Release/libArduinoCore.a(wiring_digital.o)
                              ./LogicTC.o (pinMode)
/home/chris/Workspace/PlusPonics/code/ArduinoCore/Release/libArduinoCore.a(realloc.o)
                              /home/chris/Workspace/PlusPonics/code/ArduinoCore/Release/libArduinoCore.a(WString.o) (realloc)
/home/chris/Software/arduino-1.0.5/hardware/tools/avr/bin/../lib/gcc/avr/4.3.2/avr6/libgcc.a(_mulsi3.o)
                              /home/chris/Workspace/PlusPonics/code/ArduinoCore/Release/libArduinoCore.a(Print.o) (__mulsi3)
/home/chris/Software/arduino-1.0.5/hardware/tools/avr/bin/../lib/gcc/avr/4.3.2/avr6/libgcc.a(_udivmodsi4.o)
                              /home/chris/Workspace/PlusPonics/code/ArduinoCore/Release/libArduinoCore.a(HardwareSerial.o) (__udivmodsi4)
/home/chris/Software/arduino-1.0.5/hardware/tools/avr/bin/../lib/gcc/avr/4.3.2/avr6/libgcc.a(_exit.o)
                              /home/chris/Software/arduino-1.0.5/hardware/tools/avr/bin/../lib/gcc/avr/4.3.2/../../../avr/lib/avr6/crtm2560.o (exit)
/home/chris/Software/arduino-1.0.5/hardware/tools/avr/bin/../lib/gcc/avr/4.3.2/avr6/libgcc.a(_clear_bss.o)
                              ./lib/SipHash/HexConversionUtils.o (__do_clear_bss)
/home/chris/Software/arduino-1.0.5/hardware/tools/avr/bin/../lib/gcc/avr/4.3.2/avr6/libgcc.a(_ctors.o)
                              ./lib/SipHash/SipHash_2_4.o (__do_global_ctors)
/home/chris/Software/arduino-1.0.5/hardware/tools/avr/bin/../lib/gcc/avr/4.3.2/avr6/libgcc.a(_dtors.o)
                              ./AbstractCommunication.o (__do_global_dtors)
/home/chris/Software/arduino-1.0.5/hardware/tools/avr/bin/../lib/gcc/avr/4.3.2/avr6/libgcc.a(_fixunssfsi.o)
                              /home/chris/Workspace/PlusPonics/code/ArduinoCore/Release/libArduinoCore.a(Print.o) (__fixunssfsi)
/home/chris/Software/arduino-1.0.5/hardware/tools/avr/bin/../lib/gcc/avr/4.3.2/avr6/libgcc.a(_addsub_sf.o)
                              /home/chris/Workspace/PlusPonics/code/ArduinoCore/Release/libArduinoCore.a(Print.o) (__subsf3)
/home/chris/Software/arduino-1.0.5/hardware/tools/avr/bin/../lib/gcc/avr/4.3.2/avr6/libgcc.a(_mul_sf.o)
                              /home/chris/Workspace/PlusPonics/code/ArduinoCore/Release/libArduinoCore.a(Print.o) (__mulsf3)
/home/chris/Software/arduino-1.0.5/hardware/tools/avr/bin/../lib/gcc/avr/4.3.2/avr6/libgcc.a(_div_sf.o)
                              /home/chris/Workspace/PlusPonics/code/ArduinoCore/Release/libArduinoCore.a(Print.o) (__divsf3)
/home/chris/Software/arduino-1.0.5/hardware/tools/avr/bin/../lib/gcc/avr/4.3.2/avr6/libgcc.a(_gt_sf.o)
                              /home/chris/Workspace/PlusPonics/code/ArduinoCore/Release/libArduinoCore.a(Print.o) (__gtsf2)
/home/chris/Software/arduino-1.0.5/hardware/tools/avr/bin/../lib/gcc/avr/4.3.2/avr6/libgcc.a(_ge_sf.o)
                              /home/chris/Software/arduino-1.0.5/hardware/tools/avr/bin/../lib/gcc/avr/4.3.2/avr6/libgcc.a(_fixunssfsi.o) (__gesf2)
/home/chris/Software/arduino-1.0.5/hardware/tools/avr/bin/../lib/gcc/avr/4.3.2/avr6/libgcc.a(_lt_sf.o)
                              /home/chris/Workspace/PlusPonics/code/ArduinoCore/Release/libArduinoCore.a(Print.o) (__ltsf2)
/home/chris/Software/arduino-1.0.5/hardware/tools/avr/bin/../lib/gcc/avr/4.3.2/avr6/libgcc.a(_le_sf.o)
                              /home/chris/Workspace/PlusPonics/code/ArduinoCore/Release/libArduinoCore.a(Print.o) (__lesf2)
/home/chris/Software/arduino-1.0.5/hardware/tools/avr/bin/../lib/gcc/avr/4.3.2/avr6/libgcc.a(_unord_sf.o)
[...]
Memory Configuration

Name             Origin             Length             Attributes
text             0x0000000000000000 0x0000000000100000 xr
data             0x0000000000800200 0x000000000000fe00 rw !x
eeprom           0x0000000000810000 0x0000000000010000 rw !x
fuse             0x0000000000820000 0x0000000000000400 rw !x
lock             0x0000000000830000 0x0000000000000400 rw !x
signature        0x0000000000840000 0x0000000000000400 rw !x
*default*        0x0000000000000000 0xffffffffffffffff

Linker script and memory map

Address of section .data set to 0x800200
LOAD /home/chris/Software/arduino-1.0.5/hardware/tools/avr/bin/../lib/gcc/avr/4.3.2/../../../avr/lib/avr6/crtm2560.o
LOAD ./lib/SipHash/HexConversionUtils.o
LOAD ./lib/SipHash/SipHash_2_4.o
LOAD ./lib/SipHash/siphash_2_4_asm.o
LOAD ./AbstractCommunication.o
LOAD ./AbstractTC.o
LOAD ./AbstractTM.o
LOAD ./GlobalReceiver.o
LOAD ./Limit.o
LOAD ./LogicTC.o
LOAD ./SerialCom.o
LOAD ./TCProcessor.o
LOAD ./main.o
LOAD /home/chris/Workspace/PlusPonics/code/ArduinoCore/Release/libArduinoCore.a
LOAD /home/chris/Software/arduino-1.0.5/hardware/tools/avr/bin/../lib/gcc/avr/4.3.2/avr6/libgcc.a
LOAD /home/chris/Software/arduino-1.0.5/hardware/tools/avr/bin/../lib/gcc/avr/4.3.2/../../../avr/lib/avr6/libm.a
LOAD /home/chris/Software/arduino-1.0.5/hardware/tools/avr/bin/../lib/gcc/avr/4.3.2/avr6/libgcc.a
LOAD /home/chris/Software/arduino-1.0.5/hardware/tools/avr/bin/../lib/gcc/avr/4.3.2/../../../avr/lib/avr6/libc.a
LOAD /home/chris/Software/arduino-1.0.5/hardware/tools/avr/bin/../lib/gcc/avr/4.3.2/avr6/libgcc.a

.hash
 *(.hash)

.dynsym
 *(.dynsym)

.dynstr
 *(.dynstr)

.gnu.version
 *(.gnu.version)

.gnu.version_d
 *(.gnu.version_d)

.gnu.version_r
 *(.gnu.version_r)

.rel.init
 *(.rel.init)

.rela.init
 *(.rela.init)

.rel.text
 *(.rel.text)
 *(.rel.text.*)
 *(.rel.gnu.linkonce.t*)

.rela.text
 *(.rela.text)
 *(.rela.text.*)
 *(.rela.gnu.linkonce.t*)

.rel.fini
 *(.rel.fini)

.rela.fini
 *(.rela.fini)

.rel.rodata
 *(.rel.rodata)
 *(.rel.rodata.*)
 *(.rel.gnu.linkonce.r*)

.rela.rodata
 *(.rela.rodata)
 *(.rela.rodata.*)
 *(.rela.gnu.linkonce.r*)

.rel.data
 *(.rel.data)
 *(.rel.data.*)
 *(.rel.gnu.linkonce.d*)

.rela.data
 *(.rela.data)
 *(.rela.data.*)
 *(.rela.gnu.linkonce.d*)

.rel.ctors
 *(.rel.ctors)

.rela.ctors
 *(.rela.ctors)

.rel.dtors
 *(.rel.dtors)

.rela.dtors
 *(.rela.dtors)

.rel.got
 *(.rel.got)

.rela.got
 *(.rela.got)

.rel.bss
 *(.rel.bss)

.rela.bss
 *(.rela.bss)

.rel.plt
 *(.rel.plt)

.rela.plt
 *(.rela.plt)

.text           0x0000000000000000     0x6c80
 *(.vectors)
 .vectors       0x0000000000000000       0xe4 /home/chris/Software/arduino-1.0.5/hardware/tools/avr/bin/../lib/gcc/avr/4.3.2/../../../avr/lib/avr6/crtm2560.o
                0x0000000000000000                __vectors
                0x0000000000000000                __vector_default
 *(.vectors)
 *(.progmem.gcc*)
 *(.progmem*)
 .progmem.data  0x00000000000000e4       0x20 ./lib/SipHash/SipHash_2_4.o
 .progmem.data  0x0000000000000104      0x120 /home/chris/Workspace/PlusPonics/code/ArduinoCore/Release/libArduinoCore.a(wiring_digital.o)
                0x0000000000000104                port_to_mode_PGM
                0x0000000000000152                digital_pin_to_port_PGM
                0x0000000000000198                digital_pin_to_bit_mask_PGM
                0x000000000000011e                port_to_output_PGM
                0x0000000000000138                port_to_input_PGM
                0x00000000000001de                digital_pin_to_timer_PGM
                0x0000000000000224                . = ALIGN (0x2)
                0x0000000000000224                __trampolines_start = .
 *(.trampolines)
 .trampolines   0x0000000000000224        0x0 linker stubs
 *(.trampolines*)
                0x0000000000000224                __trampolines_end = .
 *(.jumptables)
 *(.jumptables*)
 *(.lowtext)
 *(.lowtext*)
                0x0000000000000224                __ctors_start = .
 *(.ctors)
 .ctors         0x0000000000000224        0x2 ./lib/SipHash/SipHash_2_4.o
 .ctors         0x0000000000000226        0x2 ./AbstractCommunication.o
 .ctors         0x0000000000000228        0x2 ./main.o
 .ctors         0x000000000000022a        0x2 /home/chris/Workspace/PlusPonics/code/ArduinoCore/Release/libArduinoCore.a(HardwareSerial.o)
                0x000000000000022c                __ctors_end = .
                0x000000000000022c                __dtors_start = .
 *(.dtors)
 .dtors         0x000000000000022c        0x2 ./AbstractCommunication.o
 .dtors         0x000000000000022e        0x2 ./main.o
                0x0000000000000230                __dtors_end = .
 SORT(*)(.ctors)
 SORT(*)(.dtors)
 *(.init0)
 .init0         0x0000000000000230        0x0 /home/chris/Software/arduino-1.0.5/hardware/tools/avr/bin/../lib/gcc/avr/4.3.2/../../../avr/lib/avr6/crtm2560.o
                0x0000000000000230                __init
 *(.init0)
 *(.init1)
 *(.init1)
 *(.init2)
 .init2         0x0000000000000230       0x10 /home/chris/Software/arduino-1.0.5/hardware/tools/avr/bin/../lib/gcc/avr/4.3.2/../../../avr/lib/avr6/crtm2560.o
 *(.init2)
 *(.init3)
 *(.init3)
 *(.init4)
 .init4         0x0000000000000240       0x1c /home/chris/Software/arduino-1.0.5/hardware/tools/avr/bin/../lib/gcc/avr/4.3.2/../../../avr/lib/avr6/crtm2560.o
                0x0000000000000240                __do_copy_data
 .init4         0x000000000000025c       0x10 /home/chris/Software/arduino-1.0.5/hardware/tools/avr/bin/../lib/gcc/avr/4.3.2/avr6/libgcc.a(_clear_bss.o)
                0x000000000000025c                __do_clear_bss
 *(.init4)
 *(.init5)
 *(.init5)
 *(.init6)
 .init6         0x000000000000026c       0x16 /home/chris/Software/arduino-1.0.5/hardware/tools/avr/bin/../lib/gcc/avr/4.3.2/avr6/libgcc.a(_ctors.o)
                0x000000000000026c                __do_global_ctors
 *(.init6)
 *(.init7)
 *(.init7)
 *(.init8)
 *(.init8)
 *(.init9)
 .init9         0x0000000000000282        0x8 /home/chris/Software/arduino-1.0.5/hardware/tools/avr/bin/../lib/gcc/avr/4.3.2/../../../avr/lib/avr6/crtm2560.o
 *(.init9)
 *(.text)
 .text          0x000000000000028a        0x4 /home/chris/Software/arduino-1.0.5/hardware/tools/avr/bin/../lib/gcc/avr/4.3.2/../../../avr/lib/avr6/crtm2560.o
                0x000000000000028a                __vector_38
                0x000000000000028a                __vector_22
                0x000000000000028a                __vector_28
                0x000000000000028a                __vector_1
                0x000000000000028a                __vector_32
                0x000000000000028a                __vector_34
                0x000000000000028a                __vector_24
                0x000000000000028a                __vector_12
                0x000000000000028a                __vector_46
                0x000000000000028a                __bad_interrupt
                0x000000000000028a                __vector_6
                0x000000000000028a                __vector_31
                0x000000000000028a                __vector_35
                0x000000000000028a                __vector_39
                0x000000000000028a                __vector_3
                0x000000000000028a                __vector_30
                0x000000000000028a                __vector_45
                0x000000000000028a                __vector_11
                0x000000000000028a                __vector_13
                0x000000000000028a                __vector_17
                0x000000000000028a                __vector_19
                0x000000000000028a                __vector_56
                0x000000000000028a                __vector_7
                0x000000000000028a                __vector_49
                0x000000000000028a                __vector_41
                0x000000000000028a                __vector_43
                0x000000000000028a                __vector_27
                0x000000000000028a                __vector_5
                0x000000000000028a                __vector_33
                0x000000000000028a                __vector_47
                0x000000000000028a                __vector_4
                0x000000000000028a                __vector_44
                0x000000000000028a                __vector_9
                0x000000000000028a                __vector_2
                0x000000000000028a                __vector_21
                0x000000000000028a                __vector_15
                0x000000000000028a                __vector_29
                0x000000000000028a                __vector_40
                0x000000000000028a                __vector_8
                0x000000000000028a                __vector_48
                0x000000000000028a                __vector_14
                0x000000000000028a                __vector_53
                0x000000000000028a                __vector_10
                0x000000000000028a                __vector_50
                0x000000000000028a                __vector_16
                0x000000000000028a                __vector_18
                0x000000000000028a                __vector_20
                0x000000000000028a                __vector_42
 .text          0x000000000000028e       0xd8 ./lib/SipHash/HexConversionUtils.o
                0x00000000000002e0                hexToAscii
                0x000000000000028e                asciiToHex
 .text          0x0000000000000366      0x308 ./lib/SipHash/SipHash_2_4.o
                0x0000000000000370                SipHash_2_4::SipHash_2_4()
                0x00000000000004a8                SipHash_2_4::finish()
                0x000000000000061c                SipHash_2_4::initFromPROGMEM(unsigned char const*)
                0x0000000000000388                SipHash_2_4::siphash_round()
                0x0000000000000528                SipHash_2_4::initFromRAM(unsigned char const*)
                0x0000000000000366                SipHash_2_4::SipHash_2_4()
                0x0000000000000432                SipHash_2_4::hash(unsigned char*)
                0x0000000000000464                SipHash_2_4::updateHash(unsigned char)
 .text          0x000000000000066e      0x142 ./lib/SipHash/siphash_2_4_asm.o
                0x00000000000007a2                rol_21bits
                0x0000000000000706                ror64bits
                0x0000000000000794                rol_17bits
                0x0000000000000780                rol_16bits
                0x000000000000078a                rol_32bits
                0x000000000000066e                add64le
                0x00000000000006cc                xor_ff
                0x000000000000072a                rol64bits
                0x0000000000000772                rol_13bits
                0x0000000000000694                mov64
                0x00000000000006e2                reverse64
                0x000000000000074e                rol64bytes
                0x00000000000006ac                xor64
 .text          0x00000000000007b0      0x4cc ./AbstractCommunication.o
                0x0000000000000bf6                Communicators::AbstractCommunication::info(String)
                0x0000000000000ac8                Communicators::AbstractCommunication::warn(String)
                0x00000000000008e0                Communicators::AbstractCommunication::error(String, String)
                0x0000000000000838                Communicators::AbstractCommunication::sendf(String, ...)
                0x00000000000007c0                Communicators::AbstractCommunication::AbstractCommunication()
                0x00000000000007e8                Communicators::AbstractCommunication::setLevel(Communicators::AbstractCommunication::DEBUG_LEVEL)
                0x0000000000000c6a                Communicators::AbstractCommunication::~AbstractCommunication()
                0x00000000000007dc                Communicators::AbstractCommunication::~AbstractCommunication()
                0x00000000000007d0                Communicators::AbstractCommunication::~AbstractCommunication()
                0x0000000000000b3c                Communicators::AbstractCommunication::info(String, String)
                0x000000000000099a                Communicators::AbstractCommunication::error(String)
                0x0000000000000a0e                Communicators::AbstractCommunication::warn(String, String)
                0x00000000000007b0                Communicators::AbstractCommunication::AbstractCommunication()
 .text          0x0000000000000c7c       0xec ./AbstractTC.o
                0x0000000000000d56                TC::AbstractTC::~AbstractTC()
                0x0000000000000ce0                TC::AbstractTC::disable()
                0x0000000000000cf2                TC::AbstractTC::exec()
                0x0000000000000d34                TC::AbstractTC::clear_error()
                0x0000000000000cc0                TC::AbstractTC::~AbstractTC()
                0x0000000000000ccc                TC::AbstractTC::enable()
                0x0000000000000d2e                TC::AbstractTC::persist_errors(bool)
                0x0000000000000cb4                TC::AbstractTC::~AbstractTC()
                0x0000000000000c98                TC::AbstractTC::AbstractTC()
                0x0000000000000c7c                TC::AbstractTC::AbstractTC()
                0x0000000000000d46                TC::AbstractTC::errno()
 .text          0x0000000000000d68       0x42 ./AbstractTM.o
                0x0000000000000d74                TM::AbstractTM::AbstractTM()
                0x0000000000000d98                TM::AbstractTM::~AbstractTM()
                0x0000000000000d8c                TM::AbstractTM::~AbstractTM()
                0x0000000000000d68                TM::AbstractTM::AbstractTM()
                0x0000000000000d80                TM::AbstractTM::~AbstractTM()
 .text          0x0000000000000daa      0x2da ./GlobalReceiver.o
                0x0000000000000de2                Processors::GlobalReceiver::~GlobalReceiver()
                0x0000000000000e0c                Processors::byte_to_binary(int)
                0x0000000000000e64                Processors::GlobalReceiver::process()
                0x0000000000000dbe                Processors::GlobalReceiver::GlobalReceiver()
                0x0000000000000dfa                Processors::GlobalReceiver::~GlobalReceiver()
                0x0000000000000daa                Processors::GlobalReceiver::GlobalReceiver()
                0x0000000000000dee                Processors::GlobalReceiver::~GlobalReceiver()
                0x0000000000000dda                Processors::GlobalReceiver::setTCProcessor(Processors::TCProcessor&)
                0x0000000000000dd2                Processors::GlobalReceiver::setCom(Communicators::AbstractCommunication&)
 .text          0x0000000000001084       0xa8 ./Limit.o
                0x00000000000010cc                TM::Limit::set_opcode(unsigned char)
                0x00000000000010c0                TM::Limit::~Limit()
                0x000000000000109c                TM::Limit::Limit()
                0x000000000000111a                TM::Limit::~Limit()
                0x0000000000001084                TM::Limit::Limit()
                0x00000000000010de                TM::Limit::check_limit(long)
                0x00000000000010d2                TM::Limit::set_limit(long)
                0x00000000000010b4                TM::Limit::~Limit()
 .text          0x000000000000112c       0xb2 ./LogicTC.o
                0x00000000000011b4                TC::LogicTC::LogicTC(unsigned char, bool)
                0x000000000000112c                TC::LogicTC::exec_impl_()
                0x000000000000118a                TC::LogicTC::LogicTC(unsigned char, bool)
                0x0000000000001156                TC::LogicTC::~LogicTC()
                0x0000000000001144                TC::LogicTC::~LogicTC()
                0x0000000000001138                TC::LogicTC::init()
                0x0000000000001168                TC::LogicTC::~LogicTC()
 .text          0x00000000000011de      0x108 ./SerialCom.o
                0x000000000000127e                Communicators::SerialCom::~SerialCom()
                0x00000000000011de                Communicators::SerialCom::recv()
                0x00000000000012b2                Communicators::SerialCom::SerialCom()
                0x000000000000126c                Communicators::SerialCom::~SerialCom()
                0x0000000000001250                Communicators::SerialCom::send(String)
                0x00000000000012cc                Communicators::SerialCom::SerialCom()
                0x000000000000125a                Communicators::SerialCom::init()
                0x0000000000001290                Communicators::SerialCom::~SerialCom()
 .text          0x00000000000012e6      0xac0 ./TCProcessor.o
                0x0000000000001b26                std::_Rb_tree<unsigned char, std::pair<unsigned char const, TC::AbstractTC*>, std::_Select1st<std::pair<unsigned char const, TC::AbstractTC*> >, std::less<unsigned char>, std::allocator<TC::AbstractTC*> >::_M_erase(std::_Rb_tree_node<std::pair<unsigned char const, TC::AbstractTC*> >*)
                0x0000000000001b66                std::map<unsigned char, TC::AbstractTC*, std::less<unsigned char>, std::allocator<TC::AbstractTC*> >::~map()
                0x0000000000001712                std::_Rb_tree<unsigned char, std::pair<unsigned char const, TC::AbstractTC*>, std::_Select1st<std::pair<unsigned char const, TC::AbstractTC*> >, std::less<unsigned char>, std::allocator<TC::AbstractTC*> >::insert_unique(std::pair<unsigned char const, TC::AbstractTC*> const&)
                0x000000000000130c                Processors::TCProcessor::TCProcessor()
                0x00000000000013c8                std::_Rb_tree<unsigned char, std::pair<unsigned char const, TC::AbstractTC*>, std::_Select1st<std::pair<unsigned char const, TC::AbstractTC*> >, std::less<unsigned char>, std::allocator<TC::AbstractTC*> >::_M_insert(std::_Rb_tree_node_base*, std::_Rb_tree_node_base*, std::pair<unsigned char const, TC::AbstractTC*> const&)
                0x0000000000001bf8                Processors::TCProcessor::perform(Processors::TCProcessor::TC_ACTION, unsigned char)
                0x0000000000001be6                Processors::TCProcessor::~TCProcessor()
                0x0000000000001a90                Processors::TCProcessor::definitions_()
                0x0000000000001bac                Processors::TCProcessor::~TCProcessor()
                0x0000000000001cd2                Processors::TCProcessor::processRecv(String)
                0x000000000000185a                std::_Rb_tree<unsigned char, std::pair<unsigned char const, TC::AbstractTC*>, std::_Select1st<std::pair<unsigned char const, TC::AbstractTC*> >, std::less<unsigned char>, std::allocator<TC::AbstractTC*> >::insert_unique(std::_Rb_tree_iterator<std::pair<unsigned char const, TC::AbstractTC*>, std::pair<unsigned char const, TC::AbstractTC*>&, std::pair<unsigned char const, TC::AbstractTC*>*>, std::pair<unsigned char const, TC::AbstractTC*> const&)
                0x00000000000012e6                std::_Rb_tree_alloc_base<std::pair<unsigned char const, TC::AbstractTC*>, std::allocator<TC::AbstractTC*>, true>::_M_get_node()
                0x0000000000001b20                Processors::TCProcessor::init()
                0x00000000000019da                std::map<unsigned char, TC::AbstractTC*, std::less<unsigned char>, std::allocator<TC::AbstractTC*> >::operator[](unsigned char const&)
                0x0000000000001bd4                Processors::TCProcessor::~TCProcessor()
                0x000000000000136a                Processors::TCProcessor::TCProcessor()
 .text          0x0000000000001da6      0x152 ./main.o
                0x0000000000001e12                loop
                0x0000000000001da6                configure()
                0x0000000000001da8                operator new(unsigned int, void*)
                0x0000000000001ede                main
                0x0000000000001e28                setup
 .text          0x0000000000001ef8        0x0 /home/chris/Workspace/PlusPonics/code/ArduinoCore/Release/libArduinoCore.a(malloc.o)
 .text          0x0000000000001ef8      0xc50 /home/chris/Workspace/PlusPonics/code/ArduinoCore/Release/libArduinoCore.a(HardwareSerial.o)
                0x00000000000027a6                HardwareSerial::peek()
                0x0000000000002784                HardwareSerial::available()
                0x0000000000001f78                serialEvent1()
                0x0000000000002304                __vector_55
                0x0000000000002858                HardwareSerial::write(unsigned char)
                0x0000000000001ff8                serialEvent2()
                0x000000000000240a                HardwareSerial::HardwareSerial(ring_buffer*, ring_buffer*, unsigned char volatile*, unsigned char volatile*, unsigned char volatile*, unsigned char volatile*, unsigned char volatile*, unsigned char volatile*, unsigned char, unsigned char, unsigned char, unsigned char, unsigned char)
                0x0000000000002492                HardwareSerial::begin(unsigned long)
                0x0000000000001efa                __vector_25
                0x000000000000207a                __vector_54
                0x00000000000020f8                serialEventRun()
                0x0000000000002838                HardwareSerial::flush()
                0x00000000000025a0                HardwareSerial::begin(unsigned long, unsigned char)
                0x00000000000026b8                HardwareSerial::end()
                0x0000000000001ef8                serialEvent()
                0x0000000000002286                __vector_52
                0x0000000000002208                __vector_37
                0x0000000000001ffa                __vector_51
                0x0000000000001f7a                __vector_36
                0x00000000000028d8                HardwareSerial::operator bool()
                0x000000000000218a                __vector_26
                0x00000000000027e6                HardwareSerial::read()
                0x0000000000002382                HardwareSerial::HardwareSerial(ring_buffer*, ring_buffer*, unsigned char volatile*, unsigned char volatile*, unsigned char volatile*, unsigned char volatile*, unsigned char volatile*, unsigned char volatile*, unsigned char, unsigned char, unsigned char, unsigned char, unsigned char)
                0x0000000000002078                serialEvent3()
 .text          0x0000000000002b48      0x748 /home/chris/Workspace/PlusPonics/code/ArduinoCore/Release/libArduinoCore.a(Print.o)
                0x0000000000003268                Print::println(String const&)
                0x0000000000002e3c                Print::println(unsigned int, int)
                0x0000000000002ca0                Print::println(Printable const&)
                0x0000000000002c08                Print::println()
                0x0000000000002fa4                Print::println(int, int)
                0x0000000000002d0c                Print::printNumber(unsigned long, unsigned char)
                0x0000000000002b48                Print::write(unsigned char const*, unsigned int)
                0x00000000000031b0                Print::print(double, int)
                0x0000000000002c48                Print::println(__FlashStringHelper const*)
                0x0000000000002c70                Print::println(char)
                0x0000000000002cd4                Print::write(char const*)
                0x0000000000002fe8                Print::printFloat(double, unsigned char)
                0x0000000000002bf2                Print::print(Printable const&)
                0x0000000000002f7e                Print::print(int, int)
                0x0000000000002b9c                Print::print(__FlashStringHelper const*)
                0x0000000000002e76                Print::print(unsigned char, int)
                0x00000000000031dc                Print::println(char const*)
                0x0000000000002be2                Print::print(char)
                0x0000000000002e9a                Print::println(unsigned char, int)
                0x0000000000002e1a                Print::print(unsigned int, int)
                0x0000000000002fe2                Print::print(char const*)
                0x0000000000002dd4                Print::print(unsigned long, int)
                0x0000000000002f56                Print::println(long, int)
                0x00000000000031b6                Print::println(double, int)
                0x0000000000002ed6                Print::print(long, int)
                0x0000000000002df2                Print::println(unsigned long, int)
                0x0000000000003202                Print::print(String const&)
 .text          0x0000000000003290      0x554 /home/chris/Workspace/PlusPonics/code/ArduinoCore/Release/libArduinoCore.a(Stream.o)
                0x0000000000003452                Stream::parseFloat()
                0x00000000000032f4                Stream::peekNextDigit()
                0x0000000000003596                Stream::readStringUntil(char)
                0x00000000000036d8                Stream::findUntil(char*, unsigned int, char*, unsigned int)
                0x0000000000003290                Stream::setTimeout(unsigned long)
                0x0000000000003792                Stream::findUntil(char*, char*)
                0x000000000000332a                Stream::parseFloat(char)
                0x00000000000037c4                Stream::find(char*)
                0x0000000000003536                Stream::parseInt()
                0x000000000000329c                Stream::timedPeek()
                0x0000000000003690                Stream::readBytes(char*, unsigned int)
                0x000000000000362a                Stream::readBytesUntil(char, char*, unsigned int)
                0x00000000000035f0                Stream::readString()
                0x00000000000037ce                Stream::find(char*, unsigned int)
                0x000000000000345a                Stream::parseInt(char)
                0x000000000000353e                Stream::timedRead()
 .text          0x00000000000037e4     0x129e /home/chris/Workspace/PlusPonics/code/ArduinoCore/Release/libArduinoCore.a(WString.o)
                0x0000000000004776                String::String(int, unsigned char)
                0x0000000000003806                String::setCharAt(unsigned int, char)
                0x0000000000003aac                String::lastIndexOf(String const&) const
                0x0000000000003d82                String::startsWith(String const&, unsigned int) const
                0x0000000000003d14                String::operator>=(String const&) const
                0x00000000000049f8                String::substring(unsigned int) const
                0x00000000000038ac                String::trim()
                0x000000000000496a                String::substring(unsigned int, unsigned int) const
                0x0000000000003820                String::operator[](unsigned int)
                0x0000000000004a3e                String::String(String const&)
                0x0000000000003ac8                String::indexOf(String const&, unsigned int) const
                0x0000000000004242                String::concat(unsigned char)
                0x000000000000429a                String::concat(char)
                0x000000000000483a                String::String(unsigned char, unsigned char)
                0x000000000000384a                String::operator[](unsigned int) const
                0x000000000000489e                String::String(unsigned char, unsigned char)
                0x0000000000004936                String::String(char)
                0x00000000000042e2                String::concat(String const&)
                0x00000000000047d8                String::String(int, unsigned char)
                0x00000000000037e4                String::charAt(unsigned int) const
                0x00000000000045ea                String::String(long, unsigned char)
                0x0000000000003dee                String::changeBuffer(unsigned int)
                0x000000000000439e                operator+(StringSumHelper const&, unsigned char)
                0x000000000000402c                String::reserve(unsigned int)
                0x0000000000004714                String::String(unsigned int, unsigned char)
                0x0000000000003bca                String::getBytes(unsigned char*, unsigned int, unsigned int) const
                0x0000000000003dc8                String::startsWith(String const&) const
                0x000000000000386c                String::replace(char, char)
                0x0000000000004a6a                String::~String()
                0x0000000000004a54                String::String(String const&)
                0x000000000000441a                operator+(StringSumHelper const&, String const&)
                0x0000000000004446                String::copy(char const*, unsigned int)
                0x0000000000003bc0                String::indexOf(char) const
                0x00000000000040be                String::concat(unsigned long)
                0x0000000000004a76                String::~String()
                0x0000000000004586                String::String(unsigned long, unsigned char)
                0x0000000000004a10                String::operator=(String const&)
                0x00000000000043e2                operator+(StringSumHelper const&, char const*)
                0x0000000000004316                operator+(StringSumHelper const&, unsigned long)
                0x0000000000003c24                String::endsWith(String const&) const
                0x00000000000042c2                String::concat(char const*)
                0x00000000000042f2                String::invalidate()
                0x0000000000003a10                String::lastIndexOf(String const&, unsigned int) const
                0x0000000000004488                String::String(char const*)
                0x0000000000003cae                String::compareTo(String const&) const
                0x000000000000435a                operator+(StringSumHelper const&, unsigned int)
                0x0000000000003c68                String::equals(char const*) const
                0x0000000000003b0e                String::lastIndexOf(char, unsigned int) const
                0x0000000000004064                String::concat(char const*, unsigned int)
                0x000000000000388a                String::toInt() const
                0x000000000000397c                String::toLowerCase()
                0x0000000000003b04                String::indexOf(String const&) const
                0x0000000000003d56                String::equals(String const&) const
                0x0000000000003d48                String::operator<(String const&) const
                0x00000000000044f0                String::operator=(char const*)
                0x0000000000003d24                String::operator<=(String const&) const
                0x0000000000004122                String::concat(long)
                0x00000000000044bc                String::String(char const*)
                0x00000000000043c0                operator+(StringSumHelper const&, char)
                0x00000000000039a0                String::equalsIgnoreCase(String const&) const
                0x0000000000003b78                String::lastIndexOf(char) const
                0x00000000000046b2                String::String(unsigned int, unsigned char)
                0x0000000000004186                String::concat(unsigned int)
                0x0000000000004522                String::String(unsigned long, unsigned char)
                0x000000000000437c                operator+(StringSumHelper const&, int)
                0x0000000000004902                String::String(char)
                0x0000000000003b88                String::indexOf(char, unsigned int) const
                0x0000000000004338                operator+(StringSumHelper const&, long)
                0x0000000000003e22                String::replace(String const&, String const&)
                0x000000000000464e                String::String(long, unsigned char)
                0x0000000000003958                String::toUpperCase()
                0x0000000000003d36                String::operator>(String const&) const
                0x00000000000041e0                String::concat(int)
 .text          0x0000000000004a82       0x38 /home/chris/Workspace/PlusPonics/code/ArduinoCore/Release/libArduinoCore.a(new.o)
                0x0000000000004aae                operator new[](unsigned int)
                0x0000000000004aa8                operator delete(void*)
                0x0000000000004aa0                __cxa_pure_virtual
                0x0000000000004aa2                operator delete[](void*)
                0x0000000000004a96                __cxa_guard_release
                0x0000000000004a9e                __cxa_guard_abort
                0x0000000000004ab4                operator new(unsigned int)
                0x0000000000004a82                __cxa_guard_acquire
 .text          0x0000000000004aba      0x282 /home/chris/Workspace/PlusPonics/code/ArduinoCore/Release/libArduinoCore.a(wiring.o)
                0x0000000000004aba                __vector_23
                0x0000000000004c78                init
                0x0000000000004b66                micros
                0x0000000000004bb2                delay
                0x0000000000004b4a                millis
                0x0000000000004c64                delayMicroseconds
 .text          0x0000000000004d3c      0x22c /home/chris/Workspace/PlusPonics/code/ArduinoCore/Release/libArduinoCore.a(wiring_digital.o)
                0x0000000000004f08                digitalRead
                0x0000000000004ea2                digitalWrite
                0x0000000000004d3c                pinMode
 .text          0x0000000000004f68        0x0 /home/chris/Workspace/PlusPonics/code/ArduinoCore/Release/libArduinoCore.a(realloc.o)
 .text          0x0000000000004f68        0x0 /home/chris/Software/arduino-1.0.5/hardware/tools/avr/bin/../lib/gcc/avr/4.3.2/avr6/libgcc.a(_mulsi3.o)
 .text          0x0000000000004f68        0x0 /home/chris/Software/arduino-1.0.5/hardware/tools/avr/bin/../lib/gcc/avr/4.3.2/avr6/libgcc.a(_udivmodsi4.o)
 .text          0x0000000000004f68        0x0 /home/chris/Software/arduino-1.0.5/hardware/tools/avr/bin/../lib/gcc/avr/4.3.2/avr6/libgcc.a(_exit.o)
 .text          0x0000000000004f68        0x0 /home/chris/Software/arduino-1.0.5/hardware/tools/avr/bin/../lib/gcc/avr/4.3.2/avr6/libgcc.a(_clear_bss.o)
 .text          0x0000000000004f68        0x0 /home/chris/Software/arduino-1.0.5/hardware/tools/avr/bin/../lib/gcc/avr/4.3.2/avr6/libgcc.a(_ctors.o)
 .text          0x0000000000004f68        0x0 /home/chris/Software/arduino-1.0.5/hardware/tools/avr/bin/../lib/gcc/avr/4.3.2/avr6/libgcc.a(_dtors.o)
 .text          0x0000000000004f68       0x58 /home/chris/Software/arduino-1.0.5/hardware/tools/avr/bin/../lib/gcc/avr/4.3.2/avr6/libgcc.a(_fixunssfsi.o)
                0x0000000000004f68                __fixunssfsi
 .text          0x0000000000004fc0      0x354 /home/chris/Software/arduino-1.0.5/hardware/tools/avr/bin/../lib/gcc/avr/4.3.2/avr6/libgcc.a(_addsub_sf.o)
                0x0000000000005258                __subsf3
                0x00000000000052ba                __addsf3
 .text          0x0000000000005314      0x1f4 /home/chris/Software/arduino-1.0.5/hardware/tools/avr/bin/../lib/gcc/avr/4.3.2/avr6/libgcc.a(_mul_sf.o)
                0x0000000000005314                __mulsf3
 .text          0x0000000000005508      0x158 /home/chris/Software/arduino-1.0.5/hardware/tools/avr/bin/../lib/gcc/avr/4.3.2/avr6/libgcc.a(_div_sf.o)
                0x0000000000005508                __divsf3
 .text          0x0000000000005660       0x60 /home/chris/Software/arduino-1.0.5/hardware/tools/avr/bin/../lib/gcc/avr/4.3.2/avr6/libgcc.a(_gt_sf.o)
                0x0000000000005660                __gtsf2
 .text          0x00000000000056c0       0x60 /home/chris/Software/arduino-1.0.5/hardware/tools/avr/bin/../lib/gcc/avr/4.3.2/avr6/libgcc.a(_ge_sf.o)
                0x00000000000056c0                __gesf2
 .text          0x0000000000005720       0x60 /home/chris/Software/arduino-1.0.5/hardware/tools/avr/bin/../lib/gcc/avr/4.3.2/avr6/libgcc.a(_lt_sf.o)
                0x0000000000005720                __ltsf2
 .text          0x0000000000005780       0x60 /home/chris/Software/arduino-1.0.5/hardware/tools/avr/bin/../lib/gcc/avr/4.3.2/avr6/libgcc.a(_le_sf.o)
                0x0000000000005780                __lesf2
 .text          0x00000000000057e0       0x56 /home/chris/Software/arduino-1.0.5/hardware/tools/avr/bin/../lib/gcc/avr/4.3.2/avr6/libgcc.a(_unord_sf.o)
                0x00000000000057e0                __unordsf2
 .text          0x0000000000005836       0xbc /home/chris/Software/arduino-1.0.5/hardware/tools/avr/bin/../lib/gcc/avr/4.3.2/avr6/libgcc.a(_si_to_sf.o)
                0x0000000000005836                __floatsisf
 .text          0x00000000000058f2       0xa8 /home/chris/Software/arduino-1.0.5/hardware/tools/avr/bin/../lib/gcc/avr/4.3.2/avr6/libgcc.a(_sf_to_si.o)
                0x00000000000058f2                __fixsfsi
 .text          0x000000000000599a        0x0 /home/chris/Software/arduino-1.0.5/hardware/tools/avr/bin/../lib/gcc/avr/4.3.2/avr6/libgcc.a(_thenan_sf.o)
 .text          0x000000000000599a       0xf2 /home/chris/Software/arduino-1.0.5/hardware/tools/avr/bin/../lib/gcc/avr/4.3.2/avr6/libgcc.a(_usi_to_sf.o)
                0x000000000000599a                __floatunsisf
 .text          0x0000000000005a8c        0x0 /home/chris/Software/arduino-1.0.5/hardware/tools/avr/bin/../lib/gcc/avr/4.3.2/avr6/libgcc.a(_prologue.o)
 .text          0x0000000000005a8c        0x0 /home/chris/Software/arduino-1.0.5/hardware/tools/avr/bin/../lib/gcc/avr/4.3.2/avr6/libgcc.a(_epilogue.o)
 .text          0x0000000000005a8c        0x0 /home/chris/Software/arduino-1.0.5/hardware/tools/avr/bin/../lib/gcc/avr/4.3.2/avr6/libgcc.a(_tablejump.o)
 .text          0x0000000000005a8c       0x9e /home/chris/Software/arduino-1.0.5/hardware/tools/avr/bin/../lib/gcc/avr/4.3.2/avr6/libgcc.a(_clzsi2.o)
                0x0000000000005a8c                __clzsi2
 .text          0x0000000000005b2a      0x1aa /home/chris/Software/arduino-1.0.5/hardware/tools/avr/bin/../lib/gcc/avr/4.3.2/avr6/libgcc.a(_pack_sf.o)
                0x0000000000005b2a                __pack_f
 .text          0x0000000000005cd4       0xf0 /home/chris/Software/arduino-1.0.5/hardware/tools/avr/bin/../lib/gcc/avr/4.3.2/avr6/libgcc.a(_unpack_sf.o)
                0x0000000000005cd4                __unpack_f
 .text          0x0000000000005dc4       0xb2 /home/chris/Software/arduino-1.0.5/hardware/tools/avr/bin/../lib/gcc/avr/4.3.2/avr6/libgcc.a(_fpcmp_parts_sf.o)
                0x0000000000005dc4                __fpcmp_parts_f
 .text          0x0000000000005e76        0x0 /home/chris/Software/arduino-1.0.5/hardware/tools/avr/bin/../lib/gcc/avr/4.3.2/avr6/libgcc.a(_clz.o)
 .text          0x0000000000005e76       0x3c /home/chris/Software/arduino-1.0.5/hardware/tools/avr/bin/../lib/gcc/avr/4.3.2/../../../avr/lib/avr6/libc.a(atoi.o)
                0x0000000000005e76                atoi
 .text          0x0000000000005eb2       0x4e /home/chris/Software/arduino-1.0.5/hardware/tools/avr/bin/../lib/gcc/avr/4.3.2/../../../avr/lib/avr6/libc.a(atol.o)
                0x0000000000005eb2                atol
 .text          0x0000000000005f00        0x0 /home/chris/Software/arduino-1.0.5/hardware/tools/avr/bin/../lib/gcc/avr/4.3.2/../../../avr/lib/avr6/libc.a(isspace.o)
 .text          0x0000000000005f00        0x0 /home/chris/Software/arduino-1.0.5/hardware/tools/avr/bin/../lib/gcc/avr/4.3.2/../../../avr/lib/avr6/libc.a(tolower.o)
 .text          0x0000000000005f00        0x0 /home/chris/Software/arduino-1.0.5/hardware/tools/avr/bin/../lib/gcc/avr/4.3.2/../../../avr/lib/avr6/libc.a(toupper.o)
 .text          0x0000000000005f00       0x12 /home/chris/Software/arduino-1.0.5/hardware/tools/avr/bin/../lib/gcc/avr/4.3.2/../../../avr/lib/avr6/libc.a(memcpy_P.o)
                0x0000000000005f00                memcpy_P
 .text          0x0000000000005f12       0x12 /home/chris/Software/arduino-1.0.5/hardware/tools/avr/bin/../lib/gcc/avr/4.3.2/../../../avr/lib/avr6/libc.a(memcpy.o)
                0x0000000000005f12                memcpy
 .text          0x0000000000005f24       0x24 /home/chris/Software/arduino-1.0.5/hardware/tools/avr/bin/../lib/gcc/avr/4.3.2/../../../avr/lib/avr6/libc.a(memmove.o)
                0x0000000000005f24                memmove
 .text          0x0000000000005f48       0x16 /home/chris/Software/arduino-1.0.5/hardware/tools/avr/bin/../lib/gcc/avr/4.3.2/../../../avr/lib/avr6/libc.a(strcat.o)
                0x0000000000005f48                strcat
 .text          0x0000000000005f5e       0x16 /home/chris/Software/arduino-1.0.5/hardware/tools/avr/bin/../lib/gcc/avr/4.3.2/../../../avr/lib/avr6/libc.a(strchr.o)
                0x0000000000005f5e                strchr
 .text          0x0000000000005f74       0x12 /home/chris/Software/arduino-1.0.5/hardware/tools/avr/bin/../lib/gcc/avr/4.3.2/../../../avr/lib/avr6/libc.a(strcmp.o)
                0x0000000000005f74                strcmp
 .text          0x0000000000005f86        0xe /home/chris/Software/arduino-1.0.5/hardware/tools/avr/bin/../lib/gcc/avr/4.3.2/../../../avr/lib/avr6/libc.a(strcpy.o)
                0x0000000000005f86                strcpy
 .text          0x0000000000005f94       0x1c /home/chris/Software/arduino-1.0.5/hardware/tools/avr/bin/../lib/gcc/avr/4.3.2/../../../avr/lib/avr6/libc.a(strncmp.o)
                0x0000000000005f94                strncmp
 .text          0x0000000000005fb0       0x1e /home/chris/Software/arduino-1.0.5/hardware/tools/avr/bin/../lib/gcc/avr/4.3.2/../../../avr/lib/avr6/libc.a(strncpy.o)
                0x0000000000005fb0                strncpy
 .text          0x0000000000005fce       0x16 /home/chris/Software/arduino-1.0.5/hardware/tools/avr/bin/../lib/gcc/avr/4.3.2/../../../avr/lib/avr6/libc.a(strrchr.o)
                0x0000000000005fce                strrchr
 .text          0x0000000000005fe4       0x34 /home/chris/Software/arduino-1.0.5/hardware/tools/avr/bin/../lib/gcc/avr/4.3.2/../../../avr/lib/avr6/libc.a(strstr.o)
                0x0000000000005fe4                strstr
 .text          0x0000000000006018       0x42 /home/chris/Software/arduino-1.0.5/hardware/tools/avr/bin/../lib/gcc/avr/4.3.2/../../../avr/lib/avr6/libc.a(itoa.o)
                0x0000000000006018                itoa
 .text          0x000000000000605a       0x68 /home/chris/Software/arduino-1.0.5/hardware/tools/avr/bin/../lib/gcc/avr/4.3.2/../../../avr/lib/avr6/libc.a(ltoa.o)
                0x000000000000605a                ltoa
 .text          0x00000000000060c2       0x2a /home/chris/Software/arduino-1.0.5/hardware/tools/avr/bin/../lib/gcc/avr/4.3.2/../../../avr/lib/avr6/libc.a(mulsi10.o)
                0x00000000000060c2                __mulsi_const_10
 .text          0x00000000000060ec       0x10 /home/chris/Software/arduino-1.0.5/hardware/tools/avr/bin/../lib/gcc/avr/4.3.2/../../../avr/lib/avr6/libc.a(mul10.o)
                0x00000000000060ec                __mulhi_const_10
 .text          0x00000000000060fc       0x4a /home/chris/Software/arduino-1.0.5/hardware/tools/avr/bin/../lib/gcc/avr/4.3.2/../../../avr/lib/avr6/libc.a(ultoa.o)
                0x00000000000060fc                ultoa
 .text          0x0000000000006146       0x2c /home/chris/Software/arduino-1.0.5/hardware/tools/avr/bin/../lib/gcc/avr/4.3.2/../../../avr/lib/avr6/libc.a(utoa.o)
                0x0000000000006146                utoa
 .text          0x0000000000006172       0x54 /home/chris/Software/arduino-1.0.5/hardware/tools/avr/bin/../lib/gcc/avr/4.3.2/../../../avr/lib/avr6/libc.a(vsnprintf.o)
                0x0000000000006172                vsnprintf
 .text          0x00000000000061c6      0x3ba /home/chris/Software/arduino-1.0.5/hardware/tools/avr/bin/../lib/gcc/avr/4.3.2/../../../avr/lib/avr6/libc.a(vfprintf_std.o)
                0x00000000000061c6                vfprintf
 .text          0x0000000000006580        0x0 /home/chris/Software/arduino-1.0.5/hardware/tools/avr/bin/../lib/gcc/avr/4.3.2/../../../avr/lib/avr6/libc.a(cty_isfalse.o)
 .text          0x0000000000006580       0x16 /home/chris/Software/arduino-1.0.5/hardware/tools/avr/bin/../lib/gcc/avr/4.3.2/../../../avr/lib/avr6/libc.a(strnlen_P.o)
                0x0000000000006580                strnlen_P
 .text          0x0000000000006596       0x16 /home/chris/Software/arduino-1.0.5/hardware/tools/avr/bin/../lib/gcc/avr/4.3.2/../../../avr/lib/avr6/libc.a(strnlen.o)
                0x0000000000006596                strnlen
 .text          0x00000000000065ac       0x20 /home/chris/Software/arduino-1.0.5/hardware/tools/avr/bin/../lib/gcc/avr/4.3.2/../../../avr/lib/avr6/libc.a(strrev.o)
                0x00000000000065ac                strrev
 .text          0x00000000000065cc       0x58 /home/chris/Software/arduino-1.0.5/hardware/tools/avr/bin/../lib/gcc/avr/4.3.2/../../../avr/lib/avr6/libc.a(fputc.o)
                0x00000000000065cc                fputc
 .text          0x0000000000006624       0xbc /home/chris/Software/arduino-1.0.5/hardware/tools/avr/bin/../lib/gcc/avr/4.3.2/../../../avr/lib/avr6/libc.a(ultoa_invert.o)
                0x0000000000006624                __ultoa_invert
 .text          0x00000000000066e0        0x0 /home/chris/Software/arduino-1.0.5/hardware/tools/avr/bin/../lib/gcc/avr/4.3.2/avr6/libgcc.a(_udivmodhi4.o)
                0x00000000000066e0                . = ALIGN (0x2)
 *(.text.*)
 .text.avr-libc
                0x00000000000066e0      0x26a /home/chris/Workspace/PlusPonics/code/ArduinoCore/Release/libArduinoCore.a(malloc.o)
                0x00000000000066e0                malloc
                0x000000000000681a                free
 .text.avr-libc
                0x000000000000694a      0x1c2 /home/chris/Workspace/PlusPonics/code/ArduinoCore/Release/libArduinoCore.a(realloc.o)
                0x000000000000694a                realloc
 .text.libgcc   0x0000000000006b0c       0x3e /home/chris/Software/arduino-1.0.5/hardware/tools/avr/bin/../lib/gcc/avr/4.3.2/avr6/libgcc.a(_mulsi3.o)
                0x0000000000006b0c                __mulsi3
 .text.libgcc   0x0000000000006b4a       0x44 /home/chris/Software/arduino-1.0.5/hardware/tools/avr/bin/../lib/gcc/avr/4.3.2/avr6/libgcc.a(_udivmodsi4.o)
                0x0000000000006b4a                __udivmodsi4
 .text.libgcc   0x0000000000006b8e        0x0 /home/chris/Software/arduino-1.0.5/hardware/tools/avr/bin/../lib/gcc/avr/4.3.2/avr6/libgcc.a(_exit.o)
 .text.libgcc   0x0000000000006b8e        0x0 /home/chris/Software/arduino-1.0.5/hardware/tools/avr/bin/../lib/gcc/avr/4.3.2/avr6/libgcc.a(_clear_bss.o)
 .text.libgcc   0x0000000000006b8e        0x0 /home/chris/Software/arduino-1.0.5/hardware/tools/avr/bin/../lib/gcc/avr/4.3.2/avr6/libgcc.a(_ctors.o)
 .text.libgcc   0x0000000000006b8e        0x0 /home/chris/Software/arduino-1.0.5/hardware/tools/avr/bin/../lib/gcc/avr/4.3.2/avr6/libgcc.a(_dtors.o)
 .text.libgcc   0x0000000000006b8e       0x38 /home/chris/Software/arduino-1.0.5/hardware/tools/avr/bin/../lib/gcc/avr/4.3.2/avr6/libgcc.a(_prologue.o)
                0x0000000000006b8e                __prologue_saves__
 .text.libgcc   0x0000000000006bc6       0x36 /home/chris/Software/arduino-1.0.5/hardware/tools/avr/bin/../lib/gcc/avr/4.3.2/avr6/libgcc.a(_epilogue.o)
                0x0000000000006bc6                __epilogue_restores__
 .text.libgcc   0x0000000000006bfc        0xc /home/chris/Software/arduino-1.0.5/hardware/tools/avr/bin/../lib/gcc/avr/4.3.2/avr6/libgcc.a(_tablejump.o)
                0x0000000000006c00                __tablejump__
                0x0000000000006bfc                __tablejump2__
 .text.ctype    0x0000000000006c08       0x10 /home/chris/Software/arduino-1.0.5/hardware/tools/avr/bin/../lib/gcc/avr/4.3.2/../../../avr/lib/avr6/libc.a(isspace.o)
                0x0000000000006c08                isspace
 .text.ctype    0x0000000000006c18       0x10 /home/chris/Software/arduino-1.0.5/hardware/tools/avr/bin/../lib/gcc/avr/4.3.2/../../../avr/lib/avr6/libc.a(tolower.o)
                0x0000000000006c18                tolower
 .text.ctype    0x0000000000006c28       0x10 /home/chris/Software/arduino-1.0.5/hardware/tools/avr/bin/../lib/gcc/avr/4.3.2/../../../avr/lib/avr6/libc.a(toupper.o)
                0x0000000000006c28                toupper
 .text.ctype    0x0000000000006c38        0x6 /home/chris/Software/arduino-1.0.5/hardware/tools/avr/bin/../lib/gcc/avr/4.3.2/../../../avr/lib/avr6/libc.a(cty_isfalse.o)
                0x0000000000006c3c                __ctype_istrue
                0x0000000000006c38                __ctype_isfalse
 .text.libgcc   0x0000000000006c3e       0x28 /home/chris/Software/arduino-1.0.5/hardware/tools/avr/bin/../lib/gcc/avr/4.3.2/avr6/libgcc.a(_udivmodhi4.o)
                0x0000000000006c3e                __udivmodhi4
                0x0000000000006c66                . = ALIGN (0x2)
 *(.fini9)
 .fini9         0x0000000000006c66        0x0 /home/chris/Software/arduino-1.0.5/hardware/tools/avr/bin/../lib/gcc/avr/4.3.2/avr6/libgcc.a(_exit.o)
                0x0000000000006c66                exit
                0x0000000000006c66                _exit
 *(.fini9)
 *(.fini8)
 *(.fini8)
 *(.fini7)
 *(.fini7)
 *(.fini6)
 .fini6         0x0000000000006c66       0x16 /home/chris/Software/arduino-1.0.5/hardware/tools/avr/bin/../lib/gcc/avr/4.3.2/avr6/libgcc.a(_dtors.o)
                0x0000000000006c66                __do_global_dtors
 *(.fini6)
 *(.fini5)
 *(.fini5)
 *(.fini4)
 *(.fini4)
 *(.fini3)
 *(.fini3)
 *(.fini2)
 *(.fini2)
 *(.fini1)
 *(.fini1)
 *(.fini0)
 .fini0         0x0000000000006c7c        0x4 /home/chris/Software/arduino-1.0.5/hardware/tools/avr/bin/../lib/gcc/avr/4.3.2/avr6/libgcc.a(_exit.o)
 *(.fini0)
                0x0000000000006c80                _etext = .

.data           0x0000000000800200      0x21c load address 0x0000000000006c80
                0x0000000000800200                PROVIDE (__data_start, .)
 *(.data)
 .data          0x0000000000800200        0x0 /home/chris/Software/arduino-1.0.5/hardware/tools/avr/bin/../lib/gcc/avr/4.3.2/../../../avr/lib/avr6/crtm2560.o
 .data          0x0000000000800200        0x0 ./lib/SipHash/HexConversionUtils.o
 .data          0x0000000000800200        0x0 ./lib/SipHash/SipHash_2_4.o
 .data          0x0000000000800200        0x0 ./lib/SipHash/siphash_2_4_asm.o
 .data          0x0000000000800200       0x2e ./AbstractCommunication.o
                0x0000000000800220                vtable for Communicators::AbstractCommunication
 .data          0x000000000080022e        0xc ./AbstractTC.o
                0x000000000080022e                vtable for TC::AbstractTC
 .data          0x000000000080023a        0x8 ./AbstractTM.o
                0x000000000080023a                vtable for TM::AbstractTM
 .data          0x0000000000800242       0x53 ./GlobalReceiver.o
                0x000000000080028d                vtable for Processors::GlobalReceiver
 .data          0x0000000000800295        0x8 ./Limit.o
                0x0000000000800295                vtable for TM::Limit
 .data          0x000000000080029d        0xc ./LogicTC.o
                0x000000000080029d                vtable for TC::LogicTC
 .data          0x00000000008002a9        0xf ./SerialCom.o
                0x00000000008002aa                vtable for Communicators::SerialCom
 .data          0x00000000008002b8        0x8 ./TCProcessor.o
                0x00000000008002b8                vtable for Processors::TCProcessor
 .data          0x00000000008002c0       0x15 ./main.o
 .data          0x00000000008002d5        0x6 /home/chris/Workspace/PlusPonics/code/ArduinoCore/Release/libArduinoCore.a(malloc.o)
                0x00000000008002d7                __malloc_heap_start
                0x00000000008002d9                __malloc_heap_end
                0x00000000008002d5                __malloc_margin
 .data          0x00000000008002db       0x20 /home/chris/Workspace/PlusPonics/code/ArduinoCore/Release/libArduinoCore.a(HardwareSerial.o)
                0x00000000008002db                vtable for HardwareSerial
                0x00000000008002eb                vtable for Stream
 .data          0x00000000008002fb       0x16 /home/chris/Workspace/PlusPonics/code/ArduinoCore/Release/libArduinoCore.a(Print.o)
                0x0000000000800309                vtable for Print
 .data          0x0000000000800311        0x1 /home/chris/Workspace/PlusPonics/code/ArduinoCore/Release/libArduinoCore.a(Stream.o)
 .data          0x0000000000800312        0x1 /home/chris/Workspace/PlusPonics/code/ArduinoCore/Release/libArduinoCore.a(WString.o)
 .data          0x0000000000800313        0x0 /home/chris/Workspace/PlusPonics/code/ArduinoCore/Release/libArduinoCore.a(new.o)
 .data          0x0000000000800313        0x0 /home/chris/Workspace/PlusPonics/code/ArduinoCore/Release/libArduinoCore.a(wiring.o)
 .data          0x0000000000800313        0x0 /home/chris/Workspace/PlusPonics/code/ArduinoCore/Release/libArduinoCore.a(wiring_digital.o)
 .data          0x0000000000800313        0x0 /home/chris/Workspace/PlusPonics/code/ArduinoCore/Release/libArduinoCore.a(realloc.o)
 .data          0x0000000000800313        0x0 /home/chris/Software/arduino-1.0.5/hardware/tools/avr/bin/../lib/gcc/avr/4.3.2/avr6/libgcc.a(_mulsi3.o)
 .data          0x0000000000800313        0x0 /home/chris/Software/arduino-1.0.5/hardware/tools/avr/bin/../lib/gcc/avr/4.3.2/avr6/libgcc.a(_udivmodsi4.o)
 .data          0x0000000000800313        0x0 /home/chris/Software/arduino-1.0.5/hardware/tools/avr/bin/../lib/gcc/avr/4.3.2/avr6/libgcc.a(_exit.o)
 .data          0x0000000000800313        0x0 /home/chris/Software/arduino-1.0.5/hardware/tools/avr/bin/../lib/gcc/avr/4.3.2/avr6/libgcc.a(_clear_bss.o)
 .data          0x0000000000800313        0x0 /home/chris/Software/arduino-1.0.5/hardware/tools/avr/bin/../lib/gcc/avr/4.3.2/avr6/libgcc.a(_ctors.o)
 .data          0x0000000000800313        0x0 /home/chris/Software/arduino-1.0.5/hardware/tools/avr/bin/../lib/gcc/avr/4.3.2/avr6/libgcc.a(_dtors.o)
 .data          0x0000000000800313        0x0 /home/chris/Software/arduino-1.0.5/hardware/tools/avr/bin/../lib/gcc/avr/4.3.2/avr6/libgcc.a(_fixunssfsi.o)
 .data          0x0000000000800313        0x0 /home/chris/Software/arduino-1.0.5/hardware/tools/avr/bin/../lib/gcc/avr/4.3.2/avr6/libgcc.a(_addsub_sf.o)
 .data          0x0000000000800313        0x0 /home/chris/Software/arduino-1.0.5/hardware/tools/avr/bin/../lib/gcc/avr/4.3.2/avr6/libgcc.a(_mul_sf.o)
 .data          0x0000000000800313        0x0 /home/chris/Software/arduino-1.0.5/hardware/tools/avr/bin/../lib/gcc/avr/4.3.2/avr6/libgcc.a(_div_sf.o)
 .data          0x0000000000800313        0x0 /home/chris/Software/arduino-1.0.5/hardware/tools/avr/bin/../lib/gcc/avr/4.3.2/avr6/libgcc.a(_gt_sf.o)
 .data          0x0000000000800313        0x0 /home/chris/Software/arduino-1.0.5/hardware/tools/avr/bin/../lib/gcc/avr/4.3.2/avr6/libgcc.a(_ge_sf.o)
 .data          0x0000000000800313        0x0 /home/chris/Software/arduino-1.0.5/hardware/tools/avr/bin/../lib/gcc/avr/4.3.2/avr6/libgcc.a(_lt_sf.o)
 .data          0x0000000000800313        0x0 /home/chris/Software/arduino-1.0.5/hardware/tools/avr/bin/../lib/gcc/avr/4.3.2/avr6/libgcc.a(_le_sf.o)
 .data          0x0000000000800313        0x0 /home/chris/Software/arduino-1.0.5/hardware/tools/avr/bin/../lib/gcc/avr/4.3.2/avr6/libgcc.a(_unord_sf.o)
 .data          0x0000000000800313        0x0 /home/chris/Software/arduino-1.0.5/hardware/tools/avr/bin/../lib/gcc/avr/4.3.2/avr6/libgcc.a(_si_to_sf.o)
 .data          0x0000000000800313        0x0 /home/chris/Software/arduino-1.0.5/hardware/tools/avr/bin/../lib/gcc/avr/4.3.2/avr6/libgcc.a(_sf_to_si.o)
 .data          0x0000000000800313        0x8 /home/chris/Software/arduino-1.0.5/hardware/tools/avr/bin/../lib/gcc/avr/4.3.2/avr6/libgcc.a(_thenan_sf.o)
                0x0000000000800313                __thenan_sf
 .data          0x000000000080031b        0x0 /home/chris/Software/arduino-1.0.5/hardware/tools/avr/bin/../lib/gcc/avr/4.3.2/avr6/libgcc.a(_usi_to_sf.o)
 .data          0x000000000080031b        0x0 /home/chris/Software/arduino-1.0.5/hardware/tools/avr/bin/../lib/gcc/avr/4.3.2/avr6/libgcc.a(_prologue.o)
 .data          0x000000000080031b        0x0 /home/chris/Software/arduino-1.0.5/hardware/tools/avr/bin/../lib/gcc/avr/4.3.2/avr6/libgcc.a(_epilogue.o)
 .data          0x000000000080031b        0x0 /home/chris/Software/arduino-1.0.5/hardware/tools/avr/bin/../lib/gcc/avr/4.3.2/avr6/libgcc.a(_tablejump.o)
 .data          0x000000000080031b        0x0 /home/chris/Software/arduino-1.0.5/hardware/tools/avr/bin/../lib/gcc/avr/4.3.2/avr6/libgcc.a(_clzsi2.o)
 .data          0x000000000080031b        0x0 /home/chris/Software/arduino-1.0.5/hardware/tools/avr/bin/../lib/gcc/avr/4.3.2/avr6/libgcc.a(_pack_sf.o)
 .data          0x000000000080031b        0x0 /home/chris/Software/arduino-1.0.5/hardware/tools/avr/bin/../lib/gcc/avr/4.3.2/avr6/libgcc.a(_unpack_sf.o)
 .data          0x000000000080031b        0x0 /home/chris/Software/arduino-1.0.5/hardware/tools/avr/bin/../lib/gcc/avr/4.3.2/avr6/libgcc.a(_fpcmp_parts_sf.o)
 .data          0x000000000080031b      0x100 /home/chris/Software/arduino-1.0.5/hardware/tools/avr/bin/../lib/gcc/avr/4.3.2/avr6/libgcc.a(_clz.o)
                0x000000000080031b                __clz_tab
 .data          0x000000000080041b        0x0 /home/chris/Software/arduino-1.0.5/hardware/tools/avr/bin/../lib/gcc/avr/4.3.2/../../../avr/lib/avr6/libc.a(atoi.o)
 .data          0x000000000080041b        0x0 /home/chris/Software/arduino-1.0.5/hardware/tools/avr/bin/../lib/gcc/avr/4.3.2/../../../avr/lib/avr6/libc.a(atol.o)
 .data          0x000000000080041b        0x0 /home/chris/Software/arduino-1.0.5/hardware/tools/avr/bin/../lib/gcc/avr/4.3.2/../../../avr/lib/avr6/libc.a(isspace.o)
 .data          0x000000000080041b        0x0 /home/chris/Software/arduino-1.0.5/hardware/tools/avr/bin/../lib/gcc/avr/4.3.2/../../../avr/lib/avr6/libc.a(tolower.o)
 .data          0x000000000080041b        0x0 /home/chris/Software/arduino-1.0.5/hardware/tools/avr/bin/../lib/gcc/avr/4.3.2/../../../avr/lib/avr6/libc.a(toupper.o)
 .data          0x000000000080041b        0x0 /home/chris/Software/arduino-1.0.5/hardware/tools/avr/bin/../lib/gcc/avr/4.3.2/../../../avr/lib/avr6/libc.a(memcpy_P.o)
 .data          0x000000000080041b        0x0 /home/chris/Software/arduino-1.0.5/hardware/tools/avr/bin/../lib/gcc/avr/4.3.2/../../../avr/lib/avr6/libc.a(memcpy.o)
 .data          0x000000000080041b        0x0 /home/chris/Software/arduino-1.0.5/hardware/tools/avr/bin/../lib/gcc/avr/4.3.2/../../../avr/lib/avr6/libc.a(memmove.o)
 .data          0x000000000080041b        0x0 /home/chris/Software/arduino-1.0.5/hardware/tools/avr/bin/../lib/gcc/avr/4.3.2/../../../avr/lib/avr6/libc.a(strcat.o)
 .data          0x000000000080041b        0x0 /home/chris/Software/arduino-1.0.5/hardware/tools/avr/bin/../lib/gcc/avr/4.3.2/../../../avr/lib/avr6/libc.a(strchr.o)
 .data          0x000000000080041b        0x0 /home/chris/Software/arduino-1.0.5/hardware/tools/avr/bin/../lib/gcc/avr/4.3.2/../../../avr/lib/avr6/libc.a(strcmp.o)
 .data          0x000000000080041b        0x0 /home/chris/Software/arduino-1.0.5/hardware/tools/avr/bin/../lib/gcc/avr/4.3.2/../../../avr/lib/avr6/libc.a(strcpy.o)
 .data          0x000000000080041b        0x0 /home/chris/Software/arduino-1.0.5/hardware/tools/avr/bin/../lib/gcc/avr/4.3.2/../../../avr/lib/avr6/libc.a(strncmp.o)
 .data          0x000000000080041b        0x0 /home/chris/Software/arduino-1.0.5/hardware/tools/avr/bin/../lib/gcc/avr/4.3.2/../../../avr/lib/avr6/libc.a(strncpy.o)
 .data          0x000000000080041b        0x0 /home/chris/Software/arduino-1.0.5/hardware/tools/avr/bin/../lib/gcc/avr/4.3.2/../../../avr/lib/avr6/libc.a(strrchr.o)
 .data          0x000000000080041b        0x0 /home/chris/Software/arduino-1.0.5/hardware/tools/avr/bin/../lib/gcc/avr/4.3.2/../../../avr/lib/avr6/libc.a(strstr.o)
 .data          0x000000000080041b        0x0 /home/chris/Software/arduino-1.0.5/hardware/tools/avr/bin/../lib/gcc/avr/4.3.2/../../../avr/lib/avr6/libc.a(itoa.o)
 .data          0x000000000080041b        0x0 /home/chris/Software/arduino-1.0.5/hardware/tools/avr/bin/../lib/gcc/avr/4.3.2/../../../avr/lib/avr6/libc.a(ltoa.o)
 .data          0x000000000080041b        0x0 /home/chris/Software/arduino-1.0.5/hardware/tools/avr/bin/../lib/gcc/avr/4.3.2/../../../avr/lib/avr6/libc.a(mulsi10.o)
 .data          0x000000000080041b        0x0 /home/chris/Software/arduino-1.0.5/hardware/tools/avr/bin/../lib/gcc/avr/4.3.2/../../../avr/lib/avr6/libc.a(mul10.o)
 .data          0x000000000080041b        0x0 /home/chris/Software/arduino-1.0.5/hardware/tools/avr/bin/../lib/gcc/avr/4.3.2/../../../avr/lib/avr6/libc.a(ultoa.o)
 .data          0x000000000080041b        0x0 /home/chris/Software/arduino-1.0.5/hardware/tools/avr/bin/../lib/gcc/avr/4.3.2/../../../avr/lib/avr6/libc.a(utoa.o)
 .data          0x000000000080041b        0x0 /home/chris/Software/arduino-1.0.5/hardware/tools/avr/bin/../lib/gcc/avr/4.3.2/../../../avr/lib/avr6/libc.a(vsnprintf.o)
 .data          0x000000000080041b        0x0 /home/chris/Software/arduino-1.0.5/hardware/tools/avr/bin/../lib/gcc/avr/4.3.2/../../../avr/lib/avr6/libc.a(vfprintf_std.o)
 .data          0x000000000080041b        0x0 /home/chris/Software/arduino-1.0.5/hardware/tools/avr/bin/../lib/gcc/avr/4.3.2/../../../avr/lib/avr6/libc.a(cty_isfalse.o)
 .data          0x000000000080041b        0x0 /home/chris/Software/arduino-1.0.5/hardware/tools/avr/bin/../lib/gcc/avr/4.3.2/../../../avr/lib/avr6/libc.a(strnlen_P.o)
 .data          0x000000000080041b        0x0 /home/chris/Software/arduino-1.0.5/hardware/tools/avr/bin/../lib/gcc/avr/4.3.2/../../../avr/lib/avr6/libc.a(strnlen.o)
 .data          0x000000000080041b        0x0 /home/chris/Software/arduino-1.0.5/hardware/tools/avr/bin/../lib/gcc/avr/4.3.2/../../../avr/lib/avr6/libc.a(strrev.o)
 .data          0x000000000080041b        0x0 /home/chris/Software/arduino-1.0.5/hardware/tools/avr/bin/../lib/gcc/avr/4.3.2/../../../avr/lib/avr6/libc.a(fputc.o)
 .data          0x000000000080041b        0x0 /home/chris/Software/arduino-1.0.5/hardware/tools/avr/bin/../lib/gcc/avr/4.3.2/../../../avr/lib/avr6/libc.a(ultoa_invert.o)
 .data          0x000000000080041b        0x0 /home/chris/Software/arduino-1.0.5/hardware/tools/avr/bin/../lib/gcc/avr/4.3.2/avr6/libgcc.a(_udivmodhi4.o)
 *(.data*)
 *(.rodata)
 *(.rodata*)
 *(.gnu.linkonce.d*)
                0x000000000080041c                . = ALIGN (0x2)
 *fill*         0x000000000080041b        0x1 00
                0x000000000080041c                _edata = .
                0x000000000080041c                PROVIDE (__data_end, .)

.bss            0x000000000080041c      0x305 load address 0x0000000000006e9c
                0x000000000080041c                PROVIDE (__bss_start, .)
 *(.bss)
 .bss           0x000000000080041c        0x0 /home/chris/Software/arduino-1.0.5/hardware/tools/avr/bin/../lib/gcc/avr/4.3.2/../../../avr/lib/avr6/crtm2560.o
 .bss           0x000000000080041c        0x0 ./lib/SipHash/HexConversionUtils.o
 .bss           0x000000000080041c       0x2c ./lib/SipHash/SipHash_2_4.o
                0x000000000080041c                sipHash
 .bss           0x0000000000800448        0x0 ./lib/SipHash/siphash_2_4_asm.o
 .bss           0x0000000000800448        0x7 ./AbstractCommunication.o
                0x0000000000800448                Communicators::AbstractCommunication::DEFAULT_LOCATION
 .bss           0x000000000080044f        0x0 ./AbstractTC.o
 .bss           0x000000000080044f        0x0 ./AbstractTM.o
 .bss           0x000000000080044f        0x9 ./GlobalReceiver.o
 .bss           0x0000000000800458        0x0 ./Limit.o
 .bss           0x0000000000800458        0x0 ./LogicTC.o
 .bss           0x0000000000800458        0x0 ./SerialCom.o
 .bss           0x0000000000800458        0x2 ./TCProcessor.o
                0x0000000000800458                std::__malloc_alloc_template<0>::__malloc_alloc_oom_handler
 .bss           0x000000000080045a       0x11 ./main.o
                0x0000000000800463                tcProcessor
                0x000000000080045a                com
                0x000000000080045d                glrcv
 .bss           0x000000000080046b        0x0 /home/chris/Workspace/PlusPonics/code/ArduinoCore/Release/libArduinoCore.a(malloc.o)
 .bss           0x000000000080046b      0x2a8 /home/chris/Workspace/PlusPonics/code/ArduinoCore/Release/libArduinoCore.a(HardwareSerial.o)
                0x00000000008006ad                Serial1
                0x00000000008004f3                rx_buffer1
                0x00000000008006f1                Serial3
                0x000000000080046b                rx_buffer
                0x00000000008004af                tx_buffer
                0x00000000008005bf                tx_buffer2
                0x000000000080068b                Serial
                0x0000000000800647                tx_buffer3
                0x000000000080057b                rx_buffer2
                0x0000000000800537                tx_buffer1
                0x0000000000800603                rx_buffer3
                0x00000000008006cf                Serial2
 .bss           0x0000000000800713        0x0 /home/chris/Workspace/PlusPonics/code/ArduinoCore/Release/libArduinoCore.a(Print.o)
 .bss           0x0000000000800713        0x0 /home/chris/Workspace/PlusPonics/code/ArduinoCore/Release/libArduinoCore.a(Stream.o)
 .bss           0x0000000000800713        0x1 /home/chris/Workspace/PlusPonics/code/ArduinoCore/Release/libArduinoCore.a(WString.o)
 .bss           0x0000000000800714        0x0 /home/chris/Workspace/PlusPonics/code/ArduinoCore/Release/libArduinoCore.a(new.o)
 .bss           0x0000000000800714        0x9 /home/chris/Workspace/PlusPonics/code/ArduinoCore/Release/libArduinoCore.a(wiring.o)
                0x0000000000800714                timer0_overflow_count
                0x0000000000800718                timer0_millis
 .bss           0x000000000080071d        0x0 /home/chris/Workspace/PlusPonics/code/ArduinoCore/Release/libArduinoCore.a(wiring_digital.o)
 .bss           0x000000000080071d        0x0 /home/chris/Workspace/PlusPonics/code/ArduinoCore/Release/libArduinoCore.a(realloc.o)
 .bss           0x000000000080071d        0x0 /home/chris/Software/arduino-1.0.5/hardware/tools/avr/bin/../lib/gcc/avr/4.3.2/avr6/libgcc.a(_mulsi3.o)
 .bss           0x000000000080071d        0x0 /home/chris/Software/arduino-1.0.5/hardware/tools/avr/bin/../lib/gcc/avr/4.3.2/avr6/libgcc.a(_udivmodsi4.o)
 .bss           0x000000000080071d        0x0 /home/chris/Software/arduino-1.0.5/hardware/tools/avr/bin/../lib/gcc/avr/4.3.2/avr6/libgcc.a(_exit.o)
 .bss           0x000000000080071d        0x0 /home/chris/Software/arduino-1.0.5/hardware/tools/avr/bin/../lib/gcc/avr/4.3.2/avr6/libgcc.a(_clear_bss.o)
 .bss           0x000000000080071d        0x0 /home/chris/Software/arduino-1.0.5/hardware/tools/avr/bin/../lib/gcc/avr/4.3.2/avr6/libgcc.a(_ctors.o)
 .bss           0x000000000080071d        0x0 /home/chris/Software/arduino-1.0.5/hardware/tools/avr/bin/../lib/gcc/avr/4.3.2/avr6/libgcc.a(_dtors.o)
 .bss           0x000000000080071d        0x0 /home/chris/Software/arduino-1.0.5/hardware/tools/avr/bin/../lib/gcc/avr/4.3.2/avr6/libgcc.a(_fixunssfsi.o)
 .bss           0x000000000080071d        0x0 /home/chris/Software/arduino-1.0.5/hardware/tools/avr/bin/../lib/gcc/avr/4.3.2/avr6/libgcc.a(_addsub_sf.o)
 .bss           0x000000000080071d        0x0 /home/chris/Software/arduino-1.0.5/hardware/tools/avr/bin/../lib/gcc/avr/4.3.2/avr6/libgcc.a(_mul_sf.o)
 .bss           0x000000000080071d        0x0 /home/chris/Software/arduino-1.0.5/hardware/tools/avr/bin/../lib/gcc/avr/4.3.2/avr6/libgcc.a(_div_sf.o)
 .bss           0x000000000080071d        0x0 /home/chris/Software/arduino-1.0.5/hardware/tools/avr/bin/../lib/gcc/avr/4.3.2/avr6/libgcc.a(_gt_sf.o)
 .bss           0x000000000080071d        0x0 /home/chris/Software/arduino-1.0.5/hardware/tools/avr/bin/../lib/gcc/avr/4.3.2/avr6/libgcc.a(_ge_sf.o)
 .bss           0x000000000080071d        0x0 /home/chris/Software/arduino-1.0.5/hardware/tools/avr/bin/../lib/gcc/avr/4.3.2/avr6/libgcc.a(_lt_sf.o)
 .bss           0x000000000080071d        0x0 /home/chris/Software/arduino-1.0.5/hardware/tools/avr/bin/../lib/gcc/avr/4.3.2/avr6/libgcc.a(_le_sf.o)
 .bss           0x000000000080071d        0x0 /home/chris/Software/arduino-1.0.5/hardware/tools/avr/bin/../lib/gcc/avr/4.3.2/avr6/libgcc.a(_unord_sf.o)
 .bss           0x000000000080071d        0x0 /home/chris/Software/arduino-1.0.5/hardware/tools/avr/bin/../lib/gcc/avr/4.3.2/avr6/libgcc.a(_si_to_sf.o)
 .bss           0x000000000080071d        0x0 /home/chris/Software/arduino-1.0.5/hardware/tools/avr/bin/../lib/gcc/avr/4.3.2/avr6/libgcc.a(_sf_to_si.o)
 .bss           0x000000000080071d        0x0 /home/chris/Software/arduino-1.0.5/hardware/tools/avr/bin/../lib/gcc/avr/4.3.2/avr6/libgcc.a(_thenan_sf.o)
 .bss           0x000000000080071d        0x0 /home/chris/Software/arduino-1.0.5/hardware/tools/avr/bin/../lib/gcc/avr/4.3.2/avr6/libgcc.a(_usi_to_sf.o)
 .bss           0x000000000080071d        0x0 /home/chris/Software/arduino-1.0.5/hardware/tools/avr/bin/../lib/gcc/avr/4.3.2/avr6/libgcc.a(_prologue.o)
 .bss           0x000000000080071d        0x0 /home/chris/Software/arduino-1.0.5/hardware/tools/avr/bin/../lib/gcc/avr/4.3.2/avr6/libgcc.a(_epilogue.o)
 .bss           0x000000000080071d        0x0 /home/chris/Software/arduino-1.0.5/hardware/tools/avr/bin/../lib/gcc/avr/4.3.2/avr6/libgcc.a(_tablejump.o)
 .bss           0x000000000080071d        0x0 /home/chris/Software/arduino-1.0.5/hardware/tools/avr/bin/../lib/gcc/avr/4.3.2/avr6/libgcc.a(_clzsi2.o)
 .bss           0x000000000080071d        0x0 /home/chris/Software/arduino-1.0.5/hardware/tools/avr/bin/../lib/gcc/avr/4.3.2/avr6/libgcc.a(_pack_sf.o)
 .bss           0x000000000080071d        0x0 /home/chris/Software/arduino-1.0.5/hardware/tools/avr/bin/../lib/gcc/avr/4.3.2/avr6/libgcc.a(_unpack_sf.o)
 .bss           0x000000000080071d        0x0 /home/chris/Software/arduino-1.0.5/hardware/tools/avr/bin/../lib/gcc/avr/4.3.2/avr6/libgcc.a(_fpcmp_parts_sf.o)
 .bss           0x000000000080071d        0x0 /home/chris/Software/arduino-1.0.5/hardware/tools/avr/bin/../lib/gcc/avr/4.3.2/avr6/libgcc.a(_clz.o)
 .bss           0x000000000080071d        0x0 /home/chris/Software/arduino-1.0.5/hardware/tools/avr/bin/../lib/gcc/avr/4.3.2/../../../avr/lib/avr6/libc.a(atoi.o)
 .bss           0x000000000080071d        0x0 /home/chris/Software/arduino-1.0.5/hardware/tools/avr/bin/../lib/gcc/avr/4.3.2/../../../avr/lib/avr6/libc.a(atol.o)
 .bss           0x000000000080071d        0x0 /home/chris/Software/arduino-1.0.5/hardware/tools/avr/bin/../lib/gcc/avr/4.3.2/../../../avr/lib/avr6/libc.a(isspace.o)
 .bss           0x000000000080071d        0x0 /home/chris/Software/arduino-1.0.5/hardware/tools/avr/bin/../lib/gcc/avr/4.3.2/../../../avr/lib/avr6/libc.a(tolower.o)
 .bss           0x000000000080071d        0x0 /home/chris/Software/arduino-1.0.5/hardware/tools/avr/bin/../lib/gcc/avr/4.3.2/../../../avr/lib/avr6/libc.a(toupper.o)
 .bss           0x000000000080071d        0x0 /home/chris/Software/arduino-1.0.5/hardware/tools/avr/bin/../lib/gcc/avr/4.3.2/../../../avr/lib/avr6/libc.a(memcpy_P.o)
 .bss           0x000000000080071d        0x0 /home/chris/Software/arduino-1.0.5/hardware/tools/avr/bin/../lib/gcc/avr/4.3.2/../../../avr/lib/avr6/libc.a(memcpy.o)
 .bss           0x000000000080071d        0x0 /home/chris/Software/arduino-1.0.5/hardware/tools/avr/bin/../lib/gcc/avr/4.3.2/../../../avr/lib/avr6/libc.a(memmove.o)
 .bss           0x000000000080071d        0x0 /home/chris/Software/arduino-1.0.5/hardware/tools/avr/bin/../lib/gcc/avr/4.3.2/../../../avr/lib/avr6/libc.a(strcat.o)
 .bss           0x000000000080071d        0x0 /home/chris/Software/arduino-1.0.5/hardware/tools/avr/bin/../lib/gcc/avr/4.3.2/../../../avr/lib/avr6/libc.a(strchr.o)
 .bss           0x000000000080071d        0x0 /home/chris/Software/arduino-1.0.5/hardware/tools/avr/bin/../lib/gcc/avr/4.3.2/../../../avr/lib/avr6/libc.a(strcmp.o)
 .bss           0x000000000080071d        0x0 /home/chris/Software/arduino-1.0.5/hardware/tools/avr/bin/../lib/gcc/avr/4.3.2/../../../avr/lib/avr6/libc.a(strcpy.o)
 .bss           0x000000000080071d        0x0 /home/chris/Software/arduino-1.0.5/hardware/tools/avr/bin/../lib/gcc/avr/4.3.2/../../../avr/lib/avr6/libc.a(strncmp.o)
 .bss           0x000000000080071d        0x0 /home/chris/Software/arduino-1.0.5/hardware/tools/avr/bin/../lib/gcc/avr/4.3.2/../../../avr/lib/avr6/libc.a(strncpy.o)
 .bss           0x000000000080071d        0x0 /home/chris/Software/arduino-1.0.5/hardware/tools/avr/bin/../lib/gcc/avr/4.3.2/../../../avr/lib/avr6/libc.a(strrchr.o)
 .bss           0x000000000080071d        0x0 /home/chris/Software/arduino-1.0.5/hardware/tools/avr/bin/../lib/gcc/avr/4.3.2/../../../avr/lib/avr6/libc.a(strstr.o)
 .bss           0x000000000080071d        0x0 /home/chris/Software/arduino-1.0.5/hardware/tools/avr/bin/../lib/gcc/avr/4.3.2/../../../avr/lib/avr6/libc.a(itoa.o)
 .bss           0x000000000080071d        0x0 /home/chris/Software/arduino-1.0.5/hardware/tools/avr/bin/../lib/gcc/avr/4.3.2/../../../avr/lib/avr6/libc.a(ltoa.o)
 .bss           0x000000000080071d        0x0 /home/chris/Software/arduino-1.0.5/hardware/tools/avr/bin/../lib/gcc/avr/4.3.2/../../../avr/lib/avr6/libc.a(mulsi10.o)
 .bss           0x000000000080071d        0x0 /home/chris/Software/arduino-1.0.5/hardware/tools/avr/bin/../lib/gcc/avr/4.3.2/../../../avr/lib/avr6/libc.a(mul10.o)
 .bss           0x000000000080071d        0x0 /home/chris/Software/arduino-1.0.5/hardware/tools/avr/bin/../lib/gcc/avr/4.3.2/../../../avr/lib/avr6/libc.a(ultoa.o)
 .bss           0x000000000080071d        0x0 /home/chris/Software/arduino-1.0.5/hardware/tools/avr/bin/../lib/gcc/avr/4.3.2/../../../avr/lib/avr6/libc.a(utoa.o)
 .bss           0x000000000080071d        0x0 /home/chris/Software/arduino-1.0.5/hardware/tools/avr/bin/../lib/gcc/avr/4.3.2/../../../avr/lib/avr6/libc.a(vsnprintf.o)
 .bss           0x000000000080071d        0x0 /home/chris/Software/arduino-1.0.5/hardware/tools/avr/bin/../lib/gcc/avr/4.3.2/../../../avr/lib/avr6/libc.a(vfprintf_std.o)
 .bss           0x000000000080071d        0x0 /home/chris/Software/arduino-1.0.5/hardware/tools/avr/bin/../lib/gcc/avr/4.3.2/../../../avr/lib/avr6/libc.a(cty_isfalse.o)
 .bss           0x000000000080071d        0x0 /home/chris/Software/arduino-1.0.5/hardware/tools/avr/bin/../lib/gcc/avr/4.3.2/../../../avr/lib/avr6/libc.a(strnlen_P.o)
 .bss           0x000000000080071d        0x0 /home/chris/Software/arduino-1.0.5/hardware/tools/avr/bin/../lib/gcc/avr/4.3.2/../../../avr/lib/avr6/libc.a(strnlen.o)
 .bss           0x000000000080071d        0x0 /home/chris/Software/arduino-1.0.5/hardware/tools/avr/bin/../lib/gcc/avr/4.3.2/../../../avr/lib/avr6/libc.a(strrev.o)
 .bss           0x000000000080071d        0x0 /home/chris/Software/arduino-1.0.5/hardware/tools/avr/bin/../lib/gcc/avr/4.3.2/../../../avr/lib/avr6/libc.a(fputc.o)
 .bss           0x000000000080071d        0x0 /home/chris/Software/arduino-1.0.5/hardware/tools/avr/bin/../lib/gcc/avr/4.3.2/../../../avr/lib/avr6/libc.a(ultoa_invert.o)
 .bss           0x000000000080071d        0x0 /home/chris/Software/arduino-1.0.5/hardware/tools/avr/bin/../lib/gcc/avr/4.3.2/avr6/libgcc.a(_udivmodhi4.o)
 *(.bss*)
 *(COMMON)
 COMMON         0x000000000080071d        0x4 /home/chris/Workspace/PlusPonics/code/ArduinoCore/Release/libArduinoCore.a(malloc.o)
                0x000000000080071d                __brkval
                0x000000000080071f                __flp
                0x0000000000800721                PROVIDE (__bss_end, .)
                0x0000000000006c80                __data_load_start = LOADADDR (.data)
                0x0000000000006e9c                __data_load_end = (__data_load_start + SIZEOF (.data))

.noinit         0x0000000000800721        0x0
                0x0000000000800721                PROVIDE (__noinit_start, .)
 *(.noinit*)
                0x0000000000800721                PROVIDE (__noinit_end, .)
                0x0000000000800721                _end = .
                0x0000000000800721                PROVIDE (__heap_start, .)

.eeprom         0x0000000000810000        0x0
 *(.eeprom*)
                0x0000000000810000                __eeprom_end = .

.fuse
 *(.fuse)
 *(.lfuse)
 *(.hfuse)
 *(.efuse)

.lock
 *(.lock*)

.signature
 *(.signature*)

.stab
 *(.stab)

.stabstr
 *(.stabstr)

.stab.excl
 *(.stab.excl)

.stab.exclstr
 *(.stab.exclstr)

.stab.index
 *(.stab.index)

.stab.indexstr
 *(.stab.indexstr)

.comment
 *(.comment)

.debug
 *(.debug)

.line
 *(.line)

.debug_srcinfo
 *(.debug_srcinfo)

.debug_sfnames
 *(.debug_sfnames)

.debug_aranges
 *(.debug_aranges)

.debug_pubnames
 *(.debug_pubnames)

.debug_info
 *(.debug_info)
 *(.gnu.linkonce.wi.*)

.debug_abbrev
 *(.debug_abbrev)

.debug_line
 *(.debug_line)

.debug_frame
 *(.debug_frame)

.debug_str
 *(.debug_str)

.debug_loc
 *(.debug_loc)

.debug_macinfo
 *(.debug_macinfo)
OUTPUT(Embedded_SW.elf elf32-avr)
LOAD linker stubs

Cross Reference Table

Symbol                                            File
Communicators::AbstractCommunication::AbstractCommunication() ./AbstractCommunication.o
Communicators::AbstractCommunication::AbstractCommunication() ./AbstractCommunication.o
                                                  ./SerialCom.o
Communicators::AbstractCommunication::DEFAULT_LOCATION ./AbstractCommunication.o
Communicators::AbstractCommunication::error(String) ./AbstractCommunication.o
Communicators::AbstractCommunication::error(String, String) ./AbstractCommunication.o
Communicators::AbstractCommunication::info(String) ./AbstractCommunication.o
Communicators::AbstractCommunication::info(String, String) ./AbstractCommunication.o
                                                  ./main.o
Communicators::AbstractCommunication::sendf(String, ...) ./AbstractCommunication.o
                                                  ./GlobalReceiver.o
Communicators::AbstractCommunication::setLevel(Communicators::AbstractCommunication::DEBUG_LEVEL) ./AbstractCommunication.o
                                                  ./main.o
Communicators::AbstractCommunication::warn(String) ./AbstractCommunication.o
Communicators::AbstractCommunication::warn(String, String) ./AbstractCommunication.o
Communicators::AbstractCommunication::~AbstractCommunication() ./AbstractCommunication.o
Communicators::AbstractCommunication::~AbstractCommunication() ./AbstractCommunication.o
Communicators::AbstractCommunication::~AbstractCommunication() ./AbstractCommunication.o
                                                  ./SerialCom.o
Communicators::SerialCom::SerialCom()             ./SerialCom.o
                                                  ./main.o
Communicators::SerialCom::SerialCom()             ./SerialCom.o
Communicators::SerialCom::init()                  ./SerialCom.o
                                                  ./main.o
Communicators::SerialCom::recv()                  ./SerialCom.o
Communicators::SerialCom::send(String)            ./SerialCom.o
Communicators::SerialCom::~SerialCom()            ./SerialCom.o
Communicators::SerialCom::~SerialCom()            ./SerialCom.o
                                                  ./main.o
Communicators::SerialCom::~SerialCom()            ./SerialCom.o
HardwareSerial::HardwareSerial(ring_buffer*, ring_buffer*, unsigned char volatile*, unsigned char volatile*, unsigned char volatile*, unsigned char volatile*, unsigned char volatile*, unsigned char volatile*, unsigned char, unsigned char, unsigned char, unsigned char, unsigned char) /home/chris/Workspace/PlusPonics/code/ArduinoCore/Release/libArduinoCore.a(HardwareSerial.o)
HardwareSerial::HardwareSerial(ring_buffer*, ring_buffer*, unsigned char volatile*, unsigned char volatile*, unsigned char volatile*, unsigned char volatile*, unsigned char volatile*, unsigned char volatile*, unsigned char, unsigned char, unsigned char, unsigned char, unsigned char) /home/chris/Workspace/PlusPonics/code/ArduinoCore/Release/libArduinoCore.a(HardwareSerial.o)
HardwareSerial::available()                       /home/chris/Workspace/PlusPonics/code/ArduinoCore/Release/libArduinoCore.a(HardwareSerial.o)
                                                  ./SerialCom.o
HardwareSerial::begin(unsigned long)              /home/chris/Workspace/PlusPonics/code/ArduinoCore/Release/libArduinoCore.a(HardwareSerial.o)
                                                  ./SerialCom.o
HardwareSerial::begin(unsigned long, unsigned char) /home/chris/Workspace/PlusPonics/code/ArduinoCore/Release/libArduinoCore.a(HardwareSerial.o)
HardwareSerial::end()                             /home/chris/Workspace/PlusPonics/code/ArduinoCore/Release/libArduinoCore.a(HardwareSerial.o)
HardwareSerial::flush()                           /home/chris/Workspace/PlusPonics/code/ArduinoCore/Release/libArduinoCore.a(HardwareSerial.o)
HardwareSerial::operator bool()                   /home/chris/Workspace/PlusPonics/code/ArduinoCore/Release/libArduinoCore.a(HardwareSerial.o)
HardwareSerial::peek()                            /home/chris/Workspace/PlusPonics/code/ArduinoCore/Release/libArduinoCore.a(HardwareSerial.o)
HardwareSerial::read()                            /home/chris/Workspace/PlusPonics/code/ArduinoCore/Release/libArduinoCore.a(HardwareSerial.o)
HardwareSerial::write(unsigned char)              /home/chris/Workspace/PlusPonics/code/ArduinoCore/Release/libArduinoCore.a(HardwareSerial.o)
Print::print(Printable const&)                    /home/chris/Workspace/PlusPonics/code/ArduinoCore/Release/libArduinoCore.a(Print.o)
Print::print(String const&)                       /home/chris/Workspace/PlusPonics/code/ArduinoCore/Release/libArduinoCore.a(Print.o)
Print::print(__FlashStringHelper const*)          /home/chris/Workspace/PlusPonics/code/ArduinoCore/Release/libArduinoCore.a(Print.o)
Print::print(char const*)                         /home/chris/Workspace/PlusPonics/code/ArduinoCore/Release/libArduinoCore.a(Print.o)
Print::print(char)                                /home/chris/Workspace/PlusPonics/code/ArduinoCore/Release/libArduinoCore.a(Print.o)
Print::print(double, int)                         /home/chris/Workspace/PlusPonics/code/ArduinoCore/Release/libArduinoCore.a(Print.o)
Print::print(int, int)                            /home/chris/Workspace/PlusPonics/code/ArduinoCore/Release/libArduinoCore.a(Print.o)
Print::print(long, int)                           /home/chris/Workspace/PlusPonics/code/ArduinoCore/Release/libArduinoCore.a(Print.o)
Print::print(unsigned char, int)                  /home/chris/Workspace/PlusPonics/code/ArduinoCore/Release/libArduinoCore.a(Print.o)
Print::print(unsigned int, int)                   /home/chris/Workspace/PlusPonics/code/ArduinoCore/Release/libArduinoCore.a(Print.o)
Print::print(unsigned long, int)                  /home/chris/Workspace/PlusPonics/code/ArduinoCore/Release/libArduinoCore.a(Print.o)
Print::printFloat(double, unsigned char)          /home/chris/Workspace/PlusPonics/code/ArduinoCore/Release/libArduinoCore.a(Print.o)
Print::printNumber(unsigned long, unsigned char)  /home/chris/Workspace/PlusPonics/code/ArduinoCore/Release/libArduinoCore.a(Print.o)
Print::println()                                  /home/chris/Workspace/PlusPonics/code/ArduinoCore/Release/libArduinoCore.a(Print.o)
Print::println(Printable const&)                  /home/chris/Workspace/PlusPonics/code/ArduinoCore/Release/libArduinoCore.a(Print.o)
Print::println(String const&)                     /home/chris/Workspace/PlusPonics/code/ArduinoCore/Release/libArduinoCore.a(Print.o)
                                                  ./SerialCom.o
Print::println(__FlashStringHelper const*)        /home/chris/Workspace/PlusPonics/code/ArduinoCore/Release/libArduinoCore.a(Print.o)
Print::println(char const*)                       /home/chris/Workspace/PlusPonics/code/ArduinoCore/Release/libArduinoCore.a(Print.o)
Print::println(char)                              /home/chris/Workspace/PlusPonics/code/ArduinoCore/Release/libArduinoCore.a(Print.o)
Print::println(double, int)                       /home/chris/Workspace/PlusPonics/code/ArduinoCore/Release/libArduinoCore.a(Print.o)
Print::println(int, int)                          /home/chris/Workspace/PlusPonics/code/ArduinoCore/Release/libArduinoCore.a(Print.o)
Print::println(long, int)                         /home/chris/Workspace/PlusPonics/code/ArduinoCore/Release/libArduinoCore.a(Print.o)
Print::println(unsigned char, int)                /home/chris/Workspace/PlusPonics/code/ArduinoCore/Release/libArduinoCore.a(Print.o)
Print::println(unsigned int, int)                 /home/chris/Workspace/PlusPonics/code/ArduinoCore/Release/libArduinoCore.a(Print.o)
Print::println(unsigned long, int)                /home/chris/Workspace/PlusPonics/code/ArduinoCore/Release/libArduinoCore.a(Print.o)
Print::write(char const*)                         /home/chris/Workspace/PlusPonics/code/ArduinoCore/Release/libArduinoCore.a(Print.o)
Print::write(unsigned char const*, unsigned int)  /home/chris/Workspace/PlusPonics/code/ArduinoCore/Release/libArduinoCore.a(Print.o)
                                                  /home/chris/Workspace/PlusPonics/code/ArduinoCore/Release/libArduinoCore.a(HardwareSerial.o)
Processors::GlobalReceiver::GlobalReceiver()      ./GlobalReceiver.o
                                                  ./main.o
Processors::GlobalReceiver::GlobalReceiver()      ./GlobalReceiver.o
Processors::GlobalReceiver::process()             ./GlobalReceiver.o
                                                  ./main.o
Processors::GlobalReceiver::setCom(Communicators::AbstractCommunication&) ./GlobalReceiver.o
                                                  ./main.o
Processors::GlobalReceiver::setTCProcessor(Processors::TCProcessor&) ./GlobalReceiver.o
                                                  ./main.o
Processors::GlobalReceiver::~GlobalReceiver()     ./GlobalReceiver.o
Processors::GlobalReceiver::~GlobalReceiver()     ./GlobalReceiver.o
Processors::GlobalReceiver::~GlobalReceiver()     ./GlobalReceiver.o
                                                  ./main.o
Processors::TCProcessor::TCProcessor()            ./TCProcessor.o
                                                  ./main.o
Processors::TCProcessor::TCProcessor()            ./TCProcessor.o
Processors::TCProcessor::definitions_()           ./TCProcessor.o
Processors::TCProcessor::init()                   ./TCProcessor.o
                                                  ./main.o
Processors::TCProcessor::perform(Processors::TCProcessor::TC_ACTION, unsigned char) ./TCProcessor.o
                                                  ./main.o
Processors::TCProcessor::processRecv(String)      ./TCProcessor.o
                                                  ./GlobalReceiver.o
Processors::TCProcessor::~TCProcessor()           ./TCProcessor.o
Processors::TCProcessor::~TCProcessor()           ./TCProcessor.o
Processors::TCProcessor::~TCProcessor()           ./TCProcessor.o
                                                  ./main.o
Processors::byte_to_binary(int)                   ./GlobalReceiver.o
Serial                                            /home/chris/Workspace/PlusPonics/code/ArduinoCore/Release/libArduinoCore.a(HardwareSerial.o)
                                                  ./SerialCom.o
Serial1                                           /home/chris/Workspace/PlusPonics/code/ArduinoCore/Release/libArduinoCore.a(HardwareSerial.o)
Serial2                                           /home/chris/Workspace/PlusPonics/code/ArduinoCore/Release/libArduinoCore.a(HardwareSerial.o)
Serial3                                           /home/chris/Workspace/PlusPonics/code/ArduinoCore/Release/libArduinoCore.a(HardwareSerial.o)
SipHash_2_4::SipHash_2_4()                        ./lib/SipHash/SipHash_2_4.o
SipHash_2_4::SipHash_2_4()                        ./lib/SipHash/SipHash_2_4.o
SipHash_2_4::finish()                             ./lib/SipHash/SipHash_2_4.o
SipHash_2_4::hash(unsigned char*)                 ./lib/SipHash/SipHash_2_4.o
SipHash_2_4::initFromPROGMEM(unsigned char const*) ./lib/SipHash/SipHash_2_4.o
SipHash_2_4::initFromRAM(unsigned char const*)    ./lib/SipHash/SipHash_2_4.o
SipHash_2_4::siphash_round()                      ./lib/SipHash/SipHash_2_4.o
SipHash_2_4::updateHash(unsigned char)            ./lib/SipHash/SipHash_2_4.o
Stream::find(char*)                               /home/chris/Workspace/PlusPonics/code/ArduinoCore/Release/libArduinoCore.a(Stream.o)
Stream::find(char*, unsigned int)                 /home/chris/Workspace/PlusPonics/code/ArduinoCore/Release/libArduinoCore.a(Stream.o)
Stream::findUntil(char*, char*)                   /home/chris/Workspace/PlusPonics/code/ArduinoCore/Release/libArduinoCore.a(Stream.o)
Stream::findUntil(char*, unsigned int, char*, unsigned int) /home/chris/Workspace/PlusPonics/code/ArduinoCore/Release/libArduinoCore.a(Stream.o)
Stream::parseFloat()                              /home/chris/Workspace/PlusPonics/code/ArduinoCore/Release/libArduinoCore.a(Stream.o)
Stream::parseFloat(char)                          /home/chris/Workspace/PlusPonics/code/ArduinoCore/Release/libArduinoCore.a(Stream.o)
Stream::parseInt()                                /home/chris/Workspace/PlusPonics/code/ArduinoCore/Release/libArduinoCore.a(Stream.o)
Stream::parseInt(char)                            /home/chris/Workspace/PlusPonics/code/ArduinoCore/Release/libArduinoCore.a(Stream.o)
Stream::peekNextDigit()                           /home/chris/Workspace/PlusPonics/code/ArduinoCore/Release/libArduinoCore.a(Stream.o)
Stream::readBytes(char*, unsigned int)            /home/chris/Workspace/PlusPonics/code/ArduinoCore/Release/libArduinoCore.a(Stream.o)
Stream::readBytesUntil(char, char*, unsigned int) /home/chris/Workspace/PlusPonics/code/ArduinoCore/Release/libArduinoCore.a(Stream.o)
Stream::readString()                              /home/chris/Workspace/PlusPonics/code/ArduinoCore/Release/libArduinoCore.a(Stream.o)
                                                  ./SerialCom.o
Stream::readStringUntil(char)                     /home/chris/Workspace/PlusPonics/code/ArduinoCore/Release/libArduinoCore.a(Stream.o)
Stream::setTimeout(unsigned long)                 /home/chris/Workspace/PlusPonics/code/ArduinoCore/Release/libArduinoCore.a(Stream.o)
Stream::timedPeek()                               /home/chris/Workspace/PlusPonics/code/ArduinoCore/Release/libArduinoCore.a(Stream.o)
Stream::timedRead()                               /home/chris/Workspace/PlusPonics/code/ArduinoCore/Release/libArduinoCore.a(Stream.o)
String::String(String const&)                     /home/chris/Workspace/PlusPonics/code/ArduinoCore/Release/libArduinoCore.a(WString.o)
                                                  ./AbstractCommunication.o
String::String(String const&)                     /home/chris/Workspace/PlusPonics/code/ArduinoCore/Release/libArduinoCore.a(WString.o)
String::String(char const*)                       /home/chris/Workspace/PlusPonics/code/ArduinoCore/Release/libArduinoCore.a(WString.o)
                                                  /home/chris/Workspace/PlusPonics/code/ArduinoCore/Release/libArduinoCore.a(Stream.o)
                                                  ./main.o
                                                  ./SerialCom.o
                                                  ./GlobalReceiver.o
                                                  ./AbstractCommunication.o
String::String(char const*)                       /home/chris/Workspace/PlusPonics/code/ArduinoCore/Release/libArduinoCore.a(WString.o)
                                                  ./AbstractCommunication.o
String::String(char)                              /home/chris/Workspace/PlusPonics/code/ArduinoCore/Release/libArduinoCore.a(WString.o)
String::String(char)                              /home/chris/Workspace/PlusPonics/code/ArduinoCore/Release/libArduinoCore.a(WString.o)
String::String(int, unsigned char)                /home/chris/Workspace/PlusPonics/code/ArduinoCore/Release/libArduinoCore.a(WString.o)
String::String(int, unsigned char)                /home/chris/Workspace/PlusPonics/code/ArduinoCore/Release/libArduinoCore.a(WString.o)
String::String(long, unsigned char)               /home/chris/Workspace/PlusPonics/code/ArduinoCore/Release/libArduinoCore.a(WString.o)
String::String(long, unsigned char)               /home/chris/Workspace/PlusPonics/code/ArduinoCore/Release/libArduinoCore.a(WString.o)
String::String(unsigned char, unsigned char)      /home/chris/Workspace/PlusPonics/code/ArduinoCore/Release/libArduinoCore.a(WString.o)
String::String(unsigned char, unsigned char)      /home/chris/Workspace/PlusPonics/code/ArduinoCore/Release/libArduinoCore.a(WString.o)
String::String(unsigned int, unsigned char)       /home/chris/Workspace/PlusPonics/code/ArduinoCore/Release/libArduinoCore.a(WString.o)
String::String(unsigned int, unsigned char)       /home/chris/Workspace/PlusPonics/code/ArduinoCore/Release/libArduinoCore.a(WString.o)
String::String(unsigned long, unsigned char)      /home/chris/Workspace/PlusPonics/code/ArduinoCore/Release/libArduinoCore.a(WString.o)
String::String(unsigned long, unsigned char)      /home/chris/Workspace/PlusPonics/code/ArduinoCore/Release/libArduinoCore.a(WString.o)
String::changeBuffer(unsigned int)                /home/chris/Workspace/PlusPonics/code/ArduinoCore/Release/libArduinoCore.a(WString.o)
String::charAt(unsigned int) const                /home/chris/Workspace/PlusPonics/code/ArduinoCore/Release/libArduinoCore.a(WString.o)