Archive member included because of file (symbol)

/home/chris/Workspace/PlusPonics/code/ArduinoCore/Release/libArduinoCore.a(HardwareSerial.o)
                              ./SerialCom.o (Serial)
/home/chris/Workspace/PlusPonics/code/ArduinoCore/Release/libArduinoCore.a(Print.o)
                              /home/chris/Workspace/PlusPonics/code/ArduinoCore/Release/libArduinoCore.a(HardwareSerial.o) (Print::write(unsigned char const*, unsigned int))
/home/chris/Workspace/PlusPonics/code/ArduinoCore/Release/libArduinoCore.a(Stream.o)
                              ./SerialCom.o (Stream::readString())
/home/chris/Workspace/PlusPonics/code/ArduinoCore/Release/libArduinoCore.a(WString.o)
                              /home/chris/Workspace/PlusPonics/code/ArduinoCore/Release/libArduinoCore.a(Print.o) (String::operator[](unsigned int) const)
/home/chris/Workspace/PlusPonics/code/ArduinoCore/Release/libArduinoCore.a(new.o)
                              ./AbstractCommunication.o (__cxa_pure_virtual)
/home/chris/Workspace/PlusPonics/code/ArduinoCore/Release/libArduinoCore.a(wiring.o)
                              /home/chris/Workspace/PlusPonics/code/ArduinoCore/Release/libArduinoCore.a(Stream.o) (millis)
/home/chris/Workspace/PlusPonics/code/ArduinoCore/Release/libArduinoCore.a(wiring_digital.o)
                              ./DigitalWriteTC.o (pinMode)
/home/chris/Workspace/PlusPonics/code/ArduinoCore/Release/libArduinoCore.a(malloc.o)
                              /home/chris/Workspace/PlusPonics/code/ArduinoCore/Release/libArduinoCore.a(new.o) (malloc)
/home/chris/Workspace/PlusPonics/code/ArduinoCore/Release/libArduinoCore.a(realloc.o)
                              /home/chris/Workspace/PlusPonics/code/ArduinoCore/Release/libArduinoCore.a(WString.o) (realloc)
/home/chris/Software/arduino-1.0.5/hardware/tools/avr/bin/../lib/gcc/avr/4.3.2/avr6/libgcc.a(_mulsi3.o)
                              /home/chris/Workspace/PlusPonics/code/ArduinoCore/Release/libArduinoCore.a(Print.o) (__mulsi3)
/home/chris/Software/arduino-1.0.5/hardware/tools/avr/bin/../lib/gcc/avr/4.3.2/avr6/libgcc.a(_udivmodsi4.o)
                              /home/chris/Workspace/PlusPonics/code/ArduinoCore/Release/libArduinoCore.a(HardwareSerial.o) (__udivmodsi4)
/home/chris/Software/arduino-1.0.5/hardware/tools/avr/bin/../lib/gcc/avr/4.3.2/avr6/libgcc.a(_exit.o)
                              /home/chris/Software/arduino-1.0.5/hardware/tools/avr/bin/../lib/gcc/avr/4.3.2/../../../avr/lib/avr6/crtm2560.o (exit)
/home/chris/Software/arduino-1.0.5/hardware/tools/avr/bin/../lib/gcc/avr/4.3.2/avr6/libgcc.a(_clear_bss.o)
                              ./lib/SipHash/HexConversionUtils.o (__do_clear_bss)
/home/chris/Software/arduino-1.0.5/hardware/tools/avr/bin/../lib/gcc/avr/4.3.2/avr6/libgcc.a(_ctors.o)
                              ./lib/SipHash/SipHash_2_4.o (__do_global_ctors)
/home/chris/Software/arduino-1.0.5/hardware/tools/avr/bin/../lib/gcc/avr/4.3.2/avr6/libgcc.a(_dtors.o)
                              ./AbstractCommunication.o (__do_global_dtors)
/home/chris/Software/arduino-1.0.5/hardware/tools/avr/bin/../lib/gcc/avr/4.3.2/avr6/libgcc.a(_fixunssfsi.o)
                              /home/chris/Workspace/PlusPonics/code/ArduinoCore/Release/libArduinoCore.a(Print.o) (__fixunssfsi)
/home/chris/Software/arduino-1.0.5/hardware/tools/avr/bin/../lib/gcc/avr/4.3.2/avr6/libgcc.a(_addsub_sf.o)
                              /home/chris/Workspace/PlusPonics/code/ArduinoCore/Release/libArduinoCore.a(Print.o) (__subsf3)
/home/chris/Software/arduino-1.0.5/hardware/tools/avr/bin/../lib/gcc/avr/4.3.2/avr6/libgcc.a(_mul_sf.o)
                              /home/chris/Workspace/PlusPonics/code/ArduinoCore/Release/libArduinoCore.a(Print.o) (__mulsf3)
/home/chris/Software/arduino-1.0.5/hardware/tools/avr/bin/../lib/gcc/avr/4.3.2/avr6/libgcc.a(_div_sf.o)
                              /home/chris/Workspace/PlusPonics/code/ArduinoCore/Release/libArduinoCore.a(Print.o) (__divsf3)
/home/chris/Software/arduino-1.0.5/hardware/tools/avr/bin/../lib/gcc/avr/4.3.2/avr6/libgcc.a(_gt_sf.o)
                              /home/chris/Workspace/PlusPonics/code/ArduinoCore/Release/libArduinoCore.a(Print.o) (__gtsf2)
/home/chris/Software/arduino-1.0.5/hardware/tools/avr/bin/../lib/gcc/avr/4.3.2/avr6/libgcc.a(_ge_sf.o)
                              /home/chris/Software/arduino-1.0.5/hardware/tools/avr/bin/../lib/gcc/avr/4.3.2/avr6/libgcc.a(_fixunssfsi.o) (__gesf2)
/home/chris/Software/arduino-1.0.5/hardware/tools/avr/bin/../lib/gcc/avr/4.3.2/avr6/libgcc.a(_lt_sf.o)
                              /home/chris/Workspace/PlusPonics/code/ArduinoCore/Release/libArduinoCore.a(Print.o) (__ltsf2)
/home/chris/Software/arduino-1.0.5/hardware/tools/avr/bin/../lib/gcc/avr/4.3.2/avr6/libgcc.a(_le_sf.o)
                              /home/chris/Workspace/PlusPonics/code/ArduinoCore/Release/libArduinoCore.a(Print.o) (__lesf2)
[...]
Memory Configuration

Name             Origin             Length             Attributes
text             0x0000000000000000 0x0000000000100000 xr
data             0x0000000000800200 0x000000000000fe00 rw !x
eeprom           0x0000000000810000 0x0000000000010000 rw !x
fuse             0x0000000000820000 0x0000000000000400 rw !x
lock             0x0000000000830000 0x0000000000000400 rw !x
signature        0x0000000000840000 0x0000000000000400 rw !x
*default*        0x0000000000000000 0xffffffffffffffff

Linker script and memory map

Address of section .data set to 0x800200
LOAD /home/chris/Software/arduino-1.0.5/hardware/tools/avr/bin/../lib/gcc/avr/4.3.2/../../../avr/lib/avr6/crtm2560.o
LOAD ./lib/SipHash/HexConversionUtils.o
LOAD ./lib/SipHash/SipHash_2_4.o
LOAD ./lib/SipHash/siphash_2_4_asm.o
LOAD ./AbstractCommunication.o
LOAD ./DigitalWriteTC.o
LOAD ./GlobalReceiver.o
LOAD ./SerialCom.o
LOAD ./TC.o
LOAD ./main.o
LOAD /home/chris/Workspace/PlusPonics/code/ArduinoCore/Release/libArduinoCore.a
LOAD /home/chris/Software/arduino-1.0.5/hardware/tools/avr/bin/../lib/gcc/avr/4.3.2/avr6/libgcc.a
LOAD /home/chris/Software/arduino-1.0.5/hardware/tools/avr/bin/../lib/gcc/avr/4.3.2/../../../avr/lib/avr6/libm.a
LOAD /home/chris/Software/arduino-1.0.5/hardware/tools/avr/bin/../lib/gcc/avr/4.3.2/avr6/libgcc.a
LOAD /home/chris/Software/arduino-1.0.5/hardware/tools/avr/bin/../lib/gcc/avr/4.3.2/../../../avr/lib/avr6/libc.a
LOAD /home/chris/Software/arduino-1.0.5/hardware/tools/avr/bin/../lib/gcc/avr/4.3.2/avr6/libgcc.a

.hash
 *(.hash)

.dynsym
 *(.dynsym)

.dynstr
 *(.dynstr)

.gnu.version
 *(.gnu.version)

.gnu.version_d
 *(.gnu.version_d)

.gnu.version_r
 *(.gnu.version_r)

.rel.init
 *(.rel.init)

.rela.init
 *(.rela.init)

.rel.text
 *(.rel.text)
 *(.rel.text.*)
 *(.rel.gnu.linkonce.t*)

.rela.text
 *(.rela.text)
 *(.rela.text.*)
 *(.rela.gnu.linkonce.t*)

.rel.fini
 *(.rel.fini)

.rela.fini
 *(.rela.fini)

.rel.rodata
 *(.rel.rodata)
 *(.rel.rodata.*)
 *(.rel.gnu.linkonce.r*)

.rela.rodata
 *(.rela.rodata)
 *(.rela.rodata.*)
 *(.rela.gnu.linkonce.r*)

.rel.data
 *(.rel.data)
 *(.rel.data.*)
 *(.rel.gnu.linkonce.d*)

.rela.data
 *(.rela.data)
 *(.rela.data.*)
 *(.rela.gnu.linkonce.d*)

.rel.ctors
 *(.rel.ctors)

.rela.ctors
 *(.rela.ctors)

.rel.dtors
 *(.rel.dtors)

.rela.dtors
 *(.rela.dtors)

.rel.got
 *(.rel.got)

.rela.got
 *(.rela.got)

.rel.bss
 *(.rel.bss)

.rela.bss
 *(.rela.bss)

.rel.plt
 *(.rel.plt)

.rela.plt
 *(.rela.plt)

.text           0x0000000000000000     0x6050
 *(.vectors)
 .vectors       0x0000000000000000       0xe4 /home/chris/Software/arduino-1.0.5/hardware/tools/avr/bin/../lib/gcc/avr/4.3.2/../../../avr/lib/avr6/crtm2560.o
                0x0000000000000000                __vectors
                0x0000000000000000                __vector_default
 *(.vectors)
 *(.progmem.gcc*)
 *(.progmem*)
 .progmem.data  0x00000000000000e4       0x20 ./lib/SipHash/SipHash_2_4.o
 .progmem.data  0x0000000000000104      0x120 /home/chris/Workspace/PlusPonics/code/ArduinoCore/Release/libArduinoCore.a(wiring_digital.o)
                0x0000000000000104                port_to_mode_PGM
                0x0000000000000152                digital_pin_to_port_PGM
                0x0000000000000198                digital_pin_to_bit_mask_PGM
                0x000000000000011e                port_to_output_PGM
                0x0000000000000138                port_to_input_PGM
                0x00000000000001de                digital_pin_to_timer_PGM
                0x0000000000000224                . = ALIGN (0x2)
                0x0000000000000224                __trampolines_start = .
 *(.trampolines)
 .trampolines   0x0000000000000224        0x0 linker stubs
 *(.trampolines*)
                0x0000000000000224                __trampolines_end = .
 *(.jumptables)
 *(.jumptables*)
 *(.lowtext)
 *(.lowtext*)
                0x0000000000000224                __ctors_start = .
 *(.ctors)
 .ctors         0x0000000000000224        0x2 ./lib/SipHash/SipHash_2_4.o
 .ctors         0x0000000000000226        0x2 ./AbstractCommunication.o
 .ctors         0x0000000000000228        0x2 ./main.o
 .ctors         0x000000000000022a        0x2 /home/chris/Workspace/PlusPonics/code/ArduinoCore/Release/libArduinoCore.a(HardwareSerial.o)
                0x000000000000022c                __ctors_end = .
                0x000000000000022c                __dtors_start = .
 *(.dtors)
 .dtors         0x000000000000022c        0x2 ./AbstractCommunication.o
 .dtors         0x000000000000022e        0x2 ./main.o
                0x0000000000000230                __dtors_end = .
 SORT(*)(.ctors)
 SORT(*)(.dtors)
 *(.init0)
 .init0         0x0000000000000230        0x0 /home/chris/Software/arduino-1.0.5/hardware/tools/avr/bin/../lib/gcc/avr/4.3.2/../../../avr/lib/avr6/crtm2560.o
                0x0000000000000230                __init
 *(.init0)
 *(.init1)
 *(.init1)
 *(.init2)
 .init2         0x0000000000000230       0x10 /home/chris/Software/arduino-1.0.5/hardware/tools/avr/bin/../lib/gcc/avr/4.3.2/../../../avr/lib/avr6/crtm2560.o
 *(.init2)
 *(.init3)
 *(.init3)
 *(.init4)
 .init4         0x0000000000000240       0x1c /home/chris/Software/arduino-1.0.5/hardware/tools/avr/bin/../lib/gcc/avr/4.3.2/../../../avr/lib/avr6/crtm2560.o
                0x0000000000000240                __do_copy_data
 .init4         0x000000000000025c       0x10 /home/chris/Software/arduino-1.0.5/hardware/tools/avr/bin/../lib/gcc/avr/4.3.2/avr6/libgcc.a(_clear_bss.o)
                0x000000000000025c                __do_clear_bss
 *(.init4)
 *(.init5)
 *(.init5)
 *(.init6)
 .init6         0x000000000000026c       0x16 /home/chris/Software/arduino-1.0.5/hardware/tools/avr/bin/../lib/gcc/avr/4.3.2/avr6/libgcc.a(_ctors.o)
                0x000000000000026c                __do_global_ctors
 *(.init6)
 *(.init7)
 *(.init7)
 *(.init8)
 *(.init8)
 *(.init9)
 .init9         0x0000000000000282        0x8 /home/chris/Software/arduino-1.0.5/hardware/tools/avr/bin/../lib/gcc/avr/4.3.2/../../../avr/lib/avr6/crtm2560.o
 *(.init9)
 *(.text)
 .text          0x000000000000028a        0x4 /home/chris/Software/arduino-1.0.5/hardware/tools/avr/bin/../lib/gcc/avr/4.3.2/../../../avr/lib/avr6/crtm2560.o
                0x000000000000028a                __vector_38
                0x000000000000028a                __vector_22
                0x000000000000028a                __vector_28
                0x000000000000028a                __vector_1
                0x000000000000028a                __vector_32
                0x000000000000028a                __vector_34
                0x000000000000028a                __vector_24
                0x000000000000028a                __vector_12
                0x000000000000028a                __vector_46
                0x000000000000028a                __bad_interrupt
                0x000000000000028a                __vector_6
                0x000000000000028a                __vector_31
                0x000000000000028a                __vector_35
                0x000000000000028a                __vector_39
                0x000000000000028a                __vector_3
                0x000000000000028a                __vector_30
                0x000000000000028a                __vector_45
                0x000000000000028a                __vector_11
                0x000000000000028a                __vector_13
                0x000000000000028a                __vector_17
                0x000000000000028a                __vector_19
                0x000000000000028a                __vector_56
                0x000000000000028a                __vector_7
                0x000000000000028a                __vector_49
                0x000000000000028a                __vector_41
                0x000000000000028a                __vector_43
                0x000000000000028a                __vector_27
                0x000000000000028a                __vector_5
                0x000000000000028a                __vector_33
                0x000000000000028a                __vector_47
                0x000000000000028a                __vector_4
                0x000000000000028a                __vector_44
                0x000000000000028a                __vector_9
                0x000000000000028a                __vector_2
                0x000000000000028a                __vector_21
                0x000000000000028a                __vector_15
                0x000000000000028a                __vector_29
                0x000000000000028a                __vector_40
                0x000000000000028a                __vector_8
                0x000000000000028a                __vector_48
                0x000000000000028a                __vector_14
                0x000000000000028a                __vector_53
                0x000000000000028a                __vector_10
                0x000000000000028a                __vector_50
                0x000000000000028a                __vector_16
                0x000000000000028a                __vector_18
                0x000000000000028a                __vector_20
                0x000000000000028a                __vector_42
 .text          0x000000000000028e       0xd8 ./lib/SipHash/HexConversionUtils.o
                0x00000000000002e0                hexToAscii
                0x000000000000028e                asciiToHex
 .text          0x0000000000000366      0x308 ./lib/SipHash/SipHash_2_4.o
                0x0000000000000370                SipHash_2_4::SipHash_2_4()
                0x00000000000004a8                SipHash_2_4::finish()
                0x000000000000061c                SipHash_2_4::initFromPROGMEM(unsigned char const*)
                0x0000000000000388                SipHash_2_4::siphash_round()
                0x0000000000000528                SipHash_2_4::initFromRAM(unsigned char const*)
                0x0000000000000366                SipHash_2_4::SipHash_2_4()
                0x0000000000000432                SipHash_2_4::hash(unsigned char*)
                0x0000000000000464                SipHash_2_4::updateHash(unsigned char)
 .text          0x000000000000066e      0x142 ./lib/SipHash/siphash_2_4_asm.o
                0x00000000000007a2                rol_21bits
                0x0000000000000706                ror64bits
                0x0000000000000794                rol_17bits
                0x0000000000000780                rol_16bits
                0x000000000000078a                rol_32bits
                0x000000000000066e                add64le
                0x00000000000006cc                xor_ff
                0x000000000000072a                rol64bits
                0x0000000000000772                rol_13bits
                0x0000000000000694                mov64
                0x00000000000006e2                reverse64
                0x000000000000074e                rol64bytes
                0x00000000000006ac                xor64
 .text          0x00000000000007b0      0x4cc ./AbstractCommunication.o
                0x0000000000000838                AbstractCommunication::sendf(String, ...)
                0x00000000000007e8                AbstractCommunication::setLevel(AbstractCommunication::DEBUG_LEVEL)
                0x0000000000000ac8                AbstractCommunication::warn(String)
                0x00000000000007dc                AbstractCommunication::~AbstractCommunication()
                0x00000000000007d0                AbstractCommunication::~AbstractCommunication()
                0x0000000000000a0e                AbstractCommunication::warn(String, String)
                0x0000000000000bf6                AbstractCommunication::info(String)
                0x0000000000000c6a                AbstractCommunication::~AbstractCommunication()
                0x00000000000007c0                AbstractCommunication::AbstractCommunication()
                0x0000000000000b3c                AbstractCommunication::info(String, String)
                0x00000000000008e0                AbstractCommunication::error(String, String)
                0x00000000000007b0                AbstractCommunication::AbstractCommunication()
                0x000000000000099a                AbstractCommunication::error(String)
 .text          0x0000000000000c7c       0xd6 ./DigitalWriteTC.o
                0x0000000000000cb8                DigitalWriteTC::~DigitalWriteTC()
                0x0000000000000ca6                DigitalWriteTC::~DigitalWriteTC()
                0x0000000000000c94                DigitalWriteTC::~DigitalWriteTC()
                0x0000000000000cda                DigitalWriteTC::DigitalWriteTC(int, int)
                0x0000000000000c88                DigitalWriteTC::setup()
                0x0000000000000d16                DigitalWriteTC::DigitalWriteTC(int, int)
                0x0000000000000c7c                DigitalWriteTC::exec_impl_()
 .text          0x0000000000000d52      0x266 ./GlobalReceiver.o
                0x0000000000000d86                GlobalReceiver::~GlobalReceiver()
                0x0000000000000d72                GlobalReceiver::setCom(AbstractCommunication&)
                0x0000000000000d52                GlobalReceiver::GlobalReceiver()
                0x0000000000000da4                byte_to_binary(int)
                0x0000000000000dfc                GlobalReceiver::process()
                0x0000000000000d92                GlobalReceiver::~GlobalReceiver()
                0x0000000000000d7a                GlobalReceiver::~GlobalReceiver()
                0x0000000000000d62                GlobalReceiver::GlobalReceiver()
 .text          0x0000000000000fb8      0x108 ./SerialCom.o
                0x0000000000001034                SerialCom::init()
                0x0000000000001046                SerialCom::~SerialCom()
                0x000000000000106a                SerialCom::~SerialCom()
                0x000000000000102a                SerialCom::send(String)
                0x00000000000010a6                SerialCom::SerialCom()
                0x0000000000000fb8                SerialCom::recv()
                0x0000000000001058                SerialCom::~SerialCom()
                0x000000000000108c                SerialCom::SerialCom()
 .text          0x00000000000010c0       0xe0 ./TC.o
                0x00000000000010c0                TC::TC()
                0x00000000000010d8                TC::TC()
                0x000000000000117e                TC::errno()
                0x000000000000111c                TC::disable()
                0x000000000000116c                TC::clear_error()
                0x000000000000112e                TC::exec()
                0x0000000000001108                TC::enable()
                0x00000000000010fc                TC::~TC()
                0x00000000000010f0                TC::~TC()
                0x0000000000001166                TC::persist_errors(bool)
                0x000000000000118e                TC::~TC()
 .text          0x00000000000011a0      0x174 ./main.o
                0x00000000000011fc                loop
                0x00000000000011a0                configure()
                0x00000000000011a2                operator new(unsigned int, void*)
                0x00000000000012c8                main
                0x0000000000001228                setup
 .text          0x0000000000001314      0xc50 /home/chris/Workspace/PlusPonics/code/ArduinoCore/Release/libArduinoCore.a(HardwareSerial.o)
                0x0000000000001bc2                HardwareSerial::peek()
                0x0000000000001ba0                HardwareSerial::available()
                0x0000000000001394                serialEvent1()
                0x0000000000001720                __vector_55
                0x0000000000001c74                HardwareSerial::write(unsigned char)
                0x0000000000001414                serialEvent2()
                0x0000000000001826                HardwareSerial::HardwareSerial(ring_buffer*, ring_buffer*, unsigned char volatile*, unsigned char volatile*, unsigned char volatile*, unsigned char volatile*, unsigned char volatile*, unsigned char volatile*, unsigned char, unsigned char, unsigned char, unsigned char, unsigned char)
                0x00000000000018ae                HardwareSerial::begin(unsigned long)
                0x0000000000001316                __vector_25
                0x0000000000001496                __vector_54
                0x0000000000001514                serialEventRun()
                0x0000000000001c54                HardwareSerial::flush()
                0x00000000000019bc                HardwareSerial::begin(unsigned long, unsigned char)
                0x0000000000001ad4                HardwareSerial::end()
                0x0000000000001314                serialEvent()
                0x00000000000016a2                __vector_52
                0x0000000000001624                __vector_37
                0x0000000000001416                __vector_51
                0x0000000000001396                __vector_36
                0x0000000000001cf4                HardwareSerial::operator bool()
                0x00000000000015a6                __vector_26
                0x0000000000001c02                HardwareSerial::read()
                0x000000000000179e                HardwareSerial::HardwareSerial(ring_buffer*, ring_buffer*, unsigned char volatile*, unsigned char volatile*, unsigned char volatile*, unsigned char volatile*, unsigned char volatile*, unsigned char volatile*, unsigned char, unsigned char, unsigned char, unsigned char, unsigned char)
                0x0000000000001494                serialEvent3()
 .text          0x0000000000001f64      0x748 /home/chris/Workspace/PlusPonics/code/ArduinoCore/Release/libArduinoCore.a(Print.o)
                0x0000000000002684                Print::println(String const&)
                0x0000000000002258                Print::println(unsigned int, int)
                0x00000000000020bc                Print::println(Printable const&)
                0x0000000000002024                Print::println()
                0x00000000000023c0                Print::println(int, int)
                0x0000000000002128                Print::printNumber(unsigned long, unsigned char)
                0x0000000000001f64                Print::write(unsigned char const*, unsigned int)
                0x00000000000025cc                Print::print(double, int)
                0x0000000000002064                Print::println(__FlashStringHelper const*)
                0x000000000000208c                Print::println(char)
                0x00000000000020f0                Print::write(char const*)
                0x0000000000002404                Print::printFloat(double, unsigned char)
                0x000000000000200e                Print::print(Printable const&)
                0x000000000000239a                Print::print(int, int)
                0x0000000000001fb8                Print::print(__FlashStringHelper const*)
                0x0000000000002292                Print::print(unsigned char, int)
                0x00000000000025f8                Print::println(char const*)
                0x0000000000001ffe                Print::print(char)
                0x00000000000022b6                Print::println(unsigned char, int)
                0x0000000000002236                Print::print(unsigned int, int)
                0x00000000000023fe                Print::print(char const*)
                0x00000000000021f0                Print::print(unsigned long, int)
                0x0000000000002372                Print::println(long, int)
                0x00000000000025d2                Print::println(double, int)
                0x00000000000022f2                Print::print(long, int)
                0x000000000000220e                Print::println(unsigned long, int)
                0x000000000000261e                Print::print(String const&)
 .text          0x00000000000026ac      0x554 /home/chris/Workspace/PlusPonics/code/ArduinoCore/Release/libArduinoCore.a(Stream.o)
                0x000000000000286e                Stream::parseFloat()
                0x0000000000002710                Stream::peekNextDigit()
                0x00000000000029b2                Stream::readStringUntil(char)
                0x0000000000002af4                Stream::findUntil(char*, unsigned int, char*, unsigned int)
                0x00000000000026ac                Stream::setTimeout(unsigned long)
                0x0000000000002bae                Stream::findUntil(char*, char*)
                0x0000000000002746                Stream::parseFloat(char)
                0x0000000000002be0                Stream::find(char*)
                0x0000000000002952                Stream::parseInt()
                0x00000000000026b8                Stream::timedPeek()
                0x0000000000002aac                Stream::readBytes(char*, unsigned int)
                0x0000000000002a46                Stream::readBytesUntil(char, char*, unsigned int)
                0x0000000000002a0c                Stream::readString()
                0x0000000000002bea                Stream::find(char*, unsigned int)
                0x0000000000002876                Stream::parseInt(char)
                0x000000000000295a                Stream::timedRead()
 .text          0x0000000000002c00     0x129e /home/chris/Workspace/PlusPonics/code/ArduinoCore/Release/libArduinoCore.a(WString.o)
                0x0000000000003b92                String::String(int, unsigned char)
                0x0000000000002c22                String::setCharAt(unsigned int, char)
                0x0000000000002ec8                String::lastIndexOf(String const&) const
                0x000000000000319e                String::startsWith(String const&, unsigned int) const
                0x0000000000003130                String::operator>=(String const&) const
                0x0000000000003e14                String::substring(unsigned int) const
                0x0000000000002cc8                String::trim()
                0x0000000000003d86                String::substring(unsigned int, unsigned int) const
                0x0000000000002c3c                String::operator[](unsigned int)
                0x0000000000003e5a                String::String(String const&)
                0x0000000000002ee4                String::indexOf(String const&, unsigned int) const
                0x000000000000365e                String::concat(unsigned char)
                0x00000000000036b6                String::concat(char)
                0x0000000000003c56                String::String(unsigned char, unsigned char)
                0x0000000000002c66                String::operator[](unsigned int) const
                0x0000000000003cba                String::String(unsigned char, unsigned char)
                0x0000000000003d52                String::String(char)
                0x00000000000036fe                String::concat(String const&)
                0x0000000000003bf4                String::String(int, unsigned char)
                0x0000000000002c00                String::charAt(unsigned int) const
                0x0000000000003a06                String::String(long, unsigned char)
                0x000000000000320a                String::changeBuffer(unsigned int)
                0x00000000000037ba                operator+(StringSumHelper const&, unsigned char)
                0x0000000000003448                String::reserve(unsigned int)
                0x0000000000003b30                String::String(unsigned int, unsigned char)
                0x0000000000002fe6                String::getBytes(unsigned char*, unsigned int, unsigned int) const
                0x00000000000031e4                String::startsWith(String const&) const
                0x0000000000002c88                String::replace(char, char)
                0x0000000000003e86                String::~String()
                0x0000000000003e70                String::String(String const&)
                0x0000000000003836                operator+(StringSumHelper const&, String const&)
                0x0000000000003862                String::copy(char const*, unsigned int)
                0x0000000000002fdc                String::indexOf(char) const
                0x00000000000034da                String::concat(unsigned long)
                0x0000000000003e92                String::~String()
                0x00000000000039a2                String::String(unsigned long, unsigned char)
                0x0000000000003e2c                String::operator=(String const&)
                0x00000000000037fe                operator+(StringSumHelper const&, char const*)
                0x0000000000003732                operator+(StringSumHelper const&, unsigned long)
                0x0000000000003040                String::endsWith(String const&) const
                0x00000000000036de                String::concat(char const*)
                0x000000000000370e                String::invalidate()
                0x0000000000002e2c                String::lastIndexOf(String const&, unsigned int) const
                0x00000000000038a4                String::String(char const*)
                0x00000000000030ca                String::compareTo(String const&) const
                0x0000000000003776                operator+(StringSumHelper const&, unsigned int)
                0x0000000000003084                String::equals(char const*) const
                0x0000000000002f2a                String::lastIndexOf(char, unsigned int) const
                0x0000000000003480                String::concat(char const*, unsigned int)
                0x0000000000002ca6                String::toInt() const
                0x0000000000002d98                String::toLowerCase()
                0x0000000000002f20                String::indexOf(String const&) const
                0x0000000000003172                String::equals(String const&) const
                0x0000000000003164                String::operator<(String const&) const
                0x000000000000390c                String::operator=(char const*)
                0x0000000000003140                String::operator<=(String const&) const
                0x000000000000353e                String::concat(long)
                0x00000000000038d8                String::String(char const*)
                0x00000000000037dc                operator+(StringSumHelper const&, char)
                0x0000000000002dbc                String::equalsIgnoreCase(String const&) const
                0x0000000000002f94                String::lastIndexOf(char) const
                0x0000000000003ace                String::String(unsigned int, unsigned char)
                0x00000000000035a2                String::concat(unsigned int)
                0x000000000000393e                String::String(unsigned long, unsigned char)
                0x0000000000003798                operator+(StringSumHelper const&, int)
                0x0000000000003d1e                String::String(char)
                0x0000000000002fa4                String::indexOf(char, unsigned int) const
                0x0000000000003754                operator+(StringSumHelper const&, long)
                0x000000000000323e                String::replace(String const&, String const&)
                0x0000000000003a6a                String::String(long, unsigned char)
                0x0000000000002d74                String::toUpperCase()
                0x0000000000003152                String::operator>(String const&) const
                0x00000000000035fc                String::concat(int)
 .text          0x0000000000003e9e       0x38 /home/chris/Workspace/PlusPonics/code/ArduinoCore/Release/libArduinoCore.a(new.o)
                0x0000000000003eca                operator new[](unsigned int)
                0x0000000000003ec4                operator delete(void*)
                0x0000000000003ebc                __cxa_pure_virtual
                0x0000000000003ebe                operator delete[](void*)
                0x0000000000003eb2                __cxa_guard_release
                0x0000000000003eba                __cxa_guard_abort
                0x0000000000003ed0                operator new(unsigned int)
                0x0000000000003e9e                __cxa_guard_acquire
 .text          0x0000000000003ed6      0x282 /home/chris/Workspace/PlusPonics/code/ArduinoCore/Release/libArduinoCore.a(wiring.o)
                0x0000000000003ed6                __vector_23
                0x0000000000004094                init
                0x0000000000003f82                micros
                0x0000000000003fce                delay
                0x0000000000003f66                millis
                0x0000000000004080                delayMicroseconds
 .text          0x0000000000004158      0x22c /home/chris/Workspace/PlusPonics/code/ArduinoCore/Release/libArduinoCore.a(wiring_digital.o)
                0x0000000000004324                digitalRead
                0x00000000000042be                digitalWrite
                0x0000000000004158                pinMode
 .text          0x0000000000004384        0x0 /home/chris/Workspace/PlusPonics/code/ArduinoCore/Release/libArduinoCore.a(malloc.o)
 .text          0x0000000000004384        0x0 /home/chris/Workspace/PlusPonics/code/ArduinoCore/Release/libArduinoCore.a(realloc.o)
 .text          0x0000000000004384        0x0 /home/chris/Software/arduino-1.0.5/hardware/tools/avr/bin/../lib/gcc/avr/4.3.2/avr6/libgcc.a(_mulsi3.o)
 .text          0x0000000000004384        0x0 /home/chris/Software/arduino-1.0.5/hardware/tools/avr/bin/../lib/gcc/avr/4.3.2/avr6/libgcc.a(_udivmodsi4.o)
 .text          0x0000000000004384        0x0 /home/chris/Software/arduino-1.0.5/hardware/tools/avr/bin/../lib/gcc/avr/4.3.2/avr6/libgcc.a(_exit.o)
 .text          0x0000000000004384        0x0 /home/chris/Software/arduino-1.0.5/hardware/tools/avr/bin/../lib/gcc/avr/4.3.2/avr6/libgcc.a(_clear_bss.o)
 .text          0x0000000000004384        0x0 /home/chris/Software/arduino-1.0.5/hardware/tools/avr/bin/../lib/gcc/avr/4.3.2/avr6/libgcc.a(_ctors.o)
 .text          0x0000000000004384        0x0 /home/chris/Software/arduino-1.0.5/hardware/tools/avr/bin/../lib/gcc/avr/4.3.2/avr6/libgcc.a(_dtors.o)
 .text          0x0000000000004384       0x58 /home/chris/Software/arduino-1.0.5/hardware/tools/avr/bin/../lib/gcc/avr/4.3.2/avr6/libgcc.a(_fixunssfsi.o)
                0x0000000000004384                __fixunssfsi
 .text          0x00000000000043dc      0x354 /home/chris/Software/arduino-1.0.5/hardware/tools/avr/bin/../lib/gcc/avr/4.3.2/avr6/libgcc.a(_addsub_sf.o)
                0x0000000000004674                __subsf3
                0x00000000000046d6                __addsf3
 .text          0x0000000000004730      0x1f4 /home/chris/Software/arduino-1.0.5/hardware/tools/avr/bin/../lib/gcc/avr/4.3.2/avr6/libgcc.a(_mul_sf.o)
                0x0000000000004730                __mulsf3
 .text          0x0000000000004924      0x158 /home/chris/Software/arduino-1.0.5/hardware/tools/avr/bin/../lib/gcc/avr/4.3.2/avr6/libgcc.a(_div_sf.o)
                0x0000000000004924                __divsf3
 .text          0x0000000000004a7c       0x60 /home/chris/Software/arduino-1.0.5/hardware/tools/avr/bin/../lib/gcc/avr/4.3.2/avr6/libgcc.a(_gt_sf.o)
                0x0000000000004a7c                __gtsf2
 .text          0x0000000000004adc       0x60 /home/chris/Software/arduino-1.0.5/hardware/tools/avr/bin/../lib/gcc/avr/4.3.2/avr6/libgcc.a(_ge_sf.o)
                0x0000000000004adc                __gesf2
 .text          0x0000000000004b3c       0x60 /home/chris/Software/arduino-1.0.5/hardware/tools/avr/bin/../lib/gcc/avr/4.3.2/avr6/libgcc.a(_lt_sf.o)
                0x0000000000004b3c                __ltsf2
 .text          0x0000000000004b9c       0x60 /home/chris/Software/arduino-1.0.5/hardware/tools/avr/bin/../lib/gcc/avr/4.3.2/avr6/libgcc.a(_le_sf.o)
                0x0000000000004b9c                __lesf2
 .text          0x0000000000004bfc       0x56 /home/chris/Software/arduino-1.0.5/hardware/tools/avr/bin/../lib/gcc/avr/4.3.2/avr6/libgcc.a(_unord_sf.o)
                0x0000000000004bfc                __unordsf2
 .text          0x0000000000004c52       0xbc /home/chris/Software/arduino-1.0.5/hardware/tools/avr/bin/../lib/gcc/avr/4.3.2/avr6/libgcc.a(_si_to_sf.o)
                0x0000000000004c52                __floatsisf
 .text          0x0000000000004d0e       0xa8 /home/chris/Software/arduino-1.0.5/hardware/tools/avr/bin/../lib/gcc/avr/4.3.2/avr6/libgcc.a(_sf_to_si.o)
                0x0000000000004d0e                __fixsfsi
 .text          0x0000000000004db6        0x0 /home/chris/Software/arduino-1.0.5/hardware/tools/avr/bin/../lib/gcc/avr/4.3.2/avr6/libgcc.a(_thenan_sf.o)
 .text          0x0000000000004db6       0xf2 /home/chris/Software/arduino-1.0.5/hardware/tools/avr/bin/../lib/gcc/avr/4.3.2/avr6/libgcc.a(_usi_to_sf.o)
                0x0000000000004db6                __floatunsisf
 .text          0x0000000000004ea8        0x0 /home/chris/Software/arduino-1.0.5/hardware/tools/avr/bin/../lib/gcc/avr/4.3.2/avr6/libgcc.a(_prologue.o)
 .text          0x0000000000004ea8        0x0 /home/chris/Software/arduino-1.0.5/hardware/tools/avr/bin/../lib/gcc/avr/4.3.2/avr6/libgcc.a(_epilogue.o)
 .text          0x0000000000004ea8        0x0 /home/chris/Software/arduino-1.0.5/hardware/tools/avr/bin/../lib/gcc/avr/4.3.2/avr6/libgcc.a(_tablejump.o)
 .text          0x0000000000004ea8       0x9e /home/chris/Software/arduino-1.0.5/hardware/tools/avr/bin/../lib/gcc/avr/4.3.2/avr6/libgcc.a(_clzsi2.o)
                0x0000000000004ea8                __clzsi2
 .text          0x0000000000004f46      0x1aa /home/chris/Software/arduino-1.0.5/hardware/tools/avr/bin/../lib/gcc/avr/4.3.2/avr6/libgcc.a(_pack_sf.o)
                0x0000000000004f46                __pack_f
 .text          0x00000000000050f0       0xf0 /home/chris/Software/arduino-1.0.5/hardware/tools/avr/bin/../lib/gcc/avr/4.3.2/avr6/libgcc.a(_unpack_sf.o)
                0x00000000000050f0                __unpack_f
 .text          0x00000000000051e0       0xb2 /home/chris/Software/arduino-1.0.5/hardware/tools/avr/bin/../lib/gcc/avr/4.3.2/avr6/libgcc.a(_fpcmp_parts_sf.o)
                0x00000000000051e0                __fpcmp_parts_f
 .text          0x0000000000005292        0x0 /home/chris/Software/arduino-1.0.5/hardware/tools/avr/bin/../lib/gcc/avr/4.3.2/avr6/libgcc.a(_clz.o)
 .text          0x0000000000005292       0x4e /home/chris/Software/arduino-1.0.5/hardware/tools/avr/bin/../lib/gcc/avr/4.3.2/../../../avr/lib/avr6/libc.a(atol.o)
                0x0000000000005292                atol
 .text          0x00000000000052e0        0x0 /home/chris/Software/arduino-1.0.5/hardware/tools/avr/bin/../lib/gcc/avr/4.3.2/../../../avr/lib/avr6/libc.a(isspace.o)
 .text          0x00000000000052e0        0x0 /home/chris/Software/arduino-1.0.5/hardware/tools/avr/bin/../lib/gcc/avr/4.3.2/../../../avr/lib/avr6/libc.a(tolower.o)
 .text          0x00000000000052e0        0x0 /home/chris/Software/arduino-1.0.5/hardware/tools/avr/bin/../lib/gcc/avr/4.3.2/../../../avr/lib/avr6/libc.a(toupper.o)
 .text          0x00000000000052e0       0x12 /home/chris/Software/arduino-1.0.5/hardware/tools/avr/bin/../lib/gcc/avr/4.3.2/../../../avr/lib/avr6/libc.a(memcpy_P.o)
                0x00000000000052e0                memcpy_P
 .text          0x00000000000052f2       0x12 /home/chris/Software/arduino-1.0.5/hardware/tools/avr/bin/../lib/gcc/avr/4.3.2/../../../avr/lib/avr6/libc.a(memcpy.o)
                0x00000000000052f2                memcpy
 .text          0x0000000000005304       0x24 /home/chris/Software/arduino-1.0.5/hardware/tools/avr/bin/../lib/gcc/avr/4.3.2/../../../avr/lib/avr6/libc.a(memmove.o)
                0x0000000000005304                memmove
 .text          0x0000000000005328       0x16 /home/chris/Software/arduino-1.0.5/hardware/tools/avr/bin/../lib/gcc/avr/4.3.2/../../../avr/lib/avr6/libc.a(strcat.o)
                0x0000000000005328                strcat
 .text          0x000000000000533e       0x16 /home/chris/Software/arduino-1.0.5/hardware/tools/avr/bin/../lib/gcc/avr/4.3.2/../../../avr/lib/avr6/libc.a(strchr.o)
                0x000000000000533e                strchr
 .text          0x0000000000005354       0x12 /home/chris/Software/arduino-1.0.5/hardware/tools/avr/bin/../lib/gcc/avr/4.3.2/../../../avr/lib/avr6/libc.a(strcmp.o)
                0x0000000000005354                strcmp
 .text          0x0000000000005366        0xe /home/chris/Software/arduino-1.0.5/hardware/tools/avr/bin/../lib/gcc/avr/4.3.2/../../../avr/lib/avr6/libc.a(strcpy.o)
                0x0000000000005366                strcpy
 .text          0x0000000000005374       0x1c /home/chris/Software/arduino-1.0.5/hardware/tools/avr/bin/../lib/gcc/avr/4.3.2/../../../avr/lib/avr6/libc.a(strncmp.o)
                0x0000000000005374                strncmp
 .text          0x0000000000005390       0x1e /home/chris/Software/arduino-1.0.5/hardware/tools/avr/bin/../lib/gcc/avr/4.3.2/../../../avr/lib/avr6/libc.a(strncpy.o)
                0x0000000000005390                strncpy
 .text          0x00000000000053ae       0x16 /home/chris/Software/arduino-1.0.5/hardware/tools/avr/bin/../lib/gcc/avr/4.3.2/../../../avr/lib/avr6/libc.a(strrchr.o)
                0x00000000000053ae                strrchr
 .text          0x00000000000053c4       0x34 /home/chris/Software/arduino-1.0.5/hardware/tools/avr/bin/../lib/gcc/avr/4.3.2/../../../avr/lib/avr6/libc.a(strstr.o)
                0x00000000000053c4                strstr
 .text          0x00000000000053f8       0x42 /home/chris/Software/arduino-1.0.5/hardware/tools/avr/bin/../lib/gcc/avr/4.3.2/../../../avr/lib/avr6/libc.a(itoa.o)
                0x00000000000053f8                itoa
 .text          0x000000000000543a       0x68 /home/chris/Software/arduino-1.0.5/hardware/tools/avr/bin/../lib/gcc/avr/4.3.2/../../../avr/lib/avr6/libc.a(ltoa.o)
                0x000000000000543a                ltoa
 .text          0x00000000000054a2       0x2a /home/chris/Software/arduino-1.0.5/hardware/tools/avr/bin/../lib/gcc/avr/4.3.2/../../../avr/lib/avr6/libc.a(mulsi10.o)
                0x00000000000054a2                __mulsi_const_10
 .text          0x00000000000054cc       0x4a /home/chris/Software/arduino-1.0.5/hardware/tools/avr/bin/../lib/gcc/avr/4.3.2/../../../avr/lib/avr6/libc.a(ultoa.o)
                0x00000000000054cc                ultoa
 .text          0x0000000000005516       0x2c /home/chris/Software/arduino-1.0.5/hardware/tools/avr/bin/../lib/gcc/avr/4.3.2/../../../avr/lib/avr6/libc.a(utoa.o)
                0x0000000000005516                utoa
 .text          0x0000000000005542       0x54 /home/chris/Software/arduino-1.0.5/hardware/tools/avr/bin/../lib/gcc/avr/4.3.2/../../../avr/lib/avr6/libc.a(vsnprintf.o)
                0x0000000000005542                vsnprintf
 .text          0x0000000000005596      0x3ba /home/chris/Software/arduino-1.0.5/hardware/tools/avr/bin/../lib/gcc/avr/4.3.2/../../../avr/lib/avr6/libc.a(vfprintf_std.o)
                0x0000000000005596                vfprintf
 .text          0x0000000000005950        0x0 /home/chris/Software/arduino-1.0.5/hardware/tools/avr/bin/../lib/gcc/avr/4.3.2/../../../avr/lib/avr6/libc.a(cty_isfalse.o)
 .text          0x0000000000005950       0x16 /home/chris/Software/arduino-1.0.5/hardware/tools/avr/bin/../lib/gcc/avr/4.3.2/../../../avr/lib/avr6/libc.a(strnlen_P.o)
                0x0000000000005950                strnlen_P
 .text          0x0000000000005966       0x16 /home/chris/Software/arduino-1.0.5/hardware/tools/avr/bin/../lib/gcc/avr/4.3.2/../../../avr/lib/avr6/libc.a(strnlen.o)
                0x0000000000005966                strnlen
 .text          0x000000000000597c       0x20 /home/chris/Software/arduino-1.0.5/hardware/tools/avr/bin/../lib/gcc/avr/4.3.2/../../../avr/lib/avr6/libc.a(strrev.o)
                0x000000000000597c                strrev
 .text          0x000000000000599c       0x58 /home/chris/Software/arduino-1.0.5/hardware/tools/avr/bin/../lib/gcc/avr/4.3.2/../../../avr/lib/avr6/libc.a(fputc.o)
                0x000000000000599c                fputc
 .text          0x00000000000059f4       0xbc /home/chris/Software/arduino-1.0.5/hardware/tools/avr/bin/../lib/gcc/avr/4.3.2/../../../avr/lib/avr6/libc.a(ultoa_invert.o)
                0x00000000000059f4                __ultoa_invert
 .text          0x0000000000005ab0        0x0 /home/chris/Software/arduino-1.0.5/hardware/tools/avr/bin/../lib/gcc/avr/4.3.2/avr6/libgcc.a(_udivmodhi4.o)
                0x0000000000005ab0                . = ALIGN (0x2)
 *(.text.*)
 .text.avr-libc
                0x0000000000005ab0      0x26a /home/chris/Workspace/PlusPonics/code/ArduinoCore/Release/libArduinoCore.a(malloc.o)
                0x0000000000005ab0                malloc
                0x0000000000005bea                free
 .text.avr-libc
                0x0000000000005d1a      0x1c2 /home/chris/Workspace/PlusPonics/code/ArduinoCore/Release/libArduinoCore.a(realloc.o)
                0x0000000000005d1a                realloc
 .text.libgcc   0x0000000000005edc       0x3e /home/chris/Software/arduino-1.0.5/hardware/tools/avr/bin/../lib/gcc/avr/4.3.2/avr6/libgcc.a(_mulsi3.o)
                0x0000000000005edc                __mulsi3
 .text.libgcc   0x0000000000005f1a       0x44 /home/chris/Software/arduino-1.0.5/hardware/tools/avr/bin/../lib/gcc/avr/4.3.2/avr6/libgcc.a(_udivmodsi4.o)
                0x0000000000005f1a                __udivmodsi4
 .text.libgcc   0x0000000000005f5e        0x0 /home/chris/Software/arduino-1.0.5/hardware/tools/avr/bin/../lib/gcc/avr/4.3.2/avr6/libgcc.a(_exit.o)
 .text.libgcc   0x0000000000005f5e        0x0 /home/chris/Software/arduino-1.0.5/hardware/tools/avr/bin/../lib/gcc/avr/4.3.2/avr6/libgcc.a(_clear_bss.o)
 .text.libgcc   0x0000000000005f5e        0x0 /home/chris/Software/arduino-1.0.5/hardware/tools/avr/bin/../lib/gcc/avr/4.3.2/avr6/libgcc.a(_ctors.o)
 .text.libgcc   0x0000000000005f5e        0x0 /home/chris/Software/arduino-1.0.5/hardware/tools/avr/bin/../lib/gcc/avr/4.3.2/avr6/libgcc.a(_dtors.o)
 .text.libgcc   0x0000000000005f5e       0x38 /home/chris/Software/arduino-1.0.5/hardware/tools/avr/bin/../lib/gcc/avr/4.3.2/avr6/libgcc.a(_prologue.o)
                0x0000000000005f5e                __prologue_saves__
 .text.libgcc   0x0000000000005f96       0x36 /home/chris/Software/arduino-1.0.5/hardware/tools/avr/bin/../lib/gcc/avr/4.3.2/avr6/libgcc.a(_epilogue.o)
                0x0000000000005f96                __epilogue_restores__
 .text.libgcc   0x0000000000005fcc        0xc /home/chris/Software/arduino-1.0.5/hardware/tools/avr/bin/../lib/gcc/avr/4.3.2/avr6/libgcc.a(_tablejump.o)
                0x0000000000005fd0                __tablejump__
                0x0000000000005fcc                __tablejump2__
 .text.ctype    0x0000000000005fd8       0x10 /home/chris/Software/arduino-1.0.5/hardware/tools/avr/bin/../lib/gcc/avr/4.3.2/../../../avr/lib/avr6/libc.a(isspace.o)
                0x0000000000005fd8                isspace
 .text.ctype    0x0000000000005fe8       0x10 /home/chris/Software/arduino-1.0.5/hardware/tools/avr/bin/../lib/gcc/avr/4.3.2/../../../avr/lib/avr6/libc.a(tolower.o)
                0x0000000000005fe8                tolower
 .text.ctype    0x0000000000005ff8       0x10 /home/chris/Software/arduino-1.0.5/hardware/tools/avr/bin/../lib/gcc/avr/4.3.2/../../../avr/lib/avr6/libc.a(toupper.o)
                0x0000000000005ff8                toupper
 .text.ctype    0x0000000000006008        0x6 /home/chris/Software/arduino-1.0.5/hardware/tools/avr/bin/../lib/gcc/avr/4.3.2/../../../avr/lib/avr6/libc.a(cty_isfalse.o)
                0x000000000000600c                __ctype_istrue
                0x0000000000006008                __ctype_isfalse
 .text.libgcc   0x000000000000600e       0x28 /home/chris/Software/arduino-1.0.5/hardware/tools/avr/bin/../lib/gcc/avr/4.3.2/avr6/libgcc.a(_udivmodhi4.o)
                0x000000000000600e                __udivmodhi4
                0x0000000000006036                . = ALIGN (0x2)
 *(.fini9)
 .fini9         0x0000000000006036        0x0 /home/chris/Software/arduino-1.0.5/hardware/tools/avr/bin/../lib/gcc/avr/4.3.2/avr6/libgcc.a(_exit.o)
                0x0000000000006036                exit
                0x0000000000006036                _exit
 *(.fini9)
 *(.fini8)
 *(.fini8)
 *(.fini7)
 *(.fini7)
 *(.fini6)
 .fini6         0x0000000000006036       0x16 /home/chris/Software/arduino-1.0.5/hardware/tools/avr/bin/../lib/gcc/avr/4.3.2/avr6/libgcc.a(_dtors.o)
                0x0000000000006036                __do_global_dtors
 *(.fini6)
 *(.fini5)
 *(.fini5)
 *(.fini4)
 *(.fini4)
 *(.fini3)
 *(.fini3)
 *(.fini2)
 *(.fini2)
 *(.fini1)
 *(.fini1)
 *(.fini0)
 .fini0         0x000000000000604c        0x4 /home/chris/Software/arduino-1.0.5/hardware/tools/avr/bin/../lib/gcc/avr/4.3.2/avr6/libgcc.a(_exit.o)
 *(.fini0)
                0x0000000000006050                _etext = .

.data           0x0000000000800200      0x206 load address 0x0000000000006050
                0x0000000000800200                PROVIDE (__data_start, .)
 *(.data)
 .data          0x0000000000800200        0x0 /home/chris/Software/arduino-1.0.5/hardware/tools/avr/bin/../lib/gcc/avr/4.3.2/../../../avr/lib/avr6/crtm2560.o
 .data          0x0000000000800200        0x0 ./lib/SipHash/HexConversionUtils.o
 .data          0x0000000000800200        0x0 ./lib/SipHash/SipHash_2_4.o
 .data          0x0000000000800200        0x0 ./lib/SipHash/siphash_2_4_asm.o
 .data          0x0000000000800200       0x2e ./AbstractCommunication.o
                0x0000000000800220                vtable for AbstractCommunication
 .data          0x000000000080022e        0xc ./DigitalWriteTC.o
                0x000000000080022e                vtable for DigitalWriteTC
 .data          0x000000000080023a       0x53 ./GlobalReceiver.o
                0x0000000000800285                vtable for GlobalReceiver
 .data          0x000000000080028d        0xf ./SerialCom.o
                0x000000000080028e                vtable for SerialCom
 .data          0x000000000080029c        0xc ./TC.o
                0x000000000080029c                vtable for TC
 .data          0x00000000008002a8       0x17 ./main.o
                0x00000000008002bd                ledPin
 .data          0x00000000008002bf       0x20 /home/chris/Workspace/PlusPonics/code/ArduinoCore/Release/libArduinoCore.a(HardwareSerial.o)
                0x00000000008002bf                vtable for HardwareSerial
                0x00000000008002cf                vtable for Stream
 .data          0x00000000008002df       0x16 /home/chris/Workspace/PlusPonics/code/ArduinoCore/Release/libArduinoCore.a(Print.o)
                0x00000000008002ed                vtable for Print
 .data          0x00000000008002f5        0x1 /home/chris/Workspace/PlusPonics/code/ArduinoCore/Release/libArduinoCore.a(Stream.o)
 .data          0x00000000008002f6        0x1 /home/chris/Workspace/PlusPonics/code/ArduinoCore/Release/libArduinoCore.a(WString.o)
 .data          0x00000000008002f7        0x0 /home/chris/Workspace/PlusPonics/code/ArduinoCore/Release/libArduinoCore.a(new.o)
 .data          0x00000000008002f7        0x0 /home/chris/Workspace/PlusPonics/code/ArduinoCore/Release/libArduinoCore.a(wiring.o)
 .data          0x00000000008002f7        0x0 /home/chris/Workspace/PlusPonics/code/ArduinoCore/Release/libArduinoCore.a(wiring_digital.o)
 .data          0x00000000008002f7        0x6 /home/chris/Workspace/PlusPonics/code/ArduinoCore/Release/libArduinoCore.a(malloc.o)
                0x00000000008002f9                __malloc_heap_start
                0x00000000008002fb                __malloc_heap_end
                0x00000000008002f7                __malloc_margin
 .data          0x00000000008002fd        0x0 /home/chris/Workspace/PlusPonics/code/ArduinoCore/Release/libArduinoCore.a(realloc.o)
 .data          0x00000000008002fd        0x0 /home/chris/Software/arduino-1.0.5/hardware/tools/avr/bin/../lib/gcc/avr/4.3.2/avr6/libgcc.a(_mulsi3.o)
 .data          0x00000000008002fd        0x0 /home/chris/Software/arduino-1.0.5/hardware/tools/avr/bin/../lib/gcc/avr/4.3.2/avr6/libgcc.a(_udivmodsi4.o)
 .data          0x00000000008002fd        0x0 /home/chris/Software/arduino-1.0.5/hardware/tools/avr/bin/../lib/gcc/avr/4.3.2/avr6/libgcc.a(_exit.o)
 .data          0x00000000008002fd        0x0 /home/chris/Software/arduino-1.0.5/hardware/tools/avr/bin/../lib/gcc/avr/4.3.2/avr6/libgcc.a(_clear_bss.o)
 .data          0x00000000008002fd        0x0 /home/chris/Software/arduino-1.0.5/hardware/tools/avr/bin/../lib/gcc/avr/4.3.2/avr6/libgcc.a(_ctors.o)
 .data          0x00000000008002fd        0x0 /home/chris/Software/arduino-1.0.5/hardware/tools/avr/bin/../lib/gcc/avr/4.3.2/avr6/libgcc.a(_dtors.o)
 .data          0x00000000008002fd        0x0 /home/chris/Software/arduino-1.0.5/hardware/tools/avr/bin/../lib/gcc/avr/4.3.2/avr6/libgcc.a(_fixunssfsi.o)
 .data          0x00000000008002fd        0x0 /home/chris/Software/arduino-1.0.5/hardware/tools/avr/bin/../lib/gcc/avr/4.3.2/avr6/libgcc.a(_addsub_sf.o)
 .data          0x00000000008002fd        0x0 /home/chris/Software/arduino-1.0.5/hardware/tools/avr/bin/../lib/gcc/avr/4.3.2/avr6/libgcc.a(_mul_sf.o)
 .data          0x00000000008002fd        0x0 /home/chris/Software/arduino-1.0.5/hardware/tools/avr/bin/../lib/gcc/avr/4.3.2/avr6/libgcc.a(_div_sf.o)
 .data          0x00000000008002fd        0x0 /home/chris/Software/arduino-1.0.5/hardware/tools/avr/bin/../lib/gcc/avr/4.3.2/avr6/libgcc.a(_gt_sf.o)
 .data          0x00000000008002fd        0x0 /home/chris/Software/arduino-1.0.5/hardware/tools/avr/bin/../lib/gcc/avr/4.3.2/avr6/libgcc.a(_ge_sf.o)
 .data          0x00000000008002fd        0x0 /home/chris/Software/arduino-1.0.5/hardware/tools/avr/bin/../lib/gcc/avr/4.3.2/avr6/libgcc.a(_lt_sf.o)
 .data          0x00000000008002fd        0x0 /home/chris/Software/arduino-1.0.5/hardware/tools/avr/bin/../lib/gcc/avr/4.3.2/avr6/libgcc.a(_le_sf.o)
 .data          0x00000000008002fd        0x0 /home/chris/Software/arduino-1.0.5/hardware/tools/avr/bin/../lib/gcc/avr/4.3.2/avr6/libgcc.a(_unord_sf.o)
 .data          0x00000000008002fd        0x0 /home/chris/Software/arduino-1.0.5/hardware/tools/avr/bin/../lib/gcc/avr/4.3.2/avr6/libgcc.a(_si_to_sf.o)
 .data          0x00000000008002fd        0x0 /home/chris/Software/arduino-1.0.5/hardware/tools/avr/bin/../lib/gcc/avr/4.3.2/avr6/libgcc.a(_sf_to_si.o)
 .data          0x00000000008002fd        0x8 /home/chris/Software/arduino-1.0.5/hardware/tools/avr/bin/../lib/gcc/avr/4.3.2/avr6/libgcc.a(_thenan_sf.o)
                0x00000000008002fd                __thenan_sf
 .data          0x0000000000800305        0x0 /home/chris/Software/arduino-1.0.5/hardware/tools/avr/bin/../lib/gcc/avr/4.3.2/avr6/libgcc.a(_usi_to_sf.o)
 .data          0x0000000000800305        0x0 /home/chris/Software/arduino-1.0.5/hardware/tools/avr/bin/../lib/gcc/avr/4.3.2/avr6/libgcc.a(_prologue.o)
 .data          0x0000000000800305        0x0 /home/chris/Software/arduino-1.0.5/hardware/tools/avr/bin/../lib/gcc/avr/4.3.2/avr6/libgcc.a(_epilogue.o)
 .data          0x0000000000800305        0x0 /home/chris/Software/arduino-1.0.5/hardware/tools/avr/bin/../lib/gcc/avr/4.3.2/avr6/libgcc.a(_tablejump.o)
 .data          0x0000000000800305        0x0 /home/chris/Software/arduino-1.0.5/hardware/tools/avr/bin/../lib/gcc/avr/4.3.2/avr6/libgcc.a(_clzsi2.o)
 .data          0x0000000000800305        0x0 /home/chris/Software/arduino-1.0.5/hardware/tools/avr/bin/../lib/gcc/avr/4.3.2/avr6/libgcc.a(_pack_sf.o)
 .data          0x0000000000800305        0x0 /home/chris/Software/arduino-1.0.5/hardware/tools/avr/bin/../lib/gcc/avr/4.3.2/avr6/libgcc.a(_unpack_sf.o)
 .data          0x0000000000800305        0x0 /home/chris/Software/arduino-1.0.5/hardware/tools/avr/bin/../lib/gcc/avr/4.3.2/avr6/libgcc.a(_fpcmp_parts_sf.o)
 .data          0x0000000000800305      0x100 /home/chris/Software/arduino-1.0.5/hardware/tools/avr/bin/../lib/gcc/avr/4.3.2/avr6/libgcc.a(_clz.o)
                0x0000000000800305                __clz_tab
 .data          0x0000000000800405        0x0 /home/chris/Software/arduino-1.0.5/hardware/tools/avr/bin/../lib/gcc/avr/4.3.2/../../../avr/lib/avr6/libc.a(atol.o)
 .data          0x0000000000800405        0x0 /home/chris/Software/arduino-1.0.5/hardware/tools/avr/bin/../lib/gcc/avr/4.3.2/../../../avr/lib/avr6/libc.a(isspace.o)
 .data          0x0000000000800405        0x0 /home/chris/Software/arduino-1.0.5/hardware/tools/avr/bin/../lib/gcc/avr/4.3.2/../../../avr/lib/avr6/libc.a(tolower.o)
 .data          0x0000000000800405        0x0 /home/chris/Software/arduino-1.0.5/hardware/tools/avr/bin/../lib/gcc/avr/4.3.2/../../../avr/lib/avr6/libc.a(toupper.o)
 .data          0x0000000000800405        0x0 /home/chris/Software/arduino-1.0.5/hardware/tools/avr/bin/../lib/gcc/avr/4.3.2/../../../avr/lib/avr6/libc.a(memcpy_P.o)
 .data          0x0000000000800405        0x0 /home/chris/Software/arduino-1.0.5/hardware/tools/avr/bin/../lib/gcc/avr/4.3.2/../../../avr/lib/avr6/libc.a(memcpy.o)
 .data          0x0000000000800405        0x0 /home/chris/Software/arduino-1.0.5/hardware/tools/avr/bin/../lib/gcc/avr/4.3.2/../../../avr/lib/avr6/libc.a(memmove.o)
 .data          0x0000000000800405        0x0 /home/chris/Software/arduino-1.0.5/hardware/tools/avr/bin/../lib/gcc/avr/4.3.2/../../../avr/lib/avr6/libc.a(strcat.o)
 .data          0x0000000000800405        0x0 /home/chris/Software/arduino-1.0.5/hardware/tools/avr/bin/../lib/gcc/avr/4.3.2/../../../avr/lib/avr6/libc.a(strchr.o)
 .data          0x0000000000800405        0x0 /home/chris/Software/arduino-1.0.5/hardware/tools/avr/bin/../lib/gcc/avr/4.3.2/../../../avr/lib/avr6/libc.a(strcmp.o)
 .data          0x0000000000800405        0x0 /home/chris/Software/arduino-1.0.5/hardware/tools/avr/bin/../lib/gcc/avr/4.3.2/../../../avr/lib/avr6/libc.a(strcpy.o)
 .data          0x0000000000800405        0x0 /home/chris/Software/arduino-1.0.5/hardware/tools/avr/bin/../lib/gcc/avr/4.3.2/../../../avr/lib/avr6/libc.a(strncmp.o)
 .data          0x0000000000800405        0x0 /home/chris/Software/arduino-1.0.5/hardware/tools/avr/bin/../lib/gcc/avr/4.3.2/../../../avr/lib/avr6/libc.a(strncpy.o)
 .data          0x0000000000800405        0x0 /home/chris/Software/arduino-1.0.5/hardware/tools/avr/bin/../lib/gcc/avr/4.3.2/../../../avr/lib/avr6/libc.a(strrchr.o)
 .data          0x0000000000800405        0x0 /home/chris/Software/arduino-1.0.5/hardware/tools/avr/bin/../lib/gcc/avr/4.3.2/../../../avr/lib/avr6/libc.a(strstr.o)
 .data          0x0000000000800405        0x0 /home/chris/Software/arduino-1.0.5/hardware/tools/avr/bin/../lib/gcc/avr/4.3.2/../../../avr/lib/avr6/libc.a(itoa.o)
 .data          0x0000000000800405        0x0 /home/chris/Software/arduino-1.0.5/hardware/tools/avr/bin/../lib/gcc/avr/4.3.2/../../../avr/lib/avr6/libc.a(ltoa.o)
 .data          0x0000000000800405        0x0 /home/chris/Software/arduino-1.0.5/hardware/tools/avr/bin/../lib/gcc/avr/4.3.2/../../../avr/lib/avr6/libc.a(mulsi10.o)
 .data          0x0000000000800405        0x0 /home/chris/Software/arduino-1.0.5/hardware/tools/avr/bin/../lib/gcc/avr/4.3.2/../../../avr/lib/avr6/libc.a(ultoa.o)
 .data          0x0000000000800405        0x0 /home/chris/Software/arduino-1.0.5/hardware/tools/avr/bin/../lib/gcc/avr/4.3.2/../../../avr/lib/avr6/libc.a(utoa.o)
 .data          0x0000000000800405        0x0 /home/chris/Software/arduino-1.0.5/hardware/tools/avr/bin/../lib/gcc/avr/4.3.2/../../../avr/lib/avr6/libc.a(vsnprintf.o)
 .data          0x0000000000800405        0x0 /home/chris/Software/arduino-1.0.5/hardware/tools/avr/bin/../lib/gcc/avr/4.3.2/../../../avr/lib/avr6/libc.a(vfprintf_std.o)
 .data          0x0000000000800405        0x0 /home/chris/Software/arduino-1.0.5/hardware/tools/avr/bin/../lib/gcc/avr/4.3.2/../../../avr/lib/avr6/libc.a(cty_isfalse.o)
 .data          0x0000000000800405        0x0 /home/chris/Software/arduino-1.0.5/hardware/tools/avr/bin/../lib/gcc/avr/4.3.2/../../../avr/lib/avr6/libc.a(strnlen_P.o)
 .data          0x0000000000800405        0x0 /home/chris/Software/arduino-1.0.5/hardware/tools/avr/bin/../lib/gcc/avr/4.3.2/../../../avr/lib/avr6/libc.a(strnlen.o)
 .data          0x0000000000800405        0x0 /home/chris/Software/arduino-1.0.5/hardware/tools/avr/bin/../lib/gcc/avr/4.3.2/../../../avr/lib/avr6/libc.a(strrev.o)
 .data          0x0000000000800405        0x0 /home/chris/Software/arduino-1.0.5/hardware/tools/avr/bin/../lib/gcc/avr/4.3.2/../../../avr/lib/avr6/libc.a(fputc.o)
 .data          0x0000000000800405        0x0 /home/chris/Software/arduino-1.0.5/hardware/tools/avr/bin/../lib/gcc/avr/4.3.2/../../../avr/lib/avr6/libc.a(ultoa_invert.o)
 .data          0x0000000000800405        0x0 /home/chris/Software/arduino-1.0.5/hardware/tools/avr/bin/../lib/gcc/avr/4.3.2/avr6/libgcc.a(_udivmodhi4.o)
 *(.data*)
 *(.rodata)
 *(.rodata*)
 *(.gnu.linkonce.d*)
                0x0000000000800406                . = ALIGN (0x2)
 *fill*         0x0000000000800405        0x1 00
                0x0000000000800406                _edata = .
                0x0000000000800406                PROVIDE (__data_end, .)

.bss            0x0000000000800406      0x2f9 load address 0x0000000000006256
                0x0000000000800406                PROVIDE (__bss_start, .)
 *(.bss)
 .bss           0x0000000000800406        0x0 /home/chris/Software/arduino-1.0.5/hardware/tools/avr/bin/../lib/gcc/avr/4.3.2/../../../avr/lib/avr6/crtm2560.o
 .bss           0x0000000000800406        0x0 ./lib/SipHash/HexConversionUtils.o
 .bss           0x0000000000800406       0x2c ./lib/SipHash/SipHash_2_4.o
                0x0000000000800406                sipHash
 .bss           0x0000000000800432        0x0 ./lib/SipHash/siphash_2_4_asm.o
 .bss           0x0000000000800432        0x7 ./AbstractCommunication.o
                0x0000000000800432                AbstractCommunication::DEFAULT_LOCATION
 .bss           0x0000000000800439        0x0 ./DigitalWriteTC.o
 .bss           0x0000000000800439        0x9 ./GlobalReceiver.o
 .bss           0x0000000000800442        0x0 ./SerialCom.o
 .bss           0x0000000000800442        0x0 ./TC.o
 .bss           0x0000000000800442        0x7 ./main.o
                0x0000000000800442                com
                0x0000000000800445                glrcv
 .bss           0x0000000000800449      0x2a8 /home/chris/Workspace/PlusPonics/code/ArduinoCore/Release/libArduinoCore.a(HardwareSerial.o)
                0x000000000080068b                Serial1
                0x00000000008004d1                rx_buffer1
                0x00000000008006cf                Serial3
                0x0000000000800449                rx_buffer
                0x000000000080048d                tx_buffer
                0x000000000080059d                tx_buffer2
                0x0000000000800669                Serial
                0x0000000000800625                tx_buffer3
                0x0000000000800559                rx_buffer2
                0x0000000000800515                tx_buffer1
                0x00000000008005e1                rx_buffer3
                0x00000000008006ad                Serial2
 .bss           0x00000000008006f1        0x0 /home/chris/Workspace/PlusPonics/code/ArduinoCore/Release/libArduinoCore.a(Print.o)
 .bss           0x00000000008006f1        0x0 /home/chris/Workspace/PlusPonics/code/ArduinoCore/Release/libArduinoCore.a(Stream.o)
 .bss           0x00000000008006f1        0x1 /home/chris/Workspace/PlusPonics/code/ArduinoCore/Release/libArduinoCore.a(WString.o)
 .bss           0x00000000008006f2        0x0 /home/chris/Workspace/PlusPonics/code/ArduinoCore/Release/libArduinoCore.a(new.o)
 .bss           0x00000000008006f2        0x9 /home/chris/Workspace/PlusPonics/code/ArduinoCore/Release/libArduinoCore.a(wiring.o)
                0x00000000008006f2                timer0_overflow_count
                0x00000000008006f6                timer0_millis
 .bss           0x00000000008006fb        0x0 /home/chris/Workspace/PlusPonics/code/ArduinoCore/Release/libArduinoCore.a(wiring_digital.o)
 .bss           0x00000000008006fb        0x0 /home/chris/Workspace/PlusPonics/code/ArduinoCore/Release/libArduinoCore.a(malloc.o)
 .bss           0x00000000008006fb        0x0 /home/chris/Workspace/PlusPonics/code/ArduinoCore/Release/libArduinoCore.a(realloc.o)
 .bss           0x00000000008006fb        0x0 /home/chris/Software/arduino-1.0.5/hardware/tools/avr/bin/../lib/gcc/avr/4.3.2/avr6/libgcc.a(_mulsi3.o)
 .bss           0x00000000008006fb        0x0 /home/chris/Software/arduino-1.0.5/hardware/tools/avr/bin/../lib/gcc/avr/4.3.2/avr6/libgcc.a(_udivmodsi4.o)
 .bss           0x00000000008006fb        0x0 /home/chris/Software/arduino-1.0.5/hardware/tools/avr/bin/../lib/gcc/avr/4.3.2/avr6/libgcc.a(_exit.o)
 .bss           0x00000000008006fb        0x0 /home/chris/Software/arduino-1.0.5/hardware/tools/avr/bin/../lib/gcc/avr/4.3.2/avr6/libgcc.a(_clear_bss.o)
 .bss           0x00000000008006fb        0x0 /home/chris/Software/arduino-1.0.5/hardware/tools/avr/bin/../lib/gcc/avr/4.3.2/avr6/libgcc.a(_ctors.o)
 .bss           0x00000000008006fb        0x0 /home/chris/Software/arduino-1.0.5/hardware/tools/avr/bin/../lib/gcc/avr/4.3.2/avr6/libgcc.a(_dtors.o)
 .bss           0x00000000008006fb        0x0 /home/chris/Software/arduino-1.0.5/hardware/tools/avr/bin/../lib/gcc/avr/4.3.2/avr6/libgcc.a(_fixunssfsi.o)
 .bss           0x00000000008006fb        0x0 /home/chris/Software/arduino-1.0.5/hardware/tools/avr/bin/../lib/gcc/avr/4.3.2/avr6/libgcc.a(_addsub_sf.o)
 .bss           0x00000000008006fb        0x0 /home/chris/Software/arduino-1.0.5/hardware/tools/avr/bin/../lib/gcc/avr/4.3.2/avr6/libgcc.a(_mul_sf.o)
 .bss           0x00000000008006fb        0x0 /home/chris/Software/arduino-1.0.5/hardware/tools/avr/bin/../lib/gcc/avr/4.3.2/avr6/libgcc.a(_div_sf.o)
 .bss           0x00000000008006fb        0x0 /home/chris/Software/arduino-1.0.5/hardware/tools/avr/bin/../lib/gcc/avr/4.3.2/avr6/libgcc.a(_gt_sf.o)
 .bss           0x00000000008006fb        0x0 /home/chris/Software/arduino-1.0.5/hardware/tools/avr/bin/../lib/gcc/avr/4.3.2/avr6/libgcc.a(_ge_sf.o)
 .bss           0x00000000008006fb        0x0 /home/chris/Software/arduino-1.0.5/hardware/tools/avr/bin/../lib/gcc/avr/4.3.2/avr6/libgcc.a(_lt_sf.o)
 .bss           0x00000000008006fb        0x0 /home/chris/Software/arduino-1.0.5/hardware/tools/avr/bin/../lib/gcc/avr/4.3.2/avr6/libgcc.a(_le_sf.o)
 .bss           0x00000000008006fb        0x0 /home/chris/Software/arduino-1.0.5/hardware/tools/avr/bin/../lib/gcc/avr/4.3.2/avr6/libgcc.a(_unord_sf.o)
 .bss           0x00000000008006fb        0x0 /home/chris/Software/arduino-1.0.5/hardware/tools/avr/bin/../lib/gcc/avr/4.3.2/avr6/libgcc.a(_si_to_sf.o)
 .bss           0x00000000008006fb        0x0 /home/chris/Software/arduino-1.0.5/hardware/tools/avr/bin/../lib/gcc/avr/4.3.2/avr6/libgcc.a(_sf_to_si.o)
 .bss           0x00000000008006fb        0x0 /home/chris/Software/arduino-1.0.5/hardware/tools/avr/bin/../lib/gcc/avr/4.3.2/avr6/libgcc.a(_thenan_sf.o)
 .bss           0x00000000008006fb        0x0 /home/chris/Software/arduino-1.0.5/hardware/tools/avr/bin/../lib/gcc/avr/4.3.2/avr6/libgcc.a(_usi_to_sf.o)
 .bss           0x00000000008006fb        0x0 /home/chris/Software/arduino-1.0.5/hardware/tools/avr/bin/../lib/gcc/avr/4.3.2/avr6/libgcc.a(_prologue.o)
 .bss           0x00000000008006fb        0x0 /home/chris/Software/arduino-1.0.5/hardware/tools/avr/bin/../lib/gcc/avr/4.3.2/avr6/libgcc.a(_epilogue.o)
 .bss           0x00000000008006fb        0x0 /home/chris/Software/arduino-1.0.5/hardware/tools/avr/bin/../lib/gcc/avr/4.3.2/avr6/libgcc.a(_tablejump.o)
 .bss           0x00000000008006fb        0x0 /home/chris/Software/arduino-1.0.5/hardware/tools/avr/bin/../lib/gcc/avr/4.3.2/avr6/libgcc.a(_clzsi2.o)
 .bss           0x00000000008006fb        0x0 /home/chris/Software/arduino-1.0.5/hardware/tools/avr/bin/../lib/gcc/avr/4.3.2/avr6/libgcc.a(_pack_sf.o)
 .bss           0x00000000008006fb        0x0 /home/chris/Software/arduino-1.0.5/hardware/tools/avr/bin/../lib/gcc/avr/4.3.2/avr6/libgcc.a(_unpack_sf.o)
 .bss           0x00000000008006fb        0x0 /home/chris/Software/arduino-1.0.5/hardware/tools/avr/bin/../lib/gcc/avr/4.3.2/avr6/libgcc.a(_fpcmp_parts_sf.o)
 .bss           0x00000000008006fb        0x0 /home/chris/Software/arduino-1.0.5/hardware/tools/avr/bin/../lib/gcc/avr/4.3.2/avr6/libgcc.a(_clz.o)
 .bss           0x00000000008006fb        0x0 /home/chris/Software/arduino-1.0.5/hardware/tools/avr/bin/../lib/gcc/avr/4.3.2/../../../avr/lib/avr6/libc.a(atol.o)
 .bss           0x00000000008006fb        0x0 /home/chris/Software/arduino-1.0.5/hardware/tools/avr/bin/../lib/gcc/avr/4.3.2/../../../avr/lib/avr6/libc.a(isspace.o)
 .bss           0x00000000008006fb        0x0 /home/chris/Software/arduino-1.0.5/hardware/tools/avr/bin/../lib/gcc/avr/4.3.2/../../../avr/lib/avr6/libc.a(tolower.o)
 .bss           0x00000000008006fb        0x0 /home/chris/Software/arduino-1.0.5/hardware/tools/avr/bin/../lib/gcc/avr/4.3.2/../../../avr/lib/avr6/libc.a(toupper.o)
 .bss           0x00000000008006fb        0x0 /home/chris/Software/arduino-1.0.5/hardware/tools/avr/bin/../lib/gcc/avr/4.3.2/../../../avr/lib/avr6/libc.a(memcpy_P.o)
 .bss           0x00000000008006fb        0x0 /home/chris/Software/arduino-1.0.5/hardware/tools/avr/bin/../lib/gcc/avr/4.3.2/../../../avr/lib/avr6/libc.a(memcpy.o)
 .bss           0x00000000008006fb        0x0 /home/chris/Software/arduino-1.0.5/hardware/tools/avr/bin/../lib/gcc/avr/4.3.2/../../../avr/lib/avr6/libc.a(memmove.o)
 .bss           0x00000000008006fb        0x0 /home/chris/Software/arduino-1.0.5/hardware/tools/avr/bin/../lib/gcc/avr/4.3.2/../../../avr/lib/avr6/libc.a(strcat.o)
 .bss           0x00000000008006fb        0x0 /home/chris/Software/arduino-1.0.5/hardware/tools/avr/bin/../lib/gcc/avr/4.3.2/../../../avr/lib/avr6/libc.a(strchr.o)
 .bss           0x00000000008006fb        0x0 /home/chris/Software/arduino-1.0.5/hardware/tools/avr/bin/../lib/gcc/avr/4.3.2/../../../avr/lib/avr6/libc.a(strcmp.o)
 .bss           0x00000000008006fb        0x0 /home/chris/Software/arduino-1.0.5/hardware/tools/avr/bin/../lib/gcc/avr/4.3.2/../../../avr/lib/avr6/libc.a(strcpy.o)
 .bss           0x00000000008006fb        0x0 /home/chris/Software/arduino-1.0.5/hardware/tools/avr/bin/../lib/gcc/avr/4.3.2/../../../avr/lib/avr6/libc.a(strncmp.o)
 .bss           0x00000000008006fb        0x0 /home/chris/Software/arduino-1.0.5/hardware/tools/avr/bin/../lib/gcc/avr/4.3.2/../../../avr/lib/avr6/libc.a(strncpy.o)
 .bss           0x00000000008006fb        0x0 /home/chris/Software/arduino-1.0.5/hardware/tools/avr/bin/../lib/gcc/avr/4.3.2/../../../avr/lib/avr6/libc.a(strrchr.o)
 .bss           0x00000000008006fb        0x0 /home/chris/Software/arduino-1.0.5/hardware/tools/avr/bin/../lib/gcc/avr/4.3.2/../../../avr/lib/avr6/libc.a(strstr.o)
 .bss           0x00000000008006fb        0x0 /home/chris/Software/arduino-1.0.5/hardware/tools/avr/bin/../lib/gcc/avr/4.3.2/../../../avr/lib/avr6/libc.a(itoa.o)
 .bss           0x00000000008006fb        0x0 /home/chris/Software/arduino-1.0.5/hardware/tools/avr/bin/../lib/gcc/avr/4.3.2/../../../avr/lib/avr6/libc.a(ltoa.o)
 .bss           0x00000000008006fb        0x0 /home/chris/Software/arduino-1.0.5/hardware/tools/avr/bin/../lib/gcc/avr/4.3.2/../../../avr/lib/avr6/libc.a(mulsi10.o)
 .bss           0x00000000008006fb        0x0 /home/chris/Software/arduino-1.0.5/hardware/tools/avr/bin/../lib/gcc/avr/4.3.2/../../../avr/lib/avr6/libc.a(ultoa.o)
 .bss           0x00000000008006fb        0x0 /home/chris/Software/arduino-1.0.5/hardware/tools/avr/bin/../lib/gcc/avr/4.3.2/../../../avr/lib/avr6/libc.a(utoa.o)
 .bss           0x00000000008006fb        0x0 /home/chris/Software/arduino-1.0.5/hardware/tools/avr/bin/../lib/gcc/avr/4.3.2/../../../avr/lib/avr6/libc.a(vsnprintf.o)
 .bss           0x00000000008006fb        0x0 /home/chris/Software/arduino-1.0.5/hardware/tools/avr/bin/../lib/gcc/avr/4.3.2/../../../avr/lib/avr6/libc.a(vfprintf_std.o)
 .bss           0x00000000008006fb        0x0 /home/chris/Software/arduino-1.0.5/hardware/tools/avr/bin/../lib/gcc/avr/4.3.2/../../../avr/lib/avr6/libc.a(cty_isfalse.o)
 .bss           0x00000000008006fb        0x0 /home/chris/Software/arduino-1.0.5/hardware/tools/avr/bin/../lib/gcc/avr/4.3.2/../../../avr/lib/avr6/libc.a(strnlen_P.o)
 .bss           0x00000000008006fb        0x0 /home/chris/Software/arduino-1.0.5/hardware/tools/avr/bin/../lib/gcc/avr/4.3.2/../../../avr/lib/avr6/libc.a(strnlen.o)
 .bss           0x00000000008006fb        0x0 /home/chris/Software/arduino-1.0.5/hardware/tools/avr/bin/../lib/gcc/avr/4.3.2/../../../avr/lib/avr6/libc.a(strrev.o)
 .bss           0x00000000008006fb        0x0 /home/chris/Software/arduino-1.0.5/hardware/tools/avr/bin/../lib/gcc/avr/4.3.2/../../../avr/lib/avr6/libc.a(fputc.o)
 .bss           0x00000000008006fb        0x0 /home/chris/Software/arduino-1.0.5/hardware/tools/avr/bin/../lib/gcc/avr/4.3.2/../../../avr/lib/avr6/libc.a(ultoa_invert.o)
 .bss           0x00000000008006fb        0x0 /home/chris/Software/arduino-1.0.5/hardware/tools/avr/bin/../lib/gcc/avr/4.3.2/avr6/libgcc.a(_udivmodhi4.o)
 *(.bss*)
 *(COMMON)
 COMMON         0x00000000008006fb        0x4 /home/chris/Workspace/PlusPonics/code/ArduinoCore/Release/libArduinoCore.a(malloc.o)
                0x00000000008006fb                __brkval
                0x00000000008006fd                __flp
                0x00000000008006ff                PROVIDE (__bss_end, .)
                0x0000000000006050                __data_load_start = LOADADDR (.data)
                0x0000000000006256                __data_load_end = (__data_load_start + SIZEOF (.data))

.noinit         0x00000000008006ff        0x0
                0x00000000008006ff                PROVIDE (__noinit_start, .)
 *(.noinit*)
                0x00000000008006ff                PROVIDE (__noinit_end, .)
                0x00000000008006ff                _end = .
                0x00000000008006ff                PROVIDE (__heap_start, .)

.eeprom         0x0000000000810000        0x0
 *(.eeprom*)
                0x0000000000810000                __eeprom_end = .

.fuse
 *(.fuse)
 *(.lfuse)
 *(.hfuse)
 *(.efuse)

.lock
 *(.lock*)

.signature
 *(.signature*)

.stab
 *(.stab)

.stabstr
 *(.stabstr)

.stab.excl
 *(.stab.excl)

.stab.exclstr
 *(.stab.exclstr)

.stab.index
 *(.stab.index)

.stab.indexstr
 *(.stab.indexstr)

.comment
 *(.comment)

.debug
 *(.debug)

.line
 *(.line)

.debug_srcinfo
 *(.debug_srcinfo)

.debug_sfnames
 *(.debug_sfnames)

.debug_aranges
 *(.debug_aranges)

.debug_pubnames
 *(.debug_pubnames)

.debug_info
 *(.debug_info)
 *(.gnu.linkonce.wi.*)

.debug_abbrev
 *(.debug_abbrev)

.debug_line
 *(.debug_line)

.debug_frame
 *(.debug_frame)

.debug_str
 *(.debug_str)

.debug_loc
 *(.debug_loc)

.debug_macinfo
 *(.debug_macinfo)
OUTPUT(Embedded_SW.elf elf32-avr)
LOAD linker stubs

Cross Reference Table

Symbol                                            File
AbstractCommunication::AbstractCommunication()    ./AbstractCommunication.o
AbstractCommunication::AbstractCommunication()    ./AbstractCommunication.o
                                                  ./SerialCom.o
AbstractCommunication::DEFAULT_LOCATION           ./AbstractCommunication.o
AbstractCommunication::error(String)              ./AbstractCommunication.o
AbstractCommunication::error(String, String)      ./AbstractCommunication.o
AbstractCommunication::info(String)               ./AbstractCommunication.o
AbstractCommunication::info(String, String)       ./AbstractCommunication.o
                                                  ./main.o
AbstractCommunication::sendf(String, ...)         ./AbstractCommunication.o
                                                  ./GlobalReceiver.o
AbstractCommunication::setLevel(AbstractCommunication::DEBUG_LEVEL) ./AbstractCommunication.o
                                                  ./main.o
AbstractCommunication::warn(String)               ./AbstractCommunication.o
AbstractCommunication::warn(String, String)       ./AbstractCommunication.o
AbstractCommunication::~AbstractCommunication()   ./AbstractCommunication.o
AbstractCommunication::~AbstractCommunication()   ./AbstractCommunication.o
                                                  ./SerialCom.o
AbstractCommunication::~AbstractCommunication()   ./AbstractCommunication.o
DigitalWriteTC::DigitalWriteTC(int, int)          ./DigitalWriteTC.o
                                                  ./main.o
DigitalWriteTC::DigitalWriteTC(int, int)          ./DigitalWriteTC.o
DigitalWriteTC::exec_impl_()                      ./DigitalWriteTC.o
DigitalWriteTC::setup()                           ./DigitalWriteTC.o
DigitalWriteTC::~DigitalWriteTC()                 ./DigitalWriteTC.o
DigitalWriteTC::~DigitalWriteTC()                 ./DigitalWriteTC.o
DigitalWriteTC::~DigitalWriteTC()                 ./DigitalWriteTC.o
GlobalReceiver::GlobalReceiver()                  ./GlobalReceiver.o
GlobalReceiver::GlobalReceiver()                  ./GlobalReceiver.o
                                                  ./main.o
GlobalReceiver::process()                         ./GlobalReceiver.o
                                                  ./main.o
GlobalReceiver::setCom(AbstractCommunication&)    ./GlobalReceiver.o
                                                  ./main.o
GlobalReceiver::~GlobalReceiver()                 ./GlobalReceiver.o
                                                  ./main.o
GlobalReceiver::~GlobalReceiver()                 ./GlobalReceiver.o
GlobalReceiver::~GlobalReceiver()                 ./GlobalReceiver.o
HardwareSerial::HardwareSerial(ring_buffer*, ring_buffer*, unsigned char volatile*, unsigned char volatile*, unsigned char volatile*, unsigned char volatile*, unsigned char volatile*, unsigned char volatile*, unsigned char, unsigned char, unsigned char, unsigned char, unsigned char) /home/chris/Workspace/PlusPonics/code/ArduinoCore/Release/libArduinoCore.a(HardwareSerial.o)
HardwareSerial::HardwareSerial(ring_buffer*, ring_buffer*, unsigned char volatile*, unsigned char volatile*, unsigned char volatile*, unsigned char volatile*, unsigned char volatile*, unsigned char volatile*, unsigned char, unsigned char, unsigned char, unsigned char, unsigned char) /home/chris/Workspace/PlusPonics/code/ArduinoCore/Release/libArduinoCore.a(HardwareSerial.o)
HardwareSerial::available()                       /home/chris/Workspace/PlusPonics/code/ArduinoCore/Release/libArduinoCore.a(HardwareSerial.o)
                                                  ./SerialCom.o
HardwareSerial::begin(unsigned long)              /home/chris/Workspace/PlusPonics/code/ArduinoCore/Release/libArduinoCore.a(HardwareSerial.o)
                                                  ./SerialCom.o
HardwareSerial::begin(unsigned long, unsigned char) /home/chris/Workspace/PlusPonics/code/ArduinoCore/Release/libArduinoCore.a(HardwareSerial.o)
HardwareSerial::end()                             /home/chris/Workspace/PlusPonics/code/ArduinoCore/Release/libArduinoCore.a(HardwareSerial.o)
HardwareSerial::flush()                           /home/chris/Workspace/PlusPonics/code/ArduinoCore/Release/libArduinoCore.a(HardwareSerial.o)
HardwareSerial::operator bool()                   /home/chris/Workspace/PlusPonics/code/ArduinoCore/Release/libArduinoCore.a(HardwareSerial.o)
HardwareSerial::peek()                            /home/chris/Workspace/PlusPonics/code/ArduinoCore/Release/libArduinoCore.a(HardwareSerial.o)
HardwareSerial::read()                            /home/chris/Workspace/PlusPonics/code/ArduinoCore/Release/libArduinoCore.a(HardwareSerial.o)
HardwareSerial::write(unsigned char)              /home/chris/Workspace/PlusPonics/code/ArduinoCore/Release/libArduinoCore.a(HardwareSerial.o)
Print::print(Printable const&)                    /home/chris/Workspace/PlusPonics/code/ArduinoCore/Release/libArduinoCore.a(Print.o)
Print::print(String const&)                       /home/chris/Workspace/PlusPonics/code/ArduinoCore/Release/libArduinoCore.a(Print.o)
Print::print(__FlashStringHelper const*)          /home/chris/Workspace/PlusPonics/code/ArduinoCore/Release/libArduinoCore.a(Print.o)
Print::print(char const*)                         /home/chris/Workspace/PlusPonics/code/ArduinoCore/Release/libArduinoCore.a(Print.o)
Print::print(char)                                /home/chris/Workspace/PlusPonics/code/ArduinoCore/Release/libArduinoCore.a(Print.o)
Print::print(double, int)                         /home/chris/Workspace/PlusPonics/code/ArduinoCore/Release/libArduinoCore.a(Print.o)
Print::print(int, int)                            /home/chris/Workspace/PlusPonics/code/ArduinoCore/Release/libArduinoCore.a(Print.o)
Print::print(long, int)                           /home/chris/Workspace/PlusPonics/code/ArduinoCore/Release/libArduinoCore.a(Print.o)
Print::print(unsigned char, int)                  /home/chris/Workspace/PlusPonics/code/ArduinoCore/Release/libArduinoCore.a(Print.o)
Print::print(unsigned int, int)                   /home/chris/Workspace/PlusPonics/code/ArduinoCore/Release/libArduinoCore.a(Print.o)
Print::print(unsigned long, int)                  /home/chris/Workspace/PlusPonics/code/ArduinoCore/Release/libArduinoCore.a(Print.o)
Print::printFloat(double, unsigned char)          /home/chris/Workspace/PlusPonics/code/ArduinoCore/Release/libArduinoCore.a(Print.o)
Print::printNumber(unsigned long, unsigned char)  /home/chris/Workspace/PlusPonics/code/ArduinoCore/Release/libArduinoCore.a(Print.o)
Print::println()                                  /home/chris/Workspace/PlusPonics/code/ArduinoCore/Release/libArduinoCore.a(Print.o)
Print::println(Printable const&)                  /home/chris/Workspace/PlusPonics/code/ArduinoCore/Release/libArduinoCore.a(Print.o)
Print::println(String const&)                     /home/chris/Workspace/PlusPonics/code/ArduinoCore/Release/libArduinoCore.a(Print.o)
                                                  ./SerialCom.o
Print::println(__FlashStringHelper const*)        /home/chris/Workspace/PlusPonics/code/ArduinoCore/Release/libArduinoCore.a(Print.o)
Print::println(char const*)                       /home/chris/Workspace/PlusPonics/code/ArduinoCore/Release/libArduinoCore.a(Print.o)
Print::println(char)                              /home/chris/Workspace/PlusPonics/code/ArduinoCore/Release/libArduinoCore.a(Print.o)
Print::println(double, int)                       /home/chris/Workspace/PlusPonics/code/ArduinoCore/Release/libArduinoCore.a(Print.o)
Print::println(int, int)                          /home/chris/Workspace/PlusPonics/code/ArduinoCore/Release/libArduinoCore.a(Print.o)
Print::println(long, int)                         /home/chris/Workspace/PlusPonics/code/ArduinoCore/Release/libArduinoCore.a(Print.o)
Print::println(unsigned char, int)                /home/chris/Workspace/PlusPonics/code/ArduinoCore/Release/libArduinoCore.a(Print.o)
Print::println(unsigned int, int)                 /home/chris/Workspace/PlusPonics/code/ArduinoCore/Release/libArduinoCore.a(Print.o)
Print::println(unsigned long, int)                /home/chris/Workspace/PlusPonics/code/ArduinoCore/Release/libArduinoCore.a(Print.o)
Print::write(char const*)                         /home/chris/Workspace/PlusPonics/code/ArduinoCore/Release/libArduinoCore.a(Print.o)
Print::write(unsigned char const*, unsigned int)  /home/chris/Workspace/PlusPonics/code/ArduinoCore/Release/libArduinoCore.a(Print.o)
                                                  /home/chris/Workspace/PlusPonics/code/ArduinoCore/Release/libArduinoCore.a(HardwareSerial.o)
Serial                                            /home/chris/Workspace/PlusPonics/code/ArduinoCore/Release/libArduinoCore.a(HardwareSerial.o)
                                                  ./SerialCom.o
Serial1                                           /home/chris/Workspace/PlusPonics/code/ArduinoCore/Release/libArduinoCore.a(HardwareSerial.o)
Serial2                                           /home/chris/Workspace/PlusPonics/code/ArduinoCore/Release/libArduinoCore.a(HardwareSerial.o)
Serial3                                           /home/chris/Workspace/PlusPonics/code/ArduinoCore/Release/libArduinoCore.a(HardwareSerial.o)
SerialCom::SerialCom()                            ./SerialCom.o
SerialCom::SerialCom()                            ./SerialCom.o
                                                  ./main.o
SerialCom::init()                                 ./SerialCom.o
                                                  ./main.o
SerialCom::recv()                                 ./SerialCom.o
SerialCom::send(String)                           ./SerialCom.o
SerialCom::~SerialCom()                           ./SerialCom.o
                                                  ./main.o
SerialCom::~SerialCom()                           ./SerialCom.o
SerialCom::~SerialCom()                           ./SerialCom.o
SipHash_2_4::SipHash_2_4()                        ./lib/SipHash/SipHash_2_4.o
SipHash_2_4::SipHash_2_4()                        ./lib/SipHash/SipHash_2_4.o
SipHash_2_4::finish()                             ./lib/SipHash/SipHash_2_4.o
SipHash_2_4::hash(unsigned char*)                 ./lib/SipHash/SipHash_2_4.o
SipHash_2_4::initFromPROGMEM(unsigned char const*) ./lib/SipHash/SipHash_2_4.o
SipHash_2_4::initFromRAM(unsigned char const*)    ./lib/SipHash/SipHash_2_4.o
SipHash_2_4::siphash_round()                      ./lib/SipHash/SipHash_2_4.o
SipHash_2_4::updateHash(unsigned char)            ./lib/SipHash/SipHash_2_4.o
Stream::find(char*)                               /home/chris/Workspace/PlusPonics/code/ArduinoCore/Release/libArduinoCore.a(Stream.o)
Stream::find(char*, unsigned int)                 /home/chris/Workspace/PlusPonics/code/ArduinoCore/Release/libArduinoCore.a(Stream.o)
Stream::findUntil(char*, char*)                   /home/chris/Workspace/PlusPonics/code/ArduinoCore/Release/libArduinoCore.a(Stream.o)
Stream::findUntil(char*, unsigned int, char*, unsigned int) /home/chris/Workspace/PlusPonics/code/ArduinoCore/Release/libArduinoCore.a(Stream.o)
Stream::parseFloat()                              /home/chris/Workspace/PlusPonics/code/ArduinoCore/Release/libArduinoCore.a(Stream.o)
Stream::parseFloat(char)                          /home/chris/Workspace/PlusPonics/code/ArduinoCore/Release/libArduinoCore.a(Stream.o)
Stream::parseInt()                                /home/chris/Workspace/PlusPonics/code/ArduinoCore/Release/libArduinoCore.a(Stream.o)
Stream::parseInt(char)                            /home/chris/Workspace/PlusPonics/code/ArduinoCore/Release/libArduinoCore.a(Stream.o)
Stream::peekNextDigit()                           /home/chris/Workspace/PlusPonics/code/ArduinoCore/Release/libArduinoCore.a(Stream.o)
Stream::readBytes(char*, unsigned int)            /home/chris/Workspace/PlusPonics/code/ArduinoCore/Release/libArduinoCore.a(Stream.o)
Stream::readBytesUntil(char, char*, unsigned int) /home/chris/Workspace/PlusPonics/code/ArduinoCore/Release/libArduinoCore.a(Stream.o)
Stream::readString()                              /home/chris/Workspace/PlusPonics/code/ArduinoCore/Release/libArduinoCore.a(Stream.o)
                                                  ./SerialCom.o
Stream::readStringUntil(char)                     /home/chris/Workspace/PlusPonics/code/ArduinoCore/Release/libArduinoCore.a(Stream.o)
Stream::setTimeout(unsigned long)                 /home/chris/Workspace/PlusPonics/code/ArduinoCore/Release/libArduinoCore.a(Stream.o)
Stream::timedPeek()                               /home/chris/Workspace/PlusPonics/code/ArduinoCore/Release/libArduinoCore.a(Stream.o)
Stream::timedRead()                               /home/chris/Workspace/PlusPonics/code/ArduinoCore/Release/libArduinoCore.a(Stream.o)
String::String(String const&)                     /home/chris/Workspace/PlusPonics/code/ArduinoCore/Release/libArduinoCore.a(WString.o)
                                                  ./AbstractCommunication.o
String::String(String const&)                     /home/chris/Workspace/PlusPonics/code/ArduinoCore/Release/libArduinoCore.a(WString.o)
String::String(char const*)                       /home/chris/Workspace/PlusPonics/code/ArduinoCore/Release/libArduinoCore.a(WString.o)
                                                  /home/chris/Workspace/PlusPonics/code/ArduinoCore/Release/libArduinoCore.a(Stream.o)
                                                  ./main.o
                                                  ./SerialCom.o
                                                  ./GlobalReceiver.o
                                                  ./AbstractCommunication.o
String::String(char const*)                       /home/chris/Workspace/PlusPonics/code/ArduinoCore/Release/libArduinoCore.a(WString.o)
                                                  ./AbstractCommunication.o
String::String(char)                              /home/chris/Workspace/PlusPonics/code/ArduinoCore/Release/libArduinoCore.a(WString.o)
String::String(char)                              /home/chris/Workspace/PlusPonics/code/ArduinoCore/Release/libArduinoCore.a(WString.o)
String::String(int, unsigned char)                /home/chris/Workspace/PlusPonics/code/ArduinoCore/Release/libArduinoCore.a(WString.o)
String::String(int, unsigned char)                /home/chris/Workspace/PlusPonics/code/ArduinoCore/Release/libArduinoCore.a(WString.o)
String::String(long, unsigned char)               /home/chris/Workspace/PlusPonics/code/ArduinoCore/Release/libArduinoCore.a(WString.o)
String::String(long, unsigned char)               /home/chris/Workspace/PlusPonics/code/ArduinoCore/Release/libArduinoCore.a(WString.o)
String::String(unsigned char, unsigned char)      /home/chris/Workspace/PlusPonics/code/ArduinoCore/Release/libArduinoCore.a(WString.o)
String::String(unsigned char, unsigned char)      /home/chris/Workspace/PlusPonics/code/ArduinoCore/Release/libArduinoCore.a(WString.o)
String::String(unsigned int, unsigned char)       /home/chris/Workspace/PlusPonics/code/ArduinoCore/Release/libArduinoCore.a(WString.o)
String::String(unsigned int, unsigned char)       /home/chris/Workspace/PlusPonics/code/ArduinoCore/Release/libArduinoCore.a(WString.o)
String::String(unsigned long, unsigned char)      /home/chris/Workspace/PlusPonics/code/ArduinoCore/Release/libArduinoCore.a(WString.o)
String::String(unsigned long, unsigned char)      /home/chris/Workspace/PlusPonics/code/ArduinoCore/Release/libArduinoCore.a(WString.o)
String::changeBuffer(unsigned int)                /home/chris/Workspace/PlusPonics/code/ArduinoCore/Release/libArduinoCore.a(WString.o)
String::charAt(unsigned int) const                /home/chris/Workspace/PlusPonics/code/ArduinoCore/Release/libArduinoCore.a(WString.o)
String::compareTo(String const&) const            /home/chris/Workspace/PlusPonics/code/ArduinoCore/Release/libArduinoCore.a(WString.o)
String::concat(String const&)                     /home/chris/Workspace/PlusPonics/code/ArduinoCore/Release/libArduinoCore.a(WString.o)
String::concat(char const*)                       /home/chris/Workspace/PlusPonics/code/ArduinoCore/Release/libArduinoCore.a(WString.o)
String::concat(char const*, unsigned int)         /home/chris/Workspace/PlusPonics/code/ArduinoCore/Release/libArduinoCore.a(WString.o)
String::concat(char)                              /home/chris/Workspace/PlusPonics/code/ArduinoCore/Release/libArduinoCore.a(WString.o)
                                                  /home/chris/Workspace/PlusPonics/code/ArduinoCore/Release/libArduinoCore.a(Stream.o)
String::concat(int)                               /home/chris/Workspace/PlusPonics/code/ArduinoCore/Release/libArduinoCore.a(WString.o)
String::concat(long)                              /home/chris/Workspace/PlusPonics/code/ArduinoCore/Release/libArduinoCore.a(WString.o)
String::concat(unsigned char)                     /home/chris/Workspace/PlusPonics/code/ArduinoCore/Release/libArduinoCore.a(WString.o)
String::concat(unsigned int)                      /home/chris/Workspace/PlusPonics/code/ArduinoCore/Release/libArduinoCore.a(WString.o)
String::concat(unsigned long)                     /home/chris/Workspace/PlusPonics/code/ArduinoCore/Release/libArduinoCore.a(WString.o)
String::copy(char const*, unsigned int)           /home/chris/Workspace/PlusPonics/code/ArduinoCore/Release/libArduinoCore.a(WString.o)
String::endsWith(String const&) const             /home/chris/Workspace/PlusPonics/code/ArduinoCore/Release/libArduinoCore.a(WString.o)
String::equals(String const&) const               /home/chris/Workspace/PlusPonics/code/ArduinoCore/Release/libArduinoCore.a(WString.o)
String::equals(char const*) const                 /home/chris/Workspace/PlusPonics/code/ArduinoCore/Release/libArduinoCore.a(WString.o)
String::equalsIgnoreCase(String const&) const     /home/chris/Workspace/PlusPonics/code/ArduinoCore/Release/libArduinoCore.a(WString.o)
String::getBytes(unsigned char*, unsigned int, unsigned int) const /home/chris/Workspace/PlusPonics/code/ArduinoCore/Release/libArduinoCore.a(WString.o)
String::indexOf(String const&) const              /home/chris/Workspace/PlusPonics/code/ArduinoCore/Release/libArduinoCore.a(WString.o)
String::indexOf(String const&, unsigned int) const /home/chris/Workspace/PlusPonics/code/ArduinoCore/Release/libArduinoCore.a(WString.o)
String::indexOf(char) const                       /home/chris/Workspace/PlusPonics/code/ArduinoCore/Release/libArduinoCore.a(WString.o)
String::indexOf(char, unsigned int) const         /home/chris/Workspace/PlusPonics/code/ArduinoCore/Release/libArduinoCore.a(WString.o)
String::invalidate()                              /home/chris/Workspace/PlusPonics/code/ArduinoCore/Release/libArduinoCore.a(WString.o)
String::lastIndexOf(String const&) const          /home/chris/Workspace/PlusPonics/code/ArduinoCore/Release/libArduinoCore.a(WString.o)
String::lastIndexOf(String const&, unsigned int) const /home/chris/Workspace/PlusPonics/code/ArduinoCore/Release/libArduinoCore.a(WString.o)
String::lastIndexOf(char) const                   /home/chris/Workspace/PlusPonics/code/ArduinoCore/Release/libArduinoCore.a(WString.o)
String::lastIndexOf(char, unsigned int) const     /home/chris/Workspace/PlusPonics/code/ArduinoCore/Release/libArduinoCore.a(WString.o)
String::operator<(String const&) const            /home/chris/Workspace/PlusPonics/code/ArduinoCore/Release/libArduinoCore.a(WString.o)
String::operator<=(String const&) const           /home/chris/Workspace/PlusPonics/code/ArduinoCore/Release/libArduinoCore.a(WString.o)
String::operator=(String const&)                  /home/chris/Workspace/PlusPonics/code/ArduinoCore/Release/libArduinoCore.a(WString.o)
                                                  ./SerialCom.o
String::operator=(char const*)                    /home/chris/Workspace/PlusPonics/code/ArduinoCore/Release/libArduinoCore.a(WString.o)
String::operator>(String const&) const            /home/chris/Workspace/PlusPonics/code/ArduinoCore/Release/libArduinoCore.a(WString.o)
String::operator>=(String const&) const           /home/chris/Workspace/PlusPonics/code/ArduinoCore/Release/libArduinoCore.a(WString.o)
String::operator[](unsigned int)                  /home/chris/Workspace/PlusPonics/code/ArduinoCore/Release/libArduinoCore.a(WString.o)
String::operator[](unsigned int) const            /home/chris/Workspace/PlusPonics/code/ArduinoCore/Release/libArduinoCore.a(WString.o)
                                                  /home/chris/Workspace/PlusPonics/code/ArduinoCore/Release/libArduinoCore.a(Print.o)
String::replace(String const&, String const&)     /home/chris/Workspace/PlusPonics/code/ArduinoCore/Release/libArduinoCore.a(WString.o)
String::replace(char, char)                       /home/chris/Workspace/PlusPonics/code/ArduinoCore/Release/libArduinoCore.a(WString.o)
String::reserve(unsigned int)                     /home/chris/Workspace/PlusPonics/code/ArduinoCore/Release/libArduinoCore.a(WString.o)
String::setCharAt(unsigned int, char)             /home/chris/Workspace/PlusPonics/code/ArduinoCore/Release/libArduinoCore.a(WString.o)
String::startsWith(String const&) const           /home/chris/Workspace/PlusPonics/code/ArduinoCore/Release/libArduinoCore.a(WString.o)
String::startsWith(String const&, unsigned int) const /home/chris/Workspace/PlusPonics/code/ArduinoCore/Release/libArduinoCore.a(WString.o)
String::substring(unsigned int) const             /home/chris/Workspace/PlusPonics/code/ArduinoCore/Release/libArduinoCore.a(WString.o)
String::substring(unsigned int, unsigned int) const /home/chris/Workspace/PlusPonics/code/ArduinoCore/Release/libArduinoCore.a(WString.o)
String::toInt() const                             /home/chris/Workspace/PlusPonics/code/ArduinoCore/Release/libArduinoCore.a(WString.o)
                                                  ./GlobalReceiver.o
String::toLowerCase()                             /home/chris/Workspace/PlusPonics/code/ArduinoCore/Release/libArduinoCore.a(WString.o)
String::toUpperCase()                             /home/chris/Workspace/PlusPonics/code/ArduinoCore/Release/libArduinoCore.a(WString.o)
String::trim()                                    /home/chris/Workspace/PlusPonics/code/ArduinoCore/Release/libArduinoCore.a(WString.o)
String::~String()                                 /home/chris/Workspace/PlusPonics/code/ArduinoCore/Release/libArduinoCore.a(WString.o)
                                                  ./main.o
                                                  ./SerialCom.o
                                                  ./GlobalReceiver.o
                                                  ./AbstractCommunication.o
String::~String()                                 /home/chris/Workspace/PlusPonics/code/ArduinoCore/Release/libArduinoCore.a(WString.o)
                                                  ./AbstractCommunication.o
TC::TC()                                          ./TC.o
                                                  ./DigitalWriteTC.o
TC::TC()                                          ./TC.o
TC::clear_error()                                 ./TC.o
TC::disable()                                     ./TC.o
TC::enable()                                      ./TC.o