Archive member included because of file (symbol)

/home/chris/Workspace/PlusPonics/code/ArduinoCore/Release/libArduinoCore.a(HardwareSerial.o)
                              ./SerialCom.o (Serial)
/home/chris/Workspace/PlusPonics/code/ArduinoCore/Release/libArduinoCore.a(Print.o)
                              /home/chris/Workspace/PlusPonics/code/ArduinoCore/Release/libArduinoCore.a(HardwareSerial.o) (Print::write(unsigned char const*, unsigned int))
/home/chris/Workspace/PlusPonics/code/ArduinoCore/Release/libArduinoCore.a(Stream.o)
                              ./SerialCom.o (Stream::readString())
/home/chris/Workspace/PlusPonics/code/ArduinoCore/Release/libArduinoCore.a(WString.o)
                              /home/chris/Workspace/PlusPonics/code/ArduinoCore/Release/libArduinoCore.a(Print.o) (String::operator[](unsigned int) const)
/home/chris/Workspace/PlusPonics/code/ArduinoCore/Release/libArduinoCore.a(new.o)
                              ./AbstractCommunication.o (__cxa_pure_virtual)
/home/chris/Workspace/PlusPonics/code/ArduinoCore/Release/libArduinoCore.a(wiring.o)
                              /home/chris/Workspace/PlusPonics/code/ArduinoCore/Release/libArduinoCore.a(Stream.o) (millis)
/home/chris/Workspace/PlusPonics/code/ArduinoCore/Release/libArduinoCore.a(wiring_digital.o)
                              ./main.o (pinMode)
/home/chris/Workspace/PlusPonics/code/ArduinoCore/Release/libArduinoCore.a(malloc.o)
                              /home/chris/Workspace/PlusPonics/code/ArduinoCore/Release/libArduinoCore.a(new.o) (malloc)
/home/chris/Workspace/PlusPonics/code/ArduinoCore/Release/libArduinoCore.a(realloc.o)
                              /home/chris/Workspace/PlusPonics/code/ArduinoCore/Release/libArduinoCore.a(WString.o) (realloc)
/home/chris/Software/arduino-1.0.5/hardware/tools/avr/bin/../lib/gcc/avr/4.3.2/avr6/libgcc.a(_mulsi3.o)
                              /home/chris/Workspace/PlusPonics/code/ArduinoCore/Release/libArduinoCore.a(Print.o) (__mulsi3)
/home/chris/Software/arduino-1.0.5/hardware/tools/avr/bin/../lib/gcc/avr/4.3.2/avr6/libgcc.a(_udivmodsi4.o)
                              /home/chris/Workspace/PlusPonics/code/ArduinoCore/Release/libArduinoCore.a(HardwareSerial.o) (__udivmodsi4)
/home/chris/Software/arduino-1.0.5/hardware/tools/avr/bin/../lib/gcc/avr/4.3.2/avr6/libgcc.a(_exit.o)
                              /home/chris/Software/arduino-1.0.5/hardware/tools/avr/bin/../lib/gcc/avr/4.3.2/../../../avr/lib/avr6/crtm2560.o (exit)
/home/chris/Software/arduino-1.0.5/hardware/tools/avr/bin/../lib/gcc/avr/4.3.2/avr6/libgcc.a(_clear_bss.o)
                              ./AbstractCommunication.o (__do_clear_bss)
/home/chris/Software/arduino-1.0.5/hardware/tools/avr/bin/../lib/gcc/avr/4.3.2/avr6/libgcc.a(_ctors.o)
                              ./AbstractCommunication.o (__do_global_ctors)
/home/chris/Software/arduino-1.0.5/hardware/tools/avr/bin/../lib/gcc/avr/4.3.2/avr6/libgcc.a(_dtors.o)
                              ./AbstractCommunication.o (__do_global_dtors)
/home/chris/Software/arduino-1.0.5/hardware/tools/avr/bin/../lib/gcc/avr/4.3.2/avr6/libgcc.a(_fixunssfsi.o)
                              /home/chris/Workspace/PlusPonics/code/ArduinoCore/Release/libArduinoCore.a(Print.o) (__fixunssfsi)
/home/chris/Software/arduino-1.0.5/hardware/tools/avr/bin/../lib/gcc/avr/4.3.2/avr6/libgcc.a(_addsub_sf.o)
                              /home/chris/Workspace/PlusPonics/code/ArduinoCore/Release/libArduinoCore.a(Print.o) (__subsf3)
/home/chris/Software/arduino-1.0.5/hardware/tools/avr/bin/../lib/gcc/avr/4.3.2/avr6/libgcc.a(_mul_sf.o)
                              /home/chris/Workspace/PlusPonics/code/ArduinoCore/Release/libArduinoCore.a(Print.o) (__mulsf3)
/home/chris/Software/arduino-1.0.5/hardware/tools/avr/bin/../lib/gcc/avr/4.3.2/avr6/libgcc.a(_div_sf.o)
                              /home/chris/Workspace/PlusPonics/code/ArduinoCore/Release/libArduinoCore.a(Print.o) (__divsf3)
/home/chris/Software/arduino-1.0.5/hardware/tools/avr/bin/../lib/gcc/avr/4.3.2/avr6/libgcc.a(_gt_sf.o)
                              /home/chris/Workspace/PlusPonics/code/ArduinoCore/Release/libArduinoCore.a(Print.o) (__gtsf2)
/home/chris/Software/arduino-1.0.5/hardware/tools/avr/bin/../lib/gcc/avr/4.3.2/avr6/libgcc.a(_ge_sf.o)
                              /home/chris/Software/arduino-1.0.5/hardware/tools/avr/bin/../lib/gcc/avr/4.3.2/avr6/libgcc.a(_fixunssfsi.o) (__gesf2)
/home/chris/Software/arduino-1.0.5/hardware/tools/avr/bin/../lib/gcc/avr/4.3.2/avr6/libgcc.a(_lt_sf.o)
                              /home/chris/Workspace/PlusPonics/code/ArduinoCore/Release/libArduinoCore.a(Print.o) (__ltsf2)
/home/chris/Software/arduino-1.0.5/hardware/tools/avr/bin/../lib/gcc/avr/4.3.2/avr6/libgcc.a(_le_sf.o)
                              /home/chris/Workspace/PlusPonics/code/ArduinoCore/Release/libArduinoCore.a(Print.o) (__lesf2)
[...]
Memory Configuration

Name             Origin             Length             Attributes
text             0x0000000000000000 0x0000000000100000 xr
data             0x0000000000800200 0x000000000000fe00 rw !x
eeprom           0x0000000000810000 0x0000000000010000 rw !x
fuse             0x0000000000820000 0x0000000000000400 rw !x
lock             0x0000000000830000 0x0000000000000400 rw !x
signature        0x0000000000840000 0x0000000000000400 rw !x
*default*        0x0000000000000000 0xffffffffffffffff

Linker script and memory map

Address of section .data set to 0x800200
LOAD /home/chris/Software/arduino-1.0.5/hardware/tools/avr/bin/../lib/gcc/avr/4.3.2/../../../avr/lib/avr6/crtm2560.o
LOAD ./AbstractCommunication.o
LOAD ./GlobalReceiver.o
LOAD ./SerialCom.o
LOAD ./main.o
LOAD /home/chris/Workspace/PlusPonics/code/ArduinoCore/Release/libArduinoCore.a
LOAD /home/chris/Software/arduino-1.0.5/hardware/tools/avr/bin/../lib/gcc/avr/4.3.2/avr6/libgcc.a
LOAD /home/chris/Software/arduino-1.0.5/hardware/tools/avr/bin/../lib/gcc/avr/4.3.2/../../../avr/lib/avr6/libm.a
LOAD /home/chris/Software/arduino-1.0.5/hardware/tools/avr/bin/../lib/gcc/avr/4.3.2/avr6/libgcc.a
LOAD /home/chris/Software/arduino-1.0.5/hardware/tools/avr/bin/../lib/gcc/avr/4.3.2/../../../avr/lib/avr6/libc.a
LOAD /home/chris/Software/arduino-1.0.5/hardware/tools/avr/bin/../lib/gcc/avr/4.3.2/avr6/libgcc.a

.hash
 *(.hash)

.dynsym
 *(.dynsym)

.dynstr
 *(.dynstr)

.gnu.version
 *(.gnu.version)

.gnu.version_d
 *(.gnu.version_d)

.gnu.version_r
 *(.gnu.version_r)

.rel.init
 *(.rel.init)

.rela.init
 *(.rela.init)

.rel.text
 *(.rel.text)
 *(.rel.text.*)
 *(.rel.gnu.linkonce.t*)

.rela.text
 *(.rela.text)
 *(.rela.text.*)
 *(.rela.gnu.linkonce.t*)

.rel.fini
 *(.rel.fini)

.rela.fini
 *(.rela.fini)

.rel.rodata
 *(.rel.rodata)
 *(.rel.rodata.*)
 *(.rel.gnu.linkonce.r*)

.rela.rodata
 *(.rela.rodata)
 *(.rela.rodata.*)
 *(.rela.gnu.linkonce.r*)

.rel.data
 *(.rel.data)
 *(.rel.data.*)
 *(.rel.gnu.linkonce.d*)

.rela.data
 *(.rela.data)
 *(.rela.data.*)
 *(.rela.gnu.linkonce.d*)

.rel.ctors
 *(.rel.ctors)

.rela.ctors
 *(.rela.ctors)

.rel.dtors
 *(.rel.dtors)

.rela.dtors
 *(.rela.dtors)

.rel.got
 *(.rel.got)

.rela.got
 *(.rela.got)

.rel.bss
 *(.rel.bss)

.rela.bss
 *(.rela.bss)

.rel.plt
 *(.rel.plt)

.rela.plt
 *(.rela.plt)

.text           0x0000000000000000     0x58ca
 *(.vectors)
 .vectors       0x0000000000000000       0xe4 /home/chris/Software/arduino-1.0.5/hardware/tools/avr/bin/../lib/gcc/avr/4.3.2/../../../avr/lib/avr6/crtm2560.o
                0x0000000000000000                __vectors
                0x0000000000000000                __vector_default
 *(.vectors)
 *(.progmem.gcc*)
 *(.progmem*)
 .progmem.data  0x00000000000000e4      0x120 /home/chris/Workspace/PlusPonics/code/ArduinoCore/Release/libArduinoCore.a(wiring_digital.o)
                0x00000000000000e4                port_to_mode_PGM
                0x0000000000000132                digital_pin_to_port_PGM
                0x0000000000000178                digital_pin_to_bit_mask_PGM
                0x00000000000000fe                port_to_output_PGM
                0x0000000000000118                port_to_input_PGM
                0x00000000000001be                digital_pin_to_timer_PGM
                0x0000000000000204                . = ALIGN (0x2)
                0x0000000000000204                __trampolines_start = .
 *(.trampolines)
 .trampolines   0x0000000000000204        0x0 linker stubs
 *(.trampolines*)
                0x0000000000000204                __trampolines_end = .
 *(.jumptables)
 *(.jumptables*)
 *(.lowtext)
 *(.lowtext*)
                0x0000000000000204                __ctors_start = .
 *(.ctors)
 .ctors         0x0000000000000204        0x2 ./AbstractCommunication.o
 .ctors         0x0000000000000206        0x2 ./main.o
 .ctors         0x0000000000000208        0x2 /home/chris/Workspace/PlusPonics/code/ArduinoCore/Release/libArduinoCore.a(HardwareSerial.o)
                0x000000000000020a                __ctors_end = .
                0x000000000000020a                __dtors_start = .
 *(.dtors)
 .dtors         0x000000000000020a        0x2 ./AbstractCommunication.o
 .dtors         0x000000000000020c        0x2 ./main.o
                0x000000000000020e                __dtors_end = .
 SORT(*)(.ctors)
 SORT(*)(.dtors)
 *(.init0)
 .init0         0x000000000000020e        0x0 /home/chris/Software/arduino-1.0.5/hardware/tools/avr/bin/../lib/gcc/avr/4.3.2/../../../avr/lib/avr6/crtm2560.o
                0x000000000000020e                __init
 *(.init0)
 *(.init1)
 *(.init1)
 *(.init2)
 .init2         0x000000000000020e       0x10 /home/chris/Software/arduino-1.0.5/hardware/tools/avr/bin/../lib/gcc/avr/4.3.2/../../../avr/lib/avr6/crtm2560.o
 *(.init2)
 *(.init3)
 *(.init3)
 *(.init4)
 .init4         0x000000000000021e       0x1c /home/chris/Software/arduino-1.0.5/hardware/tools/avr/bin/../lib/gcc/avr/4.3.2/../../../avr/lib/avr6/crtm2560.o
                0x000000000000021e                __do_copy_data
 .init4         0x000000000000023a       0x10 /home/chris/Software/arduino-1.0.5/hardware/tools/avr/bin/../lib/gcc/avr/4.3.2/avr6/libgcc.a(_clear_bss.o)
                0x000000000000023a                __do_clear_bss
 *(.init4)
 *(.init5)
 *(.init5)
 *(.init6)
 .init6         0x000000000000024a       0x16 /home/chris/Software/arduino-1.0.5/hardware/tools/avr/bin/../lib/gcc/avr/4.3.2/avr6/libgcc.a(_ctors.o)
                0x000000000000024a                __do_global_ctors
 *(.init6)
 *(.init7)
 *(.init7)
 *(.init8)
 *(.init8)
 *(.init9)
 .init9         0x0000000000000260        0x8 /home/chris/Software/arduino-1.0.5/hardware/tools/avr/bin/../lib/gcc/avr/4.3.2/../../../avr/lib/avr6/crtm2560.o
 *(.init9)
 *(.text)
 .text          0x0000000000000268        0x4 /home/chris/Software/arduino-1.0.5/hardware/tools/avr/bin/../lib/gcc/avr/4.3.2/../../../avr/lib/avr6/crtm2560.o
                0x0000000000000268                __vector_38
                0x0000000000000268                __vector_22
                0x0000000000000268                __vector_28
                0x0000000000000268                __vector_1
                0x0000000000000268                __vector_32
                0x0000000000000268                __vector_34
                0x0000000000000268                __vector_24
                0x0000000000000268                __vector_12
                0x0000000000000268                __vector_46
                0x0000000000000268                __bad_interrupt
                0x0000000000000268                __vector_6
                0x0000000000000268                __vector_31
                0x0000000000000268                __vector_35
                0x0000000000000268                __vector_39
                0x0000000000000268                __vector_3
                0x0000000000000268                __vector_30
                0x0000000000000268                __vector_45
                0x0000000000000268                __vector_11
                0x0000000000000268                __vector_13
                0x0000000000000268                __vector_17
                0x0000000000000268                __vector_19
                0x0000000000000268                __vector_56
                0x0000000000000268                __vector_7
                0x0000000000000268                __vector_49
                0x0000000000000268                __vector_41
                0x0000000000000268                __vector_43
                0x0000000000000268                __vector_27
                0x0000000000000268                __vector_5
                0x0000000000000268                __vector_33
                0x0000000000000268                __vector_47
                0x0000000000000268                __vector_4
                0x0000000000000268                __vector_44
                0x0000000000000268                __vector_9
                0x0000000000000268                __vector_2
                0x0000000000000268                __vector_21
                0x0000000000000268                __vector_15
                0x0000000000000268                __vector_29
                0x0000000000000268                __vector_40
                0x0000000000000268                __vector_8
                0x0000000000000268                __vector_48
                0x0000000000000268                __vector_14
                0x0000000000000268                __vector_53
                0x0000000000000268                __vector_10
                0x0000000000000268                __vector_50
                0x0000000000000268                __vector_16
                0x0000000000000268                __vector_18
                0x0000000000000268                __vector_20
                0x0000000000000268                __vector_42
 .text          0x000000000000026c      0x424 ./AbstractCommunication.o
                0x00000000000002a4                AbstractCommunication::setLevel(AbstractCommunication::DEBUG_LEVEL)
                0x00000000000004dc                AbstractCommunication::warn(String)
                0x0000000000000298                AbstractCommunication::~AbstractCommunication()
                0x000000000000028c                AbstractCommunication::~AbstractCommunication()
                0x0000000000000422                AbstractCommunication::warn(String, String)
                0x000000000000060a                AbstractCommunication::info(String)
                0x000000000000067e                AbstractCommunication::~AbstractCommunication()
                0x000000000000027c                AbstractCommunication::AbstractCommunication()
                0x0000000000000550                AbstractCommunication::info(String, String)
                0x00000000000002f4                AbstractCommunication::error(String, String)
                0x000000000000026c                AbstractCommunication::AbstractCommunication()
                0x00000000000003ae                AbstractCommunication::error(String)
 .text          0x0000000000000690      0x272 ./GlobalReceiver.o
                0x00000000000006c4                GlobalReceiver::~GlobalReceiver()
                0x00000000000006b0                GlobalReceiver::setCom(AbstractCommunication&)
                0x0000000000000690                GlobalReceiver::GlobalReceiver()
                0x00000000000006e2                byte_to_binary(int)
                0x000000000000073a                GlobalReceiver::process()
                0x00000000000006d0                GlobalReceiver::~GlobalReceiver()
                0x00000000000006b8                GlobalReceiver::~GlobalReceiver()
                0x00000000000006a0                GlobalReceiver::GlobalReceiver()
 .text          0x0000000000000902      0x108 ./SerialCom.o
                0x000000000000097e                SerialCom::init()
                0x0000000000000990                SerialCom::~SerialCom()
                0x00000000000009b4                SerialCom::~SerialCom()
                0x0000000000000974                SerialCom::send(String)
                0x00000000000009f0                SerialCom::SerialCom()
                0x0000000000000902                SerialCom::recv()
                0x00000000000009a2                SerialCom::~SerialCom()
                0x00000000000009d6                SerialCom::SerialCom()
 .text          0x0000000000000a0a      0x1a2 ./main.o
                0x0000000000000a62                loop
                0x0000000000000a0a                configure()
                0x0000000000000b9e                main
                0x0000000000000afe                setup
 .text          0x0000000000000bac      0xc50 /home/chris/Workspace/PlusPonics/code/ArduinoCore/Release/libArduinoCore.a(HardwareSerial.o)
                0x000000000000145a                HardwareSerial::peek()
                0x0000000000001438                HardwareSerial::available()
                0x0000000000000c2c                serialEvent1()
                0x0000000000000fb8                __vector_55
                0x000000000000150c                HardwareSerial::write(unsigned char)
                0x0000000000000cac                serialEvent2()
                0x00000000000010be                HardwareSerial::HardwareSerial(ring_buffer*, ring_buffer*, unsigned char volatile*, unsigned char volatile*, unsigned char volatile*, unsigned char volatile*, unsigned char volatile*, unsigned char volatile*, unsigned char, unsigned char, unsigned char, unsigned char, unsigned char)
                0x0000000000001146                HardwareSerial::begin(unsigned long)
                0x0000000000000bae                __vector_25
                0x0000000000000d2e                __vector_54
                0x0000000000000dac                serialEventRun()
                0x00000000000014ec                HardwareSerial::flush()
                0x0000000000001254                HardwareSerial::begin(unsigned long, unsigned char)
                0x000000000000136c                HardwareSerial::end()
                0x0000000000000bac                serialEvent()
                0x0000000000000f3a                __vector_52
                0x0000000000000ebc                __vector_37
                0x0000000000000cae                __vector_51
                0x0000000000000c2e                __vector_36
                0x000000000000158c                HardwareSerial::operator bool()
                0x0000000000000e3e                __vector_26
                0x000000000000149a                HardwareSerial::read()
                0x0000000000001036                HardwareSerial::HardwareSerial(ring_buffer*, ring_buffer*, unsigned char volatile*, unsigned char volatile*, unsigned char volatile*, unsigned char volatile*, unsigned char volatile*, unsigned char volatile*, unsigned char, unsigned char, unsigned char, unsigned char, unsigned char)
                0x0000000000000d2c                serialEvent3()
 .text          0x00000000000017fc      0x748 /home/chris/Workspace/PlusPonics/code/ArduinoCore/Release/libArduinoCore.a(Print.o)
                0x0000000000001f1c                Print::println(String const&)
                0x0000000000001af0                Print::println(unsigned int, int)
                0x0000000000001954                Print::println(Printable const&)
                0x00000000000018bc                Print::println()
                0x0000000000001c58                Print::println(int, int)
                0x00000000000019c0                Print::printNumber(unsigned long, unsigned char)
                0x00000000000017fc                Print::write(unsigned char const*, unsigned int)
                0x0000000000001e64                Print::print(double, int)
                0x00000000000018fc                Print::println(__FlashStringHelper const*)
                0x0000000000001924                Print::println(char)
                0x0000000000001988                Print::write(char const*)
                0x0000000000001c9c                Print::printFloat(double, unsigned char)
                0x00000000000018a6                Print::print(Printable const&)
                0x0000000000001c32                Print::print(int, int)
                0x0000000000001850                Print::print(__FlashStringHelper const*)
                0x0000000000001b2a                Print::print(unsigned char, int)
                0x0000000000001e90                Print::println(char const*)
                0x0000000000001896                Print::print(char)
                0x0000000000001b4e                Print::println(unsigned char, int)
                0x0000000000001ace                Print::print(unsigned int, int)
                0x0000000000001c96                Print::print(char const*)
                0x0000000000001a88                Print::print(unsigned long, int)
                0x0000000000001c0a                Print::println(long, int)
                0x0000000000001e6a                Print::println(double, int)
                0x0000000000001b8a                Print::print(long, int)
                0x0000000000001aa6                Print::println(unsigned long, int)
                0x0000000000001eb6                Print::print(String const&)
 .text          0x0000000000001f44      0x554 /home/chris/Workspace/PlusPonics/code/ArduinoCore/Release/libArduinoCore.a(Stream.o)
                0x0000000000002106                Stream::parseFloat()
                0x0000000000001fa8                Stream::peekNextDigit()
                0x000000000000224a                Stream::readStringUntil(char)
                0x000000000000238c                Stream::findUntil(char*, unsigned int, char*, unsigned int)
                0x0000000000001f44                Stream::setTimeout(unsigned long)
                0x0000000000002446                Stream::findUntil(char*, char*)
                0x0000000000001fde                Stream::parseFloat(char)
                0x0000000000002478                Stream::find(char*)
                0x00000000000021ea                Stream::parseInt()
                0x0000000000001f50                Stream::timedPeek()
                0x0000000000002344                Stream::readBytes(char*, unsigned int)
                0x00000000000022de                Stream::readBytesUntil(char, char*, unsigned int)
                0x00000000000022a4                Stream::readString()
                0x0000000000002482                Stream::find(char*, unsigned int)
                0x000000000000210e                Stream::parseInt(char)
                0x00000000000021f2                Stream::timedRead()
 .text          0x0000000000002498     0x129e /home/chris/Workspace/PlusPonics/code/ArduinoCore/Release/libArduinoCore.a(WString.o)
                0x000000000000342a                String::String(int, unsigned char)
                0x00000000000024ba                String::setCharAt(unsigned int, char)
                0x0000000000002760                String::lastIndexOf(String const&) const
                0x0000000000002a36                String::startsWith(String const&, unsigned int) const
                0x00000000000029c8                String::operator>=(String const&) const
                0x00000000000036ac                String::substring(unsigned int) const
                0x0000000000002560                String::trim()
                0x000000000000361e                String::substring(unsigned int, unsigned int) const
                0x00000000000024d4                String::operator[](unsigned int)
                0x00000000000036f2                String::String(String const&)
                0x000000000000277c                String::indexOf(String const&, unsigned int) const
                0x0000000000002ef6                String::concat(unsigned char)
                0x0000000000002f4e                String::concat(char)
                0x00000000000034ee                String::String(unsigned char, unsigned char)
                0x00000000000024fe                String::operator[](unsigned int) const
                0x0000000000003552                String::String(unsigned char, unsigned char)
                0x00000000000035ea                String::String(char)
                0x0000000000002f96                String::concat(String const&)
                0x000000000000348c                String::String(int, unsigned char)
                0x0000000000002498                String::charAt(unsigned int) const
                0x000000000000329e                String::String(long, unsigned char)
                0x0000000000002aa2                String::changeBuffer(unsigned int)
                0x0000000000003052                operator+(StringSumHelper const&, unsigned char)
                0x0000000000002ce0                String::reserve(unsigned int)
                0x00000000000033c8                String::String(unsigned int, unsigned char)
                0x000000000000287e                String::getBytes(unsigned char*, unsigned int, unsigned int) const
                0x0000000000002a7c                String::startsWith(String const&) const
                0x0000000000002520                String::replace(char, char)
                0x000000000000371e                String::~String()
                0x0000000000003708                String::String(String const&)
                0x00000000000030ce                operator+(StringSumHelper const&, String const&)
                0x00000000000030fa                String::copy(char const*, unsigned int)
                0x0000000000002874                String::indexOf(char) const
                0x0000000000002d72                String::concat(unsigned long)
                0x000000000000372a                String::~String()
                0x000000000000323a                String::String(unsigned long, unsigned char)
                0x00000000000036c4                String::operator=(String const&)
                0x0000000000003096                operator+(StringSumHelper const&, char const*)
                0x0000000000002fca                operator+(StringSumHelper const&, unsigned long)
                0x00000000000028d8                String::endsWith(String const&) const
                0x0000000000002f76                String::concat(char const*)
                0x0000000000002fa6                String::invalidate()
                0x00000000000026c4                String::lastIndexOf(String const&, unsigned int) const
                0x000000000000313c                String::String(char const*)
                0x0000000000002962                String::compareTo(String const&) const
                0x000000000000300e                operator+(StringSumHelper const&, unsigned int)
                0x000000000000291c                String::equals(char const*) const
                0x00000000000027c2                String::lastIndexOf(char, unsigned int) const
                0x0000000000002d18                String::concat(char const*, unsigned int)
                0x000000000000253e                String::toInt() const
                0x0000000000002630                String::toLowerCase()
                0x00000000000027b8                String::indexOf(String const&) const
                0x0000000000002a0a                String::equals(String const&) const
                0x00000000000029fc                String::operator<(String const&) const
                0x00000000000031a4                String::operator=(char const*)
                0x00000000000029d8                String::operator<=(String const&) const
                0x0000000000002dd6                String::concat(long)
                0x0000000000003170                String::String(char const*)
                0x0000000000003074                operator+(StringSumHelper const&, char)
                0x0000000000002654                String::equalsIgnoreCase(String const&) const
                0x000000000000282c                String::lastIndexOf(char) const
                0x0000000000003366                String::String(unsigned int, unsigned char)
                0x0000000000002e3a                String::concat(unsigned int)
                0x00000000000031d6                String::String(unsigned long, unsigned char)
                0x0000000000003030                operator+(StringSumHelper const&, int)
                0x00000000000035b6                String::String(char)
                0x000000000000283c                String::indexOf(char, unsigned int) const
                0x0000000000002fec                operator+(StringSumHelper const&, long)
                0x0000000000002ad6                String::replace(String const&, String const&)
                0x0000000000003302                String::String(long, unsigned char)
                0x000000000000260c                String::toUpperCase()
                0x00000000000029ea                String::operator>(String const&) const
                0x0000000000002e94                String::concat(int)
 .text          0x0000000000003736       0x38 /home/chris/Workspace/PlusPonics/code/ArduinoCore/Release/libArduinoCore.a(new.o)
                0x0000000000003762                operator new[](unsigned int)
                0x000000000000375c                operator delete(void*)
                0x0000000000003754                __cxa_pure_virtual
                0x0000000000003756                operator delete[](void*)
                0x000000000000374a                __cxa_guard_release
                0x0000000000003752                __cxa_guard_abort
                0x0000000000003768                operator new(unsigned int)
                0x0000000000003736                __cxa_guard_acquire
 .text          0x000000000000376e      0x282 /home/chris/Workspace/PlusPonics/code/ArduinoCore/Release/libArduinoCore.a(wiring.o)
                0x000000000000376e                __vector_23
                0x000000000000392c                init
                0x000000000000381a                micros
                0x0000000000003866                delay
                0x00000000000037fe                millis
                0x0000000000003918                delayMicroseconds
 .text          0x00000000000039f0      0x22c /home/chris/Workspace/PlusPonics/code/ArduinoCore/Release/libArduinoCore.a(wiring_digital.o)
                0x0000000000003bbc                digitalRead
                0x0000000000003b56                digitalWrite
                0x00000000000039f0                pinMode
 .text          0x0000000000003c1c        0x0 /home/chris/Workspace/PlusPonics/code/ArduinoCore/Release/libArduinoCore.a(malloc.o)
 .text          0x0000000000003c1c        0x0 /home/chris/Workspace/PlusPonics/code/ArduinoCore/Release/libArduinoCore.a(realloc.o)
 .text          0x0000000000003c1c        0x0 /home/chris/Software/arduino-1.0.5/hardware/tools/avr/bin/../lib/gcc/avr/4.3.2/avr6/libgcc.a(_mulsi3.o)
 .text          0x0000000000003c1c        0x0 /home/chris/Software/arduino-1.0.5/hardware/tools/avr/bin/../lib/gcc/avr/4.3.2/avr6/libgcc.a(_udivmodsi4.o)
 .text          0x0000000000003c1c        0x0 /home/chris/Software/arduino-1.0.5/hardware/tools/avr/bin/../lib/gcc/avr/4.3.2/avr6/libgcc.a(_exit.o)
 .text          0x0000000000003c1c        0x0 /home/chris/Software/arduino-1.0.5/hardware/tools/avr/bin/../lib/gcc/avr/4.3.2/avr6/libgcc.a(_clear_bss.o)
 .text          0x0000000000003c1c        0x0 /home/chris/Software/arduino-1.0.5/hardware/tools/avr/bin/../lib/gcc/avr/4.3.2/avr6/libgcc.a(_ctors.o)
 .text          0x0000000000003c1c        0x0 /home/chris/Software/arduino-1.0.5/hardware/tools/avr/bin/../lib/gcc/avr/4.3.2/avr6/libgcc.a(_dtors.o)
 .text          0x0000000000003c1c       0x58 /home/chris/Software/arduino-1.0.5/hardware/tools/avr/bin/../lib/gcc/avr/4.3.2/avr6/libgcc.a(_fixunssfsi.o)
                0x0000000000003c1c                __fixunssfsi
 .text          0x0000000000003c74      0x354 /home/chris/Software/arduino-1.0.5/hardware/tools/avr/bin/../lib/gcc/avr/4.3.2/avr6/libgcc.a(_addsub_sf.o)
                0x0000000000003f0c                __subsf3
                0x0000000000003f6e                __addsf3
 .text          0x0000000000003fc8      0x1f4 /home/chris/Software/arduino-1.0.5/hardware/tools/avr/bin/../lib/gcc/avr/4.3.2/avr6/libgcc.a(_mul_sf.o)
                0x0000000000003fc8                __mulsf3
 .text          0x00000000000041bc      0x158 /home/chris/Software/arduino-1.0.5/hardware/tools/avr/bin/../lib/gcc/avr/4.3.2/avr6/libgcc.a(_div_sf.o)
                0x00000000000041bc                __divsf3
 .text          0x0000000000004314       0x60 /home/chris/Software/arduino-1.0.5/hardware/tools/avr/bin/../lib/gcc/avr/4.3.2/avr6/libgcc.a(_gt_sf.o)
                0x0000000000004314                __gtsf2
 .text          0x0000000000004374       0x60 /home/chris/Software/arduino-1.0.5/hardware/tools/avr/bin/../lib/gcc/avr/4.3.2/avr6/libgcc.a(_ge_sf.o)
                0x0000000000004374                __gesf2
 .text          0x00000000000043d4       0x60 /home/chris/Software/arduino-1.0.5/hardware/tools/avr/bin/../lib/gcc/avr/4.3.2/avr6/libgcc.a(_lt_sf.o)
                0x00000000000043d4                __ltsf2
 .text          0x0000000000004434       0x60 /home/chris/Software/arduino-1.0.5/hardware/tools/avr/bin/../lib/gcc/avr/4.3.2/avr6/libgcc.a(_le_sf.o)
                0x0000000000004434                __lesf2
 .text          0x0000000000004494       0x56 /home/chris/Software/arduino-1.0.5/hardware/tools/avr/bin/../lib/gcc/avr/4.3.2/avr6/libgcc.a(_unord_sf.o)
                0x0000000000004494                __unordsf2
 .text          0x00000000000044ea       0xbc /home/chris/Software/arduino-1.0.5/hardware/tools/avr/bin/../lib/gcc/avr/4.3.2/avr6/libgcc.a(_si_to_sf.o)
                0x00000000000044ea                __floatsisf
 .text          0x00000000000045a6       0xa8 /home/chris/Software/arduino-1.0.5/hardware/tools/avr/bin/../lib/gcc/avr/4.3.2/avr6/libgcc.a(_sf_to_si.o)
                0x00000000000045a6                __fixsfsi
 .text          0x000000000000464e        0x0 /home/chris/Software/arduino-1.0.5/hardware/tools/avr/bin/../lib/gcc/avr/4.3.2/avr6/libgcc.a(_thenan_sf.o)
 .text          0x000000000000464e       0xf2 /home/chris/Software/arduino-1.0.5/hardware/tools/avr/bin/../lib/gcc/avr/4.3.2/avr6/libgcc.a(_usi_to_sf.o)
                0x000000000000464e                __floatunsisf
 .text          0x0000000000004740        0x0 /home/chris/Software/arduino-1.0.5/hardware/tools/avr/bin/../lib/gcc/avr/4.3.2/avr6/libgcc.a(_prologue.o)
 .text          0x0000000000004740        0x0 /home/chris/Software/arduino-1.0.5/hardware/tools/avr/bin/../lib/gcc/avr/4.3.2/avr6/libgcc.a(_epilogue.o)
 .text          0x0000000000004740        0x0 /home/chris/Software/arduino-1.0.5/hardware/tools/avr/bin/../lib/gcc/avr/4.3.2/avr6/libgcc.a(_tablejump.o)
 .text          0x0000000000004740       0x9e /home/chris/Software/arduino-1.0.5/hardware/tools/avr/bin/../lib/gcc/avr/4.3.2/avr6/libgcc.a(_clzsi2.o)
                0x0000000000004740                __clzsi2
 .text          0x00000000000047de      0x1aa /home/chris/Software/arduino-1.0.5/hardware/tools/avr/bin/../lib/gcc/avr/4.3.2/avr6/libgcc.a(_pack_sf.o)
                0x00000000000047de                __pack_f
 .text          0x0000000000004988       0xf0 /home/chris/Software/arduino-1.0.5/hardware/tools/avr/bin/../lib/gcc/avr/4.3.2/avr6/libgcc.a(_unpack_sf.o)
                0x0000000000004988                __unpack_f
 .text          0x0000000000004a78       0xb2 /home/chris/Software/arduino-1.0.5/hardware/tools/avr/bin/../lib/gcc/avr/4.3.2/avr6/libgcc.a(_fpcmp_parts_sf.o)
                0x0000000000004a78                __fpcmp_parts_f
 .text          0x0000000000004b2a        0x0 /home/chris/Software/arduino-1.0.5/hardware/tools/avr/bin/../lib/gcc/avr/4.3.2/avr6/libgcc.a(_clz.o)
 .text          0x0000000000004b2a       0x4e /home/chris/Software/arduino-1.0.5/hardware/tools/avr/bin/../lib/gcc/avr/4.3.2/../../../avr/lib/avr6/libc.a(atol.o)
                0x0000000000004b2a                atol
 .text          0x0000000000004b78        0x0 /home/chris/Software/arduino-1.0.5/hardware/tools/avr/bin/../lib/gcc/avr/4.3.2/../../../avr/lib/avr6/libc.a(isspace.o)
 .text          0x0000000000004b78        0x0 /home/chris/Software/arduino-1.0.5/hardware/tools/avr/bin/../lib/gcc/avr/4.3.2/../../../avr/lib/avr6/libc.a(tolower.o)
 .text          0x0000000000004b78        0x0 /home/chris/Software/arduino-1.0.5/hardware/tools/avr/bin/../lib/gcc/avr/4.3.2/../../../avr/lib/avr6/libc.a(toupper.o)
 .text          0x0000000000004b78       0x12 /home/chris/Software/arduino-1.0.5/hardware/tools/avr/bin/../lib/gcc/avr/4.3.2/../../../avr/lib/avr6/libc.a(memcpy.o)
                0x0000000000004b78                memcpy
 .text          0x0000000000004b8a       0x24 /home/chris/Software/arduino-1.0.5/hardware/tools/avr/bin/../lib/gcc/avr/4.3.2/../../../avr/lib/avr6/libc.a(memmove.o)
                0x0000000000004b8a                memmove
 .text          0x0000000000004bae       0x16 /home/chris/Software/arduino-1.0.5/hardware/tools/avr/bin/../lib/gcc/avr/4.3.2/../../../avr/lib/avr6/libc.a(strcat.o)
                0x0000000000004bae                strcat
 .text          0x0000000000004bc4       0x16 /home/chris/Software/arduino-1.0.5/hardware/tools/avr/bin/../lib/gcc/avr/4.3.2/../../../avr/lib/avr6/libc.a(strchr.o)
                0x0000000000004bc4                strchr
 .text          0x0000000000004bda       0x12 /home/chris/Software/arduino-1.0.5/hardware/tools/avr/bin/../lib/gcc/avr/4.3.2/../../../avr/lib/avr6/libc.a(strcmp.o)
                0x0000000000004bda                strcmp
 .text          0x0000000000004bec        0xe /home/chris/Software/arduino-1.0.5/hardware/tools/avr/bin/../lib/gcc/avr/4.3.2/../../../avr/lib/avr6/libc.a(strcpy.o)
                0x0000000000004bec                strcpy
 .text          0x0000000000004bfa       0x1c /home/chris/Software/arduino-1.0.5/hardware/tools/avr/bin/../lib/gcc/avr/4.3.2/../../../avr/lib/avr6/libc.a(strncmp.o)
                0x0000000000004bfa                strncmp
 .text          0x0000000000004c16       0x1e /home/chris/Software/arduino-1.0.5/hardware/tools/avr/bin/../lib/gcc/avr/4.3.2/../../../avr/lib/avr6/libc.a(strncpy.o)
                0x0000000000004c16                strncpy
 .text          0x0000000000004c34       0x16 /home/chris/Software/arduino-1.0.5/hardware/tools/avr/bin/../lib/gcc/avr/4.3.2/../../../avr/lib/avr6/libc.a(strrchr.o)
                0x0000000000004c34                strrchr
 .text          0x0000000000004c4a       0x34 /home/chris/Software/arduino-1.0.5/hardware/tools/avr/bin/../lib/gcc/avr/4.3.2/../../../avr/lib/avr6/libc.a(strstr.o)
                0x0000000000004c4a                strstr
 .text          0x0000000000004c7e       0x42 /home/chris/Software/arduino-1.0.5/hardware/tools/avr/bin/../lib/gcc/avr/4.3.2/../../../avr/lib/avr6/libc.a(itoa.o)
                0x0000000000004c7e                itoa
 .text          0x0000000000004cc0       0x68 /home/chris/Software/arduino-1.0.5/hardware/tools/avr/bin/../lib/gcc/avr/4.3.2/../../../avr/lib/avr6/libc.a(ltoa.o)
                0x0000000000004cc0                ltoa
 .text          0x0000000000004d28       0x2a /home/chris/Software/arduino-1.0.5/hardware/tools/avr/bin/../lib/gcc/avr/4.3.2/../../../avr/lib/avr6/libc.a(mulsi10.o)
                0x0000000000004d28                __mulsi_const_10
 .text          0x0000000000004d52       0x4a /home/chris/Software/arduino-1.0.5/hardware/tools/avr/bin/../lib/gcc/avr/4.3.2/../../../avr/lib/avr6/libc.a(ultoa.o)
                0x0000000000004d52                ultoa
 .text          0x0000000000004d9c       0x2c /home/chris/Software/arduino-1.0.5/hardware/tools/avr/bin/../lib/gcc/avr/4.3.2/../../../avr/lib/avr6/libc.a(utoa.o)
                0x0000000000004d9c                utoa
 .text          0x0000000000004dc8       0x48 /home/chris/Software/arduino-1.0.5/hardware/tools/avr/bin/../lib/gcc/avr/4.3.2/../../../avr/lib/avr6/libc.a(sprintf.o)
                0x0000000000004dc8                sprintf
 .text          0x0000000000004e10      0x3ba /home/chris/Software/arduino-1.0.5/hardware/tools/avr/bin/../lib/gcc/avr/4.3.2/../../../avr/lib/avr6/libc.a(vfprintf_std.o)
                0x0000000000004e10                vfprintf
 .text          0x00000000000051ca        0x0 /home/chris/Software/arduino-1.0.5/hardware/tools/avr/bin/../lib/gcc/avr/4.3.2/../../../avr/lib/avr6/libc.a(cty_isfalse.o)
 .text          0x00000000000051ca       0x16 /home/chris/Software/arduino-1.0.5/hardware/tools/avr/bin/../lib/gcc/avr/4.3.2/../../../avr/lib/avr6/libc.a(strnlen_P.o)
                0x00000000000051ca                strnlen_P
 .text          0x00000000000051e0       0x16 /home/chris/Software/arduino-1.0.5/hardware/tools/avr/bin/../lib/gcc/avr/4.3.2/../../../avr/lib/avr6/libc.a(strnlen.o)
                0x00000000000051e0                strnlen
 .text          0x00000000000051f6       0x20 /home/chris/Software/arduino-1.0.5/hardware/tools/avr/bin/../lib/gcc/avr/4.3.2/../../../avr/lib/avr6/libc.a(strrev.o)
                0x00000000000051f6                strrev
 .text          0x0000000000005216       0x58 /home/chris/Software/arduino-1.0.5/hardware/tools/avr/bin/../lib/gcc/avr/4.3.2/../../../avr/lib/avr6/libc.a(fputc.o)
                0x0000000000005216                fputc
 .text          0x000000000000526e       0xbc /home/chris/Software/arduino-1.0.5/hardware/tools/avr/bin/../lib/gcc/avr/4.3.2/../../../avr/lib/avr6/libc.a(ultoa_invert.o)
                0x000000000000526e                __ultoa_invert
 .text          0x000000000000532a        0x0 /home/chris/Software/arduino-1.0.5/hardware/tools/avr/bin/../lib/gcc/avr/4.3.2/avr6/libgcc.a(_udivmodhi4.o)
                0x000000000000532a                . = ALIGN (0x2)
 *(.text.*)
 .text.avr-libc
                0x000000000000532a      0x26a /home/chris/Workspace/PlusPonics/code/ArduinoCore/Release/libArduinoCore.a(malloc.o)
                0x000000000000532a                malloc
                0x0000000000005464                free
 .text.avr-libc
                0x0000000000005594      0x1c2 /home/chris/Workspace/PlusPonics/code/ArduinoCore/Release/libArduinoCore.a(realloc.o)
                0x0000000000005594                realloc
 .text.libgcc   0x0000000000005756       0x3e /home/chris/Software/arduino-1.0.5/hardware/tools/avr/bin/../lib/gcc/avr/4.3.2/avr6/libgcc.a(_mulsi3.o)
                0x0000000000005756                __mulsi3
 .text.libgcc   0x0000000000005794       0x44 /home/chris/Software/arduino-1.0.5/hardware/tools/avr/bin/../lib/gcc/avr/4.3.2/avr6/libgcc.a(_udivmodsi4.o)
                0x0000000000005794                __udivmodsi4
 .text.libgcc   0x00000000000057d8        0x0 /home/chris/Software/arduino-1.0.5/hardware/tools/avr/bin/../lib/gcc/avr/4.3.2/avr6/libgcc.a(_exit.o)
 .text.libgcc   0x00000000000057d8        0x0 /home/chris/Software/arduino-1.0.5/hardware/tools/avr/bin/../lib/gcc/avr/4.3.2/avr6/libgcc.a(_clear_bss.o)
 .text.libgcc   0x00000000000057d8        0x0 /home/chris/Software/arduino-1.0.5/hardware/tools/avr/bin/../lib/gcc/avr/4.3.2/avr6/libgcc.a(_ctors.o)
 .text.libgcc   0x00000000000057d8        0x0 /home/chris/Software/arduino-1.0.5/hardware/tools/avr/bin/../lib/gcc/avr/4.3.2/avr6/libgcc.a(_dtors.o)
 .text.libgcc   0x00000000000057d8       0x38 /home/chris/Software/arduino-1.0.5/hardware/tools/avr/bin/../lib/gcc/avr/4.3.2/avr6/libgcc.a(_prologue.o)
                0x00000000000057d8                __prologue_saves__
 .text.libgcc   0x0000000000005810       0x36 /home/chris/Software/arduino-1.0.5/hardware/tools/avr/bin/../lib/gcc/avr/4.3.2/avr6/libgcc.a(_epilogue.o)
                0x0000000000005810                __epilogue_restores__
 .text.libgcc   0x0000000000005846        0xc /home/chris/Software/arduino-1.0.5/hardware/tools/avr/bin/../lib/gcc/avr/4.3.2/avr6/libgcc.a(_tablejump.o)
                0x000000000000584a                __tablejump__
                0x0000000000005846                __tablejump2__
 .text.ctype    0x0000000000005852       0x10 /home/chris/Software/arduino-1.0.5/hardware/tools/avr/bin/../lib/gcc/avr/4.3.2/../../../avr/lib/avr6/libc.a(isspace.o)
                0x0000000000005852                isspace
 .text.ctype    0x0000000000005862       0x10 /home/chris/Software/arduino-1.0.5/hardware/tools/avr/bin/../lib/gcc/avr/4.3.2/../../../avr/lib/avr6/libc.a(tolower.o)
                0x0000000000005862                tolower
 .text.ctype    0x0000000000005872       0x10 /home/chris/Software/arduino-1.0.5/hardware/tools/avr/bin/../lib/gcc/avr/4.3.2/../../../avr/lib/avr6/libc.a(toupper.o)
                0x0000000000005872                toupper
 .text.ctype    0x0000000000005882        0x6 /home/chris/Software/arduino-1.0.5/hardware/tools/avr/bin/../lib/gcc/avr/4.3.2/../../../avr/lib/avr6/libc.a(cty_isfalse.o)
                0x0000000000005886                __ctype_istrue
                0x0000000000005882                __ctype_isfalse
 .text.libgcc   0x0000000000005888       0x28 /home/chris/Software/arduino-1.0.5/hardware/tools/avr/bin/../lib/gcc/avr/4.3.2/avr6/libgcc.a(_udivmodhi4.o)
                0x0000000000005888                __udivmodhi4
                0x00000000000058b0                . = ALIGN (0x2)
 *(.fini9)
 .fini9         0x00000000000058b0        0x0 /home/chris/Software/arduino-1.0.5/hardware/tools/avr/bin/../lib/gcc/avr/4.3.2/avr6/libgcc.a(_exit.o)
                0x00000000000058b0                exit
                0x00000000000058b0                _exit
 *(.fini9)
 *(.fini8)
 *(.fini8)
 *(.fini7)
 *(.fini7)
 *(.fini6)
 .fini6         0x00000000000058b0       0x16 /home/chris/Software/arduino-1.0.5/hardware/tools/avr/bin/../lib/gcc/avr/4.3.2/avr6/libgcc.a(_dtors.o)
                0x00000000000058b0                __do_global_dtors
 *(.fini6)
 *(.fini5)
 *(.fini5)
 *(.fini4)
 *(.fini4)
 *(.fini3)
 *(.fini3)
 *(.fini2)
 *(.fini2)
 *(.fini1)
 *(.fini1)
 *(.fini0)
 .fini0         0x00000000000058c6        0x4 /home/chris/Software/arduino-1.0.5/hardware/tools/avr/bin/../lib/gcc/avr/4.3.2/avr6/libgcc.a(_exit.o)
 *(.fini0)
                0x00000000000058ca                _etext = .

.data           0x0000000000800200      0x20e load address 0x00000000000058ca
                0x0000000000800200                PROVIDE (__data_start, .)
 *(.data)
 .data          0x0000000000800200        0x0 /home/chris/Software/arduino-1.0.5/hardware/tools/avr/bin/../lib/gcc/avr/4.3.2/../../../avr/lib/avr6/crtm2560.o
 .data          0x0000000000800200       0x2e ./AbstractCommunication.o
                0x0000000000800220                vtable for AbstractCommunication
 .data          0x000000000080022e       0x4e ./GlobalReceiver.o
                0x0000000000800274                vtable for GlobalReceiver
 .data          0x000000000080027c        0xf ./SerialCom.o
                0x000000000080027d                vtable for SerialCom
 .data          0x000000000080028b       0x3c ./main.o
                0x00000000008002c5                ledPin
 .data          0x00000000008002c7       0x20 /home/chris/Workspace/PlusPonics/code/ArduinoCore/Release/libArduinoCore.a(HardwareSerial.o)
                0x00000000008002c7                vtable for HardwareSerial
                0x00000000008002d7                vtable for Stream
 .data          0x00000000008002e7       0x16 /home/chris/Workspace/PlusPonics/code/ArduinoCore/Release/libArduinoCore.a(Print.o)
                0x00000000008002f5                vtable for Print
 .data          0x00000000008002fd        0x1 /home/chris/Workspace/PlusPonics/code/ArduinoCore/Release/libArduinoCore.a(Stream.o)
 .data          0x00000000008002fe        0x1 /home/chris/Workspace/PlusPonics/code/ArduinoCore/Release/libArduinoCore.a(WString.o)
 .data          0x00000000008002ff        0x0 /home/chris/Workspace/PlusPonics/code/ArduinoCore/Release/libArduinoCore.a(new.o)
 .data          0x00000000008002ff        0x0 /home/chris/Workspace/PlusPonics/code/ArduinoCore/Release/libArduinoCore.a(wiring.o)
 .data          0x00000000008002ff        0x0 /home/chris/Workspace/PlusPonics/code/ArduinoCore/Release/libArduinoCore.a(wiring_digital.o)
 .data          0x00000000008002ff        0x6 /home/chris/Workspace/PlusPonics/code/ArduinoCore/Release/libArduinoCore.a(malloc.o)
                0x0000000000800301                __malloc_heap_start
                0x0000000000800303                __malloc_heap_end
                0x00000000008002ff                __malloc_margin
 .data          0x0000000000800305        0x0 /home/chris/Workspace/PlusPonics/code/ArduinoCore/Release/libArduinoCore.a(realloc.o)
 .data          0x0000000000800305        0x0 /home/chris/Software/arduino-1.0.5/hardware/tools/avr/bin/../lib/gcc/avr/4.3.2/avr6/libgcc.a(_mulsi3.o)
 .data          0x0000000000800305        0x0 /home/chris/Software/arduino-1.0.5/hardware/tools/avr/bin/../lib/gcc/avr/4.3.2/avr6/libgcc.a(_udivmodsi4.o)
 .data          0x0000000000800305        0x0 /home/chris/Software/arduino-1.0.5/hardware/tools/avr/bin/../lib/gcc/avr/4.3.2/avr6/libgcc.a(_exit.o)
 .data          0x0000000000800305        0x0 /home/chris/Software/arduino-1.0.5/hardware/tools/avr/bin/../lib/gcc/avr/4.3.2/avr6/libgcc.a(_clear_bss.o)
 .data          0x0000000000800305        0x0 /home/chris/Software/arduino-1.0.5/hardware/tools/avr/bin/../lib/gcc/avr/4.3.2/avr6/libgcc.a(_ctors.o)
 .data          0x0000000000800305        0x0 /home/chris/Software/arduino-1.0.5/hardware/tools/avr/bin/../lib/gcc/avr/4.3.2/avr6/libgcc.a(_dtors.o)
 .data          0x0000000000800305        0x0 /home/chris/Software/arduino-1.0.5/hardware/tools/avr/bin/../lib/gcc/avr/4.3.2/avr6/libgcc.a(_fixunssfsi.o)
 .data          0x0000000000800305        0x0 /home/chris/Software/arduino-1.0.5/hardware/tools/avr/bin/../lib/gcc/avr/4.3.2/avr6/libgcc.a(_addsub_sf.o)
 .data          0x0000000000800305        0x0 /home/chris/Software/arduino-1.0.5/hardware/tools/avr/bin/../lib/gcc/avr/4.3.2/avr6/libgcc.a(_mul_sf.o)
 .data          0x0000000000800305        0x0 /home/chris/Software/arduino-1.0.5/hardware/tools/avr/bin/../lib/gcc/avr/4.3.2/avr6/libgcc.a(_div_sf.o)
 .data          0x0000000000800305        0x0 /home/chris/Software/arduino-1.0.5/hardware/tools/avr/bin/../lib/gcc/avr/4.3.2/avr6/libgcc.a(_gt_sf.o)
 .data          0x0000000000800305        0x0 /home/chris/Software/arduino-1.0.5/hardware/tools/avr/bin/../lib/gcc/avr/4.3.2/avr6/libgcc.a(_ge_sf.o)
 .data          0x0000000000800305        0x0 /home/chris/Software/arduino-1.0.5/hardware/tools/avr/bin/../lib/gcc/avr/4.3.2/avr6/libgcc.a(_lt_sf.o)
 .data          0x0000000000800305        0x0 /home/chris/Software/arduino-1.0.5/hardware/tools/avr/bin/../lib/gcc/avr/4.3.2/avr6/libgcc.a(_le_sf.o)
 .data          0x0000000000800305        0x0 /home/chris/Software/arduino-1.0.5/hardware/tools/avr/bin/../lib/gcc/avr/4.3.2/avr6/libgcc.a(_unord_sf.o)
 .data          0x0000000000800305        0x0 /home/chris/Software/arduino-1.0.5/hardware/tools/avr/bin/../lib/gcc/avr/4.3.2/avr6/libgcc.a(_si_to_sf.o)
 .data          0x0000000000800305        0x0 /home/chris/Software/arduino-1.0.5/hardware/tools/avr/bin/../lib/gcc/avr/4.3.2/avr6/libgcc.a(_sf_to_si.o)
 .data          0x0000000000800305        0x8 /home/chris/Software/arduino-1.0.5/hardware/tools/avr/bin/../lib/gcc/avr/4.3.2/avr6/libgcc.a(_thenan_sf.o)
                0x0000000000800305                __thenan_sf
 .data          0x000000000080030d        0x0 /home/chris/Software/arduino-1.0.5/hardware/tools/avr/bin/../lib/gcc/avr/4.3.2/avr6/libgcc.a(_usi_to_sf.o)
 .data          0x000000000080030d        0x0 /home/chris/Software/arduino-1.0.5/hardware/tools/avr/bin/../lib/gcc/avr/4.3.2/avr6/libgcc.a(_prologue.o)
 .data          0x000000000080030d        0x0 /home/chris/Software/arduino-1.0.5/hardware/tools/avr/bin/../lib/gcc/avr/4.3.2/avr6/libgcc.a(_epilogue.o)
 .data          0x000000000080030d        0x0 /home/chris/Software/arduino-1.0.5/hardware/tools/avr/bin/../lib/gcc/avr/4.3.2/avr6/libgcc.a(_tablejump.o)
 .data          0x000000000080030d        0x0 /home/chris/Software/arduino-1.0.5/hardware/tools/avr/bin/../lib/gcc/avr/4.3.2/avr6/libgcc.a(_clzsi2.o)
 .data          0x000000000080030d        0x0 /home/chris/Software/arduino-1.0.5/hardware/tools/avr/bin/../lib/gcc/avr/4.3.2/avr6/libgcc.a(_pack_sf.o)
 .data          0x000000000080030d        0x0 /home/chris/Software/arduino-1.0.5/hardware/tools/avr/bin/../lib/gcc/avr/4.3.2/avr6/libgcc.a(_unpack_sf.o)
 .data          0x000000000080030d        0x0 /home/chris/Software/arduino-1.0.5/hardware/tools/avr/bin/../lib/gcc/avr/4.3.2/avr6/libgcc.a(_fpcmp_parts_sf.o)
 .data          0x000000000080030d      0x100 /home/chris/Software/arduino-1.0.5/hardware/tools/avr/bin/../lib/gcc/avr/4.3.2/avr6/libgcc.a(_clz.o)
                0x000000000080030d                __clz_tab
 .data          0x000000000080040d        0x0 /home/chris/Software/arduino-1.0.5/hardware/tools/avr/bin/../lib/gcc/avr/4.3.2/../../../avr/lib/avr6/libc.a(atol.o)
 .data          0x000000000080040d        0x0 /home/chris/Software/arduino-1.0.5/hardware/tools/avr/bin/../lib/gcc/avr/4.3.2/../../../avr/lib/avr6/libc.a(isspace.o)
 .data          0x000000000080040d        0x0 /home/chris/Software/arduino-1.0.5/hardware/tools/avr/bin/../lib/gcc/avr/4.3.2/../../../avr/lib/avr6/libc.a(tolower.o)
 .data          0x000000000080040d        0x0 /home/chris/Software/arduino-1.0.5/hardware/tools/avr/bin/../lib/gcc/avr/4.3.2/../../../avr/lib/avr6/libc.a(toupper.o)
 .data          0x000000000080040d        0x0 /home/chris/Software/arduino-1.0.5/hardware/tools/avr/bin/../lib/gcc/avr/4.3.2/../../../avr/lib/avr6/libc.a(memcpy.o)
 .data          0x000000000080040d        0x0 /home/chris/Software/arduino-1.0.5/hardware/tools/avr/bin/../lib/gcc/avr/4.3.2/../../../avr/lib/avr6/libc.a(memmove.o)
 .data          0x000000000080040d        0x0 /home/chris/Software/arduino-1.0.5/hardware/tools/avr/bin/../lib/gcc/avr/4.3.2/../../../avr/lib/avr6/libc.a(strcat.o)
 .data          0x000000000080040d        0x0 /home/chris/Software/arduino-1.0.5/hardware/tools/avr/bin/../lib/gcc/avr/4.3.2/../../../avr/lib/avr6/libc.a(strchr.o)
 .data          0x000000000080040d        0x0 /home/chris/Software/arduino-1.0.5/hardware/tools/avr/bin/../lib/gcc/avr/4.3.2/../../../avr/lib/avr6/libc.a(strcmp.o)
 .data          0x000000000080040d        0x0 /home/chris/Software/arduino-1.0.5/hardware/tools/avr/bin/../lib/gcc/avr/4.3.2/../../../avr/lib/avr6/libc.a(strcpy.o)
 .data          0x000000000080040d        0x0 /home/chris/Software/arduino-1.0.5/hardware/tools/avr/bin/../lib/gcc/avr/4.3.2/../../../avr/lib/avr6/libc.a(strncmp.o)
 .data          0x000000000080040d        0x0 /home/chris/Software/arduino-1.0.5/hardware/tools/avr/bin/../lib/gcc/avr/4.3.2/../../../avr/lib/avr6/libc.a(strncpy.o)
 .data          0x000000000080040d        0x0 /home/chris/Software/arduino-1.0.5/hardware/tools/avr/bin/../lib/gcc/avr/4.3.2/../../../avr/lib/avr6/libc.a(strrchr.o)
 .data          0x000000000080040d        0x0 /home/chris/Software/arduino-1.0.5/hardware/tools/avr/bin/../lib/gcc/avr/4.3.2/../../../avr/lib/avr6/libc.a(strstr.o)
 .data          0x000000000080040d        0x0 /home/chris/Software/arduino-1.0.5/hardware/tools/avr/bin/../lib/gcc/avr/4.3.2/../../../avr/lib/avr6/libc.a(itoa.o)
 .data          0x000000000080040d        0x0 /home/chris/Software/arduino-1.0.5/hardware/tools/avr/bin/../lib/gcc/avr/4.3.2/../../../avr/lib/avr6/libc.a(ltoa.o)
 .data          0x000000000080040d        0x0 /home/chris/Software/arduino-1.0.5/hardware/tools/avr/bin/../lib/gcc/avr/4.3.2/../../../avr/lib/avr6/libc.a(mulsi10.o)
 .data          0x000000000080040d        0x0 /home/chris/Software/arduino-1.0.5/hardware/tools/avr/bin/../lib/gcc/avr/4.3.2/../../../avr/lib/avr6/libc.a(ultoa.o)
 .data          0x000000000080040d        0x0 /home/chris/Software/arduino-1.0.5/hardware/tools/avr/bin/../lib/gcc/avr/4.3.2/../../../avr/lib/avr6/libc.a(utoa.o)
 .data          0x000000000080040d        0x0 /home/chris/Software/arduino-1.0.5/hardware/tools/avr/bin/../lib/gcc/avr/4.3.2/../../../avr/lib/avr6/libc.a(sprintf.o)
 .data          0x000000000080040d        0x0 /home/chris/Software/arduino-1.0.5/hardware/tools/avr/bin/../lib/gcc/avr/4.3.2/../../../avr/lib/avr6/libc.a(vfprintf_std.o)
 .data          0x000000000080040d        0x0 /home/chris/Software/arduino-1.0.5/hardware/tools/avr/bin/../lib/gcc/avr/4.3.2/../../../avr/lib/avr6/libc.a(cty_isfalse.o)
 .data          0x000000000080040d        0x0 /home/chris/Software/arduino-1.0.5/hardware/tools/avr/bin/../lib/gcc/avr/4.3.2/../../../avr/lib/avr6/libc.a(strnlen_P.o)
 .data          0x000000000080040d        0x0 /home/chris/Software/arduino-1.0.5/hardware/tools/avr/bin/../lib/gcc/avr/4.3.2/../../../avr/lib/avr6/libc.a(strnlen.o)
 .data          0x000000000080040d        0x0 /home/chris/Software/arduino-1.0.5/hardware/tools/avr/bin/../lib/gcc/avr/4.3.2/../../../avr/lib/avr6/libc.a(strrev.o)
 .data          0x000000000080040d        0x0 /home/chris/Software/arduino-1.0.5/hardware/tools/avr/bin/../lib/gcc/avr/4.3.2/../../../avr/lib/avr6/libc.a(fputc.o)
 .data          0x000000000080040d        0x0 /home/chris/Software/arduino-1.0.5/hardware/tools/avr/bin/../lib/gcc/avr/4.3.2/../../../avr/lib/avr6/libc.a(ultoa_invert.o)
 .data          0x000000000080040d        0x0 /home/chris/Software/arduino-1.0.5/hardware/tools/avr/bin/../lib/gcc/avr/4.3.2/avr6/libgcc.a(_udivmodhi4.o)
 *(.data*)
 *(.rodata)
 *(.rodata*)
 *(.gnu.linkonce.d*)
                0x000000000080040e                . = ALIGN (0x2)
 *fill*         0x000000000080040d        0x1 00
                0x000000000080040e                _edata = .
                0x000000000080040e                PROVIDE (__data_end, .)

.bss            0x000000000080040e      0x2cd load address 0x0000000000005ad8
                0x000000000080040e                PROVIDE (__bss_start, .)
 *(.bss)
 .bss           0x000000000080040e        0x0 /home/chris/Software/arduino-1.0.5/hardware/tools/avr/bin/../lib/gcc/avr/4.3.2/../../../avr/lib/avr6/crtm2560.o
 .bss           0x000000000080040e        0x7 ./AbstractCommunication.o
                0x000000000080040e                AbstractCommunication::DEFAULT_LOCATION
 .bss           0x0000000000800415        0x9 ./GlobalReceiver.o
 .bss           0x000000000080041e        0x0 ./SerialCom.o
 .bss           0x000000000080041e        0x7 ./main.o
                0x000000000080041e                com
                0x0000000000800421                glrcv
 .bss           0x0000000000800425      0x2a8 /home/chris/Workspace/PlusPonics/code/ArduinoCore/Release/libArduinoCore.a(HardwareSerial.o)
                0x0000000000800667                Serial1
                0x00000000008004ad                rx_buffer1
                0x00000000008006ab                Serial3
                0x0000000000800425                rx_buffer
                0x0000000000800469                tx_buffer
                0x0000000000800579                tx_buffer2
                0x0000000000800645                Serial
                0x0000000000800601                tx_buffer3
                0x0000000000800535                rx_buffer2
                0x00000000008004f1                tx_buffer1
                0x00000000008005bd                rx_buffer3
                0x0000000000800689                Serial2
 .bss           0x00000000008006cd        0x0 /home/chris/Workspace/PlusPonics/code/ArduinoCore/Release/libArduinoCore.a(Print.o)
 .bss           0x00000000008006cd        0x0 /home/chris/Workspace/PlusPonics/code/ArduinoCore/Release/libArduinoCore.a(Stream.o)
 .bss           0x00000000008006cd        0x1 /home/chris/Workspace/PlusPonics/code/ArduinoCore/Release/libArduinoCore.a(WString.o)
 .bss           0x00000000008006ce        0x0 /home/chris/Workspace/PlusPonics/code/ArduinoCore/Release/libArduinoCore.a(new.o)
 .bss           0x00000000008006ce        0x9 /home/chris/Workspace/PlusPonics/code/ArduinoCore/Release/libArduinoCore.a(wiring.o)
                0x00000000008006ce                timer0_overflow_count
                0x00000000008006d2                timer0_millis
 .bss           0x00000000008006d7        0x0 /home/chris/Workspace/PlusPonics/code/ArduinoCore/Release/libArduinoCore.a(wiring_digital.o)
 .bss           0x00000000008006d7        0x0 /home/chris/Workspace/PlusPonics/code/ArduinoCore/Release/libArduinoCore.a(malloc.o)
 .bss           0x00000000008006d7        0x0 /home/chris/Workspace/PlusPonics/code/ArduinoCore/Release/libArduinoCore.a(realloc.o)
 .bss           0x00000000008006d7        0x0 /home/chris/Software/arduino-1.0.5/hardware/tools/avr/bin/../lib/gcc/avr/4.3.2/avr6/libgcc.a(_mulsi3.o)
 .bss           0x00000000008006d7        0x0 /home/chris/Software/arduino-1.0.5/hardware/tools/avr/bin/../lib/gcc/avr/4.3.2/avr6/libgcc.a(_udivmodsi4.o)
 .bss           0x00000000008006d7        0x0 /home/chris/Software/arduino-1.0.5/hardware/tools/avr/bin/../lib/gcc/avr/4.3.2/avr6/libgcc.a(_exit.o)
 .bss           0x00000000008006d7        0x0 /home/chris/Software/arduino-1.0.5/hardware/tools/avr/bin/../lib/gcc/avr/4.3.2/avr6/libgcc.a(_clear_bss.o)
 .bss           0x00000000008006d7        0x0 /home/chris/Software/arduino-1.0.5/hardware/tools/avr/bin/../lib/gcc/avr/4.3.2/avr6/libgcc.a(_ctors.o)
 .bss           0x00000000008006d7        0x0 /home/chris/Software/arduino-1.0.5/hardware/tools/avr/bin/../lib/gcc/avr/4.3.2/avr6/libgcc.a(_dtors.o)
 .bss           0x00000000008006d7        0x0 /home/chris/Software/arduino-1.0.5/hardware/tools/avr/bin/../lib/gcc/avr/4.3.2/avr6/libgcc.a(_fixunssfsi.o)
 .bss           0x00000000008006d7        0x0 /home/chris/Software/arduino-1.0.5/hardware/tools/avr/bin/../lib/gcc/avr/4.3.2/avr6/libgcc.a(_addsub_sf.o)
 .bss           0x00000000008006d7        0x0 /home/chris/Software/arduino-1.0.5/hardware/tools/avr/bin/../lib/gcc/avr/4.3.2/avr6/libgcc.a(_mul_sf.o)
 .bss           0x00000000008006d7        0x0 /home/chris/Software/arduino-1.0.5/hardware/tools/avr/bin/../lib/gcc/avr/4.3.2/avr6/libgcc.a(_div_sf.o)
 .bss           0x00000000008006d7        0x0 /home/chris/Software/arduino-1.0.5/hardware/tools/avr/bin/../lib/gcc/avr/4.3.2/avr6/libgcc.a(_gt_sf.o)
 .bss           0x00000000008006d7        0x0 /home/chris/Software/arduino-1.0.5/hardware/tools/avr/bin/../lib/gcc/avr/4.3.2/avr6/libgcc.a(_ge_sf.o)
 .bss           0x00000000008006d7        0x0 /home/chris/Software/arduino-1.0.5/hardware/tools/avr/bin/../lib/gcc/avr/4.3.2/avr6/libgcc.a(_lt_sf.o)
 .bss           0x00000000008006d7        0x0 /home/chris/Software/arduino-1.0.5/hardware/tools/avr/bin/../lib/gcc/avr/4.3.2/avr6/libgcc.a(_le_sf.o)
 .bss           0x00000000008006d7        0x0 /home/chris/Software/arduino-1.0.5/hardware/tools/avr/bin/../lib/gcc/avr/4.3.2/avr6/libgcc.a(_unord_sf.o)
 .bss           0x00000000008006d7        0x0 /home/chris/Software/arduino-1.0.5/hardware/tools/avr/bin/../lib/gcc/avr/4.3.2/avr6/libgcc.a(_si_to_sf.o)
 .bss           0x00000000008006d7        0x0 /home/chris/Software/arduino-1.0.5/hardware/tools/avr/bin/../lib/gcc/avr/4.3.2/avr6/libgcc.a(_sf_to_si.o)
 .bss           0x00000000008006d7        0x0 /home/chris/Software/arduino-1.0.5/hardware/tools/avr/bin/../lib/gcc/avr/4.3.2/avr6/libgcc.a(_thenan_sf.o)
 .bss           0x00000000008006d7        0x0 /home/chris/Software/arduino-1.0.5/hardware/tools/avr/bin/../lib/gcc/avr/4.3.2/avr6/libgcc.a(_usi_to_sf.o)
 .bss           0x00000000008006d7        0x0 /home/chris/Software/arduino-1.0.5/hardware/tools/avr/bin/../lib/gcc/avr/4.3.2/avr6/libgcc.a(_prologue.o)
 .bss           0x00000000008006d7        0x0 /home/chris/Software/arduino-1.0.5/hardware/tools/avr/bin/../lib/gcc/avr/4.3.2/avr6/libgcc.a(_epilogue.o)
 .bss           0x00000000008006d7        0x0 /home/chris/Software/arduino-1.0.5/hardware/tools/avr/bin/../lib/gcc/avr/4.3.2/avr6/libgcc.a(_tablejump.o)
 .bss           0x00000000008006d7        0x0 /home/chris/Software/arduino-1.0.5/hardware/tools/avr/bin/../lib/gcc/avr/4.3.2/avr6/libgcc.a(_clzsi2.o)
 .bss           0x00000000008006d7        0x0 /home/chris/Software/arduino-1.0.5/hardware/tools/avr/bin/../lib/gcc/avr/4.3.2/avr6/libgcc.a(_pack_sf.o)
 .bss           0x00000000008006d7        0x0 /home/chris/Software/arduino-1.0.5/hardware/tools/avr/bin/../lib/gcc/avr/4.3.2/avr6/libgcc.a(_unpack_sf.o)
 .bss           0x00000000008006d7        0x0 /home/chris/Software/arduino-1.0.5/hardware/tools/avr/bin/../lib/gcc/avr/4.3.2/avr6/libgcc.a(_fpcmp_parts_sf.o)
 .bss           0x00000000008006d7        0x0 /home/chris/Software/arduino-1.0.5/hardware/tools/avr/bin/../lib/gcc/avr/4.3.2/avr6/libgcc.a(_clz.o)
 .bss           0x00000000008006d7        0x0 /home/chris/Software/arduino-1.0.5/hardware/tools/avr/bin/../lib/gcc/avr/4.3.2/../../../avr/lib/avr6/libc.a(atol.o)
 .bss           0x00000000008006d7        0x0 /home/chris/Software/arduino-1.0.5/hardware/tools/avr/bin/../lib/gcc/avr/4.3.2/../../../avr/lib/avr6/libc.a(isspace.o)
 .bss           0x00000000008006d7        0x0 /home/chris/Software/arduino-1.0.5/hardware/tools/avr/bin/../lib/gcc/avr/4.3.2/../../../avr/lib/avr6/libc.a(tolower.o)
 .bss           0x00000000008006d7        0x0 /home/chris/Software/arduino-1.0.5/hardware/tools/avr/bin/../lib/gcc/avr/4.3.2/../../../avr/lib/avr6/libc.a(toupper.o)
 .bss           0x00000000008006d7        0x0 /home/chris/Software/arduino-1.0.5/hardware/tools/avr/bin/../lib/gcc/avr/4.3.2/../../../avr/lib/avr6/libc.a(memcpy.o)
 .bss           0x00000000008006d7        0x0 /home/chris/Software/arduino-1.0.5/hardware/tools/avr/bin/../lib/gcc/avr/4.3.2/../../../avr/lib/avr6/libc.a(memmove.o)
 .bss           0x00000000008006d7        0x0 /home/chris/Software/arduino-1.0.5/hardware/tools/avr/bin/../lib/gcc/avr/4.3.2/../../../avr/lib/avr6/libc.a(strcat.o)
 .bss           0x00000000008006d7        0x0 /home/chris/Software/arduino-1.0.5/hardware/tools/avr/bin/../lib/gcc/avr/4.3.2/../../../avr/lib/avr6/libc.a(strchr.o)
 .bss           0x00000000008006d7        0x0 /home/chris/Software/arduino-1.0.5/hardware/tools/avr/bin/../lib/gcc/avr/4.3.2/../../../avr/lib/avr6/libc.a(strcmp.o)
 .bss           0x00000000008006d7        0x0 /home/chris/Software/arduino-1.0.5/hardware/tools/avr/bin/../lib/gcc/avr/4.3.2/../../../avr/lib/avr6/libc.a(strcpy.o)
 .bss           0x00000000008006d7        0x0 /home/chris/Software/arduino-1.0.5/hardware/tools/avr/bin/../lib/gcc/avr/4.3.2/../../../avr/lib/avr6/libc.a(strncmp.o)
 .bss           0x00000000008006d7        0x0 /home/chris/Software/arduino-1.0.5/hardware/tools/avr/bin/../lib/gcc/avr/4.3.2/../../../avr/lib/avr6/libc.a(strncpy.o)
 .bss           0x00000000008006d7        0x0 /home/chris/Software/arduino-1.0.5/hardware/tools/avr/bin/../lib/gcc/avr/4.3.2/../../../avr/lib/avr6/libc.a(strrchr.o)
 .bss           0x00000000008006d7        0x0 /home/chris/Software/arduino-1.0.5/hardware/tools/avr/bin/../lib/gcc/avr/4.3.2/../../../avr/lib/avr6/libc.a(strstr.o)
 .bss           0x00000000008006d7        0x0 /home/chris/Software/arduino-1.0.5/hardware/tools/avr/bin/../lib/gcc/avr/4.3.2/../../../avr/lib/avr6/libc.a(itoa.o)
 .bss           0x00000000008006d7        0x0 /home/chris/Software/arduino-1.0.5/hardware/tools/avr/bin/../lib/gcc/avr/4.3.2/../../../avr/lib/avr6/libc.a(ltoa.o)
 .bss           0x00000000008006d7        0x0 /home/chris/Software/arduino-1.0.5/hardware/tools/avr/bin/../lib/gcc/avr/4.3.2/../../../avr/lib/avr6/libc.a(mulsi10.o)
 .bss           0x00000000008006d7        0x0 /home/chris/Software/arduino-1.0.5/hardware/tools/avr/bin/../lib/gcc/avr/4.3.2/../../../avr/lib/avr6/libc.a(ultoa.o)
 .bss           0x00000000008006d7        0x0 /home/chris/Software/arduino-1.0.5/hardware/tools/avr/bin/../lib/gcc/avr/4.3.2/../../../avr/lib/avr6/libc.a(utoa.o)
 .bss           0x00000000008006d7        0x0 /home/chris/Software/arduino-1.0.5/hardware/tools/avr/bin/../lib/gcc/avr/4.3.2/../../../avr/lib/avr6/libc.a(sprintf.o)
 .bss           0x00000000008006d7        0x0 /home/chris/Software/arduino-1.0.5/hardware/tools/avr/bin/../lib/gcc/avr/4.3.2/../../../avr/lib/avr6/libc.a(vfprintf_std.o)
 .bss           0x00000000008006d7        0x0 /home/chris/Software/arduino-1.0.5/hardware/tools/avr/bin/../lib/gcc/avr/4.3.2/../../../avr/lib/avr6/libc.a(cty_isfalse.o)
 .bss           0x00000000008006d7        0x0 /home/chris/Software/arduino-1.0.5/hardware/tools/avr/bin/../lib/gcc/avr/4.3.2/../../../avr/lib/avr6/libc.a(strnlen_P.o)
 .bss           0x00000000008006d7        0x0 /home/chris/Software/arduino-1.0.5/hardware/tools/avr/bin/../lib/gcc/avr/4.3.2/../../../avr/lib/avr6/libc.a(strnlen.o)
 .bss           0x00000000008006d7        0x0 /home/chris/Software/arduino-1.0.5/hardware/tools/avr/bin/../lib/gcc/avr/4.3.2/../../../avr/lib/avr6/libc.a(strrev.o)
 .bss           0x00000000008006d7        0x0 /home/chris/Software/arduino-1.0.5/hardware/tools/avr/bin/../lib/gcc/avr/4.3.2/../../../avr/lib/avr6/libc.a(fputc.o)
 .bss           0x00000000008006d7        0x0 /home/chris/Software/arduino-1.0.5/hardware/tools/avr/bin/../lib/gcc/avr/4.3.2/../../../avr/lib/avr6/libc.a(ultoa_invert.o)
 .bss           0x00000000008006d7        0x0 /home/chris/Software/arduino-1.0.5/hardware/tools/avr/bin/../lib/gcc/avr/4.3.2/avr6/libgcc.a(_udivmodhi4.o)
 *(.bss*)
 *(COMMON)
 COMMON         0x00000000008006d7        0x4 /home/chris/Workspace/PlusPonics/code/ArduinoCore/Release/libArduinoCore.a(malloc.o)
                0x00000000008006d7                __brkval
                0x00000000008006d9                __flp
                0x00000000008006db                PROVIDE (__bss_end, .)
                0x00000000000058ca                __data_load_start = LOADADDR (.data)
                0x0000000000005ad8                __data_load_end = (__data_load_start + SIZEOF (.data))

.noinit         0x00000000008006db        0x0
                0x00000000008006db                PROVIDE (__noinit_start, .)
 *(.noinit*)
                0x00000000008006db                PROVIDE (__noinit_end, .)
                0x00000000008006db                _end = .
                0x00000000008006db                PROVIDE (__heap_start, .)

.eeprom         0x0000000000810000        0x0
 *(.eeprom*)
                0x0000000000810000                __eeprom_end = .

.fuse
 *(.fuse)
 *(.lfuse)
 *(.hfuse)
 *(.efuse)

.lock
 *(.lock*)

.signature
 *(.signature*)

.stab
 *(.stab)

.stabstr
 *(.stabstr)

.stab.excl
 *(.stab.excl)

.stab.exclstr
 *(.stab.exclstr)

.stab.index
 *(.stab.index)

.stab.indexstr
 *(.stab.indexstr)

.comment
 *(.comment)

.debug
 *(.debug)

.line
 *(.line)

.debug_srcinfo
 *(.debug_srcinfo)

.debug_sfnames
 *(.debug_sfnames)

.debug_aranges
 *(.debug_aranges)

.debug_pubnames
 *(.debug_pubnames)

.debug_info
 *(.debug_info)
 *(.gnu.linkonce.wi.*)

.debug_abbrev
 *(.debug_abbrev)

.debug_line
 *(.debug_line)

.debug_frame
 *(.debug_frame)

.debug_str
 *(.debug_str)

.debug_loc
 *(.debug_loc)

.debug_macinfo
 *(.debug_macinfo)
OUTPUT(Embedded_SW.elf elf32-avr)
LOAD linker stubs

Cross Reference Table

Symbol                                            File
AbstractCommunication::AbstractCommunication()    ./AbstractCommunication.o
AbstractCommunication::AbstractCommunication()    ./AbstractCommunication.o
                                                  ./SerialCom.o
AbstractCommunication::DEFAULT_LOCATION           ./AbstractCommunication.o
AbstractCommunication::error(String)              ./AbstractCommunication.o
AbstractCommunication::error(String, String)      ./AbstractCommunication.o
AbstractCommunication::info(String)               ./AbstractCommunication.o
AbstractCommunication::info(String, String)       ./AbstractCommunication.o
                                                  ./main.o
AbstractCommunication::setLevel(AbstractCommunication::DEBUG_LEVEL) ./AbstractCommunication.o
                                                  ./main.o
AbstractCommunication::warn(String)               ./AbstractCommunication.o
AbstractCommunication::warn(String, String)       ./AbstractCommunication.o
                                                  ./main.o
AbstractCommunication::~AbstractCommunication()   ./AbstractCommunication.o
AbstractCommunication::~AbstractCommunication()   ./AbstractCommunication.o
                                                  ./SerialCom.o
AbstractCommunication::~AbstractCommunication()   ./AbstractCommunication.o
GlobalReceiver::GlobalReceiver()                  ./GlobalReceiver.o
GlobalReceiver::GlobalReceiver()                  ./GlobalReceiver.o
                                                  ./main.o
GlobalReceiver::process()                         ./GlobalReceiver.o
GlobalReceiver::setCom(AbstractCommunication&)    ./GlobalReceiver.o
                                                  ./main.o
GlobalReceiver::~GlobalReceiver()                 ./GlobalReceiver.o
                                                  ./main.o
GlobalReceiver::~GlobalReceiver()                 ./GlobalReceiver.o
GlobalReceiver::~GlobalReceiver()                 ./GlobalReceiver.o
HardwareSerial::HardwareSerial(ring_buffer*, ring_buffer*, unsigned char volatile*, unsigned char volatile*, unsigned char volatile*, unsigned char volatile*, unsigned char volatile*, unsigned char volatile*, unsigned char, unsigned char, unsigned char, unsigned char, unsigned char) /home/chris/Workspace/PlusPonics/code/ArduinoCore/Release/libArduinoCore.a(HardwareSerial.o)
HardwareSerial::HardwareSerial(ring_buffer*, ring_buffer*, unsigned char volatile*, unsigned char volatile*, unsigned char volatile*, unsigned char volatile*, unsigned char volatile*, unsigned char volatile*, unsigned char, unsigned char, unsigned char, unsigned char, unsigned char) /home/chris/Workspace/PlusPonics/code/ArduinoCore/Release/libArduinoCore.a(HardwareSerial.o)
HardwareSerial::available()                       /home/chris/Workspace/PlusPonics/code/ArduinoCore/Release/libArduinoCore.a(HardwareSerial.o)
                                                  ./SerialCom.o
HardwareSerial::begin(unsigned long)              /home/chris/Workspace/PlusPonics/code/ArduinoCore/Release/libArduinoCore.a(HardwareSerial.o)
                                                  ./SerialCom.o
HardwareSerial::begin(unsigned long, unsigned char) /home/chris/Workspace/PlusPonics/code/ArduinoCore/Release/libArduinoCore.a(HardwareSerial.o)
HardwareSerial::end()                             /home/chris/Workspace/PlusPonics/code/ArduinoCore/Release/libArduinoCore.a(HardwareSerial.o)
HardwareSerial::flush()                           /home/chris/Workspace/PlusPonics/code/ArduinoCore/Release/libArduinoCore.a(HardwareSerial.o)
HardwareSerial::operator bool()                   /home/chris/Workspace/PlusPonics/code/ArduinoCore/Release/libArduinoCore.a(HardwareSerial.o)
HardwareSerial::peek()                            /home/chris/Workspace/PlusPonics/code/ArduinoCore/Release/libArduinoCore.a(HardwareSerial.o)
HardwareSerial::read()                            /home/chris/Workspace/PlusPonics/code/ArduinoCore/Release/libArduinoCore.a(HardwareSerial.o)
HardwareSerial::write(unsigned char)              /home/chris/Workspace/PlusPonics/code/ArduinoCore/Release/libArduinoCore.a(HardwareSerial.o)
Print::print(Printable const&)                    /home/chris/Workspace/PlusPonics/code/ArduinoCore/Release/libArduinoCore.a(Print.o)
Print::print(String const&)                       /home/chris/Workspace/PlusPonics/code/ArduinoCore/Release/libArduinoCore.a(Print.o)
Print::print(__FlashStringHelper const*)          /home/chris/Workspace/PlusPonics/code/ArduinoCore/Release/libArduinoCore.a(Print.o)
Print::print(char const*)                         /home/chris/Workspace/PlusPonics/code/ArduinoCore/Release/libArduinoCore.a(Print.o)
Print::print(char)                                /home/chris/Workspace/PlusPonics/code/ArduinoCore/Release/libArduinoCore.a(Print.o)
Print::print(double, int)                         /home/chris/Workspace/PlusPonics/code/ArduinoCore/Release/libArduinoCore.a(Print.o)
Print::print(int, int)                            /home/chris/Workspace/PlusPonics/code/ArduinoCore/Release/libArduinoCore.a(Print.o)
Print::print(long, int)                           /home/chris/Workspace/PlusPonics/code/ArduinoCore/Release/libArduinoCore.a(Print.o)
Print::print(unsigned char, int)                  /home/chris/Workspace/PlusPonics/code/ArduinoCore/Release/libArduinoCore.a(Print.o)
Print::print(unsigned int, int)                   /home/chris/Workspace/PlusPonics/code/ArduinoCore/Release/libArduinoCore.a(Print.o)
Print::print(unsigned long, int)                  /home/chris/Workspace/PlusPonics/code/ArduinoCore/Release/libArduinoCore.a(Print.o)
Print::printFloat(double, unsigned char)          /home/chris/Workspace/PlusPonics/code/ArduinoCore/Release/libArduinoCore.a(Print.o)
Print::printNumber(unsigned long, unsigned char)  /home/chris/Workspace/PlusPonics/code/ArduinoCore/Release/libArduinoCore.a(Print.o)
Print::println()                                  /home/chris/Workspace/PlusPonics/code/ArduinoCore/Release/libArduinoCore.a(Print.o)
Print::println(Printable const&)                  /home/chris/Workspace/PlusPonics/code/ArduinoCore/Release/libArduinoCore.a(Print.o)
Print::println(String const&)                     /home/chris/Workspace/PlusPonics/code/ArduinoCore/Release/libArduinoCore.a(Print.o)
                                                  ./SerialCom.o
Print::println(__FlashStringHelper const*)        /home/chris/Workspace/PlusPonics/code/ArduinoCore/Release/libArduinoCore.a(Print.o)
Print::println(char const*)                       /home/chris/Workspace/PlusPonics/code/ArduinoCore/Release/libArduinoCore.a(Print.o)
Print::println(char)                              /home/chris/Workspace/PlusPonics/code/ArduinoCore/Release/libArduinoCore.a(Print.o)
Print::println(double, int)                       /home/chris/Workspace/PlusPonics/code/ArduinoCore/Release/libArduinoCore.a(Print.o)
Print::println(int, int)                          /home/chris/Workspace/PlusPonics/code/ArduinoCore/Release/libArduinoCore.a(Print.o)
Print::println(long, int)                         /home/chris/Workspace/PlusPonics/code/ArduinoCore/Release/libArduinoCore.a(Print.o)
Print::println(unsigned char, int)                /home/chris/Workspace/PlusPonics/code/ArduinoCore/Release/libArduinoCore.a(Print.o)
Print::println(unsigned int, int)                 /home/chris/Workspace/PlusPonics/code/ArduinoCore/Release/libArduinoCore.a(Print.o)
Print::println(unsigned long, int)                /home/chris/Workspace/PlusPonics/code/ArduinoCore/Release/libArduinoCore.a(Print.o)
Print::write(char const*)                         /home/chris/Workspace/PlusPonics/code/ArduinoCore/Release/libArduinoCore.a(Print.o)
Print::write(unsigned char const*, unsigned int)  /home/chris/Workspace/PlusPonics/code/ArduinoCore/Release/libArduinoCore.a(Print.o)
                                                  /home/chris/Workspace/PlusPonics/code/ArduinoCore/Release/libArduinoCore.a(HardwareSerial.o)
Serial                                            /home/chris/Workspace/PlusPonics/code/ArduinoCore/Release/libArduinoCore.a(HardwareSerial.o)
                                                  ./SerialCom.o
Serial1                                           /home/chris/Workspace/PlusPonics/code/ArduinoCore/Release/libArduinoCore.a(HardwareSerial.o)
Serial2                                           /home/chris/Workspace/PlusPonics/code/ArduinoCore/Release/libArduinoCore.a(HardwareSerial.o)
Serial3                                           /home/chris/Workspace/PlusPonics/code/ArduinoCore/Release/libArduinoCore.a(HardwareSerial.o)
SerialCom::SerialCom()                            ./SerialCom.o
SerialCom::SerialCom()                            ./SerialCom.o
                                                  ./main.o
SerialCom::init()                                 ./SerialCom.o
                                                  ./main.o
SerialCom::recv()                                 ./SerialCom.o
SerialCom::send(String)                           ./SerialCom.o
SerialCom::~SerialCom()                           ./SerialCom.o
                                                  ./main.o
SerialCom::~SerialCom()                           ./SerialCom.o
SerialCom::~SerialCom()                           ./SerialCom.o
Stream::find(char*)                               /home/chris/Workspace/PlusPonics/code/ArduinoCore/Release/libArduinoCore.a(Stream.o)
Stream::find(char*, unsigned int)                 /home/chris/Workspace/PlusPonics/code/ArduinoCore/Release/libArduinoCore.a(Stream.o)
Stream::findUntil(char*, char*)                   /home/chris/Workspace/PlusPonics/code/ArduinoCore/Release/libArduinoCore.a(Stream.o)
Stream::findUntil(char*, unsigned int, char*, unsigned int) /home/chris/Workspace/PlusPonics/code/ArduinoCore/Release/libArduinoCore.a(Stream.o)
Stream::parseFloat()                              /home/chris/Workspace/PlusPonics/code/ArduinoCore/Release/libArduinoCore.a(Stream.o)
Stream::parseFloat(char)                          /home/chris/Workspace/PlusPonics/code/ArduinoCore/Release/libArduinoCore.a(Stream.o)
Stream::parseInt()                                /home/chris/Workspace/PlusPonics/code/ArduinoCore/Release/libArduinoCore.a(Stream.o)
Stream::parseInt(char)                            /home/chris/Workspace/PlusPonics/code/ArduinoCore/Release/libArduinoCore.a(Stream.o)
Stream::peekNextDigit()                           /home/chris/Workspace/PlusPonics/code/ArduinoCore/Release/libArduinoCore.a(Stream.o)
Stream::readBytes(char*, unsigned int)            /home/chris/Workspace/PlusPonics/code/ArduinoCore/Release/libArduinoCore.a(Stream.o)
Stream::readBytesUntil(char, char*, unsigned int) /home/chris/Workspace/PlusPonics/code/ArduinoCore/Release/libArduinoCore.a(Stream.o)
Stream::readString()                              /home/chris/Workspace/PlusPonics/code/ArduinoCore/Release/libArduinoCore.a(Stream.o)
                                                  ./SerialCom.o
Stream::readStringUntil(char)                     /home/chris/Workspace/PlusPonics/code/ArduinoCore/Release/libArduinoCore.a(Stream.o)
Stream::setTimeout(unsigned long)                 /home/chris/Workspace/PlusPonics/code/ArduinoCore/Release/libArduinoCore.a(Stream.o)
Stream::timedPeek()                               /home/chris/Workspace/PlusPonics/code/ArduinoCore/Release/libArduinoCore.a(Stream.o)
Stream::timedRead()                               /home/chris/Workspace/PlusPonics/code/ArduinoCore/Release/libArduinoCore.a(Stream.o)
String::String(String const&)                     /home/chris/Workspace/PlusPonics/code/ArduinoCore/Release/libArduinoCore.a(WString.o)
                                                  ./AbstractCommunication.o
String::String(String const&)                     /home/chris/Workspace/PlusPonics/code/ArduinoCore/Release/libArduinoCore.a(WString.o)
String::String(char const*)                       /home/chris/Workspace/PlusPonics/code/ArduinoCore/Release/libArduinoCore.a(WString.o)
                                                  /home/chris/Workspace/PlusPonics/code/ArduinoCore/Release/libArduinoCore.a(Stream.o)
                                                  ./main.o
                                                  ./SerialCom.o
                                                  ./GlobalReceiver.o
                                                  ./AbstractCommunication.o
String::String(char const*)                       /home/chris/Workspace/PlusPonics/code/ArduinoCore/Release/libArduinoCore.a(WString.o)
                                                  ./AbstractCommunication.o
String::String(char)                              /home/chris/Workspace/PlusPonics/code/ArduinoCore/Release/libArduinoCore.a(WString.o)
String::String(char)                              /home/chris/Workspace/PlusPonics/code/ArduinoCore/Release/libArduinoCore.a(WString.o)
String::String(int, unsigned char)                /home/chris/Workspace/PlusPonics/code/ArduinoCore/Release/libArduinoCore.a(WString.o)
String::String(int, unsigned char)                /home/chris/Workspace/PlusPonics/code/ArduinoCore/Release/libArduinoCore.a(WString.o)
String::String(long, unsigned char)               /home/chris/Workspace/PlusPonics/code/ArduinoCore/Release/libArduinoCore.a(WString.o)
String::String(long, unsigned char)               /home/chris/Workspace/PlusPonics/code/ArduinoCore/Release/libArduinoCore.a(WString.o)
String::String(unsigned char, unsigned char)      /home/chris/Workspace/PlusPonics/code/ArduinoCore/Release/libArduinoCore.a(WString.o)
String::String(unsigned char, unsigned char)      /home/chris/Workspace/PlusPonics/code/ArduinoCore/Release/libArduinoCore.a(WString.o)
String::String(unsigned int, unsigned char)       /home/chris/Workspace/PlusPonics/code/ArduinoCore/Release/libArduinoCore.a(WString.o)
String::String(unsigned int, unsigned char)       /home/chris/Workspace/PlusPonics/code/ArduinoCore/Release/libArduinoCore.a(WString.o)
String::String(unsigned long, unsigned char)      /home/chris/Workspace/PlusPonics/code/ArduinoCore/Release/libArduinoCore.a(WString.o)
String::String(unsigned long, unsigned char)      /home/chris/Workspace/PlusPonics/code/ArduinoCore/Release/libArduinoCore.a(WString.o)
String::changeBuffer(unsigned int)                /home/chris/Workspace/PlusPonics/code/ArduinoCore/Release/libArduinoCore.a(WString.o)
String::charAt(unsigned int) const                /home/chris/Workspace/PlusPonics/code/ArduinoCore/Release/libArduinoCore.a(WString.o)
String::compareTo(String const&) const            /home/chris/Workspace/PlusPonics/code/ArduinoCore/Release/libArduinoCore.a(WString.o)
String::concat(String const&)                     /home/chris/Workspace/PlusPonics/code/ArduinoCore/Release/libArduinoCore.a(WString.o)
String::concat(char const*)                       /home/chris/Workspace/PlusPonics/code/ArduinoCore/Release/libArduinoCore.a(WString.o)
String::concat(char const*, unsigned int)         /home/chris/Workspace/PlusPonics/code/ArduinoCore/Release/libArduinoCore.a(WString.o)
String::concat(char)                              /home/chris/Workspace/PlusPonics/code/ArduinoCore/Release/libArduinoCore.a(WString.o)
                                                  /home/chris/Workspace/PlusPonics/code/ArduinoCore/Release/libArduinoCore.a(Stream.o)
String::concat(int)                               /home/chris/Workspace/PlusPonics/code/ArduinoCore/Release/libArduinoCore.a(WString.o)
String::concat(long)                              /home/chris/Workspace/PlusPonics/code/ArduinoCore/Release/libArduinoCore.a(WString.o)
String::concat(unsigned char)                     /home/chris/Workspace/PlusPonics/code/ArduinoCore/Release/libArduinoCore.a(WString.o)
String::concat(unsigned int)                      /home/chris/Workspace/PlusPonics/code/ArduinoCore/Release/libArduinoCore.a(WString.o)
String::concat(unsigned long)                     /home/chris/Workspace/PlusPonics/code/ArduinoCore/Release/libArduinoCore.a(WString.o)
String::copy(char const*, unsigned int)           /home/chris/Workspace/PlusPonics/code/ArduinoCore/Release/libArduinoCore.a(WString.o)
String::endsWith(String const&) const             /home/chris/Workspace/PlusPonics/code/ArduinoCore/Release/libArduinoCore.a(WString.o)
String::equals(String const&) const               /home/chris/Workspace/PlusPonics/code/ArduinoCore/Release/libArduinoCore.a(WString.o)
String::equals(char const*) const                 /home/chris/Workspace/PlusPonics/code/ArduinoCore/Release/libArduinoCore.a(WString.o)
String::equalsIgnoreCase(String const&) const     /home/chris/Workspace/PlusPonics/code/ArduinoCore/Release/libArduinoCore.a(WString.o)
String::getBytes(unsigned char*, unsigned int, unsigned int) const /home/chris/Workspace/PlusPonics/code/ArduinoCore/Release/libArduinoCore.a(WString.o)
String::indexOf(String const&) const              /home/chris/Workspace/PlusPonics/code/ArduinoCore/Release/libArduinoCore.a(WString.o)
String::indexOf(String const&, unsigned int) const /home/chris/Workspace/PlusPonics/code/ArduinoCore/Release/libArduinoCore.a(WString.o)
String::indexOf(char) const                       /home/chris/Workspace/PlusPonics/code/ArduinoCore/Release/libArduinoCore.a(WString.o)
String::indexOf(char, unsigned int) const         /home/chris/Workspace/PlusPonics/code/ArduinoCore/Release/libArduinoCore.a(WString.o)
String::invalidate()                              /home/chris/Workspace/PlusPonics/code/ArduinoCore/Release/libArduinoCore.a(WString.o)
String::lastIndexOf(String const&) const          /home/chris/Workspace/PlusPonics/code/ArduinoCore/Release/libArduinoCore.a(WString.o)
String::lastIndexOf(String const&, unsigned int) const /home/chris/Workspace/PlusPonics/code/ArduinoCore/Release/libArduinoCore.a(WString.o)
String::lastIndexOf(char) const                   /home/chris/Workspace/PlusPonics/code/ArduinoCore/Release/libArduinoCore.a(WString.o)
String::lastIndexOf(char, unsigned int) const     /home/chris/Workspace/PlusPonics/code/ArduinoCore/Release/libArduinoCore.a(WString.o)
String::operator<(String const&) const            /home/chris/Workspace/PlusPonics/code/ArduinoCore/Release/libArduinoCore.a(WString.o)
String::operator<=(String const&) const           /home/chris/Workspace/PlusPonics/code/ArduinoCore/Release/libArduinoCore.a(WString.o)
String::operator=(String const&)                  /home/chris/Workspace/PlusPonics/code/ArduinoCore/Release/libArduinoCore.a(WString.o)
                                                  ./SerialCom.o
String::operator=(char const*)                    /home/chris/Workspace/PlusPonics/code/ArduinoCore/Release/libArduinoCore.a(WString.o)
String::operator>(String const&) const            /home/chris/Workspace/PlusPonics/code/ArduinoCore/Release/libArduinoCore.a(WString.o)
String::operator>=(String const&) const           /home/chris/Workspace/PlusPonics/code/ArduinoCore/Release/libArduinoCore.a(WString.o)
String::operator[](unsigned int)                  /home/chris/Workspace/PlusPonics/code/ArduinoCore/Release/libArduinoCore.a(WString.o)
String::operator[](unsigned int) const            /home/chris/Workspace/PlusPonics/code/ArduinoCore/Release/libArduinoCore.a(WString.o)
                                                  /home/chris/Workspace/PlusPonics/code/ArduinoCore/Release/libArduinoCore.a(Print.o)
String::replace(String const&, String const&)     /home/chris/Workspace/PlusPonics/code/ArduinoCore/Release/libArduinoCore.a(WString.o)
String::replace(char, char)                       /home/chris/Workspace/PlusPonics/code/ArduinoCore/Release/libArduinoCore.a(WString.o)
String::reserve(unsigned int)                     /home/chris/Workspace/PlusPonics/code/ArduinoCore/Release/libArduinoCore.a(WString.o)
String::setCharAt(unsigned int, char)             /home/chris/Workspace/PlusPonics/code/ArduinoCore/Release/libArduinoCore.a(WString.o)
String::startsWith(String const&) const           /home/chris/Workspace/PlusPonics/code/ArduinoCore/Release/libArduinoCore.a(WString.o)
String::startsWith(String const&, unsigned int) const /home/chris/Workspace/PlusPonics/code/ArduinoCore/Release/libArduinoCore.a(WString.o)
String::substring(unsigned int) const             /home/chris/Workspace/PlusPonics/code/ArduinoCore/Release/libArduinoCore.a(WString.o)
String::substring(unsigned int, unsigned int) const /home/chris/Workspace/PlusPonics/code/ArduinoCore/Release/libArduinoCore.a(WString.o)
String::toInt() const                             /home/chris/Workspace/PlusPonics/code/ArduinoCore/Release/libArduinoCore.a(WString.o)
                                                  ./GlobalReceiver.o
String::toLowerCase()                             /home/chris/Workspace/PlusPonics/code/ArduinoCore/Release/libArduinoCore.a(WString.o)
String::toUpperCase()                             /home/chris/Workspace/PlusPonics/code/ArduinoCore/Release/libArduinoCore.a(WString.o)
String::trim()                                    /home/chris/Workspace/PlusPonics/code/ArduinoCore/Release/libArduinoCore.a(WString.o)
String::~String()                                 /home/chris/Workspace/PlusPonics/code/ArduinoCore/Release/libArduinoCore.a(WString.o)
                                                  ./main.o
                                                  ./SerialCom.o
                                                  ./GlobalReceiver.o
                                                  ./AbstractCommunication.o
String::~String()                                 /home/chris/Workspace/PlusPonics/code/ArduinoCore/Release/libArduinoCore.a(WString.o)
                                                  ./AbstractCommunication.o
__addsf3                                          /home/chris/Software/arduino-1.0.5/hardware/tools/avr/bin/../lib/gcc/avr/4.3.2/avr6/libgcc.a(_addsub_sf.o)
                                                  /home/chris/Workspace/PlusPonics/code/ArduinoCore/Release/libArduinoCore.a(Print.o)
__bad_interrupt                                   /home/chris/Software/arduino-1.0.5/hardware/tools/avr/bin/../lib/gcc/avr/4.3.2/../../../avr/lib/avr6/crtm2560.o
__brkval                                          /home/chris/Workspace/PlusPonics/code/ArduinoCore/Release/libArduinoCore.a(realloc.o)
                                                  /home/chris/Workspace/PlusPonics/code/ArduinoCore/Release/libArduinoCore.a(malloc.o)
__bss_end                                         /home/chris/Software/arduino-1.0.5/hardware/tools/avr/bin/../lib/gcc/avr/4.3.2/avr6/libgcc.a(_clear_bss.o)
__bss_start                                       /home/chris/Software/arduino-1.0.5/hardware/tools/avr/bin/../lib/gcc/avr/4.3.2/avr6/libgcc.a(_clear_bss.o)
__clz_tab                                         /home/chris/Software/arduino-1.0.5/hardware/tools/avr/bin/../lib/gcc/avr/4.3.2/avr6/libgcc.a(_clz.o)
                                                  /home/chris/Software/arduino-1.0.5/hardware/tools/avr/bin/../lib/gcc/avr/4.3.2/avr6/libgcc.a(_clzsi2.o)
__clzsi2                                          /home/chris/Software/arduino-1.0.5/hardware/tools/avr/bin/../lib/gcc/avr/4.3.2/avr6/libgcc.a(_clzsi2.o)
                                                  /home/chris/Software/arduino-1.0.5/hardware/tools/avr/bin/../lib/gcc/avr/4.3.2/avr6/libgcc.a(_usi_to_sf.o)
                                                  /home/chris/Software/arduino-1.0.5/hardware/tools/avr/bin/../lib/gcc/avr/4.3.2/avr6/libgcc.a(_si_to_sf.o)
__ctors_end                                       /home/chris/Software/arduino-1.0.5/hardware/tools/avr/bin/../lib/gcc/avr/4.3.2/avr6/libgcc.a(_ctors.o)
__ctors_start                                     /home/chris/Software/arduino-1.0.5/hardware/tools/avr/bin/../lib/gcc/avr/4.3.2/avr6/libgcc.a(_ctors.o)
__ctype_isfalse                                   /home/chris/Software/arduino-1.0.5/hardware/tools/avr/bin/../lib/gcc/avr/4.3.2/../../../avr/lib/avr6/libc.a(cty_isfalse.o)
                                                  /home/chris/Software/arduino-1.0.5/hardware/tools/avr/bin/../lib/gcc/avr/4.3.2/../../../avr/lib/avr6/libc.a(isspace.o)
__ctype_istrue                                    /home/chris/Software/arduino-1.0.5/hardware/tools/avr/bin/../lib/gcc/avr/4.3.2/../../../avr/lib/avr6/libc.a(cty_isfalse.o)
__cxa_guard_abort                                 /home/chris/Workspace/PlusPonics/code/ArduinoCore/Release/libArduinoCore.a(new.o)
__cxa_guard_acquire                               /home/chris/Workspace/PlusPonics/code/ArduinoCore/Release/libArduinoCore.a(new.o)
__cxa_guard_release                               /home/chris/Workspace/PlusPonics/code/ArduinoCore/Release/libArduinoCore.a(new.o)
__cxa_pure_virtual                                /home/chris/Workspace/PlusPonics/code/ArduinoCore/Release/libArduinoCore.a(new.o)
                                                  /home/chris/Workspace/PlusPonics/code/ArduinoCore/Release/libArduinoCore.a(Print.o)
                                                  /home/chris/Workspace/PlusPonics/code/ArduinoCore/Release/libArduinoCore.a(HardwareSerial.o)
                                                  ./AbstractCommunication.o
__data_end                                        /home/chris/Software/arduino-1.0.5/hardware/tools/avr/bin/../lib/gcc/avr/4.3.2/../../../avr/lib/avr6/crtm2560.o
__data_load_start                                 /home/chris/Software/arduino-1.0.5/hardware/tools/avr/bin/../lib/gcc/avr/4.3.2/../../../avr/lib/avr6/crtm2560.o
__data_start                                      /home/chris/Software/arduino-1.0.5/hardware/tools/avr/bin/../lib/gcc/avr/4.3.2/../../../avr/lib/avr6/crtm2560.o
__divsf3                                          /home/chris/Software/arduino-1.0.5/hardware/tools/avr/bin/../lib/gcc/avr/4.3.2/avr6/libgcc.a(_div_sf.o)
                                                  /home/chris/Workspace/PlusPonics/code/ArduinoCore/Release/libArduinoCore.a(Print.o)
__do_clear_bss                                    /home/chris/Software/arduino-1.0.5/hardware/tools/avr/bin/../lib/gcc/avr/4.3.2/avr6/libgcc.a(_clear_bss.o)
                                                  /home/chris/Software/arduino-1.0.5/hardware/tools/avr/bin/../lib/gcc/avr/4.3.2/../../../avr/lib/avr6/libc.a(fputc.o)
                                                  /home/chris/Software/arduino-1.0.5/hardware/tools/avr/bin/../lib/gcc/avr/4.3.2/../../../avr/lib/avr6/libc.a(vfprintf_std.o)
                                                  /home/chris/Software/arduino-1.0.5/hardware/tools/avr/bin/../lib/gcc/avr/4.3.2/../../../avr/lib/avr6/libc.a(sprintf.o)
                                                  /home/chris/Software/arduino-1.0.5/hardware/tools/avr/bin/../lib/gcc/avr/4.3.2/avr6/libgcc.a(_clz.o)
                                                  /home/chris/Software/arduino-1.0.5/hardware/tools/avr/bin/../lib/gcc/avr/4.3.2/avr6/libgcc.a(_fpcmp_parts_sf.o)
                                                  /home/chris/Software/arduino-1.0.5/hardware/tools/avr/bin/../lib/gcc/avr/4.3.2/avr6/libgcc.a(_unpack_sf.o)
                                                  /home/chris/Software/arduino-1.0.5/hardware/tools/avr/bin/../lib/gcc/avr/4.3.2/avr6/libgcc.a(_pack_sf.o)
                                                  /home/chris/Software/arduino-1.0.5/hardware/tools/avr/bin/../lib/gcc/avr/4.3.2/avr6/libgcc.a(_clzsi2.o)
                                                  /home/chris/Software/arduino-1.0.5/hardware/tools/avr/bin/../lib/gcc/avr/4.3.2/avr6/libgcc.a(_usi_to_sf.o)
                                                  /home/chris/Software/arduino-1.0.5/hardware/tools/avr/bin/../lib/gcc/avr/4.3.2/avr6/libgcc.a(_thenan_sf.o)
                                                  /home/chris/Software/arduino-1.0.5/hardware/tools/avr/bin/../lib/gcc/avr/4.3.2/avr6/libgcc.a(_sf_to_si.o)
                                                  /home/chris/Software/arduino-1.0.5/hardware/tools/avr/bin/../lib/gcc/avr/4.3.2/avr6/libgcc.a(_si_to_sf.o)
                                                  /home/chris/Software/arduino-1.0.5/hardware/tools/avr/bin/../lib/gcc/avr/4.3.2/avr6/libgcc.a(_unord_sf.o)
                                                  /home/chris/Software/arduino-1.0.5/hardware/tools/avr/bin/../lib/gcc/avr/4.3.2/avr6/libgcc.a(_le_sf.o)
                                                  /home/chris/Software/arduino-1.0.5/hardware/tools/avr/bin/../lib/gcc/avr/4.3.2/avr6/libgcc.a(_lt_sf.o)